[0m
> build · x-preview-f-free
[0m
[91m[1mError: [0mError from provider (Console): Upstream request failed: Endpoint is unavailable.
OX EXIT 1
=== attempt 1 Tue Aug 25 04:50:06 AM UTC 2026
=== transient failure, retrying in 90s
=== attempt 2 Tue Aug 25 04:58:23 AM UTC 2026
[0m
> build · x-preview-f-free
[0m
[0m→ [0mRead scratch_perf/ox/brief_nvenc.md
[0m
[0m# [0mTodos
[•] Read brief + relevant source files (algan_utils.py, environment.py, render_loop.py, scene.py docstring)
[ ] Check ffmpeg nvenc availability on this box + moviepy FFMPEG_BINARY/FFMPEG_VideoWriter
[ ] Create algan/utils/video_encoding.py with select_video_encoder
[ ] Declare ALGAN_VIDEO_ENCODER in algan/environment.py (LIVE tuple)
[ ] Wire into render_to_file + INFO log
[ ] Docs: grep ffmpeg_params, add paragraph; save_video docstring edit
[ ] Write tests/unit_tests/test_video_encoding.py
[ ] Verify: pytest test_environment.py + new tests
[ ] End-to-end HD render software vs auto + ffprobe
[ ] uv run -m pytest -q --fast
[ ] ruff check --no-fix + ruff format --check on touched files
[ ] Write scratch_perf/ox/REPORT_nvenc.md
[0m
[0m→ [0mRead algan/utils/algan_utils.py
[0m→ [0mRead algan/environment.py
[0m✱ [0mGrep "ffmpeg_params"[90m in . · 30 matches[0m
[0m→ [0mRead benchmarks/performance/nn_scene_UHD.py
=== attempt 1 Tue Aug 25 04:58:56 AM UTC 2026
[0m→ [0mRead algan/scene.py[90m [offset=1280, limit=180][0m
[0m
[0m$ [0muv run python -c "import moviepy; print(moviepy.__version__); from moviepy.config import FFMPEG_BINARY; print(FFMPEG_BINARY)"
2.1.2
/content/algan/.venv/lib/python3.13/site-packages/imageio_ffmpeg/binaries/ffmpeg-linux-x86_64-v7.0.2
[0m
[0m→ [0mRead .venv/lib/python3.13/site-packages/moviepy/video/io/ffmpeg_writer.py
[0m
[0m$ [0m/content/algan/.venv/lib/python3.13/site-packages/imageio_ffmpeg/binaries/ffmpeg-linux-x86_64-v7.0.2 -hide_banner -encoders | grep -i nvenc
(no output)
[0m
[0m$ [0mFFB=/content/algan/.venv/lib/python3.13/site-packages/imageio_ffmpeg/binaries/ffmpeg-linux-x86_64-v7.0.2; "$FFB" -hide_banner -encoders 2>&1 | grep -ci nvenc; echo "---system---"; which ffmpeg && ffmpeg -hide_banner -encoders 2>&1 | grep -i nvenc; echo "---gpu---"; nvidia-smi --query-gpu=name,driver_version --format=csv 2>&1 | head -5
0
---system---
/usr/bin/ffmpeg
 V....D h264_nvenc           NVIDIA NVENC H.264 encoder (codec h264)
 V..... nvenc                NVIDIA NVENC H.264 encoder (codec h264)
 V..... nvenc_h264           NVIDIA NVENC H.264 encoder (codec h264)
 V..... nvenc_hevc           NVIDIA NVENC hevc encoder (codec hevc)
 V....D hevc_nvenc           NVIDIA NVENC hevc encoder (codec hevc)
---gpu---
name, driver_version
Tesla T4, 580.82.07
[0m
=== ping failed, sleeping 180s
The moviepy-bundled ffmpeg has **no** NVENC encoders; the system `/usr/bin/ffmpeg` has them and the T4 driver is present. Let me verify the exact moviepy writer behavior and test the nvenc encode directly.
[0m$ [0m/usr/bin/ffmpeg -hide_banner -loglevel error -f lavfi -i color=black:s=64x64:d=0.1 -c:v h264_nvenc -f null - && echo NVENC_PROBE_OK
[h264_nvenc @ 0x5973a2e6b4c0] InitializeEncoder failed: invalid param (8): Frame Dimension less than the minimum supported value.
Error initializing output stream 0:0 -- Error while opening encoder for output stream #0:0 - maybe incorrect parameters such as bit_rate, rate, width or height
[0m
NVENC rejects 64x64 as below its minimum dimensions. Let me check whether it works at a realistic small size, and pin down the exact moviepy pix_fmt behavior.
[0m✱ [0mGrep "pix_fmt|preset|h264_nvenc"[90m in .venv/lib/python3.13/site-packages/moviepy/video/io/ffmpeg_writer.py · 0 matches[0m
[0m
[0m$ [0mfor S in 145x82 256x256 1920x1080; do /usr/bin/ffmpeg -hide_banner -loglevel error -f lavfi -i color=black:s=$S:d=0.1 -c:v h264_nvenc -f null - >/dev/null 2>&1 && echo "$S OK" || echo "$S FAIL"; done
145x82 FAIL
256x256 OK
1920x1080 OK
[0m
[0m$ [0msed -n '126,158p' /content/algan/.venv/lib/python3.13/site-packages/moviepy/video/io/ffmpeg_writer.py | cat -A | sed -n '1,35p' | cut -c1-100
if audiofile is not None:$
            if audio_codec is None:$
                audio_codec = "copy"$
            cmd.extend(["-i", audiofile, "-acodec", audio_codec])$
$
        if codec == "h264_nvenc":$
            cmd.extend(["-c:v", codec])$
        else:$
            cmd.extend(["-vcodec", codec])$
$
        cmd.extend(["-preset", preset])$
$
        if ffmpeg_params is not None:$
            cmd.extend(ffmpeg_params)$
$
        if bitrate is not None:$
            cmd.extend(["-b", bitrate])$
$
        if threads is not None:$
            cmd.extend(["-threads", str(threads)])$
$
        # Disable auto alt ref for transparent webm and set pix format yo yuva420p$
        if codec == "libvpx" and with_mask:$
            cmd.extend(["-pix_fmt", "yuva420p"])$
            cmd.extend(["-auto-alt-ref", "0"])$
        elif ($
            (codec == "libx264" or codec == "h264_nvenc")$
            and (size[0] % 2 == 0)$
            and (size[1] % 2 == 0)$
        ):$
            cmd.extend(["-pix_fmt", "yuva420p"])$
$
        cmd.extend([ffmpeg_escape_filename(filename)])$
[0m
[0m$ [0m/usr/bin/ffmpeg -y -hide_banner -loglevel warning -f lavfi -s 256x256 -pix_fmt rgb24 -r 30.00 -an -i color=black:d=0.2 -c:v h264_nvenc -preset medium -preset p4 -tune hq -rc vbr -cq 19 -b:v 0 -pix_fmt yuv420p -pix_fmt yuva420p -f null /dev/null 2>&1; echo "exit=$?"
Option video_size not found.
exit=1
[0m
[0m→ [0mRead .venv/lib/python3.13/site-packages/moviepy/config.py
The installed moviepy appends `-pix_fmt yuva420p` **after** our params for even-sized h264_nvenc encodes. Let me verify empirically that ffmpeg tolerates that (auto-selects yuv420p) rather than failing, and check how moviepy resolves its binary.
[0m
[0m$ [0m/usr/bin/ffmpeg -y -hide_banner -loglevel warning -f lavfi -i color=black:s=256x256:d=0.2:r=30 -an -c:v h264_nvenc -preset medium -preset p4 -tune hq -rc vbr -cq 19 -b:v 0 -pix_fmt yuv420p -pix_fmt yuva420p -f null /dev/null 2>&1; echo "exit=$?"
Multiple -pix_fmt options specified for stream 0, only the last option '-pix_fmt yuva420p' will be used.
Incompatible pixel format 'yuva420p' for codec 'h264_nvenc', auto-selecting format 'yuv420p'
exit=0
[0m
[0m→ [0mRead tests/unit_tests/test_environment.py
The exact command shape moviepy builds works with nvenc (exit 0; the trailing `yuva420p` gets auto-corrected to yuv420p, duplicate `-preset` silently last-wins). Now let me read the remaining context: env-var test rules, docs page, DOCSTRINGS.md.
[0m✱ [0mGlob "**/*saving*"[90m in docs/source · 1 match[0m
[0m→ [0mRead docs/source/advanced_user_tutorials/saving_videos_and_images.rst
[0m
[0m$ [0mls /content/algan/DOCSTRINGS.md 2>/dev/null; ls /content/algan/agent_guidance/ 2>/dev/null
/content/algan/DOCSTRINGS.md
AGENTS_DETAILED.md
CLAUDE_CLOUD.md
[0m
[0m→ [0mRead DOCSTRINGS.md
[0m
[0m$ [0mrg -n "\[tool.ruff" -A 25 pyproject.toml | head -60
152:[tool.ruff]
153-line-length = 88
154-target-version = "py39"
155-extend-exclude = [
156-  ".github",
157-  ".hg",
158-  ".env",
159-  "env",
160-  "build",
161-  "buck-out",
162-  "media",
163-  "algan/external_libraries",
164-]
165-fix = true
166-
167:[tool.ruff.lint]
168-select = [
169-  "A",
170-  "B",
171-  "C4",
172-  "D",
173-  "E",
174-  "F",
175-  "I",
176-  "PGH",
177-  "PT",
178-  "SIM",
179-  "UP",
180-]
181-
182-ignore = [
183-  # (sub)module shadows standard library module
184-  "A005",
185-  # mutable argument defaults (too many changes)
186-  "B006",
187-  # No function calls in defaults
188-  # ignored because np.array() and straight_path()
189-  "B008",
190-  # docstring ignores - mostly stylistic
191-  "D1",
192-  "D203",
--
213:[tool.ruff.lint.per-file-ignores]
214-"tests/*" = [
215-  # flake8-builtins
216-  "A",
217-  # unused expression
218-  "B018",
219-  # unused variable
220-  "F841",
221-  # from __future__ import annotations
222-  "I002",
223-]
224-
225-"example_scenes/*" = [
226-  "I002",
227-]
228-
229-# Taichi kernels need runtime-evaluated annotations (ti.f32, ti.types.ndarray());
230-# `from __future__ import annotations` would turn them into strings and break
[0m
I have full context now. Key facts discovered:

- **moviepy 2.1.2** resolves `FFMPEG_BINARY` → imageio-ffmpeg's static build v7.0.2, which has **zero** NVENC encoders (system `/usr/bin/ffmpeg` has `h264_nvenc`; T4 driver present).
- NVENC **rejects 64x64** ("below minimum frame dimension"); 256x256 works.
- moviepy always inserts `-preset medium` before `ffmpeg_params` (ours win, last-one-wins) and appends trailing `-pix_fmt yuva420p` for even-sized `h264_nvenc` — verified empirically that ffmpeg warns then **auto-selects yuv420p**, exit 0.

Let me check the remaining conventions (ruff config, logger):
[0m→ [0mRead algan/logging/logger.py
[0m
[0m# [0mTodos
[✓] Read brief + relevant source files
[✓] Check ffmpeg nvenc availability + moviepy FFMPEG_BINARY/FFMPEG_VideoWriter
[•] Create algan/utils/video_encoding.py with select_video_encoder
[ ] Declare ALGAN_VIDEO_ENCODER in algan/environment.py (LIVE tuple)
[ ] Wire into render_to_file + INFO log
[ ] Docs: rst paragraph + save_video docstring edit
[ ] Write tests/unit_tests/test_video_encoding.py
[ ] Verify: pytest test_environment.py + new tests
[ ] End-to-end HD render software vs auto (+ nvenc-capable arm) + ffprobe
[ ] uv run -m pytest -q --fast
[ ] ruff check --no-fix + ruff format --check on touched files
[ ] Write scratch_perf/ox/REPORT_nvenc.md
[0m
All conventions understood. Now writing the implementation.
[0m← [0mWrite algan/utils/video_encoding.py
Wrote file successfully.
[0m
[0m← [0mEdit algan/utils/video_encoding.py
Index: /content/algan/algan/utils/video_encoding.py
===================================================================
--- /content/algan/algan/utils/video_encoding.py
+++ /content/algan/algan/utils/video_encoding.py
@@ -98,10 +98,9 @@
     Parameters naming an x264-only rate-control flag (``-preset`` /
     ``-crf``) keep the software encoder even in ``nvenc`` mode, because
     those flags would fail or change meaning under NVENC.
 transparent
-    Whether the output carries alpha; such output never gets re-encoded
-    choices.
+    Whether the output carries alpha; such output is returned untouched.
 """
 # An explicit codec is the caller's decision, whatever it says, and
 # transparent output (.mov/.png) keeps today's behaviour untouched.
 if codec is not None or transparent:

[0m
[0m← [0mEdit algan/environment.py
Index: /content/algan/algan/environment.py
===================================================================
--- /content/algan/algan/environment.py
+++ /content/algan/algan/environment.py
@@ -207,8 +207,9 @@
     "ALGAN_TAICHI_WARMSTART_VERIFY",
     "ALGAN_TI_KERNEL_PROFILER",
     "ALGAN_UNDER_NVPROF",
     "ALGAN_USE_DAEMON",
+    "ALGAN_VIDEO_ENCODER",
     "ALGAN_WIDE_ATTR_RENDER_DEVICE",
 )
 
 #: Everything that is not startup-only, in the one tuple the declaration

[0m
Now wire it into `render_to_file`:
[0m← [0mEdit algan/utils/algan_utils.py
Index: /content/algan/algan/utils/algan_utils.py
===================================================================
--- /content/algan/algan/utils/algan_utils.py
+++ /content/algan/algan/utils/algan_utils.py
@@ -330,18 +330,21 @@
     # filtering. Mobs stay spawned and the timeline stays as written,
     # so authoring can continue after save_video returns.
     scene_finalized = False
 
+transparent = scene.background_is_transparent()
+# Selection sees the raw arguments, before defaults are filled in:
+# an explicit codec must win verbatim, caller-supplied parameters
+# must not be confused with Algan's own, and its software fallback
+# reproduces exactly the pair the fills below used to produce.
+codec, ffmpeg_params = select_video_encoder(codec, ffmpeg_params, transparent)
 if codec is None:
-    codec = "png" if scene.background_is_transparent() else "libx264"
+    codec = "png" if transparent else "libx264"
 if audio_codec is None:
     audio_codec = "mp3"
 if ffmpeg_params is None:
-    ffmpeg_params = (
-        ["-crf", "17", "-preset", "slower"]
-        if not scene.background_is_transparent()
-        else []
-    )
+    ffmpeg_params = [] if transparent else ["-crf", "17", "-preset", "slower"]
+logger.info(f"Encoding video with {codec}")
 
 temp_file_path = destination.with_name(
     f"{destination.stem}_temp{destination.suffix}"
 )

[0m
[0m← [0mEdit algan/utils/algan_utils.py
Index: /content/algan/algan/utils/algan_utils.py
===================================================================
--- /content/algan/algan/utils/algan_utils.py
+++ /content/algan/algan/utils/algan_utils.py
@@ -39,8 +39,9 @@
 )
 from algan.logging.logger import get_logger
 from algan.rendering.camera import Camera
 from algan.settings import SETTINGS
+from algan.utils.video_encoding import select_video_encoder
 
 logger = get_logger()
 
 

[0m
Now the test file:
[0m← [0mWrite tests/unit_tests/test_video_encoding.py
Wrote file successfully.
[0m
[0m$ [0mALGAN_USE_DAEMON=0 uv run -m pytest -q tests/unit_tests/test_environment.py tests/unit_tests/test_video_encoding.py 2>&1 | tail -15
...........................                                              [100%]
27 passed in 18.61s
[0m
[0m← [0mEdit docs/source/advanced_user_tutorials/saving_videos_and_images.rst
Index: /content/algan/docs/source/advanced_user_tutorials/saving_videos_and_images.rst
===================================================================
--- /content/algan/docs/source/advanced_user_tutorials/saving_videos_and_images.rst
+++ /content/algan/docs/source/advanced_user_tutorials/saving_videos_and_images.rst
@@ -121,8 +121,31 @@
 
     result = Scene.save_video("my_video")
     print(result.output_path, result.duration_seconds)
 
+Choosing the video encoder
+==========================
+
+By default videos are encoded with FFmpeg's ``libx264`` at high quality
+(``-crf 17 -preset slower``), which is CPU work. On machines with an NVIDIA
+GPU whose driver exposes the NVENC encoder engine, Algan instead encodes with
+``h264_nvenc``, leaving the CPU to the renderer; on everything else it keeps
+the software encoder. The choice is automatic and silent: Algan probes the
+same FFmpeg binary it encodes with once per process, and falls back to
+software encoding whenever hardware encoding is not usable.
+
+You can pin the choice yourself by setting the ``ALGAN_VIDEO_ENCODER``
+environment variable to ``software`` (always ``libx264``, today's exact
+behaviour), ``nvenc`` (always ``h264_nvenc``), or ``auto`` (the default).
+The automatic choice only applies when you have not passed an explicit
+``codec``; if your ``ffmpeg_params`` carry x264 rate-control flags
+(``-preset`` / ``-crf``) they are honoured by staying on ``libx264``.
+
+.. code-block:: python
+
+    # Keep encoding on the CPU even when an NVENC encoder is available.
+    ALGAN_VIDEO_ENCODER=software python my_scene.py
+
 Working with projects
 =====================
 
 A single ``.py`` file with one ``Scene.save_video()`` at the end is great for

[0m
Tests pass. Now the docs — first the rst page:
Now the `save_video` docstring in `algan/scene.py`:
[0m← [0mEdit algan/scene.py
Index: /content/algan/algan/scene.py
===================================================================
--- /content/algan/algan/scene.py
+++ /content/algan/algan/scene.py
@@ -1379,8 +1379,13 @@
     meaning bloom.
 codec, audio_codec, ffmpeg_params
     Encoder overrides passed through to FFmpeg. Each defaults to
     ``None``, letting Algan pick from the background's transparency.
+    With no explicit ``codec``, Algan encodes with ``libx264`` or --
+    when the machine's NVIDIA driver exposes NVENC -- the hardware
+    ``h264_nvenc`` encoder; set the ``ALGAN_VIDEO_ENCODER``
+    environment variable to ``software`` or ``nvenc`` to pin that
+    choice (see :doc:`/advanced_user_tutorials/saving_videos_and_images`).
 
 Returns
 -------
 RenderResult

[0m
[0m$ [0muv run ruff check --no-fix algan/utils/video_encoding.py algan/utils/algan_utils.py algan/environment.py algan/scene.py tests/unit_tests/test_video_encoding.py && uv run ruff format --check algan/utils/video_encoding.py algan/utils/algan_utils.py algan/environment.py algan/scene.py tests/unit_tests/test_video_encoding.py
algan/scene.py:29:1: I001 [*] Import block is un-sorted or un-formatted
   |
27 |   """
28 |
29 | / from __future__ import annotations
30 | |
31 | | import inspect
32 | | import math
33 | | import time
34 | | from collections.abc import Sequence
35 | | from functools import wraps
36 | | from pathlib import Path
37 | | from typing import TYPE_CHECKING
38 | |
39 | | import torch.nn.functional as F
40 | |
41 | | from algan.animation_timeline.animation_contexts import (
42 | |     AnimationManager,
43 | |     Seq,
44 | |     Sync,
45 | |     animation_manager_context,
46 | | )
47 | | from algan.animation_timeline.timeline import TimelineManager
48 | | from algan.constants.spatial import *
49 | | from algan.errors import AlganConfigurationError
50 | |
51 | | from algan.logging.logger import get_logger
52 | |
53 | | # EmptySceneWarning and write_frames_from_queue moved to render_loop.py;
54 | | # re-exported here for backwards compatibility.
55 | | from algan.render_loop import (  # noqa: F401
56 | |     EmptySceneWarning,
57 | |     RenderLoopMixin,
58 | |     write_frames_from_queue,
59 | | )
60 | | from algan.scene_manager import SceneManager
61 | | from algan.settings import SETTINGS
62 | | from algan.settings.video_settings import VideoSettings
63 | | from algan.sound.audio_effect import AudioManager
64 | | from algan.utils.file_utils import get_image
   | |____________________________________________^ I001
65 |
66 |   logger = get_logger()
   |
   = help: Organize imports

Found 1 error.
[*] 1 fixable with the `--fix` option.
[0m
[0m$ [0mgit diff --stat && git show HEAD:algan/scene.py > /tmp/opencode/scene_head.py && uv run ruff check --no-fix /tmp/opencode/scene_head.py; echo "exit=$?"
algan/animatable_base/animatable.py                |  18 ++++
 algan/animatable_base/mob.py                       |  17 +++-
 algan/animation_timeline/timeline.py               | 109 ++++++++++++++++++---
 algan/environment.py                               |   2 +
 algan/mobs/point_cloud.py                          |   6 ++
 algan/mobs/shapes_3d.py                            |  12 +++
 algan/mobs/surfaces/surface.py                     |  73 ++++++++++++--
 algan/render_loop.py                               |  54 +++++++++-
 algan/rendering/primitives/triangle_primitive.py   |  30 +++---
 algan/rendering/raytracing/scene_builder.py        |   6 ++
 algan/scene.py                                     |   5 +
 algan/utils/algan_utils.py                         |  16 +--
 algan/utils/profiling_utils.py                     |  33 +++++++
 .../saving_videos_and_images.rst                   |  23 +++++
 14 files changed, 355 insertions(+), 49 deletions(-)
/tmp/opencode/scene_head.py:29:1: I001 [*] Import block is un-sorted or un-formatted
   |
27 |   """
28 |
29 | / from __future__ import annotations
30 | |
31 | | import inspect
32 | | import math
33 | | import time
34 | | from collections.abc import Sequence
35 | | from functools import wraps
36 | | from pathlib import Path
37 | | from typing import TYPE_CHECKING
38 | |
39 | | import torch.nn.functional as F
40 | |
41 | | from algan.animation_timeline.animation_contexts import (
42 | |     AnimationManager,
43 | |     Seq,
44 | |     Sync,
45 | |     animation_manager_context,
46 | | )
47 | | from algan.animation_timeline.timeline import TimelineManager
48 | | from algan.constants.spatial import *
49 | | from algan.errors import AlganConfigurationError
50 | |
51 | | from algan.logging.logger import get_logger
52 | |
53 | | # EmptySceneWarning and write_frames_from_queue moved to render_loop.py;
54 | | # re-exported here for backwards compatibility.
55 | | from algan.render_loop import (  # noqa: F401
56 | |     EmptySceneWarning,
57 | |     RenderLoopMixin,
58 | |     write_frames_from_queue,
59 | | )
60 | | from algan.scene_manager import SceneManager
61 | | from algan.settings import SETTINGS
62 | | from algan.settings.video_settings import VideoSettings
63 | | from algan.sound.audio_effect import AudioManager
64 | | from algan.utils.file_utils import get_image
   | |____________________________________________^ I001
65 |
66 |   logger = get_logger()
   |
   = help: Organize imports

Found 1 error.
[*] 1 fixable with the `--fix` option.
exit=1
[0m
The `I001` is **pre-existing** (identical failure on HEAD's scene.py) — I'll leave it and note it in the report. Also noted: the working tree carries other unrelated modifications from before my session; I'll leave those untouched too. Now format check:
[0m$ [0muv run ruff format --check algan/utils/video_encoding.py algan/utils/algan_utils.py algan/environment.py algan/scene.py tests/unit_tests/test_video_encoding.py; echo "---"; git status --short
5 files already formatted
---
 M algan/animatable_base/animatable.py
 M algan/animatable_base/mob.py
 M algan/animation_timeline/timeline.py
 M algan/environment.py
 M algan/mobs/point_cloud.py
 M algan/mobs/shapes_3d.py
 M algan/mobs/surfaces/surface.py
 M algan/render_loop.py
 M algan/rendering/primitives/triangle_primitive.py
 M algan/rendering/raytracing/scene_builder.py
 M algan/scene.py
 M algan/utils/algan_utils.py
 M algan/utils/profiling_utils.py
 M docs/source/advanced_user_tutorials/saving_videos_and_images.rst
?? algan/utils/video_encoding.py
?? algan_profile_report_nn_PREVIEW.txt
?? algan_profile_report_nn_UHD.txt
?? tests/unit_tests/test_video_encoding.py
[0m
Format is clean. Now build the end-to-end script:
[0m$ [0mls benchmarks/performance/ && find . -name "world_map.png" -not -path "./.venv/*" 2>/dev/null
nn_scene_PREVIEW.py
nn_scene_UHD.py
reports
world_map.png
./docs/source/world_map.png
./benchmarks/performance/world_map.png
[0m
[0m← [0mWrite scratch_perf/ox/render_hd_encode_check.py
Wrote file successfully.
[0m
[0m$ [0mcp benchmarks/performance/world_map.png scratch_perf/ox/world_map.png && ls scratch_perf/ox/
brief_nvenc.md
render_hd_encode_check.py
run_nvenc.log
run_ox.sh
world_map.png
[0m
[0m$ [0mhead -30 scratch_perf/ox/run_ox.sh; echo ===; tail -5 scratch_perf/ox/run_nvenc.log
#!/bin/bash
# usage: run_ox.sh <brief-file> <log-file>   -- waits for the endpoint, retries transient failures
BRIEF=$1; LOG=$2
for attempt in $(seq 1 60); do
  echo "=== attempt $attempt $(date)" >> "$LOG"
  if ! timeout 120 opencode run --variant max --model opencode/x-preview-f-free "Reply with one word: PONG" 2>&1 | grep -q PONG; then
    echo "=== ping failed, sleeping 180s" >> "$LOG"; sleep 180; continue
  fi
  echo "=== ping ok, launching" >> "$LOG"
  timeout 5400 opencode run --auto --variant max --model opencode/x-preview-f-free "Read the file $BRIEF and carry out the task it describes, in full, including every verification step it specifies. It is a complete brief; follow it." >> "$LOG" 2>&1
  rc=$?
  if grep -q -E "Endpoint is unavailable|network_error|Unexpected server error" <(tail -c 2000 "$LOG"); then
    echo "=== transient failure, retrying in 180s" >> "$LOG"; sleep 180; continue
  fi
  echo "OX EXIT $rc" >> "$LOG"; exit $rc
done
echo "OX GAVE UP" >> "$LOG"; exit 1
===
render_hd_encode_check.py
run_nvenc.log
run_ox.sh
world_map.png
[0m
[0m
Harness leftovers — ignoring them. Running arm 1 (`software`):
[0m$ [0mALGAN_VIDEO_ENCODER=software uv run python scratch_perf/ox/render_hd_encode_check.py 2>&1 | tee /tmp/opencode/arm_software.log | grep -E "Encoding video|Finished rendering|Began rendering" 
Encoding video with libx264
Began rendering nn_HD_software.mp4
Finished rendering nn_HD_software.mp4 in 89.0 s
[0m
[0m$ [0mALGAN_VIDEO_ENCODER=auto uv run python scratch_perf/ox/render_hd_encode_check.py 2>&1 | tee /tmp/opencode/arm_auto.log | grep -E "Encoding video|Finished rendering|Began rendering|NVENC"
Encoding video with libx264
Began rendering nn_HD_auto.mp4
Finished rendering nn_HD_auto.mp4 in 77.5 s
[0m
`auto` correctly fell back to software here: moviepy's bundled ffmpeg has no NVENC encoder (the DEBUG probe message is invisible at default INFO level, as designed). Now the arm that proves the NVENC path works end-to-end — pointing moviepy's binary at the nvenc-capable system ffmpeg:
[0m$ [0mFFMPEG_BINARY=/usr/bin/ffmpeg ALGAN_VIDEO_ENCODER=auto uv run python scratch_perf/ox/render_hd_encode_check.py 2>&1 | tee /tmp/opencode/arm_auto_sysffmpeg.log | grep -E "Encoding video|Finished rendering|Began rendering|NVENC|nvenc"; echo "---probe-debug---"; ALGAN_LOG_LEVEL=DEBUG FFMPEG_BINARY=/usr/bin/ffmpeg uv run python -c "
import os
os.environ['ALGAN_USE_DAEMON'] = '0'
from algan.utils.video_encoding import select_video_encoder
print(select_video_encoder(None, None, False))
" 2>&1 | grep -iE "nvenc|h264"
Encoding video with h264_nvenc
Began rendering nn_HD_auto_sysffmpeg.mp4
Finished rendering nn_HD_auto_sysffmpeg.mp4 in 76.8 s
---probe-debug---
NVENC probe: h264_nvenc is usable via /usr/bin/ffmpeg
('h264_nvenc', ['-preset', 'p4', '-tune', 'hq', '-rc', 'vbr', '-cq', '19', '-b:v', '0', '-pix_fmt', 'yuv420p'])
[0m
NVENC engaged end-to-end (`Encoding video with h264_nvenc`, render completed). Now ffprobe verification of all three outputs:
[0m$ [0mfind scratch_perf/ox -name "*.mp4" | sort && which ffprobe
scratch_perf/ox/algan_outputs/nn_HD_auto.mp4
scratch_perf/ox/algan_outputs/nn_HD_auto_sysffmpeg.mp4
scratch_perf/ox/algan_outputs/nn_HD_software.mp4
/usr/bin/ffprobe
[0m
[0m$ [0mfor f in nn_HD_software nn_HD_auto nn_HD_auto_sysffmpeg; do echo "=== $f ==="; ffprobe -v error -show_entries stream=codec_name,profile,width,height,pix_fmt,nb_frames,duration -of default=noprint_wrappers=1 scratch_perf/ox/algan_outputs/$f.mp4; done
=== nn_HD_software ===
codec_name=h264
profile=High
width=1920
height=1080
pix_fmt=yuv420p
duration=0.500000
nb_frames=15
=== nn_HD_auto ===
codec_name=h264
profile=High
width=1920
height=1080
pix_fmt=yuv420p
duration=0.500000
nb_frames=15
=== nn_HD_auto_sysffmpeg ===
codec_name=h264
profile=Main
width=1920
height=1080
pix_fmt=yuv420p
duration=0.500000
nb_frames=15
[0m
[0m$ [0mfor f in nn_HD_software nn_HD_auto nn_HD_auto_sysffmpeg; do echo "=== $f: full-decode errors:"; ffmpeg -v error -i scratch_perf/ox/algan_outputs/$f.mp4 -f null - 2>&1 | head -3; echo "(exit=$?)"; done
=== nn_HD_software: full-decode errors:
(exit=0)
=== nn_HD_auto: full-decode errors:
(exit=0)
=== nn_HD_auto_sysffmpeg: full-decode errors:
(exit=0)
[0m
[0m$ [0mffprobe -hide_banner -show_streams scratch_perf/ox/algan_outputs/nn_HD_auto.mp4 2>/dev/null | sed -n '/codec_type=video/,/DISPOSITION\|TAG/p' | head -40
codec_type=video
codec_tag_string=avc1
codec_tag=0x31637661
width=1920
height=1080
coded_width=1920
coded_height=1080
closed_captions=0
has_b_frames=2
sample_aspect_ratio=N/A
display_aspect_ratio=N/A
pix_fmt=yuv420p
level=50
color_range=unknown
color_space=unknown
color_transfer=unknown
color_primaries=unknown
chroma_location=left
field_order=unknown
refs=1
is_avc=true
nal_length_size=4
id=N/A
r_frame_rate=30/1
avg_frame_rate=30/1
time_base=1/15360
start_pts=0
start_time=0.000000
duration_ts=7680
duration=0.500000
bit_rate=4148064
max_bit_rate=N/A
bits_per_raw_sample=8
nb_frames=15
nb_read_frames=N/A
nb_read_packets=N/A
DISPOSITION:default=1
[0m
E2E verified. Now the fast suite:
[0m$ [0mALGAN_USE_DAEMON=0 uv run -m pytest -q --fast 2>&1 | tail -6
Preparing render kernels. If this is the first render on this machine (or after an update), compiling the GPU kernels can take several minutes. Compiled kernels are cached, so subsequent renders start immediately.
Finished rendering fast.mp4 in 76.5 s
fast suite: 100s of its 75s budget (133%) -- over budget; take 'fast' off the newest test in it
=========================== short test summary info ============================
FAILED tests/fast/test_fast_render.py::test_the_fast_scene_renders_and_matches_its_baseline
1 failed, 275 passed, 1913 deselected in 99.65s (0:01:39)
[0m
One fast-suite failure — I need to establish whether my change caused it or it predates me (the tree carries unrelated pre-existing edits). Let me inspect the failing test:
[0m→ [0mRead tests/fast/test_fast_render.py
The test passes an **explicit** codec (`libx264rgb`) — my selector returns it verbatim, so my change cannot touch this render's pixels. To prove the failure predates my session, let me check the diff detail, then run the same test on clean HEAD via a temporary stash:
[0m
[0m$ [0mgrep -iE "channel|deviat|diff|mismatch|assert" tests/fast/pytest.log | tail -20
assert actual_ok == expected_ok, (
                        f"{actual_path.name} has a different frame count from its "
                assert actual_frame.shape == expected_frame.shape, (
                difference = np.abs(
                frame_difference = int(difference.max())
                if frame_difference > max_difference:
                    max_difference = frame_difference
                if frame_difference > MAX_CHANNEL_DIFFERENCE:
                        diff_path.parent.mkdir(parents=True, exist_ok=True)
                        height, width = difference.shape[:2]
                            str(diff_path),
                    writer.write_frame(difference[..., ::-1])
        assert frame_count > 0, f"{actual_path.name} did not contain any frames"
>       assert max_difference <= MAX_CHANNEL_DIFFERENCE, (
            f"{actual_path.name} differs from its baseline by up to "
            f"{max_difference} channel values (worst at frame {worst_frame}); "
            f"see {diff_path}"
E       AssertionError: fast.mp4 differs from its baseline by up to 41 channel values (worst at frame 24); see /content/algan/tests/fast/output_errors/fast.mp4
E       assert 41 <= 2
/content/algan/tests/conftest.py:237: AssertionError
[0m
[0m$ [0mgit stash push -m "nvenc-task-temp" && git stash list | head -2
Saved working directory and index state On t4-nn-scene-throughput: nvenc-task-temp
stash@{0}: On t4-nn-scene-throughput: nvenc-task-temp
[0m
[0m$ [0mALGAN_USE_DAEMON=0 uv run -m pytest -q tests/fast/test_fast_render.py 2>&1 | tail -4
Finished rendering fast.mp4 in 49.3 s
=========================== short test summary info ============================
FAILED tests/fast/test_fast_render.py::test_the_fast_scene_renders_and_matches_its_baseline
1 failed in 52.65s
[0m
Fails on clean HEAD too — pre-existing. Let me grab its deviation number, then restore the tree:
[0m$ [0mgrep -E "differs from its baseline" tests/fast/pytest.log | tail -2; git stash pop && git stash list | head -1; echo "---restored:"; git status --short | head -20
f"{actual_path.name} differs from its baseline by up to "
E       AssertionError: fast.mp4 differs from its baseline by up to 41 channel values (worst at frame 24); see /content/algan/tests/fast/output_errors/fast.mp4
On branch perf/t4-nn-scene-throughput
Your branch is up to date with 'origin/perf/t4-nn-scene-throughput'.

Changes not staged for commit:
  (use "git add <file>..." to update what will be committed)
  (use "git restore <file>..." to discard changes in working directory)
	modified:   algan/environment.py
	modified:   algan/scene.py
	modified:   algan/utils/algan_utils.py
	modified:   docs/source/advanced_user_tutorials/saving_videos_and_images.rst

Untracked files:
  (use "git add <file>..." to include in what will be committed)
	algan/utils/video_encoding.py
	algan_profile_report_nn_PREVIEW.txt
	algan_profile_report_nn_UHD.txt
	tests/unit_tests/test_video_encoding.py

no changes added to commit (use "git add" and/or "git commit -a")
Dropped refs/stash@{0} (26bf4ca6e9659a412b3635d948d7641001af9d92)
---restored:
 M algan/environment.py
 M algan/scene.py
 M algan/utils/algan_utils.py
 M docs/source/advanced_user_tutorials/saving_videos_and_images.rst
?? algan/utils/video_encoding.py
?? algan_profile_report_nn_PREVIEW.txt
?? algan_profile_report_nn_UHD.txt
?? tests/unit_tests/test_video_encoding.py
[0m
Something changed — let me carefully inspect the repository state before anything else:
[0m$ [0mgit log --oneline -5 && echo --- && git diff --stat && echo --- && git diff HEAD --stat
c0c3669 Materialize wide attributes (textures) on the render device; per-device batch budgets
908cfad Add T4 baseline profiles of the nn performance scenes
d0bfb6d -Added performance benchmark scenes
cf2d6db -Rebaselined CUDA -Cleaned up documentation .md files.
6ba669c Fixed 2 bugs that were causing tests to fail on CUDA (but not CPU), one involved meshes becoming not watertight due to CUDA compilations.
---
 algan/environment.py                               |  1 +
 algan/scene.py                                     |  5 +++++
 algan/utils/algan_utils.py                         | 16 +++++++++------
 .../saving_videos_and_images.rst                   | 23 ++++++++++++++++++++++
 4 files changed, 39 insertions(+), 6 deletions(-)
---
 algan/environment.py                               |  1 +
 algan/scene.py                                     |  5 +++++
 algan/utils/algan_utils.py                         | 16 +++++++++------
 .../saving_videos_and_images.rst                   | 23 ++++++++++++++++++++++
 4 files changed, 39 insertions(+), 6 deletions(-)
[0m
The mystery resolves: a concurrent process **committed** the previously-dirty renderer work as `c0c3669` during my session ("Materialize wide attributes… per-device batch budgets" — exactly what those stray diffs were). My stash therefore only ever held my own 4 files; pop restored them losslessly. And decisively: the fast-render failure with **all** of my changes absent is byte-for-byte the same failure (41 channel values, worst frame 24) — pre-existing, not mine.
[0m$ [0mgit show -s --format="%ci %s" c0c3669 && git show c0c3669 --stat | grep -E "scene.py|algan_utils|environment" ; echo ---; ALGAN_USE_DAEMON=0 uv run -m pytest -q tests/unit_tests/test_environment.py tests/unit_tests/test_video_encoding.py 2>&1 | tail -2
2026-08-25 05:21:43 +0000 Materialize wide attributes (textures) on the render device; per-device batch budgets
 algan/environment.py                             |   1 +
---
...........................                                              [100%]
27 passed in 20.00s
[0m
[0m$ [0mgit diff algan/environment.py | head -30 && uv run ruff check --no-fix algan/utils/video_encoding.py algan/utils/algan_utils.py algan/environment.py tests/unit_tests/test_video_encoding.py && uv run ruff format --check algan/utils/video_encoding.py algan/utils/algan_utils.py algan/environment.py tests/unit_tests/test_video_encoding.py
diff --git a/algan/environment.py b/algan/environment.py
index d8d9cf2..c7adbda 100644
--- a/algan/environment.py
+++ b/algan/environment.py
@@ -208,6 +208,7 @@ _LIVE_VARIABLES = (
     "ALGAN_TI_KERNEL_PROFILER",
     "ALGAN_UNDER_NVPROF",
     "ALGAN_USE_DAEMON",
+    "ALGAN_VIDEO_ENCODER",
     "ALGAN_WIDE_ATTR_RENDER_DEVICE",
 )
 
All checks passed!
4 files already formatted
[0m
All checks green post-pop. One final full `--fast` run to record the definitive result on the restored tree:
[0m$ [0mALGAN_USE_DAEMON=0 uv run -m pytest -q --fast 2>&1 | tail -5
Finished rendering fast.mp4 in 46.7 s
fast suite: 66s of its 75s budget (88%)
=========================== short test summary info ============================
FAILED tests/fast/test_fast_render.py::test_the_fast_scene_renders_and_matches_its_baseline
1 failed, 275 passed, 1913 deselected in 65.88s (0:01:05)
[0m
[0m← [0mWrite scratch_perf/ox/REPORT_nvenc.md
Wrote file successfully.
[0m
All verification steps are done. Writing the report:
[0m# [0mTodos
[✓] Read brief + relevant source files
[✓] Check ffmpeg nvenc availability + moviepy FFMPEG_BINARY/FFMPEG_VideoWriter
[✓] Create algan/utils/video_encoding.py with select_video_encoder
[✓] Declare ALGAN_VIDEO_ENCODER in algan/environment.py (LIVE tuple)
[✓] Wire into render_to_file + INFO log
[✓] Docs: rst paragraph + save_video docstring edit
[✓] Write tests/unit_tests/test_video_encoding.py
[✓] Verify: pytest test_environment.py + new tests
[✓] End-to-end HD render software vs auto (+ nvenc-capable arm) + ffprobe
[✓] uv run -m pytest -q --fast
[✓] ruff check --no-fix + ruff format --check on touched files
[✓] Write scratch_perf/ox/REPORT_nvenc.md
[0m
Brief carried out in full. Summary:

**Built:** `algan/utils/video_encoding.py` (`select_video_encoder`), `ALGAN_VIDEO_ENCODER` declared LIVE in `algan/environment.py`, wired into `_render_scene_to_file` with an INFO encoder log, docs paragraph + minimal `save_video` docstring extension, and `tests/unit_tests/test_video_encoding.py`. Nothing committed.

**Key findings (full detail in `scratch_perf/ox/REPORT_nvenc.md`):**
- moviepy's actual ffmpeg binary (imageio-ffmpeg static build) has **no NVENC encoders**, so on this box `auto` correctly falls back to software; the required software/auto arms ran 89.0 s vs 77.5 s (both libx264, noise apart). A third arm with `FFMPEG_BINARY=/usr/bin/ffmpeg` proves the path: `Encoding video with h264_nvenc`, 76.8 s.
- The brief's literal 64x64 probe fails (NVENC minimum frame dimension) — probe uses 256x256, deviation documented.
- All outputs ffprobe-parse clean: `codec_name=h264`, 1920x1080, 15 frames = 0.5 s × 30 fps.
- `--fast`: 275 passed; the one failure is **pre-existing** — reproduced identically (41 channel values @ frame 24) with my changes stashed; the explicit-codec test can't see this change. Also noted a pre-existing `I001` in scene.py and that commit `c0c3669` landed mid-session from elsewhere.
