=== attempt 1 Tue Aug 25 06:05:53 AM UTC 2026
=== ping ok, launching
[0m
> build · x-preview-f-free
[0m
[0m→ [0mRead scratch_perf/ox/brief_batchwide_audit.md
[0m
[0m# [0mTodos
[•] Q1: Bezier chord subdivision batch-wide sample count
[ ] Q2: PN dicing levels per-frame vs batch reduction + budget axis
[ ] Q3: Merge _dedup_time / _split_promotable / _unify_time value effects
[ ] Q4: STBVH/refit structure vs frames + kernel tie sites
[ ] Q5: Surface normals/welds frame-axis reductions
[ ] Q6: Sweep all frame-axis reductions in algan/rendering + algan/mobs
[ ] Write REPORT_batchwide_audit.md
[0m
[0m✱ [0mGrep "_compute_samples_per_segment"[90m in algan · 3 matches[0m
[0m→ [0mRead algan/rendering/raytracing/primitives.py
[0m→ [0mRead algan/rendering/raytracing/primitives.py[90m [offset=2700, limit=400][0m
[0m✱ [0mGrep "def bezier_chord_hull_error|def pn_edge_chord_error|def pn_patch_flatness_error"[90m in algan/rendering/raytracing/logical_pn_taichi.py · 3 matches[0m
[0m→ [0mRead algan/rendering/raytracing/logical_pn_taichi.py[90m [limit=330, offset=180][0m
Q1 confirmed at the source level. Now Q2 — the PN dicing level searches:
[0m✱ [0mGrep "_required_subdivision_levels|_required_edge_levels|_required_patch_levels|max_diced_triangles|_triangle_counts"[90m in algan/rendering/raytracing/primitives.py · 17 matches[0m
[0m→ [0mRead algan/rendering/raytracing/primitives.py[90m [limit=760, offset=1300][0m
[0m→ [0mRead algan/rendering/raytracing/primitives.py[90m [limit=460, offset=2060][0m
Q1 and Q2 evidence gathered. Now the merge (Q3):
[0m✱ [0mGrep "_dedup_time|MERGE_DEDUP_TIME|_split_promotable|_unify_time"[90m in algan/rendering/raytracing · 34 matches[0m
[0m→ [0mRead algan/rendering/raytracing/scene_builder.py[90m [limit=220, offset=490][0m
[0m→ [0mRead algan/rendering/raytracing/utils.py
[0m→ [0mRead algan/rendering/raytracing/scene_builder.py[90m [limit=340, offset=1090][0m
[0m✱ [0mGrep "tri_tex_meta|tex_meta"[90m in algan/rendering/raytracing · 100 matches[0m
[0m→ [0mRead algan/rendering/raytracing/raytrace_kernels_taichi.py[90m [limit=130, offset=1490][0m
[0m✱ [0mGrep "_decode_merged_colors"[90m in algan/rendering/raytracing · 4 matches[0m
[0m→ [0mRead algan/rendering/raytracing/scene_builder.py[90m [limit=380, offset=1430][0m
[0m→ [0mRead algan/rendering/raytracing/scene_builder.py[90m [limit=190, offset=840][0m
Now Q4 — the BVH builds:
[0m→ [0mRead algan/rendering/raytracing/stbvh.py
[0m✱ [0mGrep "DEPTH_TIE_EPSILON"[90m in algan/rendering/raytracing · 87 matches[0m
[0m→ [0mRead algan/rendering/raytracing/raytrace_kernels_taichi.py[90m [limit=120, offset=960][0m
[0m✱ [0mGrep "def |num_frames|frame"[90m in algan/rendering/raytracing/refit_bvh.py · 100 matches[0m
[0m→ [0mRead algan/rendering/raytracing/refit_bvh.py[90m [limit=200][0m
[0m✱ [0mGrep "def build_refit_bvh|amin\(0\)|amax\(0\)|\.all\(0\)|num_frames"[90m in algan/rendering/raytracing/refit_bvh.py · 100 matches[0m
[0m→ [0mRead algan/rendering/raytracing/refit_bvh.py[90m [offset=330][0m
[0m→ [0mRead algan/rendering/raytracing/refit_bvh.py[90m [offset=255, limit=80][0m
Q4 evidence collected. Now Q5 — surface normals/welds:
[0m✱ [0mGrep "def |amax|\.any\(0\)|\.all\(0\)|max\(dim|weld"[90m in algan/mobs/surfaces/surface.py · 100 matches[0m
[0m→ [0mRead algan/mobs/surfaces/surface.py[90m [limit=280, offset=440][0m
[0m→ [0mRead algan/mobs/surfaces/surface.py[90m [limit=100, offset=340][0m
[0m✱ [0mGrep "surface_weld_flags\(|surface_closed_axes\("[90m in algan · 10 matches[0m
[0m→ [0mRead algan/mobs/surfaces/surface.py[90m [limit=130, offset=3005][0m
Q5 confirmed with two genuine findings. Now the Q6 sweep:
[0m
[0m$ [0mrg -n "\.amax\(0\)|\.amax\(dim=0\)|\.max\(dim=0\)|\.max\(0\)|\.any\(0\)|\.any\(dim=0\)|\.all\(0\)|\.all\(dim=0\)|\.amin\(0\)|\.min\(dim=0\)|\.min\(0\)" algan/rendering algan/mobs --type py | grep -v "_taichi.py" | grep -v external_libraries
algan/mobs/three_d_models/model_mob.py:410:            mins.append(loc.amin(0))
algan/mobs/three_d_models/model_mob.py:411:            maxs.append(loc.amax(0))
algan/mobs/three_d_models/model_mob.py:412:        lo = torch.stack(mins).amin(0)
algan/mobs/three_d_models/model_mob.py:413:        hi = torch.stack(maxs).amax(0)
algan/mobs/triangulated_bezier_circuit.py:190:        (perimeter_points * m + (1 - m) * 1e12).amin(0) - 1e-5,
algan/mobs/triangulated_bezier_circuit.py:191:        perimeter_points.amax(0) + 1e-5,
algan/mobs/triangulated_bezier_circuit.py:440:                    dist = (torch.stack(pathj) - prev_end).norm(p=2, dim=-1).amin(0)
algan/mobs/triangulated_bezier_circuit.py:590:        (perimeter_points * m + (1 - m) * 1e12).amin(0),
algan/mobs/triangulated_bezier_circuit.py:591:        perimeter_points.amax(0),
algan/mobs/triangulated_bezier_circuit.py:902:                offset = hash_key.amin(0)
algan/rendering/camera.py:393:        mobl = 0.5 * ((mob_boundary_points).amax(0) + (mob_boundary_points).amin(0))
algan/rendering/raytracing/scene_builder.py:566:    color_eq = (colors == colors[:, :, :1, :]).all(-1).all(-1).all(0)  # [N]
algan/rendering/raytracing/scene_builder.py:575:    ).all(0)  # [N]
algan/rendering/raytracing/scene_builder.py:576:    nonglow = (e[..., 9:12] == 0).all(-1).all(0)  # [N]
algan/rendering/raytracing/scene_builder.py:963:    lit = (tri_mat_id != _UNLIT).any(0)  # [N]
algan/rendering/raytracing/scene_builder.py:967:        refl[:Nc] = ((e[..., 0] > 0) | (e[..., 2] > 0) | (e[..., 4] > 0)).any(0)
algan/rendering/raytracing/scene_builder.py:1063:    const_mask = (cv == cv[:, :, :1, :]).all(3).all(2).all(0)  # [N]
algan/rendering/raytracing/scene_builder.py:1158:    surf_present = (refl >= 0.0).any(0).any(-1) | (transmission > 1e-6).any(0).any(
algan/rendering/raytracing/scene_builder.py:1169:    lit = (tmi != _MID_UNLIT).any(0)  # [N]
algan/rendering/raytracing/scene_builder.py:1751:            return (extra[..., 0:6:2] >= 0.0).any(0).any(-1)
algan/rendering/raytracing/scene_builder.py:1759:        return (meta[..., _M_REFLECTIVITY] >= 0.0).any(0)
algan/rendering/raytracing/scene_builder.py:1777:            translucent = (visible & ~p._rt_frame_opaque).any(0)
algan/rendering/raytracing/scene_builder.py:1779:                translucent = translucent | visible.any(0)
algan/rendering/raytracing/scene_builder.py:2051:    builtin = (mat_id < _USER_PIPELINE_BASE).all(0)  # [N]
algan/rendering/raytracing/refit_bvh.py:301:    ever = valid.any(0)
algan/rendering/raytracing/refit_bvh.py:317:    ulo = vlo.amin(0)[pids]  # [M, 3]
algan/rendering/raytracing/refit_bvh.py:318:    uhi = vhi.amax(0)[pids]
algan/rendering/raytracing/refit_bvh.py:436:        c = casts.all(0) if casts.dim() == 2 else casts
algan/rendering/raytracing/stbvh.py:417:        blo = lo[ids].min(0)
algan/rendering/raytracing/stbvh.py:418:        bhi = hi[ids].max(0)
algan/rendering/raytracing/stbvh.py:456:                    lo[lids].min(0), hi[lids].max(0)
algan/rendering/raytracing/stbvh.py:457:                ) * nl + te_r * half_area(lo[rids].min(0), hi[rids].max(0)) * (n - nl)
algan/rendering/raytracing/stbvh.py:662:    per_prim = casts.all(0) if casts.dim() == 2 else casts
algan/rendering/raytracing/stbvh.py:735:        inst_opaque = opaque.all(0)[prim_id] if opaque is not None else None
algan/rendering/raytracing/stbvh.py:792:        smin = inst_lo.amin(0)
algan/rendering/raytracing/stbvh.py:793:        smax = inst_hi.amax(0)
algan/rendering/raytracing/stbvh.py:819:            smin = inst_lo.amin(0)
algan/rendering/raytracing/stbvh.py:820:            smax = inst_hi.amax(0)
algan/rendering/post_processing/anti_aliasing/smaa.py:497:            diff_np = (difference[0].max(dim=0)[0].numpy() * 255 * 5).astype(
algan/rendering/raytracing/primitives.py:352:    blocked = v.reshape(v.shape[0], v.shape[1], -1).amax(-1).amax(0) > 0.5
algan/rendering/raytracing/primitives.py:376:    closed_any = closed_v.reshape(closed_v.shape[0], -1).amax(0) > 0.5
algan/rendering/raytracing/primitives.py:383:        transmits = trans_v.reshape(trans_v.shape[0], -1).amax(0) > 1e-6
algan/rendering/raytracing/primitives.py:2639:        idx = unresolved.any(0).nonzero(as_tuple=True)[0]
algan/rendering/raytracing/primitives.py:3071:        needs_endpoint = (~connection_visible).any(0).long()
algan/rendering/raytracing/primitives.py:3379:        world_per_px = (pixel_world_scale.view(-1, 1) * dist).amax(0)
algan/rendering/raytracing/primitives.py:3381:        inflate = (0.5 * self._rt_border_width.amax(0) + 1.5) * world_per_px
[0m
[0m→ [0mRead algan/rendering/raytracing/scene_builder.py[90m [limit=70, offset=2020][0m
[0m→ [0mRead algan/rendering/raytracing/primitives.py[90m [limit=120, offset=2590][0m
[0m→ [0mRead algan/mobs/triangulated_bezier_circuit.py[90m [limit=80, offset=150][0m
[0m→ [0mRead algan/mobs/triangulated_bezier_circuit.py[90m [limit=30, offset=888][0m
[0m→ [0mRead algan/rendering/raytracing/primitives.py[90m [limit=80, offset=3330][0m
[0m→ [0mRead algan/rendering/raytracing/scene_builder.py[90m [limit=100, offset=1809][0m
[0m→ [0mRead algan/rendering/raytracing/raytrace_kernels_taichi.py[90m [limit=150, offset=1080][0m
[0m→ [0mRead algan/rendering/raytracing/raytrace_kernels_taichi.py[90m [limit=90, offset=2905][0m
[0m✱ [0mGrep "def _cat_circuit_color_grids|def _constant_promotion_active"[90m in algan/rendering/raytracing/scene_builder.py · 2 matches[0m
[0m→ [0mRead algan/rendering/raytracing/settings.py[90m [limit=45, offset=2790][0m
[0m✱ [0mGrep "WELD_SURFACE_SEAMS"[90m in algan/rendering/raytracing/settings.py · 10 matches[0m
All source evidence is gathered. Per the brief, I'll now run cheap **CPU-only host-side probes** (no rendering) to confirm the pivotal claims empirically before writing the report:
[0m
[0m← [0mWrite scratch_perf/ox/probe_batchwide_audit.py
Wrote file successfully.
[0m
[0m$ [0mALGAN_USE_DAEMON=0 ALGAN_RENDER_DEVICE=cpu uv run python scratch_perf/ox/probe_batchwide_audit.py 2>&1 | tail -60
Rendering device set to cpu
[Taichi] version 1.7.4, llvm 15.0.4, commit b4b956fd, linux, python 3.13.15
[Taichi] Starting on arch=x64

=== Q1 bezier chord counts vs window ===
count over full 19-frame window: 128
per-3-frame-window counts: [16, 32, 64, 128]
monotone (every short-window count <= long-window count): True
any short window coarser than long window: True

=== Q3 _split_promotable vs window ===
T=3: kept=0 promoted=1
T=19: kept=0 promoted=1

=== Q3 _dedup_time ===
varying table collapsed: 3 (expect 3)
constant table collapsed: 1 (expect 1)

=== Q4 segment_primitives_in_time vs window ===
19-frame window: 6 instances
  tspans: [(0, 15), (0, 15), (16, 17), (16, 17), (18, 18), (18, 18)] ...
window [0,3): 4 instances, tspans [(0, 1), (0, 1), (2, 2), (2, 2)]
window [8,11): 4 instances, tspans [(0, 1), (0, 1), (2, 2), (2, 2)]

=== Q5 weld flags / closed axes vs window ===
full 19-frame grid  wrap_x: False
first 3 frames      wrap_x: False
closed axes (full): (False, True)  (first 3): (False, True)

done.
[0m
Two probes need sharper inputs (my test data was too coarse). Refining:
[0m$ [0mALGAN_USE_DAEMON=0 ALGAN_RENDER_DEVICE=cpu uv run python - <<'EOF' 2>&1 | tail -30
import os
assert os.environ.get("ALGAN_RENDER_DEVICE") == "cpu"
import torch
from algan.rendering.raytracing.primitives import RayTracedBezierCircuitPrimitive

# --- debug _split_promotable color_eq on the probe's tensors ---
T = 19
colors = torch.full((T, 1, 3, 5), 0.5)
for f in range(3, T):
    colors[f, :, :, 0] = 0.5 + 0.01 * f
color_eq = (colors == colors[:, :, :1, :]).all(-1).all(-1).all(0)
print("color_eq[T=19]:", color_eq.tolist())
EOF
Rendering device set to cpu
[Taichi] version 1.7.4, llvm 15.0.4, commit b4b956fd, linux, python 3.13.15
[Taichi] Starting on arch=x64
color_eq[T=19]: [True]
[0m
The semantics are subtler than my first probe: `.all(0)` asks corner-*uniformity* in **every** frame of the window, not equality across frames. A window that contains even one corner-non-uniform frame loses promotion. Fixing both probes:
[0m$ [0mALGAN_USE_DAEMON=0 ALGAN_RENDER_DEVICE=cpu uv run python - <<'EOF' 2>&1 | tail -40
import os
assert os.environ.get("ALGAN_RENDER_DEVICE") == "cpu"
import torch
from algan.rendering.raytracing.scene_builder import _split_promotable
from algan.mobs.surfaces.surface import surface_closed_axes, surface_weld_flags

class P: pass

def make_p(T):
    # Corner-uniform colour while static; corner GRADIENT (non-uniform) once
    # the "animation" starts at frame 3.
    colors = torch.full((T, 1, 3, 5), 0.5)
    for f in range(3, T):
        colors[f, :, 0, 0] = 0.5          # corner 0 stays
        colors[f, :, 1, 0] = 0.5 + 0.02 * f
        colors[f, :, 2, 0] = 0.5 + 0.04 * f
    extra = torch.zeros(T, 1, 15)
    p = P(); p._rt_tri_colors = colors; p._rt_tri_extra = extra
    return p

scene = {}; tex_off=[0]
def append_texture(tex, is_color=False):
    o=tex_off[0]; tex_off[0]+=1; return (o,1,1)

for T in (3, 6, 19):
    tex_off[0]=0; scene.clear()
    keep, promo, meta = _split_promotable(make_p(T), append_texture, torch.device("cpu"), scene)
    print(f"T={T}: kept={keep.numel()} promoted={promo.numel()}")

# --- weld / closed axes: seam gap grows past tol only later in the timeline ---
W,H = 12,6
gap_per_frame = 5e-5   # frames 0..2 stay under 1e-4; by frame ~10 it exceeds
grids=[]
for f in range(19):
    g = gap_per_frame * f
    col0 = torch.zeros(H,3); colN = torch.zeros(H,3); colN[:,0]=g
    grids.append(torch.stack([torch.lerp(col0,colN,w) for w in torch.linspace(0,1,W)],0))
grid_full = torch.stack(grids)
print("wrap_x full-19:", surface_weld_flags(grid_full)[0],
      " first-3:", surface_weld_flags(grid_full[:3])[0])
print("closed_u full:", surface_closed_axes(grid_full)[0],
      " first-3:", surface_closed_axes(grid_full[:3])[0])

# --- needs_endpoint: vertex count couples frames ---
from algan.rendering.raytracing.primitives import _bezier_connection_visibility
EOF
Rendering device set to cpu
[Taichi] version 1.7.4, llvm 15.0.4, commit b4b956fd, linux, python 3.13.15
[Taichi] Starting on arch=x64
T=3: kept=0 promoted=1
T=6: kept=1 promoted=0
T=19: kept=1 promoted=0
wrap_x full-19: False  first-3: False
closed_u full: False  first-3: False
[0m
[0m$ [0mALGAN_USE_DAEMON=0 ALGAN_RENDER_DEVICE=cpu uv run python - <<'EOF' 2>&1 | tail -8
import os
assert os.environ.get("ALGAN_RENDER_DEVICE") == "cpu"
import torch
from algan.mobs.surfaces.surface import surface_closed_axes, surface_weld_flags

W,H = 12,6
gap_per_frame = 2e-5   # frames 0..2 under the 1e-4 weld tolerance; later frames exceed it
grids=[]
for f in range(19):
    g = gap_per_frame * f
    col0 = torch.zeros(H,3); colN = torch.zeros(H,3); colN[:,0]=g
    grids.append(torch.stack([torch.lerp(col0,colN,w) for w in torch.linspace(0,1,W)],0))
grid_full = torch.stack(grids)
print("gaps frames 0..4:", [float(gap_per_frame*f) for f in range(5)])
print("wrap_x full-19:", surface_weld_flags(grid_full)[0],
      " first-3:", surface_weld_flags(grid_full[:3])[0])
print("closed_u full:", surface_closed_axes(grid_full)[0],
      " first-3:", surface_closed_axes(grid_full[:3])[0])
EOF
Rendering device set to cpu
[Taichi] version 1.7.4, llvm 15.0.4, commit b4b956fd, linux, python 3.13.15
[Taichi] Starting on arch=x64
gaps frames 0..4: [0.0, 2e-05, 4e-05, 6.000000000000001e-05, 8e-05]
wrap_x full-19: False  first-3: True
closed_u full: False  first-3: True
[0m
All probes pass. Updating the probe script to the final corrected versions, then writing the report:
[0m← [0mWrite scratch_perf/ox/probe_batchwide_audit.py
Wrote file successfully.
[0m
[0m$ [0mALGAN_USE_DAEMON=0 ALGAN_RENDER_DEVICE=cpu uv run python scratch_perf/ox/probe_batchwide_audit.py 2>&1 | tail -40
Rendering device set to cpu
[Taichi] version 1.7.4, llvm 15.0.4, commit b4b956fd, linux, python 3.13.15
[Taichi] Starting on arch=x64

=== Q1 bezier chord counts vs window ===
count over full 19-frame window: 128
per-3-frame-window counts: [16, 32, 64, 128]
monotone (every short-window count <= long-window count): True

=== Q3 _split_promotable vs window ===
T=3: kept=0 promoted=1
T=6: kept=1 promoted=0
T=19: kept=1 promoted=0

=== Q3 _dedup_time ===
varying table rows kept: 3 (expect 3)
constant table rows kept: 1 (expect 1)

=== Q4 segment_primitives_in_time vs window ===
19-frame window: 6 instances [(0, 15), (0, 15), (16, 17), (16, 17), (18, 18), (18, 18)]
same global motion, window [0,3): 4 instances [(0, 1), (0, 1), (2, 2), (2, 2)]
same global motion, window [8,11): 4 instances [(0, 1), (0, 1), (2, 2), (2, 2)]

=== Q5 weld flags / closed axes vs window ===
seam gaps frames 0..4: [0.0, 2e-05, 4e-05, 6e-05, 8e-05]
wrap_x  full-19: False  first-3: True
closed_u full-19: False  first-3: True

done.
[0m
Both corrected probes confirm. Writing the report:
[0m← [0mWrite scratch_perf/ox/REPORT_batchwide_audit.md
Wrote file successfully.
[0m
[0m# [0mTodos
[✓] Q1: Bezier chord subdivision batch-wide sample count
[✓] Q2: PN dicing levels per-frame vs batch reduction + budget axis
[✓] Q3: Merge _dedup_time / _split_promotable / _unify_time value effects
[✓] Q4: STBVH/refit structure vs frames + kernel tie sites
[✓] Q5: Surface normals/welds frame-axis reductions
[✓] Q6: Sweep all frame-axis reductions in algan/rendering + algan/mobs
[✓] Write REPORT_batchwide_audit.md
[0m
[0m$ [0mgit status --porcelain
M algan/render_loop.py
 M algan/rendering/raytracing/glossy_prefilter_taichi.py
 M algan/rendering/raytracing/tracer.py
?? algan_profile_report_nn_PREVIEW.txt
?? algan_profile_report_nn_UHD.txt
[0m
Audit complete. Report written to `scratch_perf/ox/REPORT_batchwide_audit.md`, with the CPU-only probe script alongside it (`scratch_perf/ox/probe_batchwide_audit.py`). Nothing rendered; no tracked file touched (the three `M` entries in `git status` are the other session's in-flight work, not mine).

Findings in brief:

- **Q1 CONFIRMED (b)** — `_compute_samples_per_segment` picks one chord count per segment from the max hull error over **all frames of the batch** (`primitives.py:3018-3021`, kernel atomic-max over frames `logical_pn_taichi.py:405`). Probe: 128 chords over a 19-frame window vs 16–64 per 3-frame window; monotone finer only.
- **Q2 REFUTED** — PN edge/patch levels are per-frame `[T,P,3]`; the `max_diced_triangles` budget's `.sum(1)` sums over **patches**, giving per-frame totals, deliberately frame-local so it can't pop at batch boundaries (`primitives.py:1308-1320, 1794, 1977`).
- **Q3 CONFIRMED (b)** — `_split_promotable`'s `.all(0)` asks corner-uniformity in *every frame of the window* (`scene_builder.py:566-576`): probe shows promotion at T=3, none at T≥6. Values match across paths but arithmetic isn't bit-identical (texel fetch vs barycentric interpolation) and promoted triangles reorder → tie landing shifts. `_dedup_time` fires window-dependently but is value-preserving; `_unify_time` is inert.
- **Q4 CONFIRMED** — STBVH segmentation pads to powers of two and emits dyadic instances of the batch; refit topology builds SAH on batch-union boxes. Pixel effects route through named sites: depth-tie bins broken by merged column index (`raytrace_kernels_taichi.py:976-991, 1140`), ±EPS traversal windows vs f16 boxes, and shadow-march seam de-dup (`:2940-2945`, `wavefront_kernels_taichi.py:2624`).
- **Q5 CONFIRMED (b, conditional)** — `surface_weld_flags`/`surface_closed_axes` reduce `.all()` including time (`surface.py:361-367, 394-399`), so weld topology (triangle count!) and texture wrap-padding are window decisions for grids whose closure varies.
- **Q6** — full sweep table classifies every hit; also flagged the OOM-retry window shrink as an intra-render pop source for all (b) items.
OX EXIT 0
