=== STEP graphics_preview_budget ===
==============================================================================
$ python benchmarks/performance/graphics_scene.py --quality PREVIEW --seconds 6 --kernel-profiler --tag graphics_PREVIEW_budget
  env ALGAN_VIDEO_ENCODER=software
[bench] graphics: quality PREVIEW (704x396 @ 10 fps), 6s = 60 frames, 2 run(s), tag graphics_PREVIEW_budget
[Quadrants] Starting on arch=cuda
[profiling] hooked 64 Taichi kernels (249 ti.funcs are inlined and not separately timed)

===== profiling run 1/2 (cold) =====
Encoding video with libx264
Began rendering /kaggle/working/algan/algan_outputs/profiling/profilinggraphics_PREVIEW_budget_run1.mp4
Preparing render kernels. If this is the first render on this machine (or after an update), compiling the GPU kernels can take several minutes. Compiled kernels are cached, so subsequent renders start immediately.
/usr/local/lib/python3.12/dist-packages/quadrants/_test_tools/warnings_helper.py:11: UserWarning: cannot create weak reference to 'quadrants._lib.core.quadrants_python.DataTypeCxx' object. Template mapper caching disabled.
  warnings.warn(message)
Rendering 11/110 frames (10%)
Rendering 22/110 frames (20%)
Rendering 33/110 frames (30%)
Rendering 44/110 frames (40%)
Rendering 55/110 frames (50%)
Rendering 66/110 frames (60%)
Rendering 77/110 frames (70%)
Rendering 88/110 frames (80%)
Rendering 99/110 frames (90%)
Rendering 110/110 frames (100%)
Finished rendering /kaggle/working/algan/algan_outputs/profiling/profilinggraphics_PREVIEW_budget_run1.mp4 in 123.5 s
[profile] graphics_PREVIEW_budget RUN 1: end-to-end 123.92s, render thread accounted 123.18s + unaccounted 0.74s, worker-thread prep overlapped 0.00s, peak alloc 6979 MB

------------------------------------------------------------------------------
RUN 1 (cold (includes Taichi JIT compile)): end-to-end 123.92s
------------------------------------------------------------------------------
incl is wall time, excl is time spent in function excluding sub-processes of another tracked stage; thread is which thread recorded it (worker = the scene-prefetch thread, overlapped with the render thread and outside its budget)
stage                                                calls  incl (s) incl (%)  excl (s)  excl (%)    launch      sync  thread
ray traced render total                                  7   111.548    90.0%     0.196     0.2%     0.000     0.000    main
wavefront_loop                                           7   110.735    89.4%     0.006     0.0%     0.000     0.000    main
raster: sparse resolve                                   6    84.808    68.4%     0.051     0.0%     0.000     0.000    main
kernel: sheet_resolve_shade_arena                       12    81.168    65.5%    81.168    65.5%    81.167     0.001    main
wavefront:   - bounce drain                              6    16.035    12.9%     0.013     0.0%     0.000     0.000    main
arena preflight (batch)                                  1    10.473     8.5%     0.062     0.1%     0.000     0.000    main
  - project_to_screen (prewarm)                          1     9.707     7.8%     0.099     0.1%     0.000     0.000    main
kernel: wavefront_shade_arena                           49     9.638     7.8%     9.638     7.8%     9.636     0.003    main
wavefront:   - bounce 0 shade                            6     9.513     7.7%     0.004     0.0%     0.000     0.000    main
logical PN: dice + shade + pack (project_to_screen)      4     9.438     7.6%     0.035     0.0%     0.000     0.000    main
logical PN:   - _dice_logical_pn                         4     9.403     7.6%     0.405     0.3%     0.000     0.000    main
raster: sparse discovery                                 7     8.170     6.6%     0.074     0.1%     0.000     0.000    main
kernel: raster_shadow_trace_arena                       55     4.845     3.9%     4.845     3.9%     4.841     0.004    main
logical PN:     - snap boundary                         78     4.538     3.7%     4.538     3.7%     0.000     0.000    main
wavefront:   - bounce 0 shadow events                    6     3.802     3.1%     0.080     0.1%     0.000     0.000    main
kernel: wavefront_shadow_events                         49     3.315     2.7%     3.315     2.7%     3.313     0.003    main
kernel: raster_tri_count                                12     3.117     2.5%     3.117     2.5%     3.116     0.001    main
kernel: raster_tri_write                                12     2.428     2.0%     2.428     2.0%     2.428     0.001    main
logical PN:     - evaluate normals                      39     1.927     1.6%     1.927     1.6%     0.000     0.000    main
raster:   - compact_sheets                               6     1.782     1.4%     0.276     0.2%     0.000     0.000    main
logical PN:     - evaluate patch                        39     1.247     1.0%     1.247     1.0%     0.000     0.000    main
kernel: wavefront_traverse_events_arena                 49     1.172     0.9%     1.172     0.9%     1.169     0.003    main
Scene._get_batch_of_primitives                           1     1.104     0.9%     0.604     0.5%     0.000     0.000    main
logical PN:     - subdivision levels                     4     1.004     0.8%     0.104     0.1%     0.000     0.000    main
wavefront:   - bounce 0 traverse                         6     0.921     0.7%     0.003     0.0%     0.000     0.000    main
wavefront:   - tile composite                            6     0.844     0.7%     0.056     0.0%     0.000     0.000    main
wavefront:   - raster tables (batch)                     1     0.805     0.6%     0.000     0.0%     0.000     0.000    main
raster:   - precompute tri projection                    1     0.800     0.6%     0.800     0.6%     0.000     0.000    main
merge collections + build BVHs                           1     0.703     0.6%     0.464     0.4%     0.000     0.000    main
logical PN:       - edge level search                    4     0.496     0.4%     0.042     0.0%     0.000     0.000    main
logical PN:         - edge chord error                  10     0.454     0.4%     0.002     0.0%     0.000     0.000    main
kernel: pn_edge_chord_error                             10     0.452     0.4%     0.452     0.4%     0.452     0.001    main
kernel: env_background_prefill                           7     0.429     0.3%     0.429     0.3%     0.428     0.001    main
raster:   - window pairs                                 7     0.416     0.3%     0.016     0.0%     0.000     0.000    main
wavefront:   - bounce 1 shadow events                    6     0.399     0.3%     0.041     0.0%     0.000     0.000    main
logical PN:       - patch level search                   4     0.388     0.3%     0.017     0.0%     0.000     0.000    main
logical PN:         - patch flatness error              43     0.387     0.3%     0.009     0.0%     0.000     0.000    main
kernel: pn_patch_flatness_error                         43     0.378     0.3%     0.378     0.3%     0.376     0.002    main
kernel: gloss_composite                                109     0.330     0.3%     0.330     0.3%     0.327     0.003    main
kernel: key_run_order                                   12     0.314     0.3%     0.314     0.3%     0.314     0.001    main
logical PN:     - interpolate attrs                    686     0.281     0.2%     0.281     0.2%     0.000     0.000    main
  - refit-BVH build (in merge)                           2     0.240     0.2%     0.240     0.2%     0.000     0.000    main
wavefront:   - bounce 0 ray sort                         6     0.235     0.2%     0.016     0.0%     0.000     0.000    main
AttributeTimeline.get                                 4148     0.230     0.2%     0.230     0.2%     0.000     0.000    main
kernel: wavefront_ray_sort_keys                         48     0.228     0.2%     0.228     0.2%     0.226     0.002    main
wavefront:   - bounce 2 shadow events                    6     0.207     0.2%     0.025     0.0%     0.000     0.000    main
kernel: pair_expand_write                               12     0.206     0.2%     0.206     0.2%     0.205     0.001    main
kernel: gloss_pyramid_level                            981     0.198     0.2%     0.198     0.2%     0.171     0.027    main
kernel: pair_expand_count                               12     0.193     0.2%     0.193     0.2%     0.193     0.001    main
post-process (downsample/FXAA/glow)                      7     0.178     0.1%     0.009     0.0%     0.000     0.000    main
kernel: pixel_group_order                                6     0.177     0.1%     0.177     0.1%     0.177     0.000    main
kernel: sheet_depth_lose                                 6     0.177     0.1%     0.177     0.1%     0.177     0.000    main
triangles: shade + pack (project_to_screen)              3     0.170     0.1%     0.170     0.1%     0.000     0.000    main
wavefront:   - bounce 3 shadow events                    6     0.158     0.1%     0.016     0.0%     0.000     0.000    main
AnimationTimeline.set_state_to_times                     1     0.156     0.1%     0.047     0.0%     0.000     0.000    main
raster:     - sheets band reduce                        18     0.144     0.1%     0.008     0.0%     0.000     0.000    main
kernel: gloss_scatter                                  109     0.144     0.1%     0.144     0.1%     0.140     0.004    main
post:   - tonemap/finalize                               7     0.141     0.1%     0.141     0.1%     0.000     0.000    main
kernel: sheet_band_reduce                               18     0.135     0.1%     0.135     0.1%     0.134     0.001    main
raster:     - sheets band composite                      6     0.134     0.1%     0.007     0.0%     0.000     0.000    main
wavefront:   - compact active                           55     0.132     0.1%     0.008     0.0%     0.000     0.000    main
kernel: compact_ray_slots                               55     0.124     0.1%     0.124     0.1%     0.121     0.003    main
kernel: solid_shell_ceiling                              6     0.122     0.1%     0.122     0.1%     0.122     0.000    main
surfaces: get_render_primitives_batched                  8     0.119     0.1%     0.113     0.1%     0.000     0.000    main
kernel: wf_composite_accum_sparse                      109     0.117     0.1%     0.117     0.1%     0.113     0.004    main
wavefront:   - bounce 1 traverse                         6     0.101     0.1%     0.002     0.0%     0.000     0.000    main
raster:   - fragment sort                                6     0.095     0.1%     0.095     0.1%     0.000     0.000    main
wavefront:   - bounce 4 shadow events                    6     0.092     0.1%     0.011     0.0%     0.000     0.000    main
raster:     - sheets conflict rank                       6     0.091     0.1%     0.001     0.0%     0.000     0.000    main
kernel: sheet_conflict_rank                              6     0.091     0.1%     0.091     0.1%     0.090     0.000    main
kernel: opaque_prefix_keep                               6     0.088     0.1%     0.088     0.1%     0.088     0.000    main
AttributeTimeline.rematerialize_state_at_times          26     0.088     0.1%     0.088     0.1%     0.000     0.000    main
kernel: one_mesh_pixel_reduce                            6     0.086     0.1%     0.086     0.1%     0.086     0.000    main
kernel: rank_groups                                      6     0.084     0.1%     0.084     0.1%     0.083     0.000    main
kernel: band_stats_reduce                                6     0.073     0.1%     0.073     0.1%     0.073     0.000    main
kernel: sheet_lane_first_owner                           6     0.071     0.1%     0.071     0.1%     0.070     0.000    main
kernel: one_mesh_pixel_apply                             6     0.069     0.1%     0.069     0.1%     0.068     0.000    main
wavefront:   - tile state alloc                          6     0.062     0.1%     0.062     0.1%     0.000     0.000    main
kernel: band_stats_rep_orig                              6     0.060     0.0%     0.060     0.0%     0.060     0.000    main
kernel: mask_popcount                                   12     0.060     0.0%     0.060     0.0%     0.059     0.001    main
kernel: sheet_lane_depths                                6     0.059     0.0%     0.059     0.0%     0.059     0.000    main
wavefront:   - bounce 2 traverse                         6     0.056     0.0%     0.001     0.0%     0.000     0.000    main
wavefront:   - bounce 1 shade                            6     0.053     0.0%     0.002     0.0%     0.000     0.000    main
wavefront:   - bounce 5 shadow events                    6     0.047     0.0%     0.009     0.0%     0.000     0.000    main
wavefront:   - bounce 3 traverse                         6     0.041     0.0%     0.001     0.0%     0.000     0.000    main
wavefront:   - bounce 6 shadow events                    6     0.035     0.0%     0.008     0.0%     0.000     0.000    main
raster:     - sheets sibling weights                     6     0.034     0.0%     0.033     0.0%     0.000     0.000    main
wavefront:   - bounce 2 shade                            6     0.032     0.0%     0.002     0.0%     0.000     0.000    main
wavefront:   - bounce 7 shadow events                    6     0.028     0.0%     0.008     0.0%     0.000     0.000    main
post:   - device->host copy                              7     0.028     0.0%     0.028     0.0%     0.000     0.000    main
wavefront:   - bounce 4 traverse                         6     0.026     0.0%     0.001     0.0%     0.000     0.000    main
memory reclaim (gc + cuda cache)                        10     0.024     0.0%     0.024     0.0%     0.000     0.000    main
wavefront:   - bounce 3 shade                            6     0.022     0.0%     0.002     0.0%     0.000     0.000    main
raster:     - sheets prim split                          6     0.019     0.0%     0.019     0.0%     0.000     0.000    main
wavefront:   - bounce 5 traverse                         6     0.016     0.0%     0.001     0.0%     0.000     0.000    main
scene upload to arena                                    1     0.016     0.0%     0.016     0.0%     0.000     0.000    main
raster:   - fragment gather                              6     0.015     0.0%     0.015     0.0%     0.000     0.000    main
Surface.get_render_primitives                            1     0.015     0.0%     0.015     0.0%     0.000     0.000    main
wavefront:   - bounce 4 shade                            6     0.015     0.0%     0.003     0.0%     0.000     0.000    main
raster:     - sheets shade class                         6     0.014     0.0%     0.014     0.0%     0.000     0.000    main
wavefront:   - bounce 6 traverse                         6     0.012     0.0%     0.001     0.0%     0.000     0.000    main
video encode tail (ffmpeg drain)                         1     0.011     0.0%     0.011     0.0%     0.000     0.000    main
wavefront:   - bounce 1 ray sort                         6     0.010     0.0%     0.008     0.0%     0.000     0.000    main
wavefront:   - bounce 7 traverse                         6     0.010     0.0%     0.001     0.0%     0.000     0.000    main
AttributeTimeline.modify                                31     0.010     0.0%     0.010     0.0%     0.000     0.000    main
background prefill                                       7     0.009     0.0%     0.009     0.0%     0.000     0.000    main
wavefront:   - bounce 5 shade                            6     0.009     0.0%     0.002     0.0%     0.000     0.000    main
wavefront:   - bounce 2 ray sort                         6     0.007     0.0%     0.005     0.0%     0.000     0.000    main
wavefront:   - bounce 6 shade                            6     0.007     0.0%     0.002     0.0%     0.000     0.000    main
wavefront:   - bounce 7 shade                            6     0.007     0.0%     0.002     0.0%     0.000     0.000    main
raster:   - precompute tri bounds                        1     0.005     0.0%     0.005     0.0%     0.000     0.000    main
wavefront:   - bounce 3 ray sort                         6     0.005     0.0%     0.004     0.0%     0.000     0.000    main
wavefront:   - drain scratch                            49     0.005     0.0%     0.005     0.0%     0.000     0.000    main
wavefront:   - bounce 4 ray sort                         6     0.004     0.0%     0.003     0.0%     0.000     0.000    main
wavefront:   - sparse setup                              7     0.003     0.0%     0.003     0.0%     0.000     0.000    main
wavefront:   - bounce 7 ray sort                         6     0.003     0.0%     0.002     0.0%     0.000     0.000    main
wavefront:   - bounce 6 ray sort                         6     0.003     0.0%     0.002     0.0%     0.000     0.000    main
wavefront:   - bounce 5 ray sort                         6     0.003     0.0%     0.002     0.0%     0.000     0.000    main
wavefront:   - bounce 8+ shadow events                   1     0.002     0.0%     0.001     0.0%     0.000     0.000    main
AttributeTimeline.add                                   16     0.001     0.0%     0.001     0.0%     0.000     0.000    main
wavefront:   - drain active count                       49     0.001     0.0%     0.001     0.0%     0.000     0.000    main
wavefront:   - bounce 8+ traverse                        1     0.001     0.0%     0.000     0.0%     0.000     0.000    main
wavefront:   - bounce 8+ shade                           1     0.001     0.0%     0.000     0.0%     0.000     0.000    main
wavefront:   - pool overflow poll                        6     0.001     0.0%     0.001     0.0%     0.000     0.000    main
wavefront:   - alloc readback                            6     0.000     0.0%     0.000     0.0%     0.000     0.000    main
free-VRAM probe (empty_cache)                            1     0.000     0.0%     0.000     0.0%     0.000     0.000    main
(unaccounted on the render thread: video encode, scene mgmt, ...)           0.737     0.6%

Wavefront bounce iterations (sheet route; wall time incl. launch + sync):
   bounce  calls     rays in  traverse s   shade s continuations
        0      6    10236882       0.921     9.513       4512363
        1      6     4512363       0.101     0.053       2875007
        2      6     2875007       0.056     0.032       1644834
        3      6     1644834       0.041     0.022        937540
        4      6      937540       0.026     0.015        370641
        5      6      370641       0.016     0.009        221602
        6      6      221602       0.012     0.007        151293
        7      6      151293       0.010     0.007             7
       8+      1           7       0.001     0.001             -
    total                          1.184     9.659              
  first iteration holds 98.5% of all wavefront_shade time; bounce-loop kernels total 10.843s

Taichi kernel GPU time (profiler; launch overhead excluded; 'recs' = serial + range-for sub-kernels):
  kernel                                    recs   total ms   % run    avg ms    max ms
  raster_shadow_trace_arena                  110   2276.577    1.8%   20.6962  223.1972
  wavefront_traverse_events_arena             98    394.554    0.3%    4.0261   39.5141
  wavefront_shade_arena                       98    196.548    0.2%    2.0056   16.5457
  sheet_resolve_shade_arena                   24    165.777    0.1%    6.9074   27.6070
  wavefront_shadow_events                     98     65.725    0.1%    0.6707    7.6107
  compact_ray_slots                          110     58.804    0.0%    0.5346    1.5180
  raster_tri_write                            24     57.827    0.0%    2.4094   11.9091
  raster_tri_count                            24     38.731    0.0%    1.6138    5.9617
  gloss_scatter                              218     33.579    0.0%    0.1540    0.3339
  solid_shell_ceiling                         12     28.324    0.0%    2.3604    6.3085
  gloss_pyramid_level                       1962     17.182    0.0%    0.0088    0.1316
  band_stats_reduce                           12     12.166    0.0%    1.0138    2.7778
  sheet_band_reduce                           36      8.476    0.0%    0.2354    0.6380
  pixel_group_order                           12      7.994    0.0%    0.6662    1.7440
  sheet_depth_lose                            12      6.757    0.0%    0.5631    1.4351
  sheet_lane_first_owner                      12      6.578    0.0%    0.5482    1.4048
  gloss_composite                            218      6.411    0.0%    0.0294    0.0648
  key_run_order                               24      6.193    0.0%    0.2580    0.8827
  wavefront_ray_sort_keys                     96      5.681    0.0%    0.0592    0.4796
  pn_patch_flatness_error                     86      5.260    0.0%    0.0612    0.9181
  wf_composite_accum_sparse                  218      5.206    0.0%    0.0239    0.0860
  one_mesh_pixel_reduce                       12      5.090    0.0%    0.4242    1.1696
  env_background_prefill                      14      4.885    0.0%    0.3489    1.0187
  sheet_lane_depths                           12      4.843    0.0%    0.4036    1.0672
  pair_expand_write                           24      3.504    0.0%    0.1460    0.5667
  rank_groups                                 12      3.389    0.0%    0.2824    0.7838
  tonemap_to_u8                               14      3.131    0.0%    0.2237    0.6863
  band_stats_rep_orig                         12      2.908    0.0%    0.2423    0.6542
  sheet_conflict_rank                         12      2.558    0.0%    0.2132    0.5782
  one_mesh_pixel_apply                        12      2.251    0.0%    0.1876    0.4881
  pn_edge_chord_error                         20      1.280    0.0%    0.0640    0.3264
  opaque_prefix_keep                          12      1.178    0.0%    0.0982    0.2544
  mask_popcount                               24      1.106    0.0%    0.0461    0.1117
  pair_expand_count                           24      1.027    0.0%    0.0428    0.1352

GPU telemetry over render (1478 samples @ ~10 Hz, min/avg/max):
  utilization  0/2/99 %   mem-util 0/1/68 %
  SM clock     300/466/1575 MHz   mem clock 405/2702/5000 MHz
  temperature  33/51/71 C   power 9/21/76 W
  ** THROTTLING observed: SwPowerCap (run-to-run timing is unreliable) **

GPU memory: peak allocated 6979 MB, peak reserved 7438 MB
  batch 0: merged tensors 297.5 MB, BVHs 68.7 MB (cuda after merge 6331 MB)
    counts: num_colored_triangles=1429, num_triangles=9204, num_circuits=0, num_frames=110
    bez_bvh: 0 instances, 1 nodes, 0 leaves, 0.0 MB
    bez_opaque_bvh: 0 instances, 1 nodes, 0 leaves, 0.0 MB
    tri_bvh: 0 instances, 5114 nodes, 0 leaves, 34.3 MB
    tri_opaque_bvh: 0 instances, 5114 nodes, 0 leaves, 34.3 MB
    tri_mat: (110, 9204, 39) = 150.6 MB
    tri_pos: (110, 9204, 9) = 34.8 MB
    tri_norm: (110, 9204, 9) = 34.8 MB
    tri_colors: (110, 3987, 3, 5) = 25.1 MB
    tri_extra: (110, 3987, 15) = 25.1 MB
    tri_uvs: (110, 7775, 6) = 19.6 MB
  cProfile dump: disabled (set ALGAN_PROFILE_CPROFILE=1)

===== profiling run 2/2 (warm) =====
Encoding video with libx264
Began rendering /kaggle/working/algan/algan_outputs/profiling/profilinggraphics_PREVIEW_budget_run2.mp4
Rendering 11/110 frames (10%)
Rendering 22/110 frames (20%)
Rendering 33/110 frames (30%)
Rendering 44/110 frames (40%)
Rendering 55/110 frames (50%)
Rendering 66/110 frames (60%)
Rendering 77/110 frames (70%)
Rendering 88/110 frames (80%)
Rendering 99/110 frames (90%)
Rendering 110/110 frames (100%)
Finished rendering /kaggle/working/algan/algan_outputs/profiling/profilinggraphics_PREVIEW_budget_run2.mp4 in 7.4 s
[profile] graphics_PREVIEW_budget RUN 2: end-to-end 7.43s, render thread accounted 6.99s + unaccounted 0.44s, worker-thread prep overlapped 0.00s, peak alloc 6949 MB

------------------------------------------------------------------------------
RUN 2 (warm (steady state)): end-to-end 7.43s
------------------------------------------------------------------------------
incl is wall time, excl is time spent in function excluding sub-processes of another tracked stage; thread is which thread recorded it (worker = the scene-prefetch thread, overlapped with the render thread and outside its budget)
stage                                                calls  incl (s) incl (%)  excl (s)  excl (%)    launch      sync  thread
ray traced render total                                  7     4.711    63.4%     0.184     2.5%     0.000     0.000    main
wavefront_loop                                           7     4.476    60.2%     0.005     0.1%     0.000     0.000    main
wavefront:   - bounce drain                              6     2.194    29.5%     0.013     0.2%     0.000     0.000    main
kernel: raster_shadow_trace_arena                       55     2.116    28.5%     2.116    28.5%     2.112     0.004    main
raster: sparse resolve                                   6     1.174    15.8%     0.057     0.8%     0.000     0.000    main
Scene._get_batch_of_primitives                           1     1.165    15.7%     0.674     9.1%     0.000     0.000    main
arena preflight (batch)                                  1     1.071    14.4%     0.064     0.9%     0.000     0.000    main
raster: sparse discovery                                 7     0.779    10.5%     0.071     1.0%     0.000     0.000    main
  - project_to_screen (prewarm)                          1     0.641     8.6%     0.040     0.5%     0.000     0.000    main
logical PN: dice + shade + pack (project_to_screen)      4     0.588     7.9%     0.044     0.6%     0.000     0.000    main
logical PN:   - _dice_logical_pn                         4     0.544     7.3%     0.292     3.9%     0.000     0.000    main
wavefront:   - bounce 0 shadow events                    6     0.530     7.1%     0.072     1.0%     0.000     0.000    main
raster:   - compact_sheets                               6     0.459     6.2%     0.271     3.6%     0.000     0.000    main
kernel: wavefront_traverse_events_arena                 49     0.383     5.2%     0.383     5.2%     0.381     0.003    main
merge collections + build BVHs                           1     0.367     4.9%     0.176     2.4%     0.000     0.000    main
wavefront:   - bounce 1 shadow events                    6     0.366     4.9%     0.041     0.5%     0.000     0.000    main
AttributeTimeline.get                                 4148     0.255     3.4%     0.255     3.4%     0.000     0.000    main
wavefront:   - tile composite                            6     0.250     3.4%     0.056     0.8%     0.000     0.000    main
kernel: wavefront_shade_arena                           49     0.195     2.6%     0.195     2.6%     0.193     0.003    main
  - refit-BVH build (in merge)                           2     0.191     2.6%     0.191     2.6%     0.000     0.000    main
wavefront:   - bounce 2 shadow events                    6     0.190     2.6%     0.024     0.3%     0.000     0.000    main
kernel: sheet_resolve_shade_arena                       12     0.159     2.1%     0.159     2.1%     0.159     0.001    main
logical PN:     - interpolate attrs                    686     0.150     2.0%     0.150     2.0%     0.000     0.000    main
wavefront:   - bounce 0 traverse                         6     0.149     2.0%     0.002     0.0%     0.000     0.000    main
wavefront:   - bounce 3 shadow events                    6     0.147     2.0%     0.015     0.2%     0.000     0.000    main
AnimationTimeline.set_state_to_times                     1     0.131     1.8%     0.038     0.5%     0.000     0.000    main
kernel: gloss_pyramid_level                            981     0.107     1.4%     0.107     1.4%     0.080     0.027    main
surfaces: get_render_primitives_batched                  8     0.105     1.4%     0.099     1.3%     0.000     0.000    main
raster:   - fragment sort                                6     0.093     1.3%     0.093     1.3%     0.000     0.000    main
wavefront:   - bounce 1 traverse                         6     0.093     1.3%     0.001     0.0%     0.000     0.000    main
wavefront:   - bounce 4 shadow events                    6     0.089     1.2%     0.011     0.2%     0.000     0.000    main
kernel: wavefront_shadow_events                         49     0.089     1.2%     0.089     1.2%     0.086     0.003    main
wavefront:   - bounce 0 shade                            6     0.077     1.0%     0.004     0.1%     0.000     0.000    main
wavefront:   - compact active                           55     0.075     1.0%     0.008     0.1%     0.000     0.000    main
AttributeTimeline.rematerialize_state_at_times          26     0.070     0.9%     0.070     0.9%     0.000     0.000    main
kernel: compact_ray_slots                               55     0.068     0.9%     0.068     0.9%     0.065     0.002    main
kernel: raster_tri_write                                12     0.065     0.9%     0.065     0.9%     0.064     0.001    main
wavefront:   - tile state alloc                          6     0.062     0.8%     0.062     0.8%     0.000     0.000    main
logical PN:     - subdivision levels                     4     0.054     0.7%     0.016     0.2%     0.000     0.000    main
wavefront:   - bounce 2 traverse                         6     0.052     0.7%     0.002     0.0%     0.000     0.000    main
kernel: gloss_scatter                                  109     0.049     0.7%     0.049     0.7%     0.045     0.004    main
wavefront:   - bounce 1 shade                            6     0.049     0.7%     0.002     0.0%     0.000     0.000    main
wavefront:   - bounce 5 shadow events                    6     0.048     0.6%     0.009     0.1%     0.000     0.000    main
kernel: raster_tri_count                                12     0.042     0.6%     0.042     0.6%     0.041     0.001    main
wavefront:   - bounce 3 traverse                         6     0.038     0.5%     0.001     0.0%     0.000     0.000    main
wavefront:   - bounce 6 shadow events                    6     0.035     0.5%     0.009     0.1%     0.000     0.000    main
post-process (downsample/FXAA/glow)                      7     0.035     0.5%     0.008     0.1%     0.000     0.000    main
raster:     - sheets sibling weights                     6     0.034     0.5%     0.032     0.4%     0.000     0.000    main
wavefront:   - bounce 2 shade                            6     0.030     0.4%     0.002     0.0%     0.000     0.000    main
kernel: solid_shell_ceiling                              6     0.029     0.4%     0.029     0.4%     0.028     0.000    main
wavefront:   - bounce 7 shadow events                    6     0.028     0.4%     0.008     0.1%     0.000     0.000    main
logical PN:     - snap boundary                         78     0.027     0.4%     0.027     0.4%     0.000     0.000    main
wavefront:   - bounce 4 traverse                         6     0.024     0.3%     0.001     0.0%     0.000     0.000    main
raster:   - window pairs                                 7     0.022     0.3%     0.013     0.2%     0.000     0.000    main
post:   - device->host copy                              7     0.022     0.3%     0.022     0.3%     0.000     0.000    main
wavefront:   - bounce 3 shade                            6     0.021     0.3%     0.002     0.0%     0.000     0.000    main
Surface.get_render_primitives                            1     0.021     0.3%     0.020     0.3%     0.000     0.000    main
raster:     - sheets band reduce                        18     0.020     0.3%     0.008     0.1%     0.000     0.000    main
logical PN:         - patch flatness error              43     0.020     0.3%     0.009     0.1%     0.000     0.000    main
raster:     - sheets prim split                          6     0.019     0.3%     0.019     0.3%     0.000     0.000    main
kernel: gloss_composite                                109     0.019     0.3%     0.019     0.3%     0.015     0.003    main
kernel: wf_composite_accum_sparse                      109     0.019     0.3%     0.019     0.3%     0.015     0.003    main
wavefront:   - bounce 0 ray sort                         6     0.018     0.2%     0.015     0.2%     0.000     0.000    main
wavefront:   - bounce 5 traverse                         6     0.016     0.2%     0.001     0.0%     0.000     0.000    main
video encode tail (ffmpeg drain)                         1     0.015     0.2%     0.015     0.2%     0.000     0.000    main
raster:     - sheets band composite                      6     0.015     0.2%     0.007     0.1%     0.000     0.000    main
raster:   - fragment gather                              6     0.015     0.2%     0.015     0.2%     0.000     0.000    main
scene upload to arena                                    1     0.015     0.2%     0.015     0.2%     0.000     0.000    main
logical PN:       - patch level search                   4     0.014     0.2%     0.008     0.1%     0.000     0.000    main
wavefront:   - bounce 4 shade                            6     0.014     0.2%     0.002     0.0%     0.000     0.000    main
raster:     - sheets shade class                         6     0.014     0.2%     0.014     0.2%     0.000     0.000    main
kernel: band_stats_reduce                                6     0.013     0.2%     0.013     0.2%     0.013     0.000    main
kernel: wavefront_ray_sort_keys                         48     0.013     0.2%     0.013     0.2%     0.011     0.002    main
triangles: shade + pack (project_to_screen)              3     0.013     0.2%     0.013     0.2%     0.000     0.000    main
wavefront:   - bounce 6 traverse                         6     0.012     0.2%     0.001     0.0%     0.000     0.000    main
logical PN:     - evaluate normals                      39     0.012     0.2%     0.012     0.2%     0.000     0.000    main
kernel: sheet_band_reduce                               18     0.012     0.2%     0.012     0.2%     0.011     0.001    main
AttributeTimeline.modify                                31     0.012     0.2%     0.012     0.2%     0.000     0.000    main
kernel: pn_patch_flatness_error                         43     0.011     0.2%     0.011     0.2%     0.010     0.002    main
logical PN:       - edge level search                    4     0.010     0.1%     0.006     0.1%     0.000     0.000    main
wavefront:   - bounce 1 ray sort                         6     0.010     0.1%     0.007     0.1%     0.000     0.000    main
wavefront:   - bounce 7 traverse                         6     0.010     0.1%     0.001     0.0%     0.000     0.000    main
kernel: pixel_group_order                                6     0.009     0.1%     0.009     0.1%     0.009     0.000    main
memory reclaim (gc + cuda cache)                        10     0.009     0.1%     0.009     0.1%     0.000     0.000    main
wavefront:   - bounce 5 shade                            6     0.009     0.1%     0.002     0.0%     0.000     0.000    main
kernel: key_run_order                                   12     0.009     0.1%     0.009     0.1%     0.008     0.001    main
logical PN:     - evaluate patch                        39     0.008     0.1%     0.008     0.1%     0.000     0.000    main
background prefill                                       7     0.008     0.1%     0.008     0.1%     0.000     0.000    main
wavefront:   - raster tables (batch)                     1     0.008     0.1%     0.000     0.0%     0.000     0.000    main
kernel: sheet_depth_lose                                 6     0.008     0.1%     0.008     0.1%     0.007     0.000    main
kernel: env_background_prefill                           7     0.007     0.1%     0.007     0.1%     0.007     0.000    main
wavefront:   - bounce 6 shade                            6     0.007     0.1%     0.002     0.0%     0.000     0.000    main
wavefront:   - bounce 2 ray sort                         6     0.007     0.1%     0.005     0.1%     0.000     0.000    main
kernel: sheet_lane_first_owner                           6     0.007     0.1%     0.007     0.1%     0.007     0.000    main
wavefront:   - bounce 7 shade                            6     0.007     0.1%     0.002     0.0%     0.000     0.000    main
kernel: one_mesh_pixel_reduce                            6     0.007     0.1%     0.007     0.1%     0.006     0.000    main
kernel: pair_expand_write                               12     0.006     0.1%     0.006     0.1%     0.005     0.001    main
kernel: sheet_lane_depths                                6     0.006     0.1%     0.006     0.1%     0.005     0.000    main
wavefront:   - bounce 3 ray sort                         6     0.005     0.1%     0.003     0.0%     0.000     0.000    main
raster:   - precompute tri bounds                        1     0.005     0.1%     0.005     0.1%     0.000     0.000    main
post:   - tonemap/finalize                               7     0.005     0.1%     0.005     0.1%     0.000     0.000    main
wavefront:   - drain scratch                            49     0.005     0.1%     0.005     0.1%     0.000     0.000    main
kernel: rank_groups                                      6     0.004     0.1%     0.004     0.1%     0.004     0.000    main
logical PN:         - edge chord error                  10     0.004     0.1%     0.001     0.0%     0.000     0.000    main
raster:     - sheets conflict rank                       6     0.004     0.1%     0.001     0.0%     0.000     0.000    main
wavefront:   - bounce 4 ray sort                         6     0.004     0.1%     0.003     0.0%     0.000     0.000    main
kernel: pair_expand_count                               12     0.004     0.1%     0.004     0.1%     0.003     0.001    main
kernel: band_stats_rep_orig                              6     0.004     0.0%     0.004     0.0%     0.004     0.000    main
kernel: sheet_conflict_rank                              6     0.003     0.0%     0.003     0.0%     0.003     0.000    main
kernel: one_mesh_pixel_apply                             6     0.003     0.0%     0.003     0.0%     0.003     0.000    main
wavefront:   - bounce 5 ray sort                         6     0.003     0.0%     0.002     0.0%     0.000     0.000    main
wavefront:   - bounce 6 ray sort                         6     0.003     0.0%     0.002     0.0%     0.000     0.000    main
raster:   - precompute tri projection                    1     0.003     0.0%     0.003     0.0%     0.000     0.000    main
wavefront:   - sparse setup                              7     0.003     0.0%     0.003     0.0%     0.000     0.000    main
kernel: pn_edge_chord_error                             10     0.003     0.0%     0.003     0.0%     0.003     0.000    main
wavefront:   - bounce 7 ray sort                         6     0.003     0.0%     0.002     0.0%     0.000     0.000    main
kernel: mask_popcount                                   12     0.003     0.0%     0.003     0.0%     0.002     0.000    main
wavefront:   - bounce 8+ shadow events                   1     0.002     0.0%     0.001     0.0%     0.000     0.000    main
kernel: opaque_prefix_keep                               6     0.002     0.0%     0.002     0.0%     0.002     0.000    main
AttributeTimeline.add                                   16     0.001     0.0%     0.001     0.0%     0.000     0.000    main
wavefront:   - drain active count                       49     0.001     0.0%     0.001     0.0%     0.000     0.000    main
wavefront:   - bounce 8+ traverse                        1     0.001     0.0%     0.000     0.0%     0.000     0.000    main
wavefront:   - bounce 8+ shade                           1     0.001     0.0%     0.000     0.0%     0.000     0.000    main
wavefront:   - pool overflow poll                        6     0.000     0.0%     0.000     0.0%     0.000     0.000    main
wavefront:   - alloc readback                            6     0.000     0.0%     0.000     0.0%     0.000     0.000    main
free-VRAM probe (empty_cache)                            1     0.000     0.0%     0.000     0.0%     0.000     0.000    main
(unaccounted on the render thread: video encode, scene mgmt, ...)           0.440     5.9%

Wavefront bounce iterations (sheet route; wall time incl. launch + sync):
   bounce  calls     rays in  traverse s   shade s continuations
        0      6    10236882       0.149     0.077       4512363
        1      6     4512363       0.093     0.049       2875007
        2      6     2875007       0.052     0.030       1644834
        3      6     1644834       0.038     0.021        937540
        4      6      937540       0.024     0.014        370641
        5      6      370641       0.016     0.009        221602
        6      6      221602       0.012     0.007        151293
        7      6      151293       0.010     0.007             7
       8+      1           7       0.001     0.001             -
    total                          0.396     0.215              
  first iteration holds 35.8% of all wavefront_shade time; bounce-loop kernels total 0.610s

Taichi kernel GPU time (profiler; launch overhead excluded; 'recs' = serial + range-for sub-kernels):
  kernel                                    recs   total ms   % run    avg ms    max ms
  raster_shadow_trace_arena                  110   2099.892   28.3%   19.0899  224.4579
  wavefront_traverse_events_arena             98    370.960    5.0%    3.7853   38.6491
  wavefront_shade_arena                       98    183.300    2.5%    1.8704   16.7793
  sheet_resolve_shade_arena                   24    156.204    2.1%    6.5085   27.8996
  wavefront_shadow_events                     98     65.394    0.9%    0.6673    7.5619
  compact_ray_slots                          110     58.784    0.8%    0.5344    1.5116
  raster_tri_write                            24     58.275    0.8%    2.4281   12.0582
  raster_tri_count                            24     34.952    0.5%    1.4563    5.6282
  gloss_scatter                              218     33.543    0.5%    0.1539    0.3174
  solid_shell_ceiling                         12     26.706    0.4%    2.2255    6.3549
  gloss_pyramid_level                       1962     17.654    0.2%    0.0090    0.0534
  band_stats_reduce                           12     11.989    0.2%    0.9990    2.7890
  sheet_band_reduce                           36      8.436    0.1%    0.2343    0.6396
  pixel_group_order                           12      7.927    0.1%    0.6606    1.8914
  gloss_composite                            218      6.409    0.1%    0.0294    0.0635
  sheet_depth_lose                            12      6.270    0.1%    0.5225    1.4539
  sheet_lane_first_owner                      12      6.139    0.1%    0.5116    1.4131
  key_run_order                               24      5.988    0.1%    0.2495    0.8908
  wavefront_ray_sort_keys                     96      5.650    0.1%    0.0589    0.4756
  wf_composite_accum_sparse                  218      5.212    0.1%    0.0239    0.0566
  one_mesh_pixel_reduce                       12      5.032    0.1%    0.4193    1.2022
  sheet_lane_depths                           12      4.714    0.1%    0.3928    1.0684
  env_background_prefill                      14      4.568    0.1%    0.3263    1.0281
  rank_groups                                 12      3.423    0.0%    0.2853    0.7598
  pn_patch_flatness_error                     86      3.328    0.0%    0.0387    0.5489
  tonemap_to_u8                               14      3.083    0.0%    0.2202    0.6897
  pair_expand_write                           24      2.943    0.0%    0.1226    0.4799
  band_stats_rep_orig                         12      2.889    0.0%    0.2407    0.6570
  sheet_conflict_rank                         12      2.469    0.0%    0.2057    0.5755
  one_mesh_pixel_apply                        12      2.147    0.0%    0.1789    0.4874
  opaque_prefix_keep                          12      1.151    0.0%    0.0959    0.2538
  mask_popcount                               24      1.111    0.0%    0.0463    0.1120
  pair_expand_count                           24      0.888    0.0%    0.0370    0.1065
  pn_edge_chord_error                         20      0.811    0.0%    0.0406    0.1918

GPU telemetry over render (94 samples @ ~10 Hz, min/avg/max):
  utilization  0/30/100 %   mem-util 0/10/78 %
  SM clock     300/788/1575 MHz   mem clock 405/2702/5000 MHz
  temperature  36/53/73 C   power 9/33/79 W
  ** THROTTLING observed: SwPowerCap (run-to-run timing is unreliable) **

GPU memory: peak allocated 6949 MB, peak reserved 7406 MB
  batch 0: merged tensors 297.5 MB, BVHs 68.7 MB (cuda after merge 6301 MB)
    counts: num_colored_triangles=1429, num_triangles=9204, num_circuits=0, num_frames=110
    bez_bvh: 0 instances, 1 nodes, 0 leaves, 0.0 MB
    bez_opaque_bvh: 0 instances, 1 nodes, 0 leaves, 0.0 MB
    tri_bvh: 0 instances, 5114 nodes, 0 leaves, 34.3 MB
    tri_opaque_bvh: 0 instances, 5114 nodes, 0 leaves, 34.3 MB
    tri_mat: (110, 9204, 39) = 150.6 MB
    tri_pos: (110, 9204, 9) = 34.8 MB
    tri_norm: (110, 9204, 9) = 34.8 MB
    tri_colors: (110, 3987, 3, 5) = 25.1 MB
    tri_extra: (110, 3987, 15) = 25.1 MB
    tri_uvs: (110, 7775, 6) = 19.6 MB
  cProfile dump: disabled (set ALGAN_PROFILE_CPROFILE=1)

==============================================================================
Algan ray-tracing scene profile
==============================================================================
device: cuda (Tesla T4)
  driver 580.159.04  compute cap 7.5  15360 MiB  max SM 1590 MHz / mem 5001 MHz  PCIe gen3 x16
  profiling tools: nvidia-smi=yes, nvprof=yes, ncu=yes, nsys=no
  Taichi kernel profiler: ON
  hooked kernels (64): argsort_pairs, band_stats_reduce, band_stats_rep_orig, bezier_chord_hull_error, compact_ray_slots, env_background_prefill, fill_background_from_func, finalize_samples, gather_fragment_arrays, gloss_composite, gloss_pyramid_level, gloss_scatter, group_counts, key_run_order, mask_popcount, one_mesh_pixel_apply, one_mesh_pixel_reduce, opaque_prefix_keep, pair_expand_count, pair_expand_write, pixel_group_order, pn_edge_chord_error, pn_patch_flatness_error, pt_env_pdf_probe, pt_env_sample_probe, pt_generate, pt_light_tree_pmf_probe, pt_light_tree_probe, pt_nee_pick_probe, pt_offset_probe, pt_reduce, pt_sampler_probe, pt_screen_sampler_probe, pt_shade_arena, rank_groups, raster_bez_count, raster_bez_write, raster_shadow_trace_arena, raster_tri_count, raster_tri_write, refit_pack_level, reorder_ray_slots, sheet_band_reduce, sheet_conflict_rank, sheet_depth_lose, sheet_lane_depths, sheet_lane_depths_inplace, sheet_lane_first_owner, sheet_resolve_shade_arena, sibling_band_counts, sibling_coverage_weights, solid_shell_ceiling, wavefront_generate_rays, wavefront_ray_sort_keys, wavefront_shade_arena, wavefront_shadow_events, wavefront_traverse_events_arena, wf_composite, wf_composite_aa, wf_composite_accum, wf_composite_accum_aa, wf_composite_accum_sparse, wf_finalize_aa, wf_finalize_uncovered
RUN 1: end-to-end 123.92s (render thread: 123.18s accounted, 0.74s unaccounted; worker overlap 0.00s)
RUN 2: end-to-end 7.43s (render thread: 6.99s accounted, 0.44s unaccounted; worker overlap 0.00s)
------------------------------------------------------------------------------
Registers / occupancy not collected in-process (Taichi CUPTI toolkit unavailable here).
Run this to get them via nvprof:

  # registers per thread (no admin needed):
  ALGAN_UNDER_NVPROF=1 nvprof --print-gpu-trace --csv /usr/bin/python3 benchmarks/performance/graphics_scene.py --quality PREVIEW --seconds 6 --kernel-profiler --tag graphics_PREVIEW_budget
  # achieved occupancy (may need admin on Pascal):
  ALGAN_UNDER_NVPROF=1 nvprof --metrics achieved_occupancy --csv /usr/bin/python3 benchmarks/performance/graphics_scene.py --quality PREVIEW --seconds 6 --kernel-profiler --tag graphics_PREVIEW_budget

(Taichi's own table below; its % is of total GPU-kernel time, not of run wall time -- see '% run' above for that.)
=========================================================================
Kernel Profiler(count, default) @ CUDA on Tesla T4
=========================================================================
[      %     total   count |      min       avg       max   ] Kernel name
-------------------------------------------------------------------------
[ 65.43%   2.099 s     55x |    0.317    38.168   224.458 ms] raster_shadow_trace_arena_c110_0_kernel_1_range_for
[ 11.55%   0.370 s     49x |    0.227     7.561    38.649 ms] wavefront_traverse_events_arena_c96_0_kernel_1_range_for
[  5.69%   0.183 s     49x |    0.079     3.728    16.779 ms] wavefront_shade_arena_c100_0_kernel_1_range_for
[  3.82%   0.122 s      6x |    8.372    20.403    27.900 ms] sheet_resolve_shade_arena_c176_1_kernel_1_range_for
[  2.02%   0.065 s     49x |    0.030     1.324     7.562 ms] wavefront_shadow_events_c98_0_kernel_1_range_for
[  1.82%   0.058 s     55x |    0.414     1.059     1.512 ms] compact_ray_slots_c76_0_kernel_1_range_for
[  1.81%   0.058 s     12x |    0.948     4.846    12.058 ms] raster_tri_write_c104_0_kernel_1_range_for
[  1.09%   0.035 s     12x |    0.881     2.901     5.628 ms] raster_tri_count_c102_0_kernel_1_range_for
[  1.05%   0.034 s      6x |    2.612     5.609     7.786 ms] sheet_resolve_shade_arena_c176_0_kernel_1_range_for
[  1.01%   0.033 s    109x |    0.259     0.299     0.317 ms] gloss_scatter_c68_0_kernel_1_range_for
[  0.83%   0.027 s      6x |    1.777     4.441     6.355 ms] solid_shell_ceiling_c156_0_kernel_1_range_for
[  0.37%   0.012 s      6x |    0.903     1.988     2.789 ms] band_stats_reduce_c158_0_kernel_1_range_for
[  0.33%   0.010 s    981x |    0.005     0.011     0.053 ms] gloss_pyramid_level_c70_0_kernel_1_range_for
[  0.25%   0.008 s      6x |    0.516     1.311     1.891 ms] pixel_group_order_c184_0_kernel_1_range_for
[  0.23%   0.007 s    981x |    0.005     0.007     0.029 ms] gloss_pyramid_level_c70_0_kernel_0_serial
[  0.19%   0.006 s      6x |    0.510     1.035     1.454 ms] sheet_depth_lose_c170_0_kernel_1_range_for
[  0.19%   0.006 s      6x |    0.492     1.013     1.413 ms] sheet_lane_first_owner_c154_0_kernel_1_range_for
[  0.18%   0.006 s    109x |    0.050     0.052     0.063 ms] gloss_composite_c72_0_kernel_1_range_for
[  0.17%   0.005 s     12x |    0.214     0.458     0.640 ms] sheet_band_reduce_c142_0_kernel_1_range_for
[  0.15%   0.005 s      6x |    0.296     0.829     1.202 ms] one_mesh_pixel_reduce_c150_0_kernel_1_range_for
[  0.15%   0.005 s      6x |    0.379     0.776     1.068 ms] sheet_lane_depths_c168_0_kernel_1_range_for
[  0.14%   0.004 s      7x |    0.050     0.639     1.028 ms] env_background_prefill_c178_0_kernel_1_range_for
[  0.13%   0.004 s     32x |    0.019     0.134     0.476 ms] wavefront_ray_sort_keys_c78_1_kernel_1_range_for
[  0.13%   0.004 s    109x |    0.035     0.039     0.057 ms] wf_composite_accum_sparse_c86_0_kernel_1_range_for
[  0.12%   0.004 s      6x |    0.300     0.647     0.891 ms] key_run_order_c186_0_kernel_1_range_for
[  0.11%   0.003 s      6x |    0.249     0.562     0.760 ms] rank_groups_c174_0_kernel_1_range_for
[  0.09%   0.003 s      7x |    0.028     0.431     0.690 ms] tonemap_to_u8_c188_0_kernel_1_range_for
[  0.09%   0.003 s     43x |    0.016     0.069     0.549 ms] pn_patch_flatness_error_c60_0_kernel_1_range_for
[  0.09%   0.003 s      6x |    0.220     0.472     0.657 ms] band_stats_rep_orig_c160_0_kernel_1_range_for
[  0.09%   0.003 s     12x |    0.055     0.234     0.480 ms] pair_expand_write_c164_0_kernel_1_range_for
[  0.09%   0.003 s      6x |    0.213     0.459     0.636 ms] sheet_band_reduce_c142_1_kernel_1_range_for
[  0.08%   0.002 s      6x |    0.174     0.401     0.575 ms] sheet_conflict_rank_c146_0_kernel_1_range_for
[  0.07%   0.002 s      6x |    0.131     0.348     0.487 ms] one_mesh_pixel_apply_c152_0_kernel_1_range_for
[  0.06%   0.002 s      6x |    0.185     0.330     0.449 ms] key_run_order_c186_1_kernel_1_range_for
[  0.03%   0.001 s      6x |    0.076     0.183     0.254 ms] opaque_prefix_keep_c148_0_kernel_1_range_for
[  0.03%   0.001 s    109x |    0.006     0.009     0.026 ms] gloss_scatter_c68_0_kernel_0_serial
[  0.03%   0.001 s     12x |    0.039     0.082     0.112 ms] mask_popcount_c144_0_kernel_1_range_for
[  0.03%   0.001 s    109x |    0.006     0.009     0.027 ms] wf_composite_accum_sparse_c86_0_kernel_0_serial
[  0.03%   0.001 s     16x |    0.012     0.055     0.227 ms] wavefront_ray_sort_keys_c78_0_kernel_1_range_for
[  0.02%   0.001 s    109x |    0.006     0.007     0.014 ms] gloss_composite_c72_0_kernel_0_serial
[  0.02%   0.001 s     12x |    0.023     0.061     0.106 ms] pair_expand_count_c162_0_kernel_1_range_for
[  0.02%   0.001 s     10x |    0.014     0.071     0.192 ms] pn_edge_chord_error_c64_0_kernel_1_range_for
[  0.02%   0.001 s     55x |    0.009     0.012     0.029 ms] raster_shadow_trace_arena_c110_0_kernel_0_serial
[  0.02%   0.001 s     49x |    0.010     0.013     0.031 ms] wavefront_shade_arena_c100_0_kernel_0_serial
[  0.02%   0.001 s     49x |    0.008     0.010     0.012 ms] wavefront_shadow_events_c98_0_kernel_0_serial
[  0.02%   0.001 s     55x |    0.007     0.009     0.021 ms] compact_ray_slots_c76_0_kernel_0_serial
[  0.02%   0.000 s     49x |    0.008     0.010     0.012 ms] wavefront_traverse_events_arena_c96_0_kernel_0_serial
[  0.01%   0.000 s     43x |    0.006     0.009     0.014 ms] pn_patch_flatness_error_c60_0_kernel_0_serial
[  0.01%   0.000 s     32x |    0.008     0.010     0.020 ms] wavefront_ray_sort_keys_c78_1_kernel_0_serial
[  0.00%   0.000 s     16x |    0.009     0.010     0.011 ms] wavefront_ray_sort_keys_c78_0_kernel_0_serial
[  0.00%   0.000 s     12x |    0.010     0.013     0.020 ms] pair_expand_count_c162_0_kernel_0_serial
[  0.00%   0.000 s     12x |    0.009     0.012     0.014 ms] raster_tri_count_c102_0_kernel_0_serial
[  0.00%   0.000 s     12x |    0.008     0.011     0.016 ms] pair_expand_write_c164_0_kernel_0_serial
[  0.00%   0.000 s     12x |    0.008     0.011     0.019 ms] mask_popcount_c144_0_kernel_0_serial
[  0.00%   0.000 s     12x |    0.008     0.011     0.014 ms] raster_tri_write_c104_0_kernel_0_serial
[  0.00%   0.000 s     12x |    0.008     0.011     0.031 ms] sheet_band_reduce_c142_0_kernel_0_serial
[  0.00%   0.000 s     10x |    0.006     0.010     0.015 ms] pn_edge_chord_error_c64_0_kernel_0_serial
[  0.00%   0.000 s      7x |    0.010     0.014     0.018 ms] env_background_prefill_c178_0_kernel_0_serial
[  0.00%   0.000 s      7x |    0.009     0.010     0.011 ms] tonemap_to_u8_c188_0_kernel_0_serial
[  0.00%   0.000 s      6x |    0.010     0.011     0.013 ms] sheet_resolve_shade_arena_c176_1_kernel_0_serial
[  0.00%   0.000 s      6x |    0.010     0.011     0.013 ms] key_run_order_c186_0_kernel_0_serial
[  0.00%   0.000 s      6x |    0.010     0.011     0.012 ms] sheet_resolve_shade_arena_c176_0_kernel_0_serial
[  0.00%   0.000 s      6x |    0.010     0.011     0.012 ms] solid_shell_ceiling_c156_0_kernel_0_serial
[  0.00%   0.000 s      6x |    0.010     0.010     0.013 ms] sheet_lane_first_owner_c154_0_kernel_0_serial
[  0.00%   0.000 s      6x |    0.010     0.010     0.011 ms] sheet_conflict_rank_c146_0_kernel_0_serial
[  0.00%   0.000 s      6x |    0.009     0.010     0.014 ms] key_run_order_c186_1_kernel_0_serial
[  0.00%   0.000 s      6x |    0.010     0.010     0.012 ms] sheet_depth_lose_c170_0_kernel_0_serial
[  0.00%   0.000 s      6x |    0.010     0.010     0.011 ms] pixel_group_order_c184_0_kernel_0_serial
[  0.00%   0.000 s      6x |    0.008     0.010     0.010 ms] band_stats_reduce_c158_0_kernel_0_serial
[  0.00%   0.000 s      6x |    0.009     0.010     0.010 ms] one_mesh_pixel_reduce_c150_0_kernel_0_serial
[  0.00%   0.000 s      6x |    0.009     0.010     0.012 ms] sheet_lane_depths_c168_0_kernel_0_serial
[  0.00%   0.000 s      6x |    0.008     0.010     0.012 ms] one_mesh_pixel_apply_c152_0_kernel_0_serial
[  0.00%   0.000 s      6x |    0.009     0.010     0.011 ms] sheet_band_reduce_c142_1_kernel_0_serial
[  0.00%   0.000 s      6x |    0.008     0.009     0.010 ms] opaque_prefix_keep_c148_0_kernel_0_serial
[  0.00%   0.000 s      6x |    0.008     0.009     0.011 ms] band_stats_rep_orig_c160_0_kernel_0_serial
[  0.00%   0.000 s      6x |    0.008     0.009     0.010 ms] rank_groups_c174_0_kernel_0_serial
-------------------------------------------------------------------------
[100.00%] Total execution time:   3.208 s   number of results: 76
=========================================================================
report written to algan_profile_report_graphics_PREVIEW_budget.txt
--- step graphics_preview_budget: ok (rc=0) in 164.8s

==============================================================================
