=== STEP graphics_preview_legacy ===
==============================================================================
$ ALGAN_SHADOW_RAY_BUDGET=0 python benchmarks/performance/graphics_scene.py --quality PREVIEW --seconds 6 --kernel-profiler --tag graphics_PREVIEW_legacy
  env ALGAN_VIDEO_ENCODER=software
[bench] graphics: quality PREVIEW (704x396 @ 10 fps), 6s = 60 frames, 2 run(s), tag graphics_PREVIEW_legacy
[Quadrants] Starting on arch=cuda
[profiling] hooked 64 Taichi kernels (249 ti.funcs are inlined and not separately timed)

===== profiling run 1/2 (cold) =====
Encoding video with libx264
Began rendering /kaggle/working/algan/algan_outputs/profiling/profilinggraphics_PREVIEW_legacy_run1.mp4
Preparing render kernels. If this is the first render on this machine (or after an update), compiling the GPU kernels can take several minutes. Compiled kernels are cached, so subsequent renders start immediately.
/usr/local/lib/python3.12/dist-packages/quadrants/_test_tools/warnings_helper.py:11: UserWarning: cannot create weak reference to 'quadrants._lib.core.quadrants_python.DataTypeCxx' object. Template mapper caching disabled.
  warnings.warn(message)
Rendering 11/110 frames (10%)
Rendering 22/110 frames (20%)
Rendering 33/110 frames (30%)
Rendering 44/110 frames (40%)
Rendering 55/110 frames (50%)
Rendering 66/110 frames (60%)
Rendering 77/110 frames (70%)
Rendering 88/110 frames (80%)
Rendering 99/110 frames (90%)
Rendering 110/110 frames (100%)
Finished rendering /kaggle/working/algan/algan_outputs/profiling/profilinggraphics_PREVIEW_legacy_run1.mp4 in 120.6 s
[profile] graphics_PREVIEW_legacy RUN 1: end-to-end 120.99s, render thread accounted 120.27s + unaccounted 0.72s, worker-thread prep overlapped 0.00s, peak alloc 6979 MB

------------------------------------------------------------------------------
RUN 1 (cold (includes Taichi JIT compile)): end-to-end 120.99s
------------------------------------------------------------------------------
incl is wall time, excl is time spent in function excluding sub-processes of another tracked stage; thread is which thread recorded it (worker = the scene-prefetch thread, overlapped with the render thread and outside its budget)
stage                                                calls  incl (s) incl (%)  excl (s)  excl (%)    launch      sync  thread
ray traced render total                                  7   111.949    92.5%     0.165     0.1%     0.000     0.000    main
wavefront_loop                                           7   111.184    91.9%     0.006     0.0%     0.000     0.000    main
raster: sparse resolve                                   6    85.200    70.4%     0.053     0.0%     0.000     0.000    main
kernel: sheet_resolve_shade_arena                       12    81.187    67.1%    81.187    67.1%    81.186     0.001    main
wavefront:   - bounce drain                              6    16.305    13.5%     0.013     0.0%     0.000     0.000    main
kernel: wavefront_shade_arena                           49     9.519     7.9%     9.519     7.9%     9.516     0.003    main
wavefront:   - bounce 0 shade                            6     9.395     7.8%     0.004     0.0%     0.000     0.000    main
raster: sparse discovery                                 7     7.979     6.6%     0.074     0.1%     0.000     0.000    main
arena preflight (batch)                                  1     7.158     5.9%     0.083     0.1%     0.000     0.000    main
  - project_to_screen (prewarm)                          1     6.405     5.3%     0.040     0.0%     0.000     0.000    main
logical PN: dice + shade + pack (project_to_screen)      4     6.210     5.1%     0.068     0.1%     0.000     0.000    main
logical PN:   - _dice_logical_pn                         4     6.142     5.1%     0.470     0.4%     0.000     0.000    main
kernel: raster_shadow_trace_arena                       55     5.755     4.8%     5.755     4.8%     5.751     0.004    main
wavefront:   - bounce 0 shadow events                    6     3.897     3.2%     0.073     0.1%     0.000     0.000    main
kernel: wavefront_shadow_events                         49     3.222     2.7%     3.222     2.7%     3.220     0.003    main
kernel: raster_tri_count                                12     3.073     2.5%     3.073     2.5%     3.072     0.001    main
kernel: raster_tri_write                                12     2.393     2.0%     2.393     2.0%     2.392     0.001    main
logical PN:     - snap boundary                         78     2.187     1.8%     2.187     1.8%     0.000     0.000    main
raster:   - compact_sheets                               6     1.794     1.5%     0.293     0.2%     0.000     0.000    main
logical PN:     - evaluate patch                        39     1.180     1.0%     1.180     1.0%     0.000     0.000    main
kernel: wavefront_traverse_events_arena                 49     1.141     0.9%     1.141     0.9%     1.138     0.003    main
Scene._get_batch_of_primitives                           1     1.105     0.9%     0.609     0.5%     0.000     0.000    main
logical PN:     - subdivision levels                     4     1.030     0.9%     0.119     0.1%     0.000     0.000    main
logical PN:     - evaluate normals                      39     0.993     0.8%     0.993     0.8%     0.000     0.000    main
wavefront:   - bounce 0 traverse                         6     0.898     0.7%     0.003     0.0%     0.000     0.000    main
wavefront:   - tile composite                            6     0.871     0.7%     0.060     0.0%     0.000     0.000    main
wavefront:   - raster tables (batch)                     1     0.757     0.6%     0.000     0.0%     0.000     0.000    main
raster:   - precompute tri projection                    1     0.752     0.6%     0.752     0.6%     0.000     0.000    main
merge collections + build BVHs                           1     0.670     0.6%     0.450     0.4%     0.000     0.000    main
wavefront:   - bounce 1 shadow events                    6     0.551     0.5%     0.042     0.0%     0.000     0.000    main
logical PN:       - edge level search                    4     0.502     0.4%     0.035     0.0%     0.000     0.000    main
logical PN:         - edge chord error                  10     0.467     0.4%     0.002     0.0%     0.000     0.000    main
kernel: pn_edge_chord_error                             10     0.465     0.4%     0.465     0.4%     0.465     0.001    main
kernel: env_background_prefill                           7     0.443     0.4%     0.443     0.4%     0.442     0.001    main
logical PN:       - patch level search                   4     0.392     0.3%     0.021     0.0%     0.000     0.000    main
logical PN:         - patch flatness error              43     0.388     0.3%     0.010     0.0%     0.000     0.000    main
kernel: pn_patch_flatness_error                         43     0.378     0.3%     0.378     0.3%     0.376     0.002    main
kernel: gloss_composite                                109     0.352     0.3%     0.352     0.3%     0.349     0.004    main
raster:   - window pairs                                 7     0.315     0.3%     0.018     0.0%     0.000     0.000    main
kernel: key_run_order                                   12     0.311     0.3%     0.311     0.3%     0.310     0.001    main
logical PN:     - interpolate attrs                    686     0.282     0.2%     0.282     0.2%     0.000     0.000    main
wavefront:   - bounce 2 shadow events                    6     0.274     0.2%     0.024     0.0%     0.000     0.000    main
AttributeTimeline.get                                 4148     0.230     0.2%     0.230     0.2%     0.000     0.000    main
  - refit-BVH build (in merge)                           2     0.220     0.2%     0.220     0.2%     0.000     0.000    main
wavefront:   - bounce 0 ray sort                         6     0.216     0.2%     0.016     0.0%     0.000     0.000    main
kernel: wavefront_ray_sort_keys                         48     0.210     0.2%     0.210     0.2%     0.208     0.002    main
wavefront:   - bounce 3 shadow events                    6     0.207     0.2%     0.015     0.0%     0.000     0.000    main
kernel: gloss_pyramid_level                            981     0.198     0.2%     0.198     0.2%     0.170     0.028    main
kernel: sheet_depth_lose                                 6     0.183     0.2%     0.183     0.2%     0.182     0.000    main
kernel: pixel_group_order                                6     0.169     0.1%     0.169     0.1%     0.168     0.000    main
kernel: pair_expand_write                               12     0.160     0.1%     0.160     0.1%     0.160     0.001    main
triangles: shade + pack (project_to_screen)              3     0.155     0.1%     0.155     0.1%     0.000     0.000    main
AnimationTimeline.set_state_to_times                     1     0.153     0.1%     0.045     0.0%     0.000     0.000    main
post-process (downsample/FXAA/glow)                      7     0.149     0.1%     0.008     0.0%     0.000     0.000    main
kernel: gloss_scatter                                  109     0.147     0.1%     0.147     0.1%     0.143     0.004    main
raster:     - sheets band reduce                        18     0.145     0.1%     0.008     0.0%     0.000     0.000    main
kernel: sheet_band_reduce                               18     0.137     0.1%     0.137     0.1%     0.136     0.001    main
kernel: pair_expand_count                               12     0.137     0.1%     0.137     0.1%     0.136     0.001    main
raster:     - sheets band composite                      6     0.134     0.1%     0.008     0.0%     0.000     0.000    main
wavefront:   - compact active                           55     0.132     0.1%     0.008     0.0%     0.000     0.000    main
wavefront:   - bounce 4 shadow events                    6     0.126     0.1%     0.012     0.0%     0.000     0.000    main
kernel: solid_shell_ceiling                              6     0.126     0.1%     0.126     0.1%     0.125     0.000    main
kernel: compact_ray_slots                               55     0.124     0.1%     0.124     0.1%     0.122     0.002    main
surfaces: get_render_primitives_batched                  8     0.118     0.1%     0.113     0.1%     0.000     0.000    main
kernel: wf_composite_accum_sparse                      109     0.114     0.1%     0.114     0.1%     0.110     0.003    main
post:   - tonemap/finalize                               7     0.113     0.1%     0.113     0.1%     0.000     0.000    main
wavefront:   - bounce 1 traverse                         6     0.100     0.1%     0.002     0.0%     0.000     0.000    main
raster:   - fragment sort                                6     0.095     0.1%     0.095     0.1%     0.000     0.000    main
raster:     - sheets conflict rank                       6     0.091     0.1%     0.001     0.0%     0.000     0.000    main
kernel: one_mesh_pixel_reduce                            6     0.091     0.1%     0.091     0.1%     0.090     0.000    main
kernel: sheet_conflict_rank                              6     0.090     0.1%     0.090     0.1%     0.090     0.000    main
AttributeTimeline.rematerialize_state_at_times          26     0.086     0.1%     0.086     0.1%     0.000     0.000    main
kernel: sheet_lane_first_owner                           6     0.078     0.1%     0.078     0.1%     0.078     0.000    main
kernel: rank_groups                                      6     0.076     0.1%     0.076     0.1%     0.075     0.000    main
kernel: band_stats_reduce                                6     0.073     0.1%     0.073     0.1%     0.073     0.000    main
kernel: opaque_prefix_keep                               6     0.067     0.1%     0.067     0.1%     0.066     0.000    main
wavefront:   - bounce 5 shadow events                    6     0.065     0.1%     0.009     0.0%     0.000     0.000    main
kernel: one_mesh_pixel_apply                             6     0.063     0.1%     0.063     0.1%     0.063     0.000    main
kernel: sheet_lane_depths                                6     0.062     0.1%     0.062     0.1%     0.062     0.000    main
wavefront:   - tile state alloc                          6     0.062     0.1%     0.062     0.1%     0.000     0.000    main
kernel: band_stats_rep_orig                              6     0.059     0.0%     0.059     0.0%     0.059     0.000    main
kernel: mask_popcount                                   12     0.056     0.0%     0.056     0.0%     0.055     0.001    main
wavefront:   - bounce 2 traverse                         6     0.055     0.0%     0.001     0.0%     0.000     0.000    main
wavefront:   - bounce 1 shade                            6     0.053     0.0%     0.002     0.0%     0.000     0.000    main
wavefront:   - bounce 6 shadow events                    6     0.047     0.0%     0.008     0.0%     0.000     0.000    main
wavefront:   - bounce 7 shadow events                    6     0.039     0.0%     0.009     0.0%     0.000     0.000    main
wavefront:   - bounce 3 traverse                         6     0.039     0.0%     0.001     0.0%     0.000     0.000    main
raster:     - sheets sibling weights                     6     0.034     0.0%     0.033     0.0%     0.000     0.000    main
wavefront:   - bounce 2 shade                            6     0.030     0.0%     0.002     0.0%     0.000     0.000    main
post:   - device->host copy                              7     0.028     0.0%     0.028     0.0%     0.000     0.000    main
wavefront:   - bounce 4 traverse                         6     0.024     0.0%     0.001     0.0%     0.000     0.000    main
memory reclaim (gc + cuda cache)                        10     0.021     0.0%     0.021     0.0%     0.000     0.000    main
wavefront:   - bounce 3 shade                            6     0.021     0.0%     0.002     0.0%     0.000     0.000    main
raster:     - sheets prim split                          6     0.020     0.0%     0.020     0.0%     0.000     0.000    main
scene upload to arena                                    1     0.019     0.0%     0.019     0.0%     0.000     0.000    main
video encode tail (ffmpeg drain)                         1     0.019     0.0%     0.019     0.0%     0.000     0.000    main
wavefront:   - bounce 5 traverse                         6     0.016     0.0%     0.001     0.0%     0.000     0.000    main
raster:   - fragment gather                              6     0.015     0.0%     0.015     0.0%     0.000     0.000    main
wavefront:   - bounce 4 shade                            6     0.014     0.0%     0.002     0.0%     0.000     0.000    main
Surface.get_render_primitives                            1     0.014     0.0%     0.014     0.0%     0.000     0.000    main
raster:     - sheets shade class                         6     0.014     0.0%     0.014     0.0%     0.000     0.000    main
wavefront:   - bounce 6 traverse                         6     0.012     0.0%     0.001     0.0%     0.000     0.000    main
AttributeTimeline.modify                                31     0.010     0.0%     0.010     0.0%     0.000     0.000    main
wavefront:   - bounce 1 ray sort                         6     0.010     0.0%     0.008     0.0%     0.000     0.000    main
wavefront:   - bounce 7 traverse                         6     0.010     0.0%     0.001     0.0%     0.000     0.000    main
wavefront:   - bounce 5 shade                            6     0.009     0.0%     0.002     0.0%     0.000     0.000    main
background prefill                                       7     0.009     0.0%     0.009     0.0%     0.000     0.000    main
wavefront:   - bounce 6 shade                            6     0.008     0.0%     0.003     0.0%     0.000     0.000    main
wavefront:   - bounce 7 shade                            6     0.007     0.0%     0.003     0.0%     0.000     0.000    main
wavefront:   - bounce 2 ray sort                         6     0.007     0.0%     0.005     0.0%     0.000     0.000    main
wavefront:   - bounce 3 ray sort                         6     0.005     0.0%     0.004     0.0%     0.000     0.000    main
raster:   - precompute tri bounds                        1     0.005     0.0%     0.005     0.0%     0.000     0.000    main
wavefront:   - drain scratch                            49     0.005     0.0%     0.005     0.0%     0.000     0.000    main
wavefront:   - bounce 4 ray sort                         6     0.004     0.0%     0.003     0.0%     0.000     0.000    main
wavefront:   - bounce 7 ray sort                         6     0.003     0.0%     0.002     0.0%     0.000     0.000    main
wavefront:   - sparse setup                              7     0.003     0.0%     0.003     0.0%     0.000     0.000    main
wavefront:   - bounce 5 ray sort                         6     0.003     0.0%     0.002     0.0%     0.000     0.000    main
wavefront:   - bounce 6 ray sort                         6     0.003     0.0%     0.002     0.0%     0.000     0.000    main
wavefront:   - bounce 8+ shadow events                   1     0.003     0.0%     0.001     0.0%     0.000     0.000    main
AttributeTimeline.add                                   16     0.001     0.0%     0.001     0.0%     0.000     0.000    main
wavefront:   - drain active count                       49     0.001     0.0%     0.001     0.0%     0.000     0.000    main
wavefront:   - bounce 8+ traverse                        1     0.001     0.0%     0.000     0.0%     0.000     0.000    main
wavefront:   - bounce 8+ shade                           1     0.001     0.0%     0.000     0.0%     0.000     0.000    main
wavefront:   - pool overflow poll                        6     0.001     0.0%     0.001     0.0%     0.000     0.000    main
wavefront:   - alloc readback                            6     0.000     0.0%     0.000     0.0%     0.000     0.000    main
free-VRAM probe (empty_cache)                            1     0.000     0.0%     0.000     0.0%     0.000     0.000    main
(unaccounted on the render thread: video encode, scene mgmt, ...)           0.715     0.6%

Wavefront bounce iterations (sheet route; wall time incl. launch + sync):
   bounce  calls     rays in  traverse s   shade s continuations
        0      6    10236882       0.898     9.395       4512363
        1      6     4512363       0.100     0.053       2875007
        2      6     2875007       0.055     0.030       1644834
        3      6     1644834       0.039     0.021        937540
        4      6      937540       0.024     0.014        370641
        5      6      370641       0.016     0.009        221602
        6      6      221602       0.012     0.008        151293
        7      6      151293       0.010     0.007             7
       8+      1           7       0.001     0.001             -
    total                          1.154     9.539              
  first iteration holds 98.5% of all wavefront_shade time; bounce-loop kernels total 10.693s

Taichi kernel GPU time (profiler; launch overhead excluded; 'recs' = serial + range-for sub-kernels):
  kernel                                    recs   total ms   % run    avg ms    max ms
  raster_shadow_trace_arena                  110   3288.761    2.7%   29.8978  336.8035
  wavefront_traverse_events_arena             98    385.714    0.3%    3.9359   39.2214
  wavefront_shade_arena                       98    193.118    0.2%    1.9706   16.8162
  sheet_resolve_shade_arena                   24    163.876    0.1%    6.8282   26.9496
  wavefront_shadow_events                     98     65.676    0.1%    0.6702    7.5837
  compact_ray_slots                          110     58.790    0.0%    0.5345    1.5151
  raster_tri_write                            24     58.661    0.0%    2.4442   12.2450
  raster_tri_count                            24     39.418    0.0%    1.6424    6.4616
  gloss_scatter                              218     33.624    0.0%    0.1542    0.3209
  solid_shell_ceiling                         12     28.795    0.0%    2.3996    6.2566
  gloss_pyramid_level                       1962     17.960    0.0%    0.0092    0.1475
  band_stats_reduce                           12     12.234    0.0%    1.0195    2.7717
  sheet_band_reduce                           36      8.477    0.0%    0.2355    0.6360
  pixel_group_order                           12      8.071    0.0%    0.6726    1.7923
  sheet_depth_lose                            12      6.833    0.0%    0.5694    1.4157
  sheet_lane_first_owner                      12      6.599    0.0%    0.5499    1.3978
  gloss_composite                            218      6.562    0.0%    0.0301    0.0681
  key_run_order                               24      6.354    0.0%    0.2647    0.8847
  wavefront_ray_sort_keys                     96      5.688    0.0%    0.0593    0.4795
  pn_patch_flatness_error                     86      5.407    0.0%    0.0629    0.9216
  wf_composite_accum_sparse                  218      5.246    0.0%    0.0241    0.0430
  one_mesh_pixel_reduce                       12      5.134    0.0%    0.4278    1.1776
  sheet_lane_depths                           12      4.854    0.0%    0.4045    1.0707
  env_background_prefill                      14      4.646    0.0%    0.3319    1.0281
  pair_expand_write                           24      3.615    0.0%    0.1506    0.5530
  rank_groups                                 12      3.384    0.0%    0.2820    0.7840
  tonemap_to_u8                               14      3.102    0.0%    0.2216    0.6840
  band_stats_rep_orig                         12      2.891    0.0%    0.2409    0.6551
  sheet_conflict_rank                         12      2.580    0.0%    0.2150    0.5822
  one_mesh_pixel_apply                        12      2.180    0.0%    0.1816    0.4856
  pn_edge_chord_error                         20      1.298    0.0%    0.0649    0.3298
  opaque_prefix_keep                          12      1.212    0.0%    0.1010    0.2535
  mask_popcount                               24      1.109    0.0%    0.0462    0.1118
  pair_expand_count                           24      1.038    0.0%    0.0432    0.1382

GPU telemetry over render (1444 samples @ ~10 Hz, min/avg/max):
  utilization  0/2/100 %   mem-util 0/1/69 %
  SM clock     300/473/1590 MHz   mem clock 405/2702/5000 MHz
  temperature  36/52/72 C   power 9/21/83 W
  ** THROTTLING observed: SwPowerCap (run-to-run timing is unreliable) **

GPU memory: peak allocated 6979 MB, peak reserved 7438 MB
  batch 0: merged tensors 297.5 MB, BVHs 68.7 MB (cuda after merge 6331 MB)
    counts: num_colored_triangles=1429, num_triangles=9204, num_circuits=0, num_frames=110
    bez_bvh: 0 instances, 1 nodes, 0 leaves, 0.0 MB
    bez_opaque_bvh: 0 instances, 1 nodes, 0 leaves, 0.0 MB
    tri_bvh: 0 instances, 5114 nodes, 0 leaves, 34.3 MB
    tri_opaque_bvh: 0 instances, 5114 nodes, 0 leaves, 34.3 MB
    tri_mat: (110, 9204, 39) = 150.6 MB
    tri_pos: (110, 9204, 9) = 34.8 MB
    tri_norm: (110, 9204, 9) = 34.8 MB
    tri_colors: (110, 3987, 3, 5) = 25.1 MB
    tri_extra: (110, 3987, 15) = 25.1 MB
    tri_uvs: (110, 7775, 6) = 19.6 MB
  cProfile dump: disabled (set ALGAN_PROFILE_CPROFILE=1)

===== profiling run 2/2 (warm) =====
Encoding video with libx264
Began rendering /kaggle/working/algan/algan_outputs/profiling/profilinggraphics_PREVIEW_legacy_run2.mp4
Rendering 11/110 frames (10%)
Rendering 22/110 frames (20%)
Rendering 33/110 frames (30%)
Rendering 44/110 frames (40%)
Rendering 55/110 frames (50%)
Rendering 66/110 frames (60%)
Rendering 77/110 frames (70%)
Rendering 88/110 frames (80%)
Rendering 99/110 frames (90%)
Rendering 110/110 frames (100%)
Finished rendering /kaggle/working/algan/algan_outputs/profiling/profilinggraphics_PREVIEW_legacy_run2.mp4 in 8.2 s
[profile] graphics_PREVIEW_legacy RUN 2: end-to-end 8.27s, render thread accounted 7.87s + unaccounted 0.41s, worker-thread prep overlapped 0.00s, peak alloc 6949 MB

------------------------------------------------------------------------------
RUN 2 (warm (steady state)): end-to-end 8.27s
------------------------------------------------------------------------------
incl is wall time, excl is time spent in function excluding sub-processes of another tracked stage; thread is which thread recorded it (worker = the scene-prefetch thread, overlapped with the render thread and outside its budget)
stage                                                calls  incl (s) incl (%)  excl (s)  excl (%)    launch      sync  thread
ray traced render total                                  7     5.744    69.4%     0.215     2.6%     0.000     0.000    main
wavefront_loop                                           7     5.477    66.2%     0.005     0.1%     0.000     0.000    main
kernel: raster_shadow_trace_arena                       55     3.110    37.6%     3.110    37.6%     3.106     0.004    main
wavefront:   - bounce drain                              6     2.721    32.9%     0.013     0.2%     0.000     0.000    main
raster: sparse resolve                                   6     1.648    19.9%     0.057     0.7%     0.000     0.000    main
Scene._get_batch_of_primitives                           1     1.076    13.0%     0.609     7.4%     0.000     0.000    main
arena preflight (batch)                                  1     1.008    12.2%     0.065     0.8%     0.000     0.000    main
raster: sparse discovery                                 7     0.786     9.5%     0.070     0.8%     0.000     0.000    main
wavefront:   - bounce 0 shadow events                    6     0.720     8.7%     0.087     1.0%     0.000     0.000    main
  - project_to_screen (prewarm)                          1     0.581     7.0%     0.037     0.4%     0.000     0.000    main
logical PN: dice + shade + pack (project_to_screen)      4     0.505     6.1%     0.057     0.7%     0.000     0.000    main
wavefront:   - bounce 1 shadow events                    6     0.504     6.1%     0.041     0.5%     0.000     0.000    main
raster:   - compact_sheets                               6     0.468     5.7%     0.281     3.4%     0.000     0.000    main
logical PN:   - _dice_logical_pn                         4     0.448     5.4%     0.197     2.4%     0.000     0.000    main
kernel: wavefront_traverse_events_arena                 49     0.380     4.6%     0.380     4.6%     0.378     0.003    main
merge collections + build BVHs                           1     0.362     4.4%     0.172     2.1%     0.000     0.000    main
wavefront:   - bounce 2 shadow events                    6     0.263     3.2%     0.024     0.3%     0.000     0.000    main
wavefront:   - tile composite                            6     0.242     2.9%     0.055     0.7%     0.000     0.000    main
AttributeTimeline.get                                 4148     0.237     2.9%     0.237     2.9%     0.000     0.000    main
wavefront:   - bounce 3 shadow events                    6     0.208     2.5%     0.015     0.2%     0.000     0.000    main
kernel: wavefront_shade_arena                           49     0.194     2.3%     0.194     2.3%     0.192     0.002    main
  - refit-BVH build (in merge)                           2     0.189     2.3%     0.189     2.3%     0.000     0.000    main
kernel: sheet_resolve_shade_arena                       12     0.157     1.9%     0.157     1.9%     0.157     0.001    main
logical PN:     - interpolate attrs                    686     0.152     1.8%     0.152     1.8%     0.000     0.000    main
wavefront:   - bounce 0 traverse                         6     0.150     1.8%     0.002     0.0%     0.000     0.000    main
AnimationTimeline.set_state_to_times                     1     0.138     1.7%     0.037     0.5%     0.000     0.000    main
wavefront:   - bounce 4 shadow events                    6     0.126     1.5%     0.011     0.1%     0.000     0.000    main
kernel: gloss_pyramid_level                            981     0.103     1.2%     0.103     1.2%     0.077     0.025    main
surfaces: get_render_primitives_batched                  8     0.095     1.2%     0.090     1.1%     0.000     0.000    main
raster:   - fragment sort                                6     0.093     1.1%     0.093     1.1%     0.000     0.000    main
wavefront:   - bounce 1 traverse                         6     0.091     1.1%     0.001     0.0%     0.000     0.000    main
kernel: wavefront_shadow_events                         49     0.089     1.1%     0.089     1.1%     0.086     0.002    main
AttributeTimeline.rematerialize_state_at_times          26     0.081     1.0%     0.081     1.0%     0.000     0.000    main
wavefront:   - bounce 0 shade                            6     0.075     0.9%     0.004     0.0%     0.000     0.000    main
wavefront:   - compact active                           55     0.074     0.9%     0.007     0.1%     0.000     0.000    main
kernel: compact_ray_slots                               55     0.067     0.8%     0.067     0.8%     0.065     0.002    main
wavefront:   - bounce 5 shadow events                    6     0.065     0.8%     0.009     0.1%     0.000     0.000    main
kernel: raster_tri_write                                12     0.063     0.8%     0.063     0.8%     0.063     0.001    main
wavefront:   - tile state alloc                          6     0.062     0.8%     0.062     0.8%     0.000     0.000    main
logical PN:     - subdivision levels                     4     0.053     0.6%     0.016     0.2%     0.000     0.000    main
wavefront:   - bounce 2 traverse                         6     0.051     0.6%     0.001     0.0%     0.000     0.000    main
wavefront:   - bounce 1 shade                            6     0.049     0.6%     0.002     0.0%     0.000     0.000    main
kernel: gloss_scatter                                  109     0.048     0.6%     0.048     0.6%     0.045     0.004    main
wavefront:   - bounce 6 shadow events                    6     0.046     0.6%     0.008     0.1%     0.000     0.000    main
kernel: raster_tri_count                                12     0.042     0.5%     0.042     0.5%     0.041     0.001    main
triangles: shade + pack (project_to_screen)              3     0.040     0.5%     0.040     0.5%     0.000     0.000    main
wavefront:   - bounce 3 traverse                         6     0.038     0.5%     0.001     0.0%     0.000     0.000    main
wavefront:   - bounce 7 shadow events                    6     0.037     0.4%     0.008     0.1%     0.000     0.000    main
post-process (downsample/FXAA/glow)                      7     0.036     0.4%     0.008     0.1%     0.000     0.000    main
raster:     - sheets sibling weights                     6     0.034     0.4%     0.032     0.4%     0.000     0.000    main
wavefront:   - bounce 2 shade                            6     0.030     0.4%     0.002     0.0%     0.000     0.000    main
kernel: solid_shell_ceiling                              6     0.029     0.3%     0.029     0.3%     0.028     0.000    main
logical PN:     - snap boundary                         78     0.027     0.3%     0.027     0.3%     0.000     0.000    main
wavefront:   - bounce 4 traverse                         6     0.024     0.3%     0.001     0.0%     0.000     0.000    main
raster:   - window pairs                                 7     0.023     0.3%     0.013     0.2%     0.000     0.000    main
post:   - device->host copy                              7     0.023     0.3%     0.023     0.3%     0.000     0.000    main
wavefront:   - bounce 3 shade                            6     0.021     0.3%     0.002     0.0%     0.000     0.000    main
logical PN:         - patch flatness error              43     0.020     0.2%     0.009     0.1%     0.000     0.000    main
raster:     - sheets band reduce                        18     0.020     0.2%     0.008     0.1%     0.000     0.000    main
raster:     - sheets prim split                          6     0.019     0.2%     0.019     0.2%     0.000     0.000    main
wavefront:   - bounce 0 ray sort                         6     0.019     0.2%     0.015     0.2%     0.000     0.000    main
kernel: gloss_composite                                109     0.018     0.2%     0.018     0.2%     0.015     0.003    main
kernel: wf_composite_accum_sparse                      109     0.018     0.2%     0.018     0.2%     0.015     0.003    main
wavefront:   - bounce 5 traverse                         6     0.016     0.2%     0.001     0.0%     0.000     0.000    main
Surface.get_render_primitives                            1     0.015     0.2%     0.014     0.2%     0.000     0.000    main
raster:   - fragment gather                              6     0.015     0.2%     0.015     0.2%     0.000     0.000    main
raster:     - sheets band composite                      6     0.015     0.2%     0.007     0.1%     0.000     0.000    main
scene upload to arena                                    1     0.015     0.2%     0.015     0.2%     0.000     0.000    main
wavefront:   - bounce 4 shade                            6     0.014     0.2%     0.002     0.0%     0.000     0.000    main
raster:     - sheets shade class                         6     0.014     0.2%     0.014     0.2%     0.000     0.000    main
kernel: wavefront_ray_sort_keys                         48     0.013     0.2%     0.013     0.2%     0.012     0.002    main
kernel: band_stats_reduce                                6     0.013     0.2%     0.013     0.2%     0.013     0.000    main
logical PN:       - patch level search                   4     0.013     0.2%     0.008     0.1%     0.000     0.000    main
wavefront:   - bounce 6 traverse                         6     0.012     0.1%     0.001     0.0%     0.000     0.000    main
logical PN:     - evaluate normals                      39     0.012     0.1%     0.012     0.1%     0.000     0.000    main
kernel: sheet_band_reduce                               18     0.011     0.1%     0.011     0.1%     0.011     0.001    main
video encode tail (ffmpeg drain)                         1     0.011     0.1%     0.011     0.1%     0.000     0.000    main
kernel: pn_patch_flatness_error                         43     0.011     0.1%     0.011     0.1%     0.009     0.002    main
wavefront:   - bounce 7 traverse                         6     0.010     0.1%     0.001     0.0%     0.000     0.000    main
AttributeTimeline.modify                                31     0.010     0.1%     0.010     0.1%     0.000     0.000    main
memory reclaim (gc + cuda cache)                        10     0.010     0.1%     0.010     0.1%     0.000     0.000    main
wavefront:   - bounce 1 ray sort                         6     0.010     0.1%     0.007     0.1%     0.000     0.000    main
logical PN:       - edge level search                    4     0.009     0.1%     0.006     0.1%     0.000     0.000    main
wavefront:   - bounce 5 shade                            6     0.009     0.1%     0.002     0.0%     0.000     0.000    main
kernel: pixel_group_order                                6     0.009     0.1%     0.009     0.1%     0.009     0.000    main
kernel: key_run_order                                   12     0.009     0.1%     0.009     0.1%     0.008     0.001    main
background prefill                                       7     0.009     0.1%     0.009     0.1%     0.000     0.000    main
logical PN:     - evaluate patch                        39     0.008     0.1%     0.008     0.1%     0.000     0.000    main
wavefront:   - raster tables (batch)                     1     0.008     0.1%     0.000     0.0%     0.000     0.000    main
kernel: sheet_depth_lose                                 6     0.008     0.1%     0.008     0.1%     0.007     0.000    main
kernel: env_background_prefill                           7     0.008     0.1%     0.008     0.1%     0.007     0.000    main
kernel: sheet_lane_first_owner                           6     0.007     0.1%     0.007     0.1%     0.007     0.000    main
wavefront:   - bounce 6 shade                            6     0.007     0.1%     0.002     0.0%     0.000     0.000    main
wavefront:   - bounce 2 ray sort                         6     0.007     0.1%     0.005     0.1%     0.000     0.000    main
wavefront:   - bounce 7 shade                            6     0.007     0.1%     0.002     0.0%     0.000     0.000    main
kernel: one_mesh_pixel_reduce                            6     0.007     0.1%     0.007     0.1%     0.006     0.000    main
kernel: pair_expand_write                               12     0.006     0.1%     0.006     0.1%     0.005     0.001    main
kernel: sheet_lane_depths                                6     0.006     0.1%     0.006     0.1%     0.005     0.000    main
wavefront:   - bounce 3 ray sort                         6     0.005     0.1%     0.004     0.0%     0.000     0.000    main
post:   - tonemap/finalize                               7     0.005     0.1%     0.005     0.1%     0.000     0.000    main
raster:   - precompute tri bounds                        1     0.005     0.1%     0.005     0.1%     0.000     0.000    main
wavefront:   - drain scratch                            49     0.005     0.1%     0.005     0.1%     0.000     0.000    main
kernel: rank_groups                                      6     0.004     0.1%     0.004     0.1%     0.004     0.000    main
raster:     - sheets conflict rank                       6     0.004     0.0%     0.001     0.0%     0.000     0.000    main
wavefront:   - bounce 4 ray sort                         6     0.004     0.0%     0.003     0.0%     0.000     0.000    main
logical PN:         - edge chord error                  10     0.004     0.0%     0.001     0.0%     0.000     0.000    main
kernel: band_stats_rep_orig                              6     0.004     0.0%     0.004     0.0%     0.004     0.000    main
kernel: pair_expand_count                               12     0.004     0.0%     0.004     0.0%     0.003     0.001    main
kernel: sheet_conflict_rank                              6     0.003     0.0%     0.003     0.0%     0.003     0.000    main
kernel: one_mesh_pixel_apply                             6     0.003     0.0%     0.003     0.0%     0.003     0.000    main
wavefront:   - sparse setup                              7     0.003     0.0%     0.003     0.0%     0.000     0.000    main
raster:   - precompute tri projection                    1     0.003     0.0%     0.003     0.0%     0.000     0.000    main
wavefront:   - bounce 6 ray sort                         6     0.003     0.0%     0.002     0.0%     0.000     0.000    main
wavefront:   - bounce 5 ray sort                         6     0.003     0.0%     0.002     0.0%     0.000     0.000    main
wavefront:   - bounce 7 ray sort                         6     0.003     0.0%     0.002     0.0%     0.000     0.000    main
kernel: mask_popcount                                   12     0.003     0.0%     0.003     0.0%     0.002     0.000    main
kernel: pn_edge_chord_error                             10     0.003     0.0%     0.003     0.0%     0.002     0.000    main
wavefront:   - bounce 8+ shadow events                   1     0.002     0.0%     0.001     0.0%     0.000     0.000    main
kernel: opaque_prefix_keep                               6     0.002     0.0%     0.002     0.0%     0.002     0.000    main
AttributeTimeline.add                                   16     0.001     0.0%     0.001     0.0%     0.000     0.000    main
wavefront:   - drain active count                       49     0.001     0.0%     0.001     0.0%     0.000     0.000    main
wavefront:   - bounce 8+ traverse                        1     0.001     0.0%     0.000     0.0%     0.000     0.000    main
wavefront:   - bounce 8+ shade                           1     0.001     0.0%     0.000     0.0%     0.000     0.000    main
wavefront:   - pool overflow poll                        6     0.000     0.0%     0.000     0.0%     0.000     0.000    main
wavefront:   - alloc readback                            6     0.000     0.0%     0.000     0.0%     0.000     0.000    main
free-VRAM probe (empty_cache)                            1     0.000     0.0%     0.000     0.0%     0.000     0.000    main
(unaccounted on the render thread: video encode, scene mgmt, ...)           0.405     4.9%

Wavefront bounce iterations (sheet route; wall time incl. launch + sync):
   bounce  calls     rays in  traverse s   shade s continuations
        0      6    10236882       0.150     0.075       4512363
        1      6     4512363       0.091     0.049       2875007
        2      6     2875007       0.051     0.030       1644834
        3      6     1644834       0.038     0.021        937540
        4      6      937540       0.024     0.014        370641
        5      6      370641       0.016     0.009        221602
        6      6      221602       0.012     0.007        151293
        7      6      151293       0.010     0.007             7
       8+      1           7       0.001     0.001             -
    total                          0.392     0.213              
  first iteration holds 35.4% of all wavefront_shade time; bounce-loop kernels total 0.605s

Taichi kernel GPU time (profiler; launch overhead excluded; 'recs' = serial + range-for sub-kernels):
  kernel                                    recs   total ms   % run    avg ms    max ms
  raster_shadow_trace_arena                  110   3093.687   37.4%   28.1244  344.5015
  wavefront_traverse_events_arena             98    367.612    4.4%    3.7511   39.4940
  wavefront_shade_arena                       98    182.065    2.2%    1.8578   16.3656
  sheet_resolve_shade_arena                   24    154.213    1.9%    6.4256   26.7423
  wavefront_shadow_events                     98     65.580    0.8%    0.6692    7.5735
  compact_ray_slots                          110     58.840    0.7%    0.5349    1.5176
  raster_tri_write                            24     57.766    0.7%    2.4069   12.1243
  raster_tri_count                            24     34.462    0.4%    1.4359    5.5893
  gloss_scatter                              218     33.471    0.4%    0.1535    0.3154
  solid_shell_ceiling                         12     26.943    0.3%    2.2452    6.5413
  gloss_pyramid_level                       1962     17.308    0.2%    0.0088    0.0573
  band_stats_reduce                           12     11.978    0.1%    0.9981    2.8035
  sheet_band_reduce                           36      8.405    0.1%    0.2335    0.6347
  pixel_group_order                           12      7.632    0.1%    0.6360    1.8104
  gloss_composite                            218      6.420    0.1%    0.0294    0.0620
  sheet_depth_lose                            12      6.187    0.1%    0.5156    1.4073
  sheet_lane_first_owner                      12      6.142    0.1%    0.5118    1.3985
  key_run_order                               24      6.034    0.1%    0.2514    0.9114
  wavefront_ray_sort_keys                     96      5.722    0.1%    0.0596    0.4813
  wf_composite_accum_sparse                  218      5.152    0.1%    0.0236    0.0447
  one_mesh_pixel_reduce                       12      5.022    0.1%    0.4185    1.2020
  sheet_lane_depths                           12      4.702    0.1%    0.3919    1.0649
  env_background_prefill                      14      4.549    0.1%    0.3249    1.0243
  rank_groups                                 12      3.464    0.0%    0.2886    0.7740
  pn_patch_flatness_error                     86      3.237    0.0%    0.0376    0.5345
  tonemap_to_u8                               14      3.072    0.0%    0.2194    0.6882
  band_stats_rep_orig                         12      2.886    0.0%    0.2405    0.6525
  pair_expand_write                           24      2.816    0.0%    0.1173    0.4463
  sheet_conflict_rank                         12      2.479    0.0%    0.2066    0.5906
  one_mesh_pixel_apply                        12      2.148    0.0%    0.1790    0.4879
  opaque_prefix_keep                          12      1.161    0.0%    0.0967    0.2556
  mask_popcount                               24      1.105    0.0%    0.0460    0.1118
  pair_expand_count                           24      0.850    0.0%    0.0354    0.1104
  pn_edge_chord_error                         20      0.799    0.0%    0.0399    0.1888

GPU telemetry over render (106 samples @ ~10 Hz, min/avg/max):
  utilization  0/33/100 %   mem-util 0/9/59 %
  SM clock     300/805/1590 MHz   mem clock 405/2702/5000 MHz
  temperature  37/54/74 C   power 9/35/78 W
  ** THROTTLING observed: SwPowerCap (run-to-run timing is unreliable) **

GPU memory: peak allocated 6949 MB, peak reserved 7406 MB
  batch 0: merged tensors 297.5 MB, BVHs 68.7 MB (cuda after merge 6301 MB)
    counts: num_colored_triangles=1429, num_triangles=9204, num_circuits=0, num_frames=110
    bez_bvh: 0 instances, 1 nodes, 0 leaves, 0.0 MB
    bez_opaque_bvh: 0 instances, 1 nodes, 0 leaves, 0.0 MB
    tri_bvh: 0 instances, 5114 nodes, 0 leaves, 34.3 MB
    tri_opaque_bvh: 0 instances, 5114 nodes, 0 leaves, 34.3 MB
    tri_mat: (110, 9204, 39) = 150.6 MB
    tri_pos: (110, 9204, 9) = 34.8 MB
    tri_norm: (110, 9204, 9) = 34.8 MB
    tri_colors: (110, 3987, 3, 5) = 25.1 MB
    tri_extra: (110, 3987, 15) = 25.1 MB
    tri_uvs: (110, 7775, 6) = 19.6 MB
  cProfile dump: disabled (set ALGAN_PROFILE_CPROFILE=1)

==============================================================================
Algan ray-tracing scene profile
==============================================================================
device: cuda (Tesla T4)
  driver 580.159.04  compute cap 7.5  15360 MiB  max SM 1590 MHz / mem 5001 MHz  PCIe gen3 x16
  profiling tools: nvidia-smi=yes, nvprof=yes, ncu=yes, nsys=no
  Taichi kernel profiler: ON
  hooked kernels (64): argsort_pairs, band_stats_reduce, band_stats_rep_orig, bezier_chord_hull_error, compact_ray_slots, env_background_prefill, fill_background_from_func, finalize_samples, gather_fragment_arrays, gloss_composite, gloss_pyramid_level, gloss_scatter, group_counts, key_run_order, mask_popcount, one_mesh_pixel_apply, one_mesh_pixel_reduce, opaque_prefix_keep, pair_expand_count, pair_expand_write, pixel_group_order, pn_edge_chord_error, pn_patch_flatness_error, pt_env_pdf_probe, pt_env_sample_probe, pt_generate, pt_light_tree_pmf_probe, pt_light_tree_probe, pt_nee_pick_probe, pt_offset_probe, pt_reduce, pt_sampler_probe, pt_screen_sampler_probe, pt_shade_arena, rank_groups, raster_bez_count, raster_bez_write, raster_shadow_trace_arena, raster_tri_count, raster_tri_write, refit_pack_level, reorder_ray_slots, sheet_band_reduce, sheet_conflict_rank, sheet_depth_lose, sheet_lane_depths, sheet_lane_depths_inplace, sheet_lane_first_owner, sheet_resolve_shade_arena, sibling_band_counts, sibling_coverage_weights, solid_shell_ceiling, wavefront_generate_rays, wavefront_ray_sort_keys, wavefront_shade_arena, wavefront_shadow_events, wavefront_traverse_events_arena, wf_composite, wf_composite_aa, wf_composite_accum, wf_composite_accum_aa, wf_composite_accum_sparse, wf_finalize_aa, wf_finalize_uncovered
RUN 1: end-to-end 120.99s (render thread: 120.27s accounted, 0.72s unaccounted; worker overlap 0.00s)
RUN 2: end-to-end 8.27s (render thread: 7.87s accounted, 0.41s unaccounted; worker overlap 0.00s)
------------------------------------------------------------------------------
Registers / occupancy not collected in-process (Taichi CUPTI toolkit unavailable here).
Run this to get them via nvprof:

  # registers per thread (no admin needed):
  ALGAN_UNDER_NVPROF=1 nvprof --print-gpu-trace --csv /usr/bin/python3 benchmarks/performance/graphics_scene.py --quality PREVIEW --seconds 6 --kernel-profiler --tag graphics_PREVIEW_legacy
  # achieved occupancy (may need admin on Pascal):
  ALGAN_UNDER_NVPROF=1 nvprof --metrics achieved_occupancy --csv /usr/bin/python3 benchmarks/performance/graphics_scene.py --quality PREVIEW --seconds 6 --kernel-profiler --tag graphics_PREVIEW_legacy

(Taichi's own table below; its % is of total GPU-kernel time, not of run wall time -- see '% run' above for that.)
=========================================================================
Kernel Profiler(count, default) @ CUDA on Tesla T4
=========================================================================
[      %     total   count |      min       avg       max   ] Kernel name
-------------------------------------------------------------------------
[ 73.75%   3.093 s     55x |    0.477    56.238   344.502 ms] raster_shadow_trace_arena_c110_0_kernel_1_range_for
[  8.75%   0.367 s     49x |    0.231     7.492    39.494 ms] wavefront_traverse_events_arena_c96_0_kernel_1_range_for
[  4.33%   0.181 s     49x |    0.078     3.704    16.366 ms] wavefront_shade_arena_c100_0_kernel_1_range_for
[  2.87%   0.120 s      6x |    8.262    20.082    26.742 ms] sheet_resolve_shade_arena_c176_1_kernel_1_range_for
[  1.55%   0.065 s     49x |    0.030     1.328     7.574 ms] wavefront_shadow_events_c98_0_kernel_1_range_for
[  1.39%   0.058 s     55x |    0.416     1.060     1.518 ms] compact_ray_slots_c76_0_kernel_1_range_for
[  1.37%   0.058 s     12x |    0.934     4.802    12.124 ms] raster_tri_write_c104_0_kernel_1_range_for
[  0.82%   0.034 s     12x |    0.719     2.861     5.589 ms] raster_tri_count_c102_0_kernel_1_range_for
[  0.80%   0.034 s      6x |    2.384     5.598     7.688 ms] sheet_resolve_shade_arena_c176_0_kernel_1_range_for
[  0.78%   0.033 s    109x |    0.260     0.298     0.315 ms] gloss_scatter_c68_0_kernel_1_range_for
[  0.64%   0.027 s      6x |    1.493     4.480     6.541 ms] solid_shell_ceiling_c156_0_kernel_1_range_for
[  0.28%   0.012 s      6x |    0.858     1.987     2.803 ms] band_stats_reduce_c158_0_kernel_1_range_for
[  0.25%   0.010 s    981x |    0.004     0.011     0.057 ms] gloss_pyramid_level_c70_0_kernel_1_range_for
[  0.18%   0.008 s      6x |    0.455     1.262     1.810 ms] pixel_group_order_c184_0_kernel_1_range_for
[  0.17%   0.007 s    981x |    0.004     0.007     0.025 ms] gloss_pyramid_level_c70_0_kernel_0_serial
[  0.15%   0.006 s      6x |    0.448     1.021     1.407 ms] sheet_depth_lose_c170_0_kernel_1_range_for
[  0.15%   0.006 s      6x |    0.467     1.014     1.398 ms] sheet_lane_first_owner_c154_0_kernel_1_range_for
[  0.14%   0.006 s    109x |    0.050     0.052     0.062 ms] gloss_composite_c72_0_kernel_1_range_for
[  0.13%   0.005 s     12x |    0.213     0.458     0.635 ms] sheet_band_reduce_c142_0_kernel_1_range_for
[  0.12%   0.005 s      6x |    0.285     0.827     1.202 ms] one_mesh_pixel_reduce_c150_0_kernel_1_range_for
[  0.11%   0.005 s      6x |    0.372     0.774     1.065 ms] sheet_lane_depths_c168_0_kernel_1_range_for
[  0.11%   0.004 s      7x |    0.043     0.636     1.024 ms] env_background_prefill_c178_0_kernel_1_range_for
[  0.10%   0.004 s     32x |    0.017     0.134     0.481 ms] wavefront_ray_sort_keys_c78_1_kernel_1_range_for
[  0.10%   0.004 s    109x |    0.036     0.039     0.045 ms] wf_composite_accum_sparse_c86_0_kernel_1_range_for
[  0.09%   0.004 s      6x |    0.276     0.651     0.911 ms] key_run_order_c186_0_kernel_1_range_for
[  0.08%   0.003 s      6x |    0.252     0.565     0.774 ms] rank_groups_c174_0_kernel_1_range_for
[  0.07%   0.003 s      7x |    0.026     0.430     0.688 ms] tonemap_to_u8_c188_0_kernel_1_range_for
[  0.07%   0.003 s     43x |    0.016     0.067     0.535 ms] pn_patch_flatness_error_c60_0_kernel_1_range_for
[  0.07%   0.003 s      6x |    0.219     0.471     0.653 ms] band_stats_rep_orig_c160_0_kernel_1_range_for
[  0.07%   0.003 s      6x |    0.213     0.457     0.633 ms] sheet_band_reduce_c142_1_kernel_1_range_for
[  0.06%   0.003 s     12x |    0.065     0.224     0.446 ms] pair_expand_write_c164_0_kernel_1_range_for
[  0.06%   0.002 s      6x |    0.164     0.403     0.591 ms] sheet_conflict_rank_c146_0_kernel_1_range_for
[  0.05%   0.002 s      6x |    0.131     0.348     0.488 ms] one_mesh_pixel_apply_c152_0_kernel_1_range_for
[  0.05%   0.002 s      6x |    0.180     0.332     0.455 ms] key_run_order_c186_1_kernel_1_range_for
[  0.03%   0.001 s      6x |    0.077     0.184     0.256 ms] opaque_prefix_keep_c148_0_kernel_1_range_for
[  0.02%   0.001 s     12x |    0.039     0.081     0.112 ms] mask_popcount_c144_0_kernel_1_range_for
[  0.02%   0.001 s    109x |    0.007     0.009     0.027 ms] gloss_scatter_c68_0_kernel_0_serial
[  0.02%   0.001 s    109x |    0.006     0.008     0.025 ms] wf_composite_accum_sparse_c86_0_kernel_0_serial
[  0.02%   0.001 s     16x |    0.012     0.055     0.225 ms] wavefront_ray_sort_keys_c78_0_kernel_1_range_for
[  0.02%   0.001 s    109x |    0.005     0.007     0.023 ms] gloss_composite_c72_0_kernel_0_serial
[  0.02%   0.001 s     12x |    0.023     0.060     0.110 ms] pair_expand_count_c162_0_kernel_1_range_for
[  0.02%   0.001 s     10x |    0.013     0.071     0.189 ms] pn_edge_chord_error_c64_0_kernel_1_range_for
[  0.01%   0.001 s     55x |    0.008     0.011     0.020 ms] raster_shadow_trace_arena_c110_0_kernel_0_serial
[  0.01%   0.001 s     49x |    0.010     0.012     0.029 ms] wavefront_shade_arena_c100_0_kernel_0_serial
[  0.01%   0.001 s     49x |    0.008     0.011     0.020 ms] wavefront_traverse_events_arena_c96_0_kernel_0_serial
[  0.01%   0.001 s     55x |    0.006     0.009     0.027 ms] compact_ray_slots_c76_0_kernel_0_serial
[  0.01%   0.001 s     49x |    0.008     0.010     0.032 ms] wavefront_shadow_events_c98_0_kernel_0_serial
[  0.01%   0.000 s     43x |    0.006     0.008     0.013 ms] pn_patch_flatness_error_c60_0_kernel_0_serial
[  0.01%   0.000 s     32x |    0.008     0.011     0.030 ms] wavefront_ray_sort_keys_c78_1_kernel_0_serial
[  0.00%   0.000 s     16x |    0.008     0.013     0.053 ms] wavefront_ray_sort_keys_c78_0_kernel_0_serial
[  0.00%   0.000 s     12x |    0.008     0.011     0.025 ms] raster_tri_write_c104_0_kernel_0_serial
[  0.00%   0.000 s     12x |    0.009     0.011     0.014 ms] pair_expand_count_c162_0_kernel_0_serial
[  0.00%   0.000 s     12x |    0.008     0.011     0.026 ms] mask_popcount_c144_0_kernel_0_serial
[  0.00%   0.000 s     12x |    0.008     0.011     0.014 ms] pair_expand_write_c164_0_kernel_0_serial
[  0.00%   0.000 s     12x |    0.009     0.011     0.013 ms] raster_tri_count_c102_0_kernel_0_serial
[  0.00%   0.000 s     12x |    0.008     0.009     0.011 ms] sheet_band_reduce_c142_0_kernel_0_serial
[  0.00%   0.000 s      7x |    0.011     0.014     0.016 ms] env_background_prefill_c178_0_kernel_0_serial
[  0.00%   0.000 s     10x |    0.006     0.009     0.017 ms] pn_edge_chord_error_c64_0_kernel_0_serial
[  0.00%   0.000 s      6x |    0.010     0.013     0.023 ms] key_run_order_c186_0_kernel_0_serial
[  0.00%   0.000 s      6x |    0.008     0.012     0.027 ms] rank_groups_c174_0_kernel_0_serial
[  0.00%   0.000 s      6x |    0.011     0.012     0.013 ms] sheet_resolve_shade_arena_c176_1_kernel_0_serial
[  0.00%   0.000 s      7x |    0.008     0.009     0.010 ms] tonemap_to_u8_c188_0_kernel_0_serial
[  0.00%   0.000 s      6x |    0.010     0.011     0.011 ms] sheet_conflict_rank_c146_0_kernel_0_serial
[  0.00%   0.000 s      6x |    0.009     0.010     0.012 ms] pixel_group_order_c184_0_kernel_0_serial
[  0.00%   0.000 s      6x |    0.009     0.010     0.012 ms] key_run_order_c186_1_kernel_0_serial
[  0.00%   0.000 s      6x |    0.009     0.010     0.011 ms] sheet_resolve_shade_arena_c176_0_kernel_0_serial
[  0.00%   0.000 s      6x |    0.009     0.010     0.010 ms] sheet_depth_lose_c170_0_kernel_0_serial
[  0.00%   0.000 s      6x |    0.008     0.010     0.012 ms] solid_shell_ceiling_c156_0_kernel_0_serial
[  0.00%   0.000 s      6x |    0.009     0.010     0.011 ms] sheet_lane_first_owner_c154_0_kernel_0_serial
[  0.00%   0.000 s      6x |    0.008     0.010     0.010 ms] one_mesh_pixel_reduce_c150_0_kernel_0_serial
[  0.00%   0.000 s      6x |    0.009     0.010     0.011 ms] sheet_band_reduce_c142_1_kernel_0_serial
[  0.00%   0.000 s      6x |    0.008     0.010     0.014 ms] band_stats_rep_orig_c160_0_kernel_0_serial
[  0.00%   0.000 s      6x |    0.009     0.010     0.010 ms] one_mesh_pixel_apply_c152_0_kernel_0_serial
[  0.00%   0.000 s      6x |    0.008     0.010     0.011 ms] sheet_lane_depths_c168_0_kernel_0_serial
[  0.00%   0.000 s      6x |    0.008     0.009     0.010 ms] opaque_prefix_keep_c148_0_kernel_0_serial
[  0.00%   0.000 s      6x |    0.008     0.009     0.010 ms] band_stats_reduce_c158_0_kernel_0_serial
-------------------------------------------------------------------------
[100.00%] Total execution time:   4.194 s   number of results: 76
=========================================================================
report written to algan_profile_report_graphics_PREVIEW_legacy.txt
--- step graphics_preview_legacy: ok (rc=0) in 162.6s

==============================================================================
