=== STEP explainer_preview_new ===
==============================================================================
$ git checkout -q 161d7c0 && python benchmarks/performance/explainer_scene.py --quality PREVIEW --seconds 6 --tag explainer_PREVIEW_new
  env ALGAN_VIDEO_ENCODER=software
[bench] explainer: quality PREVIEW (704x396 @ 10 fps), 6s = 60 frames, 2 run(s), tag explainer_PREVIEW_new
[profiling] hooked 64 Taichi kernels (249 ti.funcs are inlined and not separately timed)

===== profiling run 1/2 (cold) =====
Encoding video with libx264
Began rendering /kaggle/working/algan/algan_outputs/profiling/profilingexplainer_PREVIEW_new_run1.mp4
[Quadrants] Starting on arch=cuda
/usr/local/lib/python3.12/dist-packages/quadrants/_test_tools/warnings_helper.py:11: UserWarning: cannot create weak reference to 'quadrants._lib.core.quadrants_python.DataTypeCxx' object. Template mapper caching disabled.
  warnings.warn(message)
Rendering 6/60 frames (10%)
Rendering 12/60 frames (20%)
Rendering 18/60 frames (30%)
Rendering 24/60 frames (40%)
Rendering 30/60 frames (50%)
Rendering 36/60 frames (60%)
Rendering 42/60 frames (70%)
Rendering 48/60 frames (80%)
Rendering 54/60 frames (90%)
Rendering 60/60 frames (100%)
Finished rendering /kaggle/working/algan/algan_outputs/profiling/profilingexplainer_PREVIEW_new_run1.mp4 in 8.5 s
[profile] explainer_PREVIEW_new RUN 1: end-to-end 9.10s, render thread accounted 8.05s + unaccounted 1.05s, worker-thread prep overlapped 0.00s, peak alloc 6257 MB

------------------------------------------------------------------------------
RUN 1 (cold (includes Taichi JIT compile)): end-to-end 9.10s
------------------------------------------------------------------------------
incl is wall time, excl is time spent in function excluding sub-processes of another tracked stage; thread is which thread recorded it (worker = the scene-prefetch thread, overlapped with the render thread and outside its budget)
stage                                                calls  incl (s) incl (%)  excl (s)  excl (%)    launch      sync  thread
arena preflight (batch)                                  1     3.893    42.8%     0.003     0.0%     0.000     0.000    main
ray traced render total                                  3     3.715    40.8%     0.008     0.1%     0.000     0.000    main
  - project_to_screen (prewarm)                          1     3.649    40.1%     0.010     0.1%     0.000     0.000    main
wavefront_loop                                           3     3.606    39.6%     0.003     0.0%     0.000     0.000    main
logical PN: dice + shade + pack (project_to_screen)      1     2.919    32.1%     0.010     0.1%     0.000     0.000    main
logical PN:   - _dice_logical_pn                         1     2.909    32.0%     0.099     1.1%     0.000     0.000    main
raster: sparse resolve                                   2     1.363    15.0%     0.004     0.0%     0.000     0.000    main
kernel: sheet_resolve_shade_arena                        2     1.359    14.9%     1.359    14.9%     1.353     0.006    main
logical PN:     - snap boundary                         14     1.254    13.8%     1.254    13.8%     0.000     0.000    main
wavefront:   - raster tables (batch)                     1     0.798     8.8%     0.000     0.0%     0.000     0.000    main
raster:   - precompute tri projection                    1     0.788     8.7%     0.788     8.7%     0.000     0.000    main
logical PN:     - evaluate patch                         7     0.776     8.5%     0.776     8.5%     0.000     0.000    main
raster: sparse discovery                                 3     0.731     8.0%     0.016     0.2%     0.000     0.000    main
beziers: sample + pack (project_to_screen)               6     0.716     7.9%     0.152     1.7%     0.000     0.000    main
logical PN:     - evaluate normals                       7     0.612     6.7%     0.612     6.7%     0.000     0.000    main
wavefront:   - bounce drain                              2     0.559     6.1%     0.000     0.0%     0.000     0.000    main
beziers:   - _build_circuit_geometry                     6     0.456     5.0%     0.456     5.0%     0.000     0.000    main
wavefront:   - bounce 0 shade                            1     0.399     4.4%     0.001     0.0%     0.000     0.000    main
kernel: wavefront_shade_arena                            1     0.398     4.4%     0.398     4.4%     0.398     0.000    main
Scene._get_batch_of_primitives                           1     0.392     4.3%     0.068     0.7%     0.000     0.000    main
raster:   - compact_sheets                               2     0.247     2.7%     0.080     0.9%     0.000     0.000    main
merge collections + build BVHs                           1     0.241     2.7%     0.077     0.8%     0.000     0.000    main
AnimationTimeline.set_state_to_times                     1     0.229     2.5%     0.146     1.6%     0.000     0.000    main
wavefront:   - tile composite                            2     0.144     1.6%     0.031     0.3%     0.000     0.000    main
wavefront:   - bounce 0 traverse                         1     0.138     1.5%     0.000     0.0%     0.000     0.000    main
kernel: wavefront_traverse_events_arena                  1     0.137     1.5%     0.137     1.5%     0.135     0.003    main
  - refit-BVH build (in merge)                           2     0.135     1.5%     0.135     1.5%     0.000     0.000    main
kernel: raster_tri_count                                 2     0.133     1.5%     0.133     1.5%     0.130     0.003    main
kernel: raster_bez_count                                 4     0.102     1.1%     0.102     1.1%     0.090     0.013    main
post-process (downsample/FXAA/glow)                      3     0.096     1.1%     0.005     0.1%     0.000     0.000    main
beziers:   - _compute_samples_per_segment                6     0.095     1.0%     0.052     0.6%     0.000     0.000    main
logical PN:     - subdivision levels                     1     0.091     1.0%     0.011     0.1%     0.000     0.000    main
logical PN:     - interpolate attrs                    105     0.078     0.9%     0.078     0.9%     0.000     0.000    main
AttributeTimeline.get                                 1279     0.076     0.8%     0.076     0.8%     0.000     0.000    main
kernel: raster_tri_write                                 2     0.074     0.8%     0.074     0.8%     0.072     0.002    main
raster:   - window pairs                                 6     0.071     0.8%     0.006     0.1%     0.000     0.000    main
post:   - device->host copy                              3     0.062     0.7%     0.062     0.7%     0.000     0.000    main
kernel: raster_bez_write                                 4     0.050     0.5%     0.050     0.5%     0.040     0.010    main
logical PN:       - edge level search                    1     0.048     0.5%     0.029     0.3%     0.000     0.000    main
kernel: gloss_pyramid_level                            531     0.046     0.5%     0.046     0.5%     0.031     0.016    main
kernel: bezier_chord_hull_error                         17     0.043     0.5%     0.043     0.5%     0.041     0.001    main
BezierCircuitCubic.get_render_primitives                23     0.042     0.5%     0.030     0.3%     0.000     0.000    main
AttributeTimeline.rematerialize_state_at_times          14     0.038     0.4%     0.038     0.4%     0.000     0.000    main
kernel: pair_expand_count                                6     0.037     0.4%     0.037     0.4%     0.037     0.000    main
logical PN:       - patch level search                   1     0.030     0.3%     0.006     0.1%     0.000     0.000    main
post:   - tonemap/finalize                               3     0.030     0.3%     0.030     0.3%     0.000     0.000    main
  - bezier edge accel (in merge)                         1     0.030     0.3%     0.030     0.3%     0.000     0.000    main
kernel: pair_expand_write                                6     0.028     0.3%     0.028     0.3%     0.028     0.001    main
kernel: gloss_composite                                 59     0.027     0.3%     0.027     0.3%     0.023     0.003    main
logical PN:         - patch flatness error               5     0.025     0.3%     0.001     0.0%     0.000     0.000    main
kernel: key_run_order                                    3     0.025     0.3%     0.025     0.3%     0.024     0.001    main
kernel: pn_patch_flatness_error                          5     0.024     0.3%     0.024     0.3%     0.024     0.000    main
kernel: pixel_group_order                                2     0.023     0.3%     0.023     0.3%     0.022     0.001    main
video encode tail (ffmpeg drain)                         1     0.021     0.2%     0.021     0.2%     0.000     0.000    main
kernel: gloss_scatter                                   59     0.020     0.2%     0.020     0.2%     0.018     0.002    main
logical PN:         - edge chord error                   2     0.020     0.2%     0.000     0.0%     0.000     0.000    main
kernel: sheet_depth_lose                                 2     0.019     0.2%     0.019     0.2%     0.019     0.000    main
kernel: pn_edge_chord_error                              2     0.019     0.2%     0.019     0.2%     0.019     0.000    main
kernel: wf_composite_accum_sparse                       59     0.019     0.2%     0.019     0.2%     0.017     0.002    main
AttributeTimeline.modify                               280     0.019     0.2%     0.019     0.2%     0.000     0.000    main
memory reclaim (gc + cuda cache)                         6     0.018     0.2%     0.018     0.2%     0.000     0.000    main
raster:     - sheets band reduce                         5     0.018     0.2%     0.002     0.0%     0.000     0.000    main
raster:     - sheets band composite                      2     0.017     0.2%     0.001     0.0%     0.000     0.000    main
kernel: solid_shell_ceiling                              1     0.017     0.2%     0.017     0.2%     0.013     0.004    main
kernel: sheet_band_reduce                                5     0.016     0.2%     0.016     0.2%     0.016     0.001    main
build_render_primitives_batched                          3     0.016     0.2%     0.010     0.1%     0.000     0.000    main
beziers:   - _build_frame_bounds                         6     0.013     0.1%     0.013     0.1%     0.000     0.000    main
kernel: one_mesh_pixel_reduce                            2     0.013     0.1%     0.013     0.1%     0.012     0.001    main
wavefront:   - bounce 0 ray sort                         1     0.012     0.1%     0.001     0.0%     0.000     0.000    main
kernel: wavefront_ray_sort_keys                          1     0.011     0.1%     0.011     0.1%     0.011     0.000    main
kernel: band_stats_reduce                                2     0.011     0.1%     0.011     0.1%     0.010     0.001    main
raster:     - sheets conflict rank                       2     0.010     0.1%     0.000     0.0%     0.000     0.000    main
kernel: sheet_conflict_rank                              2     0.010     0.1%     0.010     0.1%     0.010     0.000    main
wavefront:   - compact active                            3     0.009     0.1%     0.001     0.0%     0.000     0.000    main
surfaces: get_render_primitives_batched                  1     0.009     0.1%     0.009     0.1%     0.000     0.000    main
kernel: sheet_lane_first_owner                           2     0.009     0.1%     0.009     0.1%     0.008     0.001    main
kernel: compact_ray_slots                                3     0.009     0.1%     0.009     0.1%     0.007     0.002    main
kernel: opaque_prefix_keep                               2     0.008     0.1%     0.008     0.1%     0.008     0.000    main
wavefront:   - tile state alloc                          2     0.008     0.1%     0.008     0.1%     0.000     0.000    main
raster:   - fragment sort                                2     0.008     0.1%     0.008     0.1%     0.000     0.000    main
kernel: one_mesh_pixel_apply                             2     0.008     0.1%     0.008     0.1%     0.007     0.000    main
raster:   - precompute bez bounds                        1     0.007     0.1%     0.007     0.1%     0.000     0.000    main
kernel: rank_groups                                      2     0.007     0.1%     0.007     0.1%     0.007     0.000    main
kernel: band_stats_rep_orig                              2     0.007     0.1%     0.007     0.1%     0.006     0.000    main
kernel: sheet_lane_depths                                2     0.006     0.1%     0.006     0.1%     0.005     0.001    main
kernel: mask_popcount                                    4     0.006     0.1%     0.006     0.1%     0.006     0.000    main
scene upload to arena                                    1     0.006     0.1%     0.006     0.1%     0.000     0.000    main
raster:     - sheets sibling weights                     2     0.005     0.1%     0.004     0.0%     0.000     0.000    main
background prefill                                       3     0.004     0.0%     0.004     0.0%     0.000     0.000    main
triangles: shade + pack (project_to_screen)              1     0.003     0.0%     0.003     0.0%     0.000     0.000    main
raster:   - precompute tri bounds                        1     0.002     0.0%     0.002     0.0%     0.000     0.000    main
raster:     - sheets prim split                          1     0.002     0.0%     0.002     0.0%     0.000     0.000    main
raster:     - sheets shade class                         2     0.002     0.0%     0.002     0.0%     0.000     0.000    main
raster:   - fragment gather                              2     0.001     0.0%     0.001     0.0%     0.000     0.000    main
wavefront:   - sparse setup                              3     0.001     0.0%     0.001     0.0%     0.000     0.000    main
AttributeTimeline.add                                   16     0.001     0.0%     0.001     0.0%     0.000     0.000    main
wavefront:   - pool overflow poll                        2     0.000     0.0%     0.000     0.0%     0.000     0.000    main
wavefront:   - alloc readback                            2     0.000     0.0%     0.000     0.0%     0.000     0.000    main
free-VRAM probe (empty_cache)                            1     0.000     0.0%     0.000     0.0%     0.000     0.000    main
wavefront:   - drain scratch                             1     0.000     0.0%     0.000     0.0%     0.000     0.000    main
wavefront:   - drain active count                        1     0.000     0.0%     0.000     0.0%     0.000     0.000    main
(unaccounted on the render thread: video encode, scene mgmt, ...)           1.053    11.6%

Wavefront bounce iterations (sheet route; wall time incl. launch + sync):
   bounce  calls     rays in  traverse s   shade s continuations
        0      1       67816       0.138     0.399             -
    total                          0.138     0.399              
  first iteration holds 100.0% of all wavefront_shade time; bounce-loop kernels total 0.537s

GPU telemetry over render (108 samples @ ~10 Hz, min/avg/max):
  utilization  0/2/34 %   mem-util 0/0/25 %
  SM clock     300/442/585 MHz   mem clock 405/2702/5000 MHz
  temperature  39/50/62 C   power 9/19/44 W
  no clock throttling observed

GPU memory: peak allocated 6257 MB, peak reserved 6364 MB
  batch 0: merged tensors 31.4 MB, BVHs 4.4 MB (cuda after merge 5957 MB)
    counts: num_colored_triangles=0, num_triangles=1018, num_circuits=205, num_frames=60
    tri_bvh: 0 instances, 511 nodes, 0 leaves, 1.9 MB
    tri_opaque_bvh: 0 instances, 511 nodes, 0 leaves, 1.9 MB
    bez_bvh: 0 instances, 94 nodes, 0 leaves, 0.3 MB
    bez_opaque_bvh: 0 instances, 94 nodes, 0 leaves, 0.3 MB
    edge_accel: (2649097,) = 10.1 MB
    tri_mat: (60, 1018, 39) = 9.1 MB
    edges_2d: (60, 4215, 6) = 5.8 MB
    tri_pos: (60, 1018, 9) = 2.1 MB
    tri_norm: (60, 1018, 9) = 2.1 MB
    circuit_meta: (60, 205, 25) = 1.2 MB
  cProfile dump: disabled (set ALGAN_PROFILE_CPROFILE=1)

===== profiling run 2/2 (warm) =====
Encoding video with libx264
Began rendering /kaggle/working/algan/algan_outputs/profiling/profilingexplainer_PREVIEW_new_run2.mp4
Rendering 6/60 frames (10%)
Rendering 12/60 frames (20%)
Rendering 18/60 frames (30%)
Rendering 24/60 frames (40%)
Rendering 30/60 frames (50%)
Rendering 36/60 frames (60%)
Rendering 42/60 frames (70%)
Rendering 48/60 frames (80%)
Rendering 54/60 frames (90%)
Rendering 60/60 frames (100%)
Finished rendering /kaggle/working/algan/algan_outputs/profiling/profilingexplainer_PREVIEW_new_run2.mp4 in 1.5 s
[profile] explainer_PREVIEW_new RUN 2: end-to-end 1.59s, render thread accounted 1.22s + unaccounted 0.37s, worker-thread prep overlapped 0.00s, peak alloc 6228 MB

------------------------------------------------------------------------------
RUN 2 (warm (steady state)): end-to-end 1.59s
------------------------------------------------------------------------------
incl is wall time, excl is time spent in function excluding sub-processes of another tracked stage; thread is which thread recorded it (worker = the scene-prefetch thread, overlapped with the render thread and outside its budget)
stage                                                calls  incl (s) incl (%)  excl (s)  excl (%)    launch      sync  thread
arena preflight (batch)                                  1     0.439    27.7%     0.003     0.2%     0.000     0.000    main
Scene._get_batch_of_primitives                           1     0.412    25.9%     0.067     4.2%     0.000     0.000    main
ray traced render total                                  3     0.333    21.0%     0.018     1.1%     0.000     0.000    main
  - project_to_screen (prewarm)                          1     0.263    16.6%     0.010     0.6%     0.000     0.000    main
AnimationTimeline.set_state_to_times                     1     0.244    15.4%     0.161    10.1%     0.000     0.000    main
wavefront_loop                                           3     0.231    14.5%     0.003     0.2%     0.000     0.000    main
merge collections + build BVHs                           1     0.173    10.9%     0.038     2.4%     0.000     0.000    main
beziers: sample + pack (project_to_screen)               6     0.150     9.4%     0.012     0.8%     0.000     0.000    main
  - refit-BVH build (in merge)                           2     0.124     7.8%     0.124     7.8%     0.000     0.000    main
beziers:   - _build_circuit_geometry                     6     0.116     7.3%     0.116     7.3%     0.000     0.000    main
raster: sparse discovery                                 3     0.111     7.0%     0.013     0.8%     0.000     0.000    main
logical PN: dice + shade + pack (project_to_screen)      1     0.102     6.4%     0.002     0.1%     0.000     0.000    main
logical PN:   - _dice_logical_pn                         1     0.100     6.3%     0.060     3.8%     0.000     0.000    main
wavefront:   - tile composite                            2     0.083     5.2%     0.029     1.8%     0.000     0.000    main
AttributeTimeline.get                                 1279     0.081     5.1%     0.081     5.1%     0.000     0.000    main
post-process (downsample/FXAA/glow)                      3     0.080     5.1%     0.004     0.3%     0.000     0.000    main
post:   - device->host copy                              3     0.074     4.7%     0.074     4.7%     0.000     0.000    main
raster:   - compact_sheets                               2     0.056     3.5%     0.036     2.3%     0.000     0.000    main
BezierCircuitCubic.get_render_primitives                23     0.046     2.9%     0.034     2.1%     0.000     0.000    main
kernel: gloss_pyramid_level                            531     0.036     2.2%     0.036     2.2%     0.021     0.014    main
AttributeTimeline.rematerialize_state_at_times          14     0.035     2.2%     0.035     2.2%     0.000     0.000    main
video encode tail (ffmpeg drain)                         1     0.025     1.6%     0.025     1.6%     0.000     0.000    main
logical PN:     - interpolate attrs                    105     0.024     1.5%     0.024     1.5%     0.000     0.000    main
AttributeTimeline.modify                               280     0.020     1.2%     0.020     1.2%     0.000     0.000    main
build_render_primitives_batched                          3     0.016     1.0%     0.010     0.6%     0.000     0.000    main
raster:   - window pairs                                 6     0.015     1.0%     0.009     0.6%     0.000     0.000    main
wavefront:   - raster tables (batch)                     1     0.011     0.7%     0.000     0.0%     0.000     0.000    main
beziers:   - _compute_samples_per_segment                6     0.011     0.7%     0.008     0.5%     0.000     0.000    main
  - bezier edge accel (in merge)                         1     0.010     0.6%     0.010     0.6%     0.000     0.000    main
beziers:   - _build_frame_bounds                         6     0.010     0.6%     0.010     0.6%     0.000     0.000    main
wavefront:   - tile state alloc                          2     0.008     0.5%     0.008     0.5%     0.000     0.000    main
raster:   - precompute bez bounds                        1     0.008     0.5%     0.008     0.5%     0.000     0.000    main
surfaces: get_render_primitives_batched                  1     0.007     0.5%     0.007     0.4%     0.000     0.000    main
kernel: raster_bez_write                                 4     0.007     0.5%     0.007     0.5%     0.002     0.006    main
logical PN:     - subdivision levels                     1     0.007     0.5%     0.002     0.1%     0.000     0.000    main
kernel: raster_bez_count                                 4     0.007     0.4%     0.007     0.4%     0.002     0.005    main
raster: sparse resolve                                   2     0.006     0.4%     0.003     0.2%     0.000     0.000    main
kernel: gloss_composite                                 59     0.006     0.4%     0.006     0.4%     0.003     0.003    main
kernel: gloss_scatter                                   59     0.006     0.4%     0.006     0.4%     0.005     0.002    main
raster:   - fragment sort                                2     0.006     0.4%     0.006     0.4%     0.000     0.000    main
wavefront:   - bounce drain                              2     0.006     0.4%     0.000     0.0%     0.000     0.000    main
scene upload to arena                                    1     0.005     0.3%     0.005     0.3%     0.000     0.000    main
kernel: wf_composite_accum_sparse                       59     0.005     0.3%     0.005     0.3%     0.004     0.002    main
memory reclaim (gc + cuda cache)                         6     0.005     0.3%     0.005     0.3%     0.000     0.000    main
logical PN:     - snap boundary                         14     0.005     0.3%     0.005     0.3%     0.000     0.000    main
raster:     - sheets sibling weights                     2     0.004     0.3%     0.004     0.3%     0.000     0.000    main
background prefill                                       3     0.004     0.3%     0.004     0.3%     0.000     0.000    main
kernel: pair_expand_write                                6     0.004     0.2%     0.004     0.2%     0.003     0.001    main
kernel: sheet_resolve_shade_arena                        2     0.003     0.2%     0.003     0.2%     0.001     0.003    main
kernel: bezier_chord_hull_error                         17     0.003     0.2%     0.003     0.2%     0.002     0.001    main
kernel: pair_expand_count                                6     0.003     0.2%     0.003     0.2%     0.002     0.000    main
raster:     - sheets band reduce                         5     0.003     0.2%     0.001     0.1%     0.000     0.000    main
triangles: shade + pack (project_to_screen)              1     0.003     0.2%     0.003     0.2%     0.000     0.000    main
raster:     - sheets band composite                      2     0.002     0.2%     0.001     0.1%     0.000     0.000    main
logical PN:       - patch level search                   1     0.002     0.1%     0.002     0.1%     0.000     0.000    main
logical PN:     - evaluate normals                       7     0.002     0.1%     0.002     0.1%     0.000     0.000    main
post:   - tonemap/finalize                               3     0.002     0.1%     0.002     0.1%     0.000     0.000    main
wavefront:   - compact active                            3     0.002     0.1%     0.000     0.0%     0.000     0.000    main
raster:     - sheets prim split                          1     0.002     0.1%     0.002     0.1%     0.000     0.000    main
raster:   - precompute tri bounds                        1     0.002     0.1%     0.002     0.1%     0.000     0.000    main
kernel: solid_shell_ceiling                              1     0.002     0.1%     0.002     0.1%     0.000     0.002    main
kernel: raster_tri_count                                 2     0.002     0.1%     0.002     0.1%     0.000     0.001    main
kernel: compact_ray_slots                                3     0.002     0.1%     0.002     0.1%     0.000     0.002    main
logical PN:         - patch flatness error               5     0.002     0.1%     0.001     0.1%     0.000     0.000    main
logical PN:     - evaluate patch                         7     0.002     0.1%     0.002     0.1%     0.000     0.000    main
raster:     - sheets shade class                         2     0.002     0.1%     0.002     0.1%     0.000     0.000    main
logical PN:       - edge level search                    1     0.002     0.1%     0.001     0.1%     0.000     0.000    main
wavefront:   - bounce 0 traverse                         1     0.002     0.1%     0.000     0.0%     0.000     0.000    main
kernel: raster_tri_write                                 2     0.002     0.1%     0.002     0.1%     0.001     0.001    main
kernel: wavefront_traverse_events_arena                  1     0.001     0.1%     0.001     0.1%     0.000     0.001    main
raster:   - fragment gather                              2     0.001     0.1%     0.001     0.1%     0.000     0.000    main
kernel: sheet_band_reduce                                5     0.001     0.1%     0.001     0.1%     0.001     0.001    main
raster:   - precompute tri projection                    1     0.001     0.1%     0.001     0.1%     0.000     0.000    main
AttributeTimeline.add                                   16     0.001     0.1%     0.001     0.1%     0.000     0.000    main
kernel: band_stats_reduce                                2     0.001     0.1%     0.001     0.1%     0.000     0.001    main
wavefront:   - sparse setup                              3     0.001     0.1%     0.001     0.1%     0.000     0.000    main
kernel: key_run_order                                    3     0.001     0.1%     0.001     0.1%     0.000     0.000    main
wavefront:   - bounce 0 shade                            1     0.001     0.1%     0.001     0.0%     0.000     0.000    main
kernel: pn_patch_flatness_error                          5     0.001     0.0%     0.001     0.0%     0.001     0.000    main
kernel: sheet_lane_first_owner                           2     0.001     0.0%     0.001     0.0%     0.000     0.001    main
kernel: one_mesh_pixel_reduce                            2     0.001     0.0%     0.001     0.0%     0.000     0.000    main
kernel: sheet_lane_depths                                2     0.001     0.0%     0.001     0.0%     0.000     0.000    main
wavefront:   - bounce 0 ray sort                         1     0.001     0.0%     0.000     0.0%     0.000     0.000    main
logical PN:         - edge chord error                   2     0.001     0.0%     0.000     0.0%     0.000     0.000    main
raster:     - sheets conflict rank                       2     0.001     0.0%     0.000     0.0%     0.000     0.000    main
kernel: rank_groups                                      2     0.001     0.0%     0.001     0.0%     0.000     0.000    main
kernel: mask_popcount                                    4     0.001     0.0%     0.001     0.0%     0.000     0.000    main
kernel: pixel_group_order                                2     0.000     0.0%     0.000     0.0%     0.000     0.000    main
kernel: sheet_depth_lose                                 2     0.000     0.0%     0.000     0.0%     0.000     0.000    main
kernel: band_stats_rep_orig                              2     0.000     0.0%     0.000     0.0%     0.000     0.000    main
kernel: one_mesh_pixel_apply                             2     0.000     0.0%     0.000     0.0%     0.000     0.000    main
kernel: sheet_conflict_rank                              2     0.000     0.0%     0.000     0.0%     0.000     0.000    main
kernel: pn_edge_chord_error                              2     0.000     0.0%     0.000     0.0%     0.000     0.000    main
kernel: opaque_prefix_keep                               2     0.000     0.0%     0.000     0.0%     0.000     0.000    main
kernel: wavefront_shade_arena                            1     0.000     0.0%     0.000     0.0%     0.000     0.000    main
wavefront:   - alloc readback                            2     0.000     0.0%     0.000     0.0%     0.000     0.000    main
wavefront:   - pool overflow poll                        2     0.000     0.0%     0.000     0.0%     0.000     0.000    main
kernel: wavefront_ray_sort_keys                          1     0.000     0.0%     0.000     0.0%     0.000     0.000    main
wavefront:   - drain scratch                             1     0.000     0.0%     0.000     0.0%     0.000     0.000    main
free-VRAM probe (empty_cache)                            1     0.000     0.0%     0.000     0.0%     0.000     0.000    main
wavefront:   - drain active count                        1     0.000     0.0%     0.000     0.0%     0.000     0.000    main
(unaccounted on the render thread: video encode, scene mgmt, ...)           0.365    23.0%

Wavefront bounce iterations (sheet route; wall time incl. launch + sync):
   bounce  calls     rays in  traverse s   shade s continuations
        0      1       67816       0.002     0.001             -
    total                          0.002     0.001              
  first iteration holds 100.0% of all wavefront_shade time; bounce-loop kernels total 0.002s

GPU telemetry over render (20 samples @ ~10 Hz, min/avg/max):
  utilization  0/16/80 %   mem-util 0/5/34 %
  SM clock     300/720/1590 MHz   mem clock 405/2702/5000 MHz
  temperature  39/50/63 C   power 9/22/46 W
  no clock throttling observed

GPU memory: peak allocated 6228 MB, peak reserved 6334 MB
  batch 0: merged tensors 31.4 MB, BVHs 4.4 MB (cuda after merge 5929 MB)
    counts: num_colored_triangles=0, num_triangles=1018, num_circuits=205, num_frames=60
    tri_bvh: 0 instances, 511 nodes, 0 leaves, 1.9 MB
    tri_opaque_bvh: 0 instances, 511 nodes, 0 leaves, 1.9 MB
    bez_bvh: 0 instances, 94 nodes, 0 leaves, 0.3 MB
    bez_opaque_bvh: 0 instances, 94 nodes, 0 leaves, 0.3 MB
    edge_accel: (2649097,) = 10.1 MB
    tri_mat: (60, 1018, 39) = 9.1 MB
    edges_2d: (60, 4215, 6) = 5.8 MB
    tri_pos: (60, 1018, 9) = 2.1 MB
    tri_norm: (60, 1018, 9) = 2.1 MB
    circuit_meta: (60, 205, 25) = 1.2 MB
  cProfile dump: disabled (set ALGAN_PROFILE_CPROFILE=1)

==============================================================================
Algan ray-tracing scene profile
==============================================================================
device: cuda (Tesla T4)
  driver 580.159.04  compute cap 7.5  15360 MiB  max SM 1590 MHz / mem 5001 MHz  PCIe gen3 x16
  profiling tools: nvidia-smi=yes, nvprof=yes, ncu=yes, nsys=no
  Taichi kernel profiler: off (wall-time only)
  hooked kernels (64): argsort_pairs, band_stats_reduce, band_stats_rep_orig, bezier_chord_hull_error, compact_ray_slots, env_background_prefill, fill_background_from_func, finalize_samples, gather_fragment_arrays, gloss_composite, gloss_pyramid_level, gloss_scatter, group_counts, key_run_order, mask_popcount, one_mesh_pixel_apply, one_mesh_pixel_reduce, opaque_prefix_keep, pair_expand_count, pair_expand_write, pixel_group_order, pn_edge_chord_error, pn_patch_flatness_error, pt_env_pdf_probe, pt_env_sample_probe, pt_generate, pt_light_tree_pmf_probe, pt_light_tree_probe, pt_nee_pick_probe, pt_offset_probe, pt_reduce, pt_sampler_probe, pt_screen_sampler_probe, pt_shade_arena, rank_groups, raster_bez_count, raster_bez_write, raster_shadow_trace_arena, raster_tri_count, raster_tri_write, refit_pack_level, reorder_ray_slots, sheet_band_reduce, sheet_conflict_rank, sheet_depth_lose, sheet_lane_depths, sheet_lane_depths_inplace, sheet_lane_first_owner, sheet_resolve_shade_arena, sibling_band_counts, sibling_coverage_weights, solid_shell_ceiling, wavefront_generate_rays, wavefront_ray_sort_keys, wavefront_shade_arena, wavefront_shadow_events, wavefront_traverse_events_arena, wf_composite, wf_composite_aa, wf_composite_accum, wf_composite_accum_aa, wf_composite_accum_sparse, wf_finalize_aa, wf_finalize_uncovered
RUN 1: end-to-end 9.10s (render thread: 8.05s accounted, 1.05s unaccounted; worker overlap 0.00s)
RUN 2: end-to-end 1.59s (render thread: 1.22s accounted, 0.37s unaccounted; worker overlap 0.00s)
------------------------------------------------------------------------------
Registers / occupancy not collected in-process (Taichi CUPTI toolkit unavailable here).
Run this to get them via nvprof:

  # registers per thread (no admin needed):
  ALGAN_UNDER_NVPROF=1 nvprof --print-gpu-trace --csv /usr/bin/python3 benchmarks/performance/explainer_scene.py --quality PREVIEW --seconds 6 --tag explainer_PREVIEW_new
  # achieved occupancy (may need admin on Pascal):
  ALGAN_UNDER_NVPROF=1 nvprof --metrics achieved_occupancy --csv /usr/bin/python3 benchmarks/performance/explainer_scene.py --quality PREVIEW --seconds 6 --tag explainer_PREVIEW_new
report written to algan_profile_report_explainer_PREVIEW_new.txt
