=== STEP explainer_uhd_new ===
==============================================================================
$ git checkout -q 161d7c0 && python benchmarks/performance/explainer_scene.py --quality UHD --seconds 0.5 --tag explainer_UHD_new
  env ALGAN_VIDEO_ENCODER=software
[bench] explainer: quality UHD (3840x2160 @ 60 fps), 0.5s = 30 frames, 2 run(s), tag explainer_UHD_new
[profiling] hooked 64 Taichi kernels (249 ti.funcs are inlined and not separately timed)

===== profiling run 1/2 (cold) =====
Encoding video with libx264
Began rendering /kaggle/working/algan/algan_outputs/profiling/profilingexplainer_UHD_new_run1.mp4
[Quadrants] Starting on arch=cuda
/usr/local/lib/python3.12/dist-packages/quadrants/_test_tools/warnings_helper.py:11: UserWarning: cannot create weak reference to 'quadrants._lib.core.quadrants_python.DataTypeCxx' object. Template mapper caching disabled.
  warnings.warn(message)
Finished rendering /kaggle/working/algan/algan_outputs/profiling/profilingexplainer_UHD_new_run1.mp4 in 11.1 s
[profile] explainer_UHD_new RUN 1: end-to-end 11.73s, render thread accounted 10.73s + unaccounted 1.00s, worker-thread prep overlapped 0.00s, peak alloc 7170 MB

------------------------------------------------------------------------------
RUN 1 (cold (includes Taichi JIT compile)): end-to-end 11.73s
------------------------------------------------------------------------------
incl is wall time, excl is time spent in function excluding sub-processes of another tracked stage; thread is which thread recorded it (worker = the scene-prefetch thread, overlapped with the render thread and outside its budget)
stage                                                calls  incl (s) incl (%)  excl (s)  excl (%)    launch      sync  thread
ray traced render total                                  9     6.028    51.4%     0.068     0.6%     0.000     0.000    main
wavefront_loop                                           9     5.051    43.1%     0.014     0.1%     0.000     0.000    main
arena preflight (batch)                                  1     4.142    35.3%     0.003     0.0%     0.000     0.000    main
  - project_to_screen (prewarm)                          1     3.896    33.2%     0.008     0.1%     0.000     0.000    main
logical PN: dice + shade + pack (project_to_screen)      1     3.191    27.2%     0.003     0.0%     0.000     0.000    main
logical PN:   - _dice_logical_pn                         1     3.188    27.2%     0.084     0.7%     0.000     0.000    main
raster: sparse discovery                                 9     1.714    14.6%     0.148     1.3%     0.000     0.000    main
logical PN:     - snap boundary                         18     1.628    13.9%     1.628    13.9%     0.000     0.000    main
raster: sparse resolve                                  11     1.279    10.9%     0.046     0.4%     0.000     0.000    main
kernel: sheet_resolve_shade_arena                       10     1.233    10.5%     1.233    10.5%     1.209     0.024    main
post-process (downsample/FXAA/glow)                      9     0.868     7.4%     0.054     0.5%     0.000     0.000    main
wavefront:   - raster tables (batch)                     1     0.839     7.2%     0.000     0.0%     0.000     0.000    main
raster:   - precompute tri projection                    1     0.830     7.1%     0.830     7.1%     0.000     0.000    main
post:   - device->host copy                              9     0.759     6.5%     0.759     6.5%     0.000     0.000    main
raster:   - compact_sheets                               8     0.716     6.1%     0.365     3.1%     0.000     0.000    main
beziers: sample + pack (project_to_screen)               6     0.692     5.9%     0.148     1.3%     0.000     0.000    main
logical PN:     - evaluate patch                         9     0.648     5.5%     0.648     5.5%     0.000     0.000    main
wavefront:   - bounce drain                             10     0.619     5.3%     0.007     0.1%     0.000     0.000    main
logical PN:     - evaluate normals                       9     0.606     5.2%     0.606     5.2%     0.000     0.000    main
beziers:   - _build_circuit_geometry                     6     0.443     3.8%     0.443     3.8%     0.000     0.000    main
Scene._get_batch_of_primitives                           1     0.385     3.3%     0.064     0.5%     0.000     0.000    main
wavefront:   - bounce 0 shade                           10     0.381     3.2%     0.006     0.1%     0.000     0.000    main
wavefront:   - tile composite                           10     0.380     3.2%     0.184     1.6%     0.000     0.000    main
kernel: wavefront_shade_arena                           20     0.378     3.2%     0.378     3.2%     0.376     0.002    main
merge collections + build BVHs                           1     0.243     2.1%     0.063     0.5%     0.000     0.000    main
AnimationTimeline.set_state_to_times                     1     0.233     2.0%     0.137     1.2%     0.000     0.000    main
kernel: raster_tri_count                                 8     0.190     1.6%     0.190     1.6%     0.184     0.006    main
  - refit-BVH build (in merge)                           2     0.168     1.4%     0.168     1.4%     0.000     0.000    main
kernel: raster_bez_count                                16     0.166     1.4%     0.166     1.4%     0.088     0.078    main
video encode tail (ffmpeg drain)                         1     0.153     1.3%     0.153     1.3%     0.000     0.000    main
raster:   - window pairs                                18     0.152     1.3%     0.033     0.3%     0.000     0.000    main
kernel: wavefront_traverse_events_arena                 20     0.147     1.3%     0.147     1.3%     0.136     0.011    main
wavefront:   - bounce 0 traverse                        10     0.147     1.3%     0.004     0.0%     0.000     0.000    main
wavefront:   - tile state alloc                         11     0.145     1.2%     0.145     1.2%     0.000     0.000    main
raster:   - fragment sort                                8     0.125     1.1%     0.125     1.1%     0.000     0.000    main
logical PN:     - interpolate attrs                    135     0.123     1.0%     0.123     1.0%     0.000     0.000    main
logical PN:     - subdivision levels                     1     0.099     0.8%     0.014     0.1%     0.000     0.000    main
beziers:   - _compute_samples_per_segment                6     0.092     0.8%     0.052     0.4%     0.000     0.000    main
kernel: raster_bez_write                                16     0.087     0.7%     0.087     0.7%     0.041     0.046    main
kernel: gloss_pyramid_level                            261     0.085     0.7%     0.085     0.7%     0.029     0.055    main
AttributeTimeline.get                                 1268     0.083     0.7%     0.083     0.7%     0.000     0.000    main
kernel: raster_tri_write                                 8     0.082     0.7%     0.082     0.7%     0.077     0.005    main
kernel: pair_expand_write                               24     0.074     0.6%     0.074     0.6%     0.055     0.019    main
kernel: gloss_composite                                 29     0.067     0.6%     0.067     0.6%     0.023     0.045    main
wavefront:   - sparse setup                              9     0.061     0.5%     0.061     0.5%     0.000     0.000    main
post:   - tonemap/finalize                               9     0.056     0.5%     0.056     0.5%     0.000     0.000    main
logical PN:       - edge level search                    1     0.049     0.4%     0.029     0.2%     0.000     0.000    main
raster:     - sheets sibling weights                     8     0.049     0.4%     0.042     0.4%     0.000     0.000    main
wavefront:   - compact active                           30     0.048     0.4%     0.009     0.1%     0.000     0.000    main
raster:     - sheets band composite                      8     0.046     0.4%     0.023     0.2%     0.000     0.000    main
kernel: pair_expand_count                               24     0.045     0.4%     0.045     0.4%     0.043     0.002    main
kernel: bezier_chord_hull_error                         24     0.040     0.3%     0.040     0.3%     0.038     0.002    main
background prefill                                       9     0.040     0.3%     0.040     0.3%     0.000     0.000    main
kernel: compact_ray_slots                               30     0.039     0.3%     0.039     0.3%     0.011     0.027    main
raster:     - sheets band reduce                        24     0.038     0.3%     0.013     0.1%     0.000     0.000    main
BezierCircuitCubic.get_render_primitives                23     0.037     0.3%     0.026     0.2%     0.000     0.000    main
raster:     - sheets prim split                          8     0.035     0.3%     0.035     0.3%     0.000     0.000    main
logical PN:       - patch level search                   1     0.034     0.3%     0.009     0.1%     0.000     0.000    main
AttributeTimeline.rematerialize_state_at_times          14     0.033     0.3%     0.033     0.3%     0.000     0.000    main
kernel: key_run_order                                   16     0.029     0.2%     0.029     0.2%     0.026     0.003    main
kernel: pixel_group_order                                8     0.028     0.2%     0.028     0.2%     0.020     0.008    main
AttributeTimeline.modify                               276     0.028     0.2%     0.028     0.2%     0.000     0.000    main
logical PN:         - patch flatness error               8     0.026     0.2%     0.002     0.0%     0.000     0.000    main
kernel: sheet_band_reduce                               24     0.025     0.2%     0.025     0.2%     0.018     0.007    main
kernel: solid_shell_ceiling                              8     0.025     0.2%     0.025     0.2%     0.016     0.009    main
kernel: pn_patch_flatness_error                          8     0.025     0.2%     0.025     0.2%     0.024     0.001    main
kernel: band_stats_reduce                                8     0.024     0.2%     0.024     0.2%     0.011     0.013    main
kernel: gloss_scatter                                   31     0.022     0.2%     0.022     0.2%     0.017     0.005    main
kernel: sheet_depth_lose                                 8     0.022     0.2%     0.022     0.2%     0.019     0.003    main
kernel: wf_composite_accum_sparse                       31     0.021     0.2%     0.021     0.2%     0.016     0.006    main
logical PN:         - edge chord error                   3     0.021     0.2%     0.000     0.0%     0.000     0.000    main
kernel: pn_edge_chord_error                              3     0.020     0.2%     0.020     0.2%     0.020     0.000    main
wavefront:   - bounce 0 ray sort                        10     0.018     0.2%     0.006     0.0%     0.000     0.000    main
kernel: one_mesh_pixel_reduce                            8     0.016     0.1%     0.016     0.1%     0.012     0.004    main
build_render_primitives_batched                          3     0.016     0.1%     0.010     0.1%     0.000     0.000    main
kernel: sheet_lane_first_owner                           8     0.016     0.1%     0.016     0.1%     0.007     0.008    main
kernel: mask_popcount                                   16     0.015     0.1%     0.015     0.1%     0.008     0.007    main
memory reclaim (gc + cuda cache)                        12     0.015     0.1%     0.015     0.1%     0.000     0.000    main
kernel: sheet_lane_depths                                8     0.013     0.1%     0.013     0.1%     0.006     0.007    main
kernel: rank_groups                                      8     0.013     0.1%     0.013     0.1%     0.010     0.003    main
kernel: wavefront_ray_sort_keys                         10     0.012     0.1%     0.012     0.1%     0.011     0.001    main
raster:     - sheets conflict rank                       8     0.012     0.1%     0.001     0.0%     0.000     0.000    main
raster:   - fragment gather                              8     0.012     0.1%     0.012     0.1%     0.000     0.000    main
  - bezier edge accel (in merge)                         1     0.011     0.1%     0.011     0.1%     0.000     0.000    main
kernel: sheet_conflict_rank                              8     0.010     0.1%     0.010     0.1%     0.009     0.002    main
beziers:   - _build_frame_bounds                         6     0.010     0.1%     0.010     0.1%     0.000     0.000    main
kernel: opaque_prefix_keep                               8     0.009     0.1%     0.009     0.1%     0.008     0.001    main
kernel: band_stats_rep_orig                              8     0.009     0.1%     0.009     0.1%     0.007     0.003    main
kernel: one_mesh_pixel_apply                             8     0.009     0.1%     0.009     0.1%     0.007     0.002    main
wavefront:   - bounce 1 shade                           10     0.008     0.1%     0.005     0.0%     0.000     0.000    main
raster:     - sheets shade class                         8     0.007     0.1%     0.007     0.1%     0.000     0.000    main
raster:   - precompute bez bounds                        1     0.007     0.1%     0.007     0.1%     0.000     0.000    main
wavefront:   - bounce 1 traverse                        10     0.007     0.1%     0.002     0.0%     0.000     0.000    main
surfaces: get_render_primitives_batched                  1     0.006     0.1%     0.006     0.1%     0.000     0.000    main
scene upload to arena                                    1     0.006     0.1%     0.006     0.1%     0.000     0.000    main
triangles: shade + pack (project_to_screen)              1     0.005     0.0%     0.005     0.0%     0.000     0.000    main
wavefront:   - drain scratch                            20     0.003     0.0%     0.003     0.0%     0.000     0.000    main
raster:   - precompute tri bounds                        1     0.002     0.0%     0.002     0.0%     0.000     0.000    main
AttributeTimeline.add                                   16     0.001     0.0%     0.001     0.0%     0.000     0.000    main
wavefront:   - pool overflow poll                       10     0.001     0.0%     0.001     0.0%     0.000     0.000    main
wavefront:   - alloc readback                           10     0.001     0.0%     0.001     0.0%     0.000     0.000    main
wavefront:   - drain active count                       20     0.001     0.0%     0.001     0.0%     0.000     0.000    main
free-VRAM probe (empty_cache)                            1     0.000     0.0%     0.000     0.0%     0.000     0.000    main
(unaccounted on the render thread: video encode, scene mgmt, ...)           1.002     8.5%

Wavefront bounce iterations (sheet route; wall time incl. launch + sync):
   bounce  calls     rays in  traverse s   shade s continuations
        0     10      960996       0.147     0.381           105
        1     10         105       0.007     0.008             -
    total                          0.153     0.389              
  first iteration holds 97.9% of all wavefront_shade time; bounce-loop kernels total 0.543s

GPU telemetry over render (136 samples @ ~10 Hz, min/avg/max):
  utilization  0/6/63 %   mem-util 0/4/56 %
  SM clock     300/529/1590 MHz   mem clock 405/2702/5000 MHz
  temperature  39/49/61 C   power 9/21/65 W
  ** THROTTLING observed: SwPowerCap (run-to-run timing is unreliable) **

GPU memory: peak allocated 7170 MB, peak reserved 7564 MB
  batch 0: merged tensors 22.0 MB, BVHs 2.9 MB (cuda after merge 5944 MB)
    counts: num_colored_triangles=0, num_triangles=1441, num_circuits=205, num_frames=30
    tri_bvh: 0 instances, 712 nodes, 0 leaves, 1.3 MB
    tri_opaque_bvh: 0 instances, 712 nodes, 0 leaves, 1.3 MB
    bez_bvh: 0 instances, 93 nodes, 0 leaves, 0.2 MB
    bez_opaque_bvh: 0 instances, 93 nodes, 0 leaves, 0.2 MB
    tri_mat: (30, 1441, 39) = 6.4 MB
    edge_accel: (1528526,) = 5.8 MB
    edges_2d: (30, 8085, 6) = 5.6 MB
    tri_pos: (30, 1441, 9) = 1.5 MB
    tri_norm: (30, 1441, 9) = 1.5 MB
    circuit_meta: (30, 205, 25) = 0.6 MB
  cProfile dump: disabled (set ALGAN_PROFILE_CPROFILE=1)

===== profiling run 2/2 (warm) =====
Encoding video with libx264
Began rendering /kaggle/working/algan/algan_outputs/profiling/profilingexplainer_UHD_new_run2.mp4
Finished rendering /kaggle/working/algan/algan_outputs/profiling/profilingexplainer_UHD_new_run2.mp4 in 4.0 s
[profile] explainer_UHD_new RUN 2: end-to-end 4.01s, render thread accounted 3.68s + unaccounted 0.33s, worker-thread prep overlapped 0.00s, peak alloc 7144 MB

------------------------------------------------------------------------------
RUN 2 (warm (steady state)): end-to-end 4.01s
------------------------------------------------------------------------------
incl is wall time, excl is time spent in function excluding sub-processes of another tracked stage; thread is which thread recorded it (worker = the scene-prefetch thread, overlapped with the render thread and outside its budget)
stage                                                calls  incl (s) incl (%)  excl (s)  excl (%)    launch      sync  thread
ray traced render total                                  9     2.565    64.0%     0.049     1.2%     0.000     0.000    main
wavefront_loop                                           9     1.611    40.2%     0.010     0.2%     0.000     0.000    main
raster: sparse discovery                                 9     0.985    24.6%     0.110     2.7%     0.000     0.000    main
post-process (downsample/FXAA/glow)                      9     0.857    21.4%     0.059     1.5%     0.000     0.000    main
post:   - device->host copy                              9     0.769    19.2%     0.769    19.2%     0.000     0.000    main
raster:   - compact_sheets                               8     0.608    15.2%     0.408    10.2%     0.000     0.000    main
Scene._get_batch_of_primitives                           1     0.521    13.0%     0.081     2.0%     0.000     0.000    main
arena preflight (batch)                                  1     0.444    11.1%     0.003     0.1%     0.000     0.000    main
AnimationTimeline.set_state_to_times                     1     0.308     7.7%     0.189     4.7%     0.000     0.000    main
wavefront:   - tile composite                           10     0.286     7.1%     0.177     4.4%     0.000     0.000    main
  - project_to_screen (prewarm)                          1     0.259     6.5%     0.007     0.2%     0.000     0.000    main
merge collections + build BVHs                           1     0.182     4.5%     0.031     0.8%     0.000     0.000    main
beziers: sample + pack (project_to_screen)               6     0.152     3.8%     0.010     0.3%     0.000     0.000    main
  - refit-BVH build (in merge)                           2     0.131     3.3%     0.131     3.3%     0.000     0.000    main
video encode tail (ffmpeg drain)                         1     0.125     3.1%     0.125     3.1%     0.000     0.000    main
beziers:   - _build_circuit_geometry                     6     0.120     3.0%     0.120     3.0%     0.000     0.000    main
wavefront:   - tile state alloc                         11     0.114     2.8%     0.114     2.8%     0.000     0.000    main
AttributeTimeline.get                                 1268     0.111     2.8%     0.111     2.8%     0.000     0.000    main
logical PN: dice + shade + pack (project_to_screen)      1     0.098     2.5%     0.010     0.2%     0.000     0.000    main
wavefront:   - bounce drain                             10     0.093     2.3%     0.006     0.1%     0.000     0.000    main
logical PN:   - _dice_logical_pn                         1     0.088     2.2%     0.037     0.9%     0.000     0.000    main
raster:   - fragment sort                                8     0.076     1.9%     0.076     1.9%     0.000     0.000    main
kernel: gloss_pyramid_level                            261     0.061     1.5%     0.061     1.5%     0.015     0.046    main
raster:   - window pairs                                18     0.058     1.4%     0.034     0.8%     0.000     0.000    main
wavefront:   - sparse setup                              9     0.057     1.4%     0.057     1.4%     0.000     0.000    main
raster: sparse resolve                                  11     0.053     1.3%     0.030     0.8%     0.000     0.000    main
background prefill                                       9     0.049     1.2%     0.049     1.2%     0.000     0.000    main
BezierCircuitCubic.get_render_primitives                23     0.047     1.2%     0.034     0.8%     0.000     0.000    main
kernel: raster_bez_write                                16     0.047     1.2%     0.047     1.2%     0.006     0.041    main
kernel: raster_bez_count                                16     0.047     1.2%     0.047     1.2%     0.006     0.041    main
raster:     - sheets sibling weights                     8     0.043     1.1%     0.041     1.0%     0.000     0.000    main
wavefront:   - compact active                           30     0.041     1.0%     0.005     0.1%     0.000     0.000    main
kernel: compact_ray_slots                               30     0.036     0.9%     0.036     0.9%     0.004     0.032    main
AttributeTimeline.modify                               276     0.035     0.9%     0.035     0.9%     0.000     0.000    main
AttributeTimeline.rematerialize_state_at_times          14     0.035     0.9%     0.035     0.9%     0.000     0.000    main
build_render_primitives_batched                          3     0.033     0.8%     0.020     0.5%     0.000     0.000    main
kernel: gloss_composite                                 29     0.031     0.8%     0.031     0.8%     0.002     0.029    main
logical PN:     - interpolate attrs                    135     0.030     0.7%     0.030     0.7%     0.000     0.000    main
post:   - tonemap/finalize                               9     0.029     0.7%     0.029     0.7%     0.000     0.000    main
raster:     - sheets band reduce                        24     0.028     0.7%     0.012     0.3%     0.000     0.000    main
raster:     - sheets prim split                          8     0.026     0.6%     0.026     0.6%     0.000     0.000    main
kernel: sheet_resolve_shade_arena                       10     0.022     0.6%     0.022     0.6%     0.002     0.020    main
kernel: sheet_lane_first_owner                           8     0.021     0.5%     0.021     0.5%     0.006     0.016    main
raster:     - sheets band composite                      8     0.020     0.5%     0.009     0.2%     0.000     0.000    main
  - bezier edge accel (in merge)                         1     0.020     0.5%     0.020     0.5%     0.000     0.000    main
surfaces: get_render_primitives_batched                  1     0.019     0.5%     0.018     0.5%     0.000     0.000    main
memory reclaim (gc + cuda cache)                        12     0.019     0.5%     0.019     0.5%     0.000     0.000    main
kernel: pair_expand_write                               24     0.018     0.5%     0.018     0.5%     0.004     0.015    main
kernel: sheet_band_reduce                               24     0.016     0.4%     0.016     0.4%     0.004     0.012    main
kernel: wavefront_traverse_events_arena                 20     0.014     0.3%     0.014     0.3%     0.005     0.009    main
wavefront:   - bounce 0 traverse                        10     0.014     0.3%     0.003     0.1%     0.000     0.000    main
beziers:   - _compute_samples_per_segment                6     0.013     0.3%     0.009     0.2%     0.000     0.000    main
kernel: raster_tri_count                                 8     0.013     0.3%     0.013     0.3%     0.003     0.010    main
kernel: solid_shell_ceiling                              8     0.012     0.3%     0.012     0.3%     0.003     0.009    main
kernel: band_stats_reduce                                8     0.012     0.3%     0.012     0.3%     0.001     0.010    main
wavefront:   - raster tables (batch)                     1     0.011     0.3%     0.000     0.0%     0.000     0.000    main
logical PN:     - subdivision levels                     1     0.010     0.3%     0.003     0.1%     0.000     0.000    main
wavefront:   - bounce 0 shade                           10     0.010     0.3%     0.006     0.2%     0.000     0.000    main
kernel: key_run_order                                   16     0.009     0.2%     0.009     0.2%     0.005     0.005    main
raster:   - fragment gather                              8     0.009     0.2%     0.009     0.2%     0.000     0.000    main
beziers:   - _build_frame_bounds                         6     0.009     0.2%     0.009     0.2%     0.000     0.000    main
kernel: gloss_scatter                                   31     0.008     0.2%     0.008     0.2%     0.004     0.005    main
kernel: wf_composite_accum_sparse                       31     0.008     0.2%     0.008     0.2%     0.003     0.005    main
raster:   - precompute bez bounds                        1     0.008     0.2%     0.008     0.2%     0.000     0.000    main
wavefront:   - bounce 1 shade                           10     0.008     0.2%     0.004     0.1%     0.000     0.000    main
kernel: wavefront_shade_arena                           20     0.007     0.2%     0.007     0.2%     0.005     0.002    main
kernel: raster_tri_write                                 8     0.007     0.2%     0.007     0.2%     0.003     0.004    main
raster:     - sheets shade class                         8     0.007     0.2%     0.007     0.2%     0.000     0.000    main
kernel: sheet_lane_depths                                8     0.007     0.2%     0.007     0.2%     0.001     0.006    main
wavefront:   - bounce 0 ray sort                        10     0.006     0.2%     0.004     0.1%     0.000     0.000    main
logical PN:     - snap boundary                         18     0.006     0.2%     0.006     0.2%     0.000     0.000    main
kernel: band_stats_rep_orig                              8     0.006     0.1%     0.006     0.1%     0.001     0.005    main
wavefront:   - bounce 1 traverse                        10     0.006     0.1%     0.002     0.1%     0.000     0.000    main
kernel: pair_expand_count                               24     0.006     0.1%     0.006     0.1%     0.004     0.002    main
kernel: one_mesh_pixel_reduce                            8     0.006     0.1%     0.006     0.1%     0.002     0.004    main
kernel: pixel_group_order                                8     0.006     0.1%     0.006     0.1%     0.004     0.002    main
scene upload to arena                                    1     0.005     0.1%     0.005     0.1%     0.000     0.000    main
kernel: rank_groups                                      8     0.004     0.1%     0.004     0.1%     0.001     0.003    main
raster:     - sheets conflict rank                       8     0.004     0.1%     0.001     0.0%     0.000     0.000    main
kernel: bezier_chord_hull_error                         24     0.004     0.1%     0.004     0.1%     0.002     0.001    main
kernel: mask_popcount                                   16     0.003     0.1%     0.003     0.1%     0.002     0.001    main
kernel: sheet_depth_lose                                 8     0.003     0.1%     0.003     0.1%     0.001     0.002    main
logical PN:       - patch level search                   1     0.003     0.1%     0.002     0.1%     0.000     0.000    main
kernel: one_mesh_pixel_apply                             8     0.003     0.1%     0.003     0.1%     0.001     0.002    main
logical PN:         - patch flatness error               8     0.003     0.1%     0.002     0.0%     0.000     0.000    main
logical PN:     - evaluate normals                       9     0.003     0.1%     0.003     0.1%     0.000     0.000    main
kernel: sheet_conflict_rank                              8     0.003     0.1%     0.003     0.1%     0.001     0.001    main
logical PN:       - edge level search                    1     0.003     0.1%     0.002     0.0%     0.000     0.000    main
triangles: shade + pack (project_to_screen)              1     0.002     0.1%     0.002     0.1%     0.000     0.000    main
wavefront:   - drain scratch                            20     0.002     0.1%     0.002     0.1%     0.000     0.000    main
kernel: opaque_prefix_keep                               8     0.002     0.1%     0.002     0.1%     0.001     0.001    main
logical PN:     - evaluate patch                         9     0.002     0.1%     0.002     0.1%     0.000     0.000    main
raster:   - precompute tri bounds                        1     0.002     0.0%     0.002     0.0%     0.000     0.000    main
kernel: wavefront_ray_sort_keys                         10     0.002     0.0%     0.002     0.0%     0.001     0.000    main
raster:   - precompute tri projection                    1     0.001     0.0%     0.001     0.0%     0.000     0.000    main
kernel: pn_patch_flatness_error                          8     0.001     0.0%     0.001     0.0%     0.001     0.000    main
AttributeTimeline.add                                   16     0.001     0.0%     0.001     0.0%     0.000     0.000    main
wavefront:   - pool overflow poll                       10     0.001     0.0%     0.001     0.0%     0.000     0.000    main
logical PN:         - edge chord error                   3     0.001     0.0%     0.000     0.0%     0.000     0.000    main
wavefront:   - alloc readback                           10     0.001     0.0%     0.001     0.0%     0.000     0.000    main
wavefront:   - drain active count                       20     0.001     0.0%     0.001     0.0%     0.000     0.000    main
kernel: pn_edge_chord_error                              3     0.000     0.0%     0.000     0.0%     0.000     0.000    main
free-VRAM probe (empty_cache)                            1     0.000     0.0%     0.000     0.0%     0.000     0.000    main
(unaccounted on the render thread: video encode, scene mgmt, ...)           0.327     8.2%

Wavefront bounce iterations (sheet route; wall time incl. launch + sync):
   bounce  calls     rays in  traverse s   shade s continuations
        0     10      960996       0.014     0.010           105
        1     10         105       0.006     0.008             -
    total                          0.019     0.018              
  first iteration holds 57.6% of all wavefront_shade time; bounce-loop kernels total 0.037s

GPU telemetry over render (48 samples @ ~10 Hz, min/avg/max):
  utilization  0/18/86 %   mem-util 0/12/66 %
  SM clock     300/827/1590 MHz   mem clock 405/2702/5000 MHz
  temperature  39/50/63 C   power 9/28/80 W
  ** THROTTLING observed: SwPowerCap (run-to-run timing is unreliable) **

GPU memory: peak allocated 7144 MB, peak reserved 7550 MB
  batch 0: merged tensors 22.0 MB, BVHs 2.9 MB (cuda after merge 5916 MB)
    counts: num_colored_triangles=0, num_triangles=1441, num_circuits=205, num_frames=30
    tri_bvh: 0 instances, 712 nodes, 0 leaves, 1.3 MB
    tri_opaque_bvh: 0 instances, 712 nodes, 0 leaves, 1.3 MB
    bez_bvh: 0 instances, 93 nodes, 0 leaves, 0.2 MB
    bez_opaque_bvh: 0 instances, 93 nodes, 0 leaves, 0.2 MB
    tri_mat: (30, 1441, 39) = 6.4 MB
    edge_accel: (1528526,) = 5.8 MB
    edges_2d: (30, 8085, 6) = 5.6 MB
    tri_pos: (30, 1441, 9) = 1.5 MB
    tri_norm: (30, 1441, 9) = 1.5 MB
    circuit_meta: (30, 205, 25) = 0.6 MB
  cProfile dump: disabled (set ALGAN_PROFILE_CPROFILE=1)

==============================================================================
Algan ray-tracing scene profile
==============================================================================
device: cuda (Tesla T4)
  driver 580.159.04  compute cap 7.5  15360 MiB  max SM 1590 MHz / mem 5001 MHz  PCIe gen3 x16
  profiling tools: nvidia-smi=yes, nvprof=yes, ncu=yes, nsys=no
  Taichi kernel profiler: off (wall-time only)
  hooked kernels (64): argsort_pairs, band_stats_reduce, band_stats_rep_orig, bezier_chord_hull_error, compact_ray_slots, env_background_prefill, fill_background_from_func, finalize_samples, gather_fragment_arrays, gloss_composite, gloss_pyramid_level, gloss_scatter, group_counts, key_run_order, mask_popcount, one_mesh_pixel_apply, one_mesh_pixel_reduce, opaque_prefix_keep, pair_expand_count, pair_expand_write, pixel_group_order, pn_edge_chord_error, pn_patch_flatness_error, pt_env_pdf_probe, pt_env_sample_probe, pt_generate, pt_light_tree_pmf_probe, pt_light_tree_probe, pt_nee_pick_probe, pt_offset_probe, pt_reduce, pt_sampler_probe, pt_screen_sampler_probe, pt_shade_arena, rank_groups, raster_bez_count, raster_bez_write, raster_shadow_trace_arena, raster_tri_count, raster_tri_write, refit_pack_level, reorder_ray_slots, sheet_band_reduce, sheet_conflict_rank, sheet_depth_lose, sheet_lane_depths, sheet_lane_depths_inplace, sheet_lane_first_owner, sheet_resolve_shade_arena, sibling_band_counts, sibling_coverage_weights, solid_shell_ceiling, wavefront_generate_rays, wavefront_ray_sort_keys, wavefront_shade_arena, wavefront_shadow_events, wavefront_traverse_events_arena, wf_composite, wf_composite_aa, wf_composite_accum, wf_composite_accum_aa, wf_composite_accum_sparse, wf_finalize_aa, wf_finalize_uncovered
RUN 1: end-to-end 11.73s (render thread: 10.73s accounted, 1.00s unaccounted; worker overlap 0.00s)
RUN 2: end-to-end 4.01s (render thread: 3.68s accounted, 0.33s unaccounted; worker overlap 0.00s)
------------------------------------------------------------------------------
Registers / occupancy not collected in-process (Taichi CUPTI toolkit unavailable here).
Run this to get them via nvprof:

  # registers per thread (no admin needed):
  ALGAN_UNDER_NVPROF=1 nvprof --print-gpu-trace --csv /usr/bin/python3 benchmarks/performance/explainer_scene.py --quality UHD --seconds 0.5 --tag explainer_UHD_new
  # achieved occupancy (may need admin on Pascal):
  ALGAN_UNDER_NVPROF=1 nvprof --metrics achieved_occupancy --csv /usr/bin/python3 benchmarks/performance/explainer_scene.py --quality UHD --seconds 0.5 --tag explainer_UHD_new
report written to algan_profile_report_explainer_UHD_new.txt
