=== STEP explainer_uhd_old ===
==============================================================================
$ git checkout -q f158d32 && python benchmarks/performance/explainer_scene.py --quality UHD --seconds 0.5 --tag explainer_UHD_old
  env ALGAN_VIDEO_ENCODER=software
[bench] explainer: quality UHD (3840x2160 @ 60 fps), 0.5s = 30 frames, 2 run(s), tag explainer_UHD_old
[profiling] hooked 64 Taichi kernels (249 ti.funcs are inlined and not separately timed)

===== profiling run 1/2 (cold) =====
Encoding video with libx264
Began rendering /kaggle/working/algan/algan_outputs/profiling/profilingexplainer_UHD_old_run1.mp4
[Quadrants] Starting on arch=cuda
Preparing render kernels. If this is the first render on this machine (or after an update), compiling the GPU kernels can take several minutes. Compiled kernels are cached, so subsequent renders start immediately.
/usr/local/lib/python3.12/dist-packages/quadrants/_test_tools/warnings_helper.py:11: UserWarning: cannot create weak reference to 'quadrants._lib.core.quadrants_python.DataTypeCxx' object. Template mapper caching disabled.
  warnings.warn(message)
Finished rendering /kaggle/working/algan/algan_outputs/profiling/profilingexplainer_UHD_old_run1.mp4 in 95.2 s
[profile] explainer_UHD_old RUN 1: end-to-end 97.32s, render thread accounted 94.79s + unaccounted 2.53s, worker-thread prep overlapped 0.00s, peak alloc 7170 MB

------------------------------------------------------------------------------
RUN 1 (cold (includes Taichi JIT compile)): end-to-end 97.32s
------------------------------------------------------------------------------
incl is wall time, excl is time spent in function excluding sub-processes of another tracked stage; thread is which thread recorded it (worker = the scene-prefetch thread, overlapped with the render thread and outside its budget)
stage                                                calls  incl (s) incl (%)  excl (s)  excl (%)    launch      sync  thread
ray traced render total                                  9    84.934    87.3%     0.043     0.0%     0.000     0.000    main
wavefront_loop                                           9    84.028    86.3%     0.017     0.0%     0.000     0.000    main
raster: sparse resolve                                  11    60.726    62.4%     0.039     0.0%     0.000     0.000    main
kernel: sheet_resolve_shade_arena                       10    60.687    62.4%    60.687    62.4%    60.663     0.025    main
wavefront:   - bounce drain                             10    14.296    14.7%     0.007     0.0%     0.000     0.000    main
wavefront:   - bounce 0 shade                           10    12.365    12.7%     0.006     0.0%     0.000     0.000    main
kernel: wavefront_shade_arena                           20    12.362    12.7%    12.362    12.7%    12.360     0.002    main
arena preflight (batch)                                  1     9.312     9.6%     0.003     0.0%     0.000     0.000    main
  - project_to_screen (prewarm)                          1     9.020     9.3%     0.008     0.0%     0.000     0.000    main
logical PN: dice + shade + pack (project_to_screen)      1     7.631     7.8%     0.002     0.0%     0.000     0.000    main
logical PN:   - _dice_logical_pn                         1     7.629     7.8%     0.063     0.1%     0.000     0.000    main
logical PN:     - snap boundary                         18     5.224     5.4%     5.224     5.4%     0.000     0.000    main
wavefront:   - raster tables (batch)                     1     4.844     5.0%     0.000     0.0%     0.000     0.000    main
raster:   - precompute tri projection                    1     4.834     5.0%     4.834     5.0%     0.000     0.000    main
raster: sparse discovery                                 9     3.588     3.7%     0.115     0.1%     0.000     0.000    main
wavefront:   - bounce 0 traverse                        10     1.735     1.8%     0.009     0.0%     0.000     0.000    main
kernel: wavefront_traverse_events_arena                 20     1.730     1.8%     1.730     1.8%     1.719     0.010    main
logical PN:     - evaluate normals                       9     1.455     1.5%     1.455     1.5%     0.000     0.000    main
beziers: sample + pack (project_to_screen)               6     1.379     1.4%     0.185     0.2%     0.000     0.000    main
kernel: raster_bez_count                                16     1.070     1.1%     1.070     1.1%     1.019     0.051    main
kernel: raster_bez_write                                16     0.824     0.8%     0.824     0.8%     0.783     0.041    main
post-process (downsample/FXAA/glow)                      9     0.816     0.8%     0.054     0.1%     0.000     0.000    main
raster:   - compact_sheets                               8     0.760     0.8%     0.364     0.4%     0.000     0.000    main
logical PN:     - evaluate patch                         9     0.711     0.7%     0.711     0.7%     0.000     0.000    main
post:   - device->host copy                              9     0.702     0.7%     0.702     0.7%     0.000     0.000    main
beziers:   - _compute_samples_per_segment                6     0.657     0.7%     0.045     0.0%     0.000     0.000    main
kernel: bezier_chord_hull_error                         24     0.612     0.6%     0.612     0.6%     0.610     0.002    main
beziers:   - _build_circuit_geometry                     6     0.520     0.5%     0.520     0.5%     0.000     0.000    main
raster:   - window pairs                                18     0.431     0.4%     0.039     0.0%     0.000     0.000    main
Scene._get_batch_of_primitives                           1     0.382     0.4%     0.063     0.1%     0.000     0.000    main
wavefront:   - tile composite                           10     0.372     0.4%     0.183     0.2%     0.000     0.000    main
merge collections + build BVHs                           1     0.289     0.3%     0.062     0.1%     0.000     0.000    main
AnimationTimeline.set_state_to_times                     1     0.234     0.2%     0.138     0.1%     0.000     0.000    main
  - refit-BVH build (in merge)                           2     0.216     0.2%     0.216     0.2%     0.000     0.000    main
kernel: pair_expand_count                               24     0.208     0.2%     0.208     0.2%     0.206     0.002    main
kernel: raster_tri_count                                 8     0.187     0.2%     0.187     0.2%     0.176     0.010    main
kernel: pair_expand_write                               24     0.184     0.2%     0.184     0.2%     0.166     0.018    main
video encode tail (ffmpeg drain)                         1     0.138     0.1%     0.138     0.1%     0.000     0.000    main
wavefront:   - tile state alloc                         11     0.132     0.1%     0.132     0.1%     0.000     0.000    main
wavefront:   - bounce 0 ray sort                        10     0.126     0.1%     0.005     0.0%     0.000     0.000    main
kernel: wavefront_ray_sort_keys                         10     0.121     0.1%     0.121     0.1%     0.120     0.001    main
logical PN:     - subdivision levels                     1     0.099     0.1%     0.014     0.0%     0.000     0.000    main
kernel: raster_tri_write                                 8     0.082     0.1%     0.082     0.1%     0.078     0.005    main
AttributeTimeline.get                                 1268     0.082     0.1%     0.082     0.1%     0.000     0.000    main
logical PN:     - interpolate attrs                    135     0.077     0.1%     0.077     0.1%     0.000     0.000    main
raster:   - fragment sort                                8     0.072     0.1%     0.072     0.1%     0.000     0.000    main
kernel: gloss_pyramid_level                            261     0.071     0.1%     0.071     0.1%     0.024     0.046    main
post:   - tonemap/finalize                               9     0.061     0.1%     0.061     0.1%     0.000     0.000    main
raster:     - sheets sibling weights                     8     0.053     0.1%     0.045     0.0%     0.000     0.000    main
kernel: gloss_composite                                 29     0.053     0.1%     0.053     0.1%     0.024     0.029    main
wavefront:   - sparse setup                              9     0.052     0.1%     0.052     0.1%     0.000     0.000    main
logical PN:       - edge level search                    1     0.049     0.1%     0.029     0.0%     0.000     0.000    main
wavefront:   - compact active                           30     0.046     0.0%     0.006     0.0%     0.000     0.000    main
background prefill                                       9     0.046     0.0%     0.046     0.0%     0.000     0.000    main
raster:     - sheets band reduce                        24     0.045     0.0%     0.019     0.0%     0.000     0.000    main
kernel: compact_ray_slots                               30     0.041     0.0%     0.041     0.0%     0.014     0.027    main
raster:     - sheets prim split                          8     0.041     0.0%     0.041     0.0%     0.000     0.000    main
raster:     - sheets shade class                         8     0.036     0.0%     0.036     0.0%     0.000     0.000    main
BezierCircuitCubic.get_render_primitives                23     0.035     0.0%     0.025     0.0%     0.000     0.000    main
AttributeTimeline.rematerialize_state_at_times          14     0.035     0.0%     0.035     0.0%     0.000     0.000    main
logical PN:       - patch level search                   1     0.034     0.0%     0.008     0.0%     0.000     0.000    main
kernel: gloss_scatter                                   31     0.033     0.0%     0.033     0.0%     0.028     0.005    main
kernel: wf_composite_accum_sparse                       31     0.033     0.0%     0.033     0.0%     0.027     0.006    main
raster:     - sheets band composite                      8     0.032     0.0%     0.011     0.0%     0.000     0.000    main
kernel: key_run_order                                   16     0.031     0.0%     0.031     0.0%     0.028     0.003    main
kernel: solid_shell_ceiling                              8     0.028     0.0%     0.028     0.0%     0.015     0.013    main
logical PN:         - patch flatness error               8     0.028     0.0%     0.002     0.0%     0.000     0.000    main
kernel: sheet_band_reduce                               24     0.026     0.0%     0.026     0.0%     0.017     0.009    main
AttributeTimeline.modify                               276     0.026     0.0%     0.026     0.0%     0.000     0.000    main
kernel: pn_patch_flatness_error                          8     0.026     0.0%     0.026     0.0%     0.025     0.001    main
kernel: rank_groups                                      8     0.024     0.0%     0.024     0.0%     0.008     0.016    main
kernel: sheet_depth_lose                                 8     0.023     0.0%     0.023     0.0%     0.018     0.004    main
kernel: pixel_group_order                                8     0.022     0.0%     0.022     0.0%     0.015     0.007    main
raster:     - sheets conflict rank                       8     0.021     0.0%     0.011     0.0%     0.000     0.000    main
logical PN:         - edge chord error                   3     0.020     0.0%     0.000     0.0%     0.000     0.000    main
kernel: pn_edge_chord_error                              3     0.020     0.0%     0.020     0.0%     0.020     0.000    main
kernel: band_stats_reduce                                8     0.018     0.0%     0.018     0.0%     0.009     0.009    main
beziers:   - _build_frame_bounds                         6     0.017     0.0%     0.017     0.0%     0.000     0.000    main
kernel: one_mesh_pixel_reduce                            8     0.016     0.0%     0.016     0.0%     0.012     0.004    main
build_render_primitives_batched                          3     0.015     0.0%     0.009     0.0%     0.000     0.000    main
kernel: sheet_lane_first_owner                           8     0.014     0.0%     0.014     0.0%     0.007     0.007    main
kernel: mask_popcount                                   16     0.014     0.0%     0.014     0.0%     0.006     0.007    main
kernel: band_stats_rep_orig                              8     0.012     0.0%     0.012     0.0%     0.006     0.005    main
raster:   - fragment gather                              8     0.011     0.0%     0.011     0.0%     0.000     0.000    main
kernel: sheet_lane_depths                                8     0.011     0.0%     0.011     0.0%     0.006     0.005    main
memory reclaim (gc + cuda cache)                        12     0.011     0.0%     0.011     0.0%     0.000     0.000    main
kernel: sheet_conflict_rank                              8     0.011     0.0%     0.011     0.0%     0.009     0.002    main
  - bezier edge accel (in merge)                         1     0.010     0.0%     0.010     0.0%     0.000     0.000    main
kernel: one_mesh_pixel_apply                             8     0.010     0.0%     0.010     0.0%     0.008     0.002    main
kernel: opaque_prefix_keep                               8     0.009     0.0%     0.009     0.0%     0.008     0.001    main
wavefront:   - bounce 1 shade                           10     0.008     0.0%     0.004     0.0%     0.000     0.000    main
raster:   - precompute bez bounds                        1     0.007     0.0%     0.007     0.0%     0.000     0.000    main
wavefront:   - bounce 1 traverse                        10     0.006     0.0%     0.003     0.0%     0.000     0.000    main
scene upload to arena                                    1     0.006     0.0%     0.006     0.0%     0.000     0.000    main
surfaces: get_render_primitives_batched                  1     0.006     0.0%     0.005     0.0%     0.000     0.000    main
triangles: shade + pack (project_to_screen)              1     0.003     0.0%     0.003     0.0%     0.000     0.000    main
wavefront:   - drain scratch                            20     0.003     0.0%     0.003     0.0%     0.000     0.000    main
raster:   - precompute tri bounds                        1     0.002     0.0%     0.002     0.0%     0.000     0.000    main
AttributeTimeline.add                                   16     0.001     0.0%     0.001     0.0%     0.000     0.000    main
wavefront:   - pool overflow poll                       10     0.001     0.0%     0.001     0.0%     0.000     0.000    main
wavefront:   - alloc readback                           10     0.001     0.0%     0.001     0.0%     0.000     0.000    main
wavefront:   - drain active count                       20     0.001     0.0%     0.001     0.0%     0.000     0.000    main
free-VRAM probe (empty_cache)                            1     0.000     0.0%     0.000     0.0%     0.000     0.000    main
(unaccounted on the render thread: video encode, scene mgmt, ...)           2.529     2.6%

Wavefront bounce iterations (sheet route; wall time incl. launch + sync):
   bounce  calls     rays in  traverse s   shade s continuations
        0     10      960996       1.735    12.365           105
        1     10         105       0.006     0.008             -
    total                          1.741    12.372              
  first iteration holds 99.9% of all wavefront_shade time; bounce-loop kernels total 14.114s

GPU telemetry over render (1146 samples @ ~10 Hz, min/avg/max):
  utilization  0/1/69 %   mem-util 0/0/67 %
  SM clock     300/452/1590 MHz   mem clock 405/2702/5000 MHz
  temperature  38/47/59 C   power 9/19/65 W
  ** THROTTLING observed: SwPowerCap (run-to-run timing is unreliable) **

GPU memory: peak allocated 7170 MB, peak reserved 7600 MB
  batch 0: merged tensors 22.0 MB, BVHs 2.9 MB (cuda after merge 5944 MB)
    counts: num_colored_triangles=0, num_triangles=1441, num_circuits=205, num_frames=30
    tri_bvh: 0 instances, 712 nodes, 0 leaves, 1.3 MB
    tri_opaque_bvh: 0 instances, 712 nodes, 0 leaves, 1.3 MB
    bez_bvh: 0 instances, 93 nodes, 0 leaves, 0.2 MB
    bez_opaque_bvh: 0 instances, 93 nodes, 0 leaves, 0.2 MB
    tri_mat: (30, 1441, 39) = 6.4 MB
    edge_accel: (1528526,) = 5.8 MB
    edges_2d: (30, 8085, 6) = 5.6 MB
    tri_pos: (30, 1441, 9) = 1.5 MB
    tri_norm: (30, 1441, 9) = 1.5 MB
    circuit_meta: (30, 205, 25) = 0.6 MB
  cProfile dump: disabled (set ALGAN_PROFILE_CPROFILE=1)

===== profiling run 2/2 (warm) =====
Encoding video with libx264
Began rendering /kaggle/working/algan/algan_outputs/profiling/profilingexplainer_UHD_old_run2.mp4
Finished rendering /kaggle/working/algan/algan_outputs/profiling/profilingexplainer_UHD_old_run2.mp4 in 4.0 s
[profile] explainer_UHD_old RUN 2: end-to-end 3.99s, render thread accounted 3.61s + unaccounted 0.39s, worker-thread prep overlapped 0.00s, peak alloc 7143 MB

------------------------------------------------------------------------------
RUN 2 (warm (steady state)): end-to-end 3.99s
------------------------------------------------------------------------------
incl is wall time, excl is time spent in function excluding sub-processes of another tracked stage; thread is which thread recorded it (worker = the scene-prefetch thread, overlapped with the render thread and outside its budget)
stage                                                calls  incl (s) incl (%)  excl (s)  excl (%)    launch      sync  thread
ray traced render total                                  9     2.548    63.8%     0.035     0.9%     0.000     0.000    main
wavefront_loop                                           9     1.701    42.6%     0.011     0.3%     0.000     0.000    main
raster: sparse discovery                                 9     1.039    26.0%     0.111     2.8%     0.000     0.000    main
post-process (downsample/FXAA/glow)                      9     0.762    19.1%     0.054     1.3%     0.000     0.000    main
post:   - device->host copy                              9     0.680    17.0%     0.680    17.0%     0.000     0.000    main
raster:   - compact_sheets                               8     0.676    16.9%     0.429    10.8%     0.000     0.000    main
arena preflight (batch)                                  1     0.500    12.5%     0.003     0.1%     0.000     0.000    main
Scene._get_batch_of_primitives                           1     0.394     9.9%     0.066     1.6%     0.000     0.000    main
wavefront:   - tile composite                           10     0.301     7.5%     0.178     4.5%     0.000     0.000    main
  - project_to_screen (prewarm)                          1     0.272     6.8%     0.007     0.2%     0.000     0.000    main
AnimationTimeline.set_state_to_times                     1     0.238     6.0%     0.141     3.5%     0.000     0.000    main
merge collections + build BVHs                           1     0.225     5.6%     0.030     0.8%     0.000     0.000    main
beziers: sample + pack (project_to_screen)               6     0.172     4.3%     0.042     1.0%     0.000     0.000    main
video encode tail (ffmpeg drain)                         1     0.143     3.6%     0.143     3.6%     0.000     0.000    main
  - refit-BVH build (in merge)                           2     0.132     3.3%     0.132     3.3%     0.000     0.000    main
wavefront:   - tile state alloc                         11     0.129     3.2%     0.129     3.2%     0.000     0.000    main
beziers:   - _build_circuit_geometry                     6     0.107     2.7%     0.107     2.7%     0.000     0.000    main
wavefront:   - bounce drain                             10     0.105     2.6%     0.006     0.2%     0.000     0.000    main
logical PN: dice + shade + pack (project_to_screen)      1     0.090     2.3%     0.002     0.0%     0.000     0.000    main
logical PN:   - _dice_logical_pn                         1     0.088     2.2%     0.037     0.9%     0.000     0.000    main
AttributeTimeline.get                                 1268     0.087     2.2%     0.087     2.2%     0.000     0.000    main
kernel: gloss_pyramid_level                            261     0.065     1.6%     0.065     1.6%     0.017     0.048    main
  - bezier edge accel (in merge)                         1     0.063     1.6%     0.063     1.6%     0.000     0.000    main
raster:     - sheets sibling weights                     8     0.063     1.6%     0.061     1.5%     0.000     0.000    main
raster:   - window pairs                                18     0.063     1.6%     0.033     0.8%     0.000     0.000    main
raster:   - fragment sort                                8     0.061     1.5%     0.061     1.5%     0.000     0.000    main
raster: sparse resolve                                  11     0.054     1.4%     0.032     0.8%     0.000     0.000    main
background prefill                                       9     0.051     1.3%     0.051     1.3%     0.000     0.000    main
wavefront:   - sparse setup                              9     0.049     1.2%     0.049     1.2%     0.000     0.000    main
kernel: raster_bez_count                                16     0.049     1.2%     0.049     1.2%     0.006     0.043    main
kernel: raster_bez_write                                16     0.042     1.0%     0.042     1.0%     0.010     0.031    main
kernel: gloss_composite                                 29     0.039     1.0%     0.039     1.0%     0.002     0.037    main
wavefront:   - compact active                           30     0.039     1.0%     0.005     0.1%     0.000     0.000    main
BezierCircuitCubic.get_render_primitives                23     0.038     1.0%     0.027     0.7%     0.000     0.000    main
raster:     - sheets band reduce                        24     0.038     0.9%     0.017     0.4%     0.000     0.000    main
kernel: compact_ray_slots                               30     0.034     0.8%     0.034     0.8%     0.007     0.027    main
AttributeTimeline.rematerialize_state_at_times          14     0.033     0.8%     0.033     0.8%     0.000     0.000    main
raster:     - sheets band composite                      8     0.031     0.8%     0.015     0.4%     0.000     0.000    main
logical PN:     - interpolate attrs                    135     0.030     0.7%     0.030     0.7%     0.000     0.000    main
post:   - tonemap/finalize                               9     0.029     0.7%     0.029     0.7%     0.000     0.000    main
AttributeTimeline.modify                               276     0.027     0.7%     0.027     0.7%     0.000     0.000    main
raster:     - sheets shade class                         8     0.024     0.6%     0.024     0.6%     0.000     0.000    main
kernel: pair_expand_write                               24     0.024     0.6%     0.024     0.6%     0.004     0.020    main
kernel: sheet_resolve_shade_arena                       10     0.022     0.6%     0.022     0.6%     0.003     0.020    main
kernel: sheet_band_reduce                               24     0.021     0.5%     0.021     0.5%     0.008     0.013    main
kernel: wavefront_traverse_events_arena                 20     0.018     0.4%     0.018     0.4%     0.009     0.009    main
raster:     - sheets prim split                          8     0.017     0.4%     0.017     0.4%     0.000     0.000    main
kernel: solid_shell_ceiling                              8     0.017     0.4%     0.017     0.4%     0.003     0.014    main
wavefront:   - bounce 0 traverse                        10     0.017     0.4%     0.003     0.1%     0.000     0.000    main
build_render_primitives_batched                          3     0.017     0.4%     0.010     0.3%     0.000     0.000    main
beziers:   - _compute_samples_per_segment                6     0.014     0.3%     0.010     0.2%     0.000     0.000    main
kernel: sheet_lane_depths                                8     0.014     0.3%     0.014     0.3%     0.001     0.012    main
kernel: wavefront_shade_arena                           20     0.014     0.3%     0.014     0.3%     0.005     0.008    main
kernel: key_run_order                                   16     0.013     0.3%     0.013     0.3%     0.004     0.009    main
memory reclaim (gc + cuda cache)                        12     0.012     0.3%     0.012     0.3%     0.000     0.000    main
wavefront:   - bounce 0 shade                           10     0.012     0.3%     0.006     0.2%     0.000     0.000    main
wavefront:   - bounce 1 shade                           10     0.012     0.3%     0.004     0.1%     0.000     0.000    main
wavefront:   - raster tables (batch)                     1     0.011     0.3%     0.000     0.0%     0.000     0.000    main
kernel: raster_tri_write                                 8     0.011     0.3%     0.011     0.3%     0.007     0.004    main
logical PN:     - subdivision levels                     1     0.011     0.3%     0.003     0.1%     0.000     0.000    main
kernel: band_stats_reduce                                8     0.010     0.3%     0.010     0.3%     0.002     0.009    main
kernel: wf_composite_accum_sparse                       31     0.010     0.3%     0.010     0.3%     0.003     0.007    main
kernel: mask_popcount                                   16     0.010     0.2%     0.010     0.2%     0.002     0.007    main
beziers:   - _build_frame_bounds                         6     0.009     0.2%     0.009     0.2%     0.000     0.000    main
wavefront:   - bounce 1 traverse                        10     0.009     0.2%     0.005     0.1%     0.000     0.000    main
raster:   - fragment gather                              8     0.009     0.2%     0.009     0.2%     0.000     0.000    main
kernel: sheet_lane_first_owner                           8     0.009     0.2%     0.009     0.2%     0.003     0.006    main
kernel: gloss_scatter                                   31     0.008     0.2%     0.008     0.2%     0.004     0.005    main
raster:   - precompute bez bounds                        1     0.008     0.2%     0.008     0.2%     0.000     0.000    main
kernel: raster_tri_count                                 8     0.007     0.2%     0.007     0.2%     0.003     0.004    main
wavefront:   - bounce 0 ray sort                        10     0.007     0.2%     0.005     0.1%     0.000     0.000    main
surfaces: get_render_primitives_batched                  1     0.006     0.2%     0.005     0.1%     0.000     0.000    main
logical PN:     - snap boundary                         18     0.006     0.1%     0.006     0.1%     0.000     0.000    main
kernel: pair_expand_count                               24     0.006     0.1%     0.006     0.1%     0.004     0.002    main
kernel: one_mesh_pixel_reduce                            8     0.005     0.1%     0.005     0.1%     0.002     0.004    main
scene upload to arena                                    1     0.005     0.1%     0.005     0.1%     0.000     0.000    main
kernel: rank_groups                                      8     0.005     0.1%     0.005     0.1%     0.001     0.004    main
raster:     - sheets conflict rank                       8     0.004     0.1%     0.001     0.0%     0.000     0.000    main
kernel: bezier_chord_hull_error                         24     0.004     0.1%     0.004     0.1%     0.002     0.001    main
kernel: band_stats_rep_orig                              8     0.004     0.1%     0.004     0.1%     0.001     0.002    main
kernel: sheet_depth_lose                                 8     0.003     0.1%     0.003     0.1%     0.001     0.002    main
logical PN:       - patch level search                   1     0.003     0.1%     0.002     0.1%     0.000     0.000    main
kernel: one_mesh_pixel_apply                             8     0.003     0.1%     0.003     0.1%     0.001     0.002    main
logical PN:         - patch flatness error               8     0.003     0.1%     0.002     0.0%     0.000     0.000    main
logical PN:     - evaluate normals                       9     0.003     0.1%     0.003     0.1%     0.000     0.000    main
wavefront:   - drain scratch                            20     0.003     0.1%     0.003     0.1%     0.000     0.000    main
triangles: shade + pack (project_to_screen)              1     0.003     0.1%     0.003     0.1%     0.000     0.000    main
kernel: pixel_group_order                                8     0.003     0.1%     0.003     0.1%     0.001     0.002    main
kernel: sheet_conflict_rank                              8     0.003     0.1%     0.003     0.1%     0.001     0.001    main
logical PN:       - edge level search                    1     0.002     0.1%     0.002     0.0%     0.000     0.000    main
kernel: opaque_prefix_keep                               8     0.002     0.1%     0.002     0.1%     0.001     0.001    main
logical PN:     - evaluate patch                         9     0.002     0.1%     0.002     0.1%     0.000     0.000    main
kernel: wavefront_ray_sort_keys                         10     0.002     0.0%     0.002     0.0%     0.001     0.001    main
raster:   - precompute tri bounds                        1     0.002     0.0%     0.002     0.0%     0.000     0.000    main
kernel: pn_patch_flatness_error                          8     0.001     0.0%     0.001     0.0%     0.001     0.000    main
raster:   - precompute tri projection                    1     0.001     0.0%     0.001     0.0%     0.000     0.000    main
AttributeTimeline.add                                   16     0.001     0.0%     0.001     0.0%     0.000     0.000    main
wavefront:   - pool overflow poll                       10     0.001     0.0%     0.001     0.0%     0.000     0.000    main
wavefront:   - alloc readback                           10     0.001     0.0%     0.001     0.0%     0.000     0.000    main
logical PN:         - edge chord error                   3     0.001     0.0%     0.000     0.0%     0.000     0.000    main
wavefront:   - drain active count                       20     0.001     0.0%     0.001     0.0%     0.000     0.000    main
kernel: pn_edge_chord_error                              3     0.000     0.0%     0.000     0.0%     0.000     0.000    main
free-VRAM probe (empty_cache)                            1     0.000     0.0%     0.000     0.0%     0.000     0.000    main
(unaccounted on the render thread: video encode, scene mgmt, ...)           0.388     9.7%

Wavefront bounce iterations (sheet route; wall time incl. launch + sync):
   bounce  calls     rays in  traverse s   shade s continuations
        0     10      960996       0.017     0.012           105
        1     10         105       0.009     0.012             -
    total                          0.026     0.024              
  first iteration holds 51.7% of all wavefront_shade time; bounce-loop kernels total 0.050s

GPU telemetry over render (46 samples @ ~10 Hz, min/avg/max):
  utilization  0/18/100 %   mem-util 0/13/67 %
  SM clock     300/839/1590 MHz   mem clock 405/2702/5000 MHz
  temperature  39/49/60 C   power 9/29/71 W
  ** THROTTLING observed: SwPowerCap (run-to-run timing is unreliable) **

GPU memory: peak allocated 7143 MB, peak reserved 7586 MB
  batch 0: merged tensors 22.0 MB, BVHs 2.9 MB (cuda after merge 5916 MB)
    counts: num_colored_triangles=0, num_triangles=1441, num_circuits=205, num_frames=30
    tri_bvh: 0 instances, 712 nodes, 0 leaves, 1.3 MB
    tri_opaque_bvh: 0 instances, 712 nodes, 0 leaves, 1.3 MB
    bez_bvh: 0 instances, 93 nodes, 0 leaves, 0.2 MB
    bez_opaque_bvh: 0 instances, 93 nodes, 0 leaves, 0.2 MB
    tri_mat: (30, 1441, 39) = 6.4 MB
    edge_accel: (1528526,) = 5.8 MB
    edges_2d: (30, 8085, 6) = 5.6 MB
    tri_pos: (30, 1441, 9) = 1.5 MB
    tri_norm: (30, 1441, 9) = 1.5 MB
    circuit_meta: (30, 205, 25) = 0.6 MB
  cProfile dump: disabled (set ALGAN_PROFILE_CPROFILE=1)

==============================================================================
Algan ray-tracing scene profile
==============================================================================
device: cuda (Tesla T4)
  driver 580.159.04  compute cap 7.5  15360 MiB  max SM 1590 MHz / mem 5001 MHz  PCIe gen3 x16
  profiling tools: nvidia-smi=yes, nvprof=yes, ncu=yes, nsys=no
  Taichi kernel profiler: off (wall-time only)
  hooked kernels (64): argsort_pairs, band_stats_reduce, band_stats_rep_orig, bezier_chord_hull_error, compact_ray_slots, env_background_prefill, fill_background_from_func, finalize_samples, gather_fragment_arrays, gloss_composite, gloss_pyramid_level, gloss_scatter, group_counts, key_run_order, mask_popcount, one_mesh_pixel_apply, one_mesh_pixel_reduce, opaque_prefix_keep, pair_expand_count, pair_expand_write, pixel_group_order, pn_edge_chord_error, pn_patch_flatness_error, pt_env_pdf_probe, pt_env_sample_probe, pt_generate, pt_light_tree_pmf_probe, pt_light_tree_probe, pt_nee_pick_probe, pt_offset_probe, pt_reduce, pt_sampler_probe, pt_screen_sampler_probe, pt_shade_arena, rank_groups, raster_bez_count, raster_bez_write, raster_shadow_trace_arena, raster_tri_count, raster_tri_write, refit_pack_level, reorder_ray_slots, sheet_band_reduce, sheet_conflict_rank, sheet_depth_lose, sheet_lane_depths, sheet_lane_depths_inplace, sheet_lane_first_owner, sheet_resolve_shade_arena, sibling_band_counts, sibling_coverage_weights, solid_shell_ceiling, wavefront_generate_rays, wavefront_ray_sort_keys, wavefront_shade_arena, wavefront_shadow_events, wavefront_traverse_events_arena, wf_composite, wf_composite_aa, wf_composite_accum, wf_composite_accum_aa, wf_composite_accum_sparse, wf_finalize_aa, wf_finalize_uncovered
RUN 1: end-to-end 97.32s (render thread: 94.79s accounted, 2.53s unaccounted; worker overlap 0.00s)
RUN 2: end-to-end 3.99s (render thread: 3.61s accounted, 0.39s unaccounted; worker overlap 0.00s)
------------------------------------------------------------------------------
Registers / occupancy not collected in-process (Taichi CUPTI toolkit unavailable here).
Run this to get them via nvprof:

  # registers per thread (no admin needed):
  ALGAN_UNDER_NVPROF=1 nvprof --print-gpu-trace --csv /usr/bin/python3 benchmarks/performance/explainer_scene.py --quality UHD --seconds 0.5 --tag explainer_UHD_old
  # achieved occupancy (may need admin on Pascal):
  ALGAN_UNDER_NVPROF=1 nvprof --metrics achieved_occupancy --csv /usr/bin/python3 benchmarks/performance/explainer_scene.py --quality UHD --seconds 0.5 --tag explainer_UHD_old
report written to algan_profile_report_explainer_UHD_old.txt
