=== STEP graphics_uhd_old ===
==============================================================================
$ git checkout -q f158d32 && python benchmarks/performance/graphics_scene.py --quality UHD --seconds 0.5 --tag graphics_UHD_old
  env ALGAN_VIDEO_ENCODER=software
[bench] graphics: quality UHD (3840x2160 @ 60 fps), 0.5s = 30 frames, 2 run(s), tag graphics_UHD_old
[profiling] hooked 64 Taichi kernels (249 ti.funcs are inlined and not separately timed)

===== profiling run 1/2 (cold) =====
Encoding video with libx264
Began rendering /kaggle/working/algan/algan_outputs/profiling/profilinggraphics_UHD_old_run1.mp4
[Quadrants] Starting on arch=cuda
Preparing render kernels. If this is the first render on this machine (or after an update), compiling the GPU kernels can take several minutes. Compiled kernels are cached, so subsequent renders start immediately.
/usr/local/lib/python3.12/dist-packages/quadrants/_test_tools/warnings_helper.py:11: UserWarning: cannot create weak reference to 'quadrants._lib.core.quadrants_python.DataTypeCxx' object. Template mapper caching disabled.
  warnings.warn(message)
Finished rendering /kaggle/working/algan/algan_outputs/profiling/profilinggraphics_UHD_old_run1.mp4 in 223.1 s
[profile] graphics_UHD_old RUN 1: end-to-end 223.48s, render thread accounted 222.57s + unaccounted 0.91s, worker-thread prep overlapped 0.00s, peak alloc 12491 MB

------------------------------------------------------------------------------
RUN 1 (cold (includes Taichi JIT compile)): end-to-end 223.48s
------------------------------------------------------------------------------
incl is wall time, excl is time spent in function excluding sub-processes of another tracked stage; thread is which thread recorded it (worker = the scene-prefetch thread, overlapped with the render thread and outside its budget)
stage                                                calls  incl (s) incl (%)  excl (s)  excl (%)    launch      sync  thread
ray traced render total                                 33   208.942    93.5%     0.690     0.3%     0.000     0.000    main
wavefront_loop                                          33   206.628    92.5%     0.259     0.1%     0.000     0.000    main
raster: sparse resolve                                 173   131.610    58.9%     1.209     0.5%     0.000     0.000    main
kernel: sheet_resolve_shade_arena                      334    98.981    44.3%    98.981    44.3%    96.932     2.049    main
wavefront:   - bounce drain                            167    58.538    26.2%     0.267     0.1%     0.000     0.000    main
kernel: raster_shadow_trace_arena                     1134    56.291    25.2%    56.291    25.2%     3.185    53.106    main
wavefront:   - bounce 0 shadow events                  167    14.099     6.3%     1.103     0.5%     0.000     0.000    main
kernel: wavefront_shade_arena                          985    13.926     6.2%    13.926     6.2%    12.118     1.808    main
wavefront:   - bounce 0 shade                          139    12.768     5.7%     0.061     0.0%     0.000     0.000    main
arena preflight (batch)                                  1    12.223     5.5%     0.052     0.0%     0.000     0.000    main
raster: sparse discovery                                33    11.707     5.2%     0.746     0.3%     0.000     0.000    main
  - project_to_screen (prewarm)                          1    11.578     5.2%     0.025     0.0%     0.000     0.000    main
logical PN: dice + shade + pack (project_to_screen)      4    11.293     5.1%     0.025     0.0%     0.000     0.000    main
logical PN:   - _dice_logical_pn                         4    11.268     5.0%     0.581     0.3%     0.000     0.000    main
kernel: wavefront_traverse_events_arena               1013     7.974     3.6%     7.974     3.6%     1.014     6.960    main
wavefront:   - bounce 1 shadow events                  123     7.734     3.5%     0.615     0.3%     0.000     0.000    main
kernel: wavefront_shadow_events                       1013     5.250     2.3%     5.250     2.3%     4.269     0.982    main
logical PN:     - snap boundary                        114     4.771     2.1%     4.771     2.1%     0.000     0.000    main
raster:   - compact_sheets                              32     4.762     2.1%     2.723     1.2%     0.000     0.000    main
wavefront:   - bounce 2 shadow events                  122     4.022     1.8%     0.377     0.2%     0.000     0.000    main
wavefront:   - bounce 0 traverse                       167     3.959     1.8%     0.046     0.0%     0.000     0.000    main
wavefront:   - bounce 3 shadow events                  122     3.286     1.5%     0.274     0.1%     0.000     0.000    main
logical PN:     - evaluate normals                      57     2.525     1.1%     2.525     1.1%     0.000     0.000    main
kernel: raster_tri_write                                64     2.328     1.0%     2.328     1.0%     1.212     1.117    main
logical PN:     - evaluate patch                        57     2.256     1.0%     2.256     1.0%     0.000     0.000    main
wavefront:   - tile state alloc                        173     2.234     1.0%     2.234     1.0%     0.000     0.000    main
kernel: raster_tri_count                                64     2.006     0.9%     2.006     0.9%     1.784     0.222    main
wavefront:   - bounce 4 shadow events                  119     1.921     0.9%     0.204     0.1%     0.000     0.000    main
wavefront:   - compact active                         1152     1.752     0.8%     0.159     0.1%     0.000     0.000    main
wavefront:   - bounce 1 traverse                       123     1.599     0.7%     0.031     0.0%     0.000     0.000    main
kernel: compact_ray_slots                             1152     1.592     0.7%     1.592     0.7%     0.123     1.470    main
wavefront:   - tile composite                          139     1.236     0.6%     0.277     0.1%     0.000     0.000    main
Scene._get_batch_of_primitives                           1     1.102     0.5%     0.643     0.3%     0.000     0.000    main
raster:   - fragment sort                               32     1.100     0.5%     1.100     0.5%     0.000     0.000    main
wavefront:   - bounce 5 shadow events                  119     0.969     0.4%     0.170     0.1%     0.000     0.000    main
post-process (downsample/FXAA/glow)                     33     0.923     0.4%     0.100     0.0%     0.000     0.000    main
wavefront:   - bounce 2 traverse                       122     0.899     0.4%     0.030     0.0%     0.000     0.000    main
wavefront:   - raster tables (batch)                     1     0.863     0.4%     0.000     0.0%     0.000     0.000    main
raster:   - precompute tri projection                    1     0.858     0.4%     0.858     0.4%     0.000     0.000    main
logical PN:     - subdivision levels                     4     0.783     0.4%     0.144     0.1%     0.000     0.000    main
post:   - device->host copy                             33     0.715     0.3%     0.715     0.3%     0.000     0.000    main
wavefront:   - bounce 3 traverse                       122     0.659     0.3%     0.029     0.0%     0.000     0.000    main
wavefront:   - bounce 6 shadow events                  119     0.643     0.3%     0.164     0.1%     0.000     0.000    main
kernel: env_background_prefill                          33     0.616     0.3%     0.616     0.3%     0.547     0.069    main
merge collections + build BVHs                           1     0.593     0.3%     0.341     0.2%     0.000     0.000    main
wavefront:   - bounce 1 shade                          123     0.518     0.2%     0.050     0.0%     0.000     0.000    main
wavefront:   - bounce 7 shadow events                  119     0.508     0.2%     0.157     0.1%     0.000     0.000    main
kernel: gloss_scatter                                  161     0.473     0.2%     0.473     0.2%     0.051     0.421    main
raster:   - window pairs                                33     0.423     0.2%     0.097     0.0%     0.000     0.000    main
wavefront:   - bounce 4 traverse                       119     0.419     0.2%     0.028     0.0%     0.000     0.000    main
raster:     - sheets sibling weights                    32     0.383     0.2%     0.374     0.2%     0.000     0.000    main
logical PN:       - edge level search                    4     0.374     0.2%     0.044     0.0%     0.000     0.000    main
logical PN:     - interpolate attrs                   1008     0.351     0.2%     0.351     0.2%     0.000     0.000    main
logical PN:         - edge chord error                  13     0.330     0.1%     0.002     0.0%     0.000     0.000    main
kernel: pn_edge_chord_error                             13     0.328     0.1%     0.328     0.1%     0.327     0.001    main
wavefront:   - bounce 2 shade                          122     0.316     0.1%     0.047     0.0%     0.000     0.000    main
wavefront:   - bounce 5 traverse                       119     0.286     0.1%     0.027     0.0%     0.000     0.000    main
wavefront:   - bounce 0 ray sort                       151     0.285     0.1%     0.183     0.1%     0.000     0.000    main
triangles: shade + pack (project_to_screen)              3     0.259     0.1%     0.259     0.1%     0.000     0.000    main
  - refit-BVH build (in merge)                           2     0.252     0.1%     0.252     0.1%     0.000     0.000    main
logical PN:         - patch flatness error              67     0.245     0.1%     0.015     0.0%     0.000     0.000    main
logical PN:       - patch level search                   4     0.243     0.1%     0.021     0.0%     0.000     0.000    main
kernel: gloss_composite                                 54     0.240     0.1%     0.240     0.1%     0.168     0.072    main
AttributeTimeline.get                                 4148     0.240     0.1%     0.240     0.1%     0.000     0.000    main
wavefront:   - bounce 3 shade                          122     0.231     0.1%     0.046     0.0%     0.000     0.000    main
kernel: pair_expand_write                               64     0.230     0.1%     0.230     0.1%     0.111     0.119    main
kernel: pn_patch_flatness_error                         67     0.230     0.1%     0.230     0.1%     0.223     0.007    main
raster:     - sheets band reduce                        96     0.229     0.1%     0.083     0.0%     0.000     0.000    main
kernel: wavefront_ray_sort_keys                        926     0.226     0.1%     0.226     0.1%     0.135     0.091    main
wavefront:   - bounce 6 traverse                       119     0.221     0.1%     0.027     0.0%     0.000     0.000    main
kernel: key_run_order                                   64     0.188     0.1%     0.188     0.1%     0.149     0.039    main
raster:     - sheets band composite                     32     0.187     0.1%     0.082     0.0%     0.000     0.000    main
raster:   - fragment gather                             32     0.176     0.1%     0.176     0.1%     0.000     0.000    main
wavefront:   - bounce 7 traverse                       119     0.173     0.1%     0.027     0.0%     0.000     0.000    main
wavefront:   - bounce 4 shade                          119     0.162     0.1%     0.044     0.0%     0.000     0.000    main
kernel: solid_shell_ceiling                             32     0.161     0.1%     0.161     0.1%     0.060     0.101    main
memory reclaim (gc + cuda cache)                        36     0.161     0.1%     0.161     0.1%     0.000     0.000    main
wavefront:   - sparse setup                             33     0.155     0.1%     0.155     0.1%     0.000     0.000    main
raster:     - sheets prim split                         32     0.154     0.1%     0.154     0.1%     0.000     0.000    main
kernel: sheet_band_reduce                               96     0.146     0.1%     0.146     0.1%     0.059     0.088    main
kernel: band_stats_reduce                               32     0.138     0.1%     0.138     0.1%     0.028     0.111    main
kernel: gloss_pyramid_level                            486     0.136     0.1%     0.136     0.1%     0.054     0.082    main
AnimationTimeline.set_state_to_times                     1     0.131     0.1%     0.040     0.0%     0.000     0.000    main
video encode tail (ffmpeg drain)                         1     0.124     0.1%     0.124     0.1%     0.000     0.000    main
kernel: sheet_depth_lose                                32     0.123     0.1%     0.123     0.1%     0.063     0.059    main
wavefront:   - bounce 5 shade                          119     0.116     0.1%     0.043     0.0%     0.000     0.000    main
kernel: wf_composite_accum_sparse                      161     0.110     0.0%     0.110     0.0%     0.058     0.052    main
post:   - tonemap/finalize                              33     0.108     0.0%     0.108     0.0%     0.000     0.000    main
kernel: pixel_group_order                               32     0.105     0.0%     0.105     0.0%     0.077     0.028    main
raster:     - sheets shade class                        32     0.105     0.0%     0.105     0.0%     0.000     0.000    main
wavefront:   - bounce 1 ray sort                       123     0.099     0.0%     0.069     0.0%     0.000     0.000    main
wavefront:   - bounce 6 shade                          119     0.098     0.0%     0.043     0.0%     0.000     0.000    main
kernel: sheet_lane_first_owner                          32     0.096     0.0%     0.096     0.0%     0.022     0.074    main
kernel: pair_expand_count                               64     0.096     0.0%     0.096     0.0%     0.082     0.015    main
wavefront:   - bounce 7 shade                          119     0.094     0.0%     0.043     0.0%     0.000     0.000    main
surfaces: get_render_primitives_batched                  8     0.093     0.0%     0.087     0.0%     0.000     0.000    main
wavefront:   - drain scratch                          1013     0.091     0.0%     0.091     0.0%     0.000     0.000    main
background prefill                                      33     0.085     0.0%     0.085     0.0%     0.000     0.000    main
kernel: one_mesh_pixel_reduce                           32     0.084     0.0%     0.084     0.0%     0.033     0.051    main
wavefront:   - bounce 2 ray sort                       122     0.078     0.0%     0.054     0.0%     0.000     0.000    main
AttributeTimeline.rematerialize_state_at_times          26     0.076     0.0%     0.076     0.0%     0.000     0.000    main
raster:     - sheets conflict rank                      32     0.074     0.0%     0.004     0.0%     0.000     0.000    main
kernel: sheet_lane_depths                               32     0.071     0.0%     0.071     0.0%     0.015     0.056    main
kernel: sheet_conflict_rank                             32     0.069     0.0%     0.069     0.0%     0.051     0.018    main
wavefront:   - bounce 3 ray sort                       120     0.061     0.0%     0.042     0.0%     0.000     0.000    main
kernel: rank_groups                                     32     0.059     0.0%     0.059     0.0%     0.020     0.039    main
wavefront:   - bounce 4 ray sort                       119     0.052     0.0%     0.036     0.0%     0.000     0.000    main
wavefront:   - bounce 5 ray sort                       117     0.050     0.0%     0.035     0.0%     0.000     0.000    main
kernel: band_stats_rep_orig                             32     0.045     0.0%     0.045     0.0%     0.016     0.029    main
kernel: one_mesh_pixel_apply                            32     0.043     0.0%     0.043     0.0%     0.019     0.024    main
wavefront:   - bounce 6 ray sort                        93     0.039     0.0%     0.028     0.0%     0.000     0.000    main
kernel: opaque_prefix_keep                              32     0.038     0.0%     0.038     0.0%     0.023     0.015    main
kernel: mask_popcount                                   64     0.034     0.0%     0.034     0.0%     0.021     0.013    main
wavefront:   - bounce 7 ray sort                        81     0.034     0.0%     0.023     0.0%     0.000     0.000    main
wavefront:   - drain active count                     1013     0.019     0.0%     0.019     0.0%     0.000     0.000    main
scene upload to arena                                    1     0.019     0.0%     0.019     0.0%     0.000     0.000    main
wavefront:   - pool overflow poll                      167     0.014     0.0%     0.014     0.0%     0.000     0.000    main
Surface.get_render_primitives                            1     0.013     0.0%     0.012     0.0%     0.000     0.000    main
wavefront:   - alloc readback                          139     0.010     0.0%     0.010     0.0%     0.000     0.000    main
AttributeTimeline.modify                                31     0.007     0.0%     0.007     0.0%     0.000     0.000    main
wavefront:   - bounce 8+ shadow events                   3     0.006     0.0%     0.003     0.0%     0.000     0.000    main
raster:   - precompute tri bounds                        1     0.005     0.0%     0.005     0.0%     0.000     0.000    main
wavefront:   - bounce 8+ traverse                        3     0.002     0.0%     0.001     0.0%     0.000     0.000    main
wavefront:   - bounce 8+ shade                           3     0.002     0.0%     0.001     0.0%     0.000     0.000    main
AttributeTimeline.add                                   16     0.001     0.0%     0.001     0.0%     0.000     0.000    main
free-VRAM probe (empty_cache)                            1     0.000     0.0%     0.000     0.0%     0.000     0.000    main
(unaccounted on the render thread: video encode, scene mgmt, ...)           0.908     0.4%

Wavefront bounce iterations (sheet route; wall time incl. launch + sync):
   bounce  calls     rays in  traverse s   shade s continuations
        0    153   220258775       3.959    12.768      65369706
        1    123    65369706       1.599     0.518      41935856
        2    122    41935856       0.899     0.316      24056117
        3    122    24056117       0.659     0.231      13793926
        4    119    13793926       0.419     0.162       5351392
        5    119     5351392       0.286     0.116       3051778
        6    119     3051778       0.221     0.098       1832916
        7    119     1832916       0.173     0.094           213
       8+      3         213       0.002     0.002             -
    total                          8.219    14.304              
  first iteration holds 89.3% of all wavefront_shade time; bounce-loop kernels total 22.523s

GPU telemetry over render (2742 samples @ ~10 Hz, min/avg/max):
  utilization  0/19/100 %   mem-util 0/5/100 %
  SM clock     300/610/1590 MHz   mem clock 405/2702/5000 MHz
  temperature  37/54/81 C   power 9/27/91 W
  ** THROTTLING observed: SwPowerCap (run-to-run timing is unreliable) **

GPU memory: peak allocated 12491 MB, peak reserved 14108 MB
  batch 0: merged tensors 280.7 MB, BVHs 64.8 MB (cuda after merge 6304 MB)
    counts: num_colored_triangles=3190, num_triangles=17563, num_circuits=0, num_frames=55
    bez_bvh: 0 instances, 1 nodes, 0 leaves, 0.0 MB
    bez_opaque_bvh: 0 instances, 1 nodes, 0 leaves, 0.0 MB
    tri_bvh: 0 instances, 9652 nodes, 0 leaves, 32.4 MB
    tri_opaque_bvh: 0 instances, 9652 nodes, 0 leaves, 32.4 MB
    tri_mat: (55, 17563, 39) = 143.7 MB
    tri_pos: (55, 17563, 9) = 33.2 MB
    tri_norm: (55, 17563, 9) = 33.2 MB
    tri_colors: (55, 7161, 3, 5) = 22.5 MB
    tri_extra: (55, 7161, 15) = 22.5 MB
    tri_uvs: (55, 14373, 6) = 18.1 MB
  cProfile dump: disabled (set ALGAN_PROFILE_CPROFILE=1)

===== profiling run 2/2 (warm) =====
Encoding video with libx264
Began rendering /kaggle/working/algan/algan_outputs/profiling/profilinggraphics_UHD_old_run2.mp4
Finished rendering /kaggle/working/algan/algan_outputs/profiling/profilinggraphics_UHD_old_run2.mp4 in 90.2 s
[profile] graphics_UHD_old RUN 2: end-to-end 90.25s, render thread accounted 89.81s + unaccounted 0.44s, worker-thread prep overlapped 0.00s, peak alloc 12771 MB

------------------------------------------------------------------------------
RUN 2 (warm (steady state)): end-to-end 90.25s
------------------------------------------------------------------------------
incl is wall time, excl is time spent in function excluding sub-processes of another tracked stage; thread is which thread recorded it (worker = the scene-prefetch thread, overlapped with the render thread and outside its budget)
stage                                                calls  incl (s) incl (%)  excl (s)  excl (%)    launch      sync  thread
ray traced render total                                 33    87.541    97.0%     0.622     0.7%     0.000     0.000    main
wavefront_loop                                          33    85.801    95.1%     0.160     0.2%     0.000     0.000    main
kernel: raster_shadow_trace_arena                     1198    53.485    59.3%    53.485    59.3%     0.200    53.285    main
wavefront:   - bounce drain                            175    42.322    46.9%     0.282     0.3%     0.000     0.000    main
raster: sparse resolve                                 181    31.813    35.2%     1.194     1.3%     0.000     0.000    main
wavefront:   - bounce 0 shadow events                  175    10.301    11.4%     1.128     1.2%     0.000     0.000    main
raster: sparse discovery                                33     8.058     8.9%     0.740     0.8%     0.000     0.000    main
wavefront:   - bounce 1 shadow events                  130     7.785     8.6%     0.622     0.7%     0.000     0.000    main
kernel: wavefront_traverse_events_arena               1070     7.210     8.0%     7.210     8.0%     0.183     7.027    main
raster:   - compact_sheets                              32     4.364     4.8%     2.843     3.1%     0.000     0.000    main
wavefront:   - bounce 2 shadow events                  129     4.055     4.5%     0.384     0.4%     0.000     0.000    main
wavefront:   - bounce 3 shadow events                  129     3.314     3.7%     0.279     0.3%     0.000     0.000    main
wavefront:   - bounce 0 traverse                       175     3.152     3.5%     0.048     0.1%     0.000     0.000    main
wavefront:   - tile state alloc                        181     2.297     2.5%     2.297     2.5%     0.000     0.000    main
kernel: sheet_resolve_shade_arena                      350     2.124     2.4%     2.124     2.4%     0.064     2.061    main
kernel: wavefront_shade_arena                         1041     2.011     2.2%     2.011     2.2%     0.188     1.823    main
wavefront:   - bounce 4 shadow events                  126     1.944     2.2%     0.214     0.2%     0.000     0.000    main
wavefront:   - compact active                         1216     1.806     2.0%     0.167     0.2%     0.000     0.000    main
kernel: compact_ray_slots                             1216     1.639     1.8%     1.639     1.8%     0.114     1.525    main
wavefront:   - bounce 1 traverse                       130     1.612     1.8%     0.032     0.0%     0.000     0.000    main
kernel: wavefront_shadow_events                       1070     1.439     1.6%     1.439     1.6%     0.445     0.993    main
kernel: raster_tri_write                                64     1.154     1.3%     1.154     1.3%     0.040     1.114    main
raster:   - fragment sort                               32     1.063     1.2%     1.063     1.2%     0.000     0.000    main
arena preflight (batch)                                  1     1.048     1.2%     0.049     0.1%     0.000     0.000    main
wavefront:   - bounce 5 shadow events                  126     0.990     1.1%     0.179     0.2%     0.000     0.000    main
post-process (downsample/FXAA/glow)                     33     0.963     1.1%     0.099     0.1%     0.000     0.000    main
wavefront:   - tile composite                          146     0.962     1.1%     0.277     0.3%     0.000     0.000    main
Scene._get_batch_of_primitives                           1     0.940     1.0%     0.567     0.6%     0.000     0.000    main
wavefront:   - bounce 2 traverse                       129     0.903     1.0%     0.031     0.0%     0.000     0.000    main
wavefront:   - bounce 0 shade                          146     0.836     0.9%     0.063     0.1%     0.000     0.000    main
post:   - device->host copy                             33     0.811     0.9%     0.811     0.9%     0.000     0.000    main
  - project_to_screen (prewarm)                          1     0.705     0.8%     0.022     0.0%     0.000     0.000    main
logical PN: dice + shade + pack (project_to_screen)      4     0.675     0.7%     0.026     0.0%     0.000     0.000    main
wavefront:   - bounce 3 traverse                       129     0.667     0.7%     0.030     0.0%     0.000     0.000    main
wavefront:   - bounce 6 shadow events                  126     0.654     0.7%     0.170     0.2%     0.000     0.000    main
logical PN:   - _dice_logical_pn                         4     0.649     0.7%     0.301     0.3%     0.000     0.000    main
wavefront:   - bounce 1 shade                          130     0.525     0.6%     0.052     0.1%     0.000     0.000    main
wavefront:   - bounce 7 shadow events                  126     0.523     0.6%     0.164     0.2%     0.000     0.000    main
kernel: gloss_scatter                                  168     0.439     0.5%     0.439     0.5%     0.017     0.422    main
wavefront:   - bounce 4 traverse                       126     0.428     0.5%     0.029     0.0%     0.000     0.000    main
raster:     - sheets sibling weights                    32     0.384     0.4%     0.374     0.4%     0.000     0.000    main
wavefront:   - bounce 2 shade                          129     0.322     0.4%     0.051     0.1%     0.000     0.000    main
merge collections + build BVHs                           1     0.294     0.3%     0.143     0.2%     0.000     0.000    main
wavefront:   - bounce 5 traverse                       126     0.293     0.3%     0.028     0.0%     0.000     0.000    main
wavefront:   - bounce 0 ray sort                       159     0.243     0.3%     0.185     0.2%     0.000     0.000    main
wavefront:   - bounce 3 shade                          129     0.237     0.3%     0.050     0.1%     0.000     0.000    main
wavefront:   - bounce 6 traverse                       126     0.231     0.3%     0.028     0.0%     0.000     0.000    main
kernel: raster_tri_count                                64     0.226     0.2%     0.226     0.2%     0.033     0.193    main
AttributeTimeline.get                                 4148     0.222     0.2%     0.222     0.2%     0.000     0.000    main
raster:   - window pairs                                33     0.216     0.2%     0.079     0.1%     0.000     0.000    main
logical PN:     - interpolate attrs                   1008     0.215     0.2%     0.215     0.2%     0.000     0.000    main
kernel: wavefront_ray_sort_keys                        980     0.188     0.2%     0.188     0.2%     0.096     0.092    main
raster:     - sheets band reduce                        96     0.181     0.2%     0.083     0.1%     0.000     0.000    main
raster:   - fragment gather                             32     0.179     0.2%     0.179     0.2%     0.000     0.000    main
wavefront:   - bounce 7 traverse                       126     0.177     0.2%     0.028     0.0%     0.000     0.000    main
wavefront:   - bounce 4 shade                          126     0.167     0.2%     0.046     0.1%     0.000     0.000    main
wavefront:   - sparse setup                             33     0.156     0.2%     0.156     0.2%     0.000     0.000    main
raster:     - sheets band composite                     32     0.153     0.2%     0.082     0.1%     0.000     0.000    main
raster:     - sheets prim split                         32     0.152     0.2%     0.152     0.2%     0.000     0.000    main
  - refit-BVH build (in merge)                           2     0.151     0.2%     0.151     0.2%     0.000     0.000    main
memory reclaim (gc + cuda cache)                        36     0.143     0.2%     0.143     0.2%     0.000     0.000    main
wavefront:   - bounce 5 shade                          126     0.119     0.1%     0.045     0.1%     0.000     0.000    main
video encode tail (ffmpeg drain)                         1     0.119     0.1%     0.119     0.1%     0.000     0.000    main
kernel: band_stats_reduce                               32     0.115     0.1%     0.115     0.1%     0.004     0.111    main
kernel: pair_expand_write                               64     0.112     0.1%     0.112     0.1%     0.011     0.101    main
kernel: solid_shell_ceiling                             32     0.111     0.1%     0.111     0.1%     0.008     0.103    main
raster:     - sheets shade class                        32     0.104     0.1%     0.104     0.1%     0.000     0.000    main
kernel: gloss_pyramid_level                            486     0.104     0.1%     0.104     0.1%     0.022     0.082    main
wavefront:   - bounce 6 shade                          126     0.102     0.1%     0.045     0.0%     0.000     0.000    main
wavefront:   - bounce 1 ray sort                       130     0.101     0.1%     0.071     0.1%     0.000     0.000    main
kernel: sheet_band_reduce                               96     0.098     0.1%     0.098     0.1%     0.010     0.088    main
wavefront:   - bounce 7 shade                          126     0.097     0.1%     0.044     0.0%     0.000     0.000    main
wavefront:   - drain scratch                          1070     0.096     0.1%     0.096     0.1%     0.000     0.000    main
AnimationTimeline.set_state_to_times                     1     0.091     0.1%     0.030     0.0%     0.000     0.000    main
wavefront:   - bounce 2 ray sort                       129     0.079     0.1%     0.055     0.1%     0.000     0.000    main
background prefill                                      33     0.078     0.1%     0.078     0.1%     0.000     0.000    main
kernel: sheet_lane_first_owner                          32     0.077     0.1%     0.077     0.1%     0.003     0.074    main
kernel: env_background_prefill                          33     0.077     0.1%     0.077     0.1%     0.010     0.067    main
kernel: gloss_composite                                 54     0.075     0.1%     0.075     0.1%     0.004     0.072    main
kernel: wf_composite_accum_sparse                      168     0.067     0.1%     0.067     0.1%     0.014     0.052    main
kernel: sheet_depth_lose                                32     0.066     0.1%     0.066     0.1%     0.006     0.059    main
surfaces: get_render_primitives_batched                  8     0.065     0.1%     0.060     0.1%     0.000     0.000    main
logical PN:     - subdivision levels                     4     0.065     0.1%     0.020     0.0%     0.000     0.000    main
wavefront:   - bounce 3 ray sort                       128     0.065     0.1%     0.045     0.0%     0.000     0.000    main
kernel: one_mesh_pixel_reduce                           32     0.060     0.1%     0.060     0.1%     0.009     0.051    main
kernel: sheet_lane_depths                               32     0.058     0.1%     0.058     0.1%     0.003     0.056    main
wavefront:   - bounce 4 ray sort                       126     0.056     0.1%     0.039     0.0%     0.000     0.000    main
post:   - tonemap/finalize                              33     0.054     0.1%     0.054     0.1%     0.000     0.000    main
wavefront:   - bounce 5 ray sort                       124     0.053     0.1%     0.037     0.0%     0.000     0.000    main
kernel: key_run_order                                   64     0.049     0.1%     0.049     0.1%     0.011     0.039    main
AttributeTimeline.rematerialize_state_at_times          26     0.048     0.1%     0.048     0.1%     0.000     0.000    main
kernel: rank_groups                                     32     0.043     0.0%     0.043     0.0%     0.003     0.040    main
logical PN:     - snap boundary                        114     0.040     0.0%     0.040     0.0%     0.000     0.000    main
wavefront:   - bounce 6 ray sort                        97     0.040     0.0%     0.028     0.0%     0.000     0.000    main
wavefront:   - bounce 7 ray sort                        87     0.036     0.0%     0.026     0.0%     0.000     0.000    main
kernel: pixel_group_order                               32     0.034     0.0%     0.034     0.0%     0.006     0.028    main
kernel: band_stats_rep_orig                             32     0.033     0.0%     0.033     0.0%     0.003     0.030    main
kernel: one_mesh_pixel_apply                            32     0.028     0.0%     0.028     0.0%     0.004     0.024    main
kernel: opaque_prefix_keep                              32     0.028     0.0%     0.028     0.0%     0.013     0.014    main
raster:     - sheets conflict rank                      32     0.025     0.0%     0.004     0.0%     0.000     0.000    main
kernel: pair_expand_count                               64     0.025     0.0%     0.025     0.0%     0.012     0.013    main
logical PN:         - patch flatness error              67     0.024     0.0%     0.012     0.0%     0.000     0.000    main
kernel: sheet_conflict_rank                             32     0.021     0.0%     0.021     0.0%     0.003     0.018    main
wavefront:   - drain active count                     1070     0.020     0.0%     0.020     0.0%     0.000     0.000    main
kernel: mask_popcount                                   64     0.018     0.0%     0.018     0.0%     0.005     0.013    main
logical PN:     - evaluate normals                      57     0.017     0.0%     0.017     0.0%     0.000     0.000    main
logical PN:       - patch level search                   4     0.015     0.0%     0.009     0.0%     0.000     0.000    main
scene upload to arena                                    1     0.015     0.0%     0.015     0.0%     0.000     0.000    main
wavefront:   - pool overflow poll                      175     0.014     0.0%     0.014     0.0%     0.000     0.000    main
kernel: pn_patch_flatness_error                         67     0.012     0.0%     0.012     0.0%     0.007     0.005    main
logical PN:     - evaluate patch                        57     0.012     0.0%     0.012     0.0%     0.000     0.000    main
logical PN:       - edge level search                    4     0.012     0.0%     0.007     0.0%     0.000     0.000    main
wavefront:   - alloc readback                          146     0.011     0.0%     0.011     0.0%     0.000     0.000    main
Surface.get_render_primitives                            1     0.011     0.0%     0.010     0.0%     0.000     0.000    main
triangles: shade + pack (project_to_screen)              3     0.008     0.0%     0.008     0.0%     0.000     0.000    main
wavefront:   - raster tables (batch)                     1     0.008     0.0%     0.000     0.0%     0.000     0.000    main
AttributeTimeline.modify                                31     0.007     0.0%     0.007     0.0%     0.000     0.000    main
wavefront:   - bounce 8+ shadow events                   3     0.006     0.0%     0.003     0.0%     0.000     0.000    main
raster:   - precompute tri bounds                        1     0.004     0.0%     0.004     0.0%     0.000     0.000    main
logical PN:         - edge chord error                  13     0.004     0.0%     0.002     0.0%     0.000     0.000    main
raster:   - precompute tri projection                    1     0.003     0.0%     0.003     0.0%     0.000     0.000    main
kernel: pn_edge_chord_error                             13     0.003     0.0%     0.003     0.0%     0.002     0.001    main
wavefront:   - bounce 8+ traverse                        3     0.002     0.0%     0.001     0.0%     0.000     0.000    main
wavefront:   - bounce 8+ shade                           3     0.002     0.0%     0.001     0.0%     0.000     0.000    main
AttributeTimeline.add                                   16     0.001     0.0%     0.001     0.0%     0.000     0.000    main
free-VRAM probe (empty_cache)                            1     0.000     0.0%     0.000     0.0%     0.000     0.000    main
(unaccounted on the render thread: video encode, scene mgmt, ...)           0.442     0.5%

Wavefront bounce iterations (sheet route; wall time incl. launch + sync):
   bounce  calls     rays in  traverse s   shade s continuations
        0    160   222120278       3.152     0.836      65369706
        1    130    65369706       1.612     0.525      41935856
        2    129    41935856       0.903     0.322      24056117
        3    129    24056117       0.667     0.237      13793926
        4    126    13793926       0.428     0.167       5351392
        5    126     5351392       0.293     0.119       3051778
        6    126     3051778       0.231     0.102       1832916
        7    126     1832916       0.177     0.097           213
       8+      3         213       0.002     0.002             -
    total                          7.466     2.407              
  first iteration holds 34.7% of all wavefront_shade time; bounce-loop kernels total 9.873s

GPU telemetry over render (1170 samples @ ~10 Hz, min/avg/max):
  utilization  0/45/100 %   mem-util 0/11/100 %
  SM clock     300/833/1590 MHz   mem clock 405/2702/5000 MHz
  temperature  35/57/82 C   power 9/38/95 W
  ** THROTTLING observed: SwPowerCap (run-to-run timing is unreliable) **

GPU memory: peak allocated 12771 MB, peak reserved 14308 MB
  batch 0: merged tensors 280.7 MB, BVHs 64.8 MB (cuda after merge 6268 MB)
    counts: num_colored_triangles=3190, num_triangles=17563, num_circuits=0, num_frames=55
    bez_bvh: 0 instances, 1 nodes, 0 leaves, 0.0 MB
    bez_opaque_bvh: 0 instances, 1 nodes, 0 leaves, 0.0 MB
    tri_bvh: 0 instances, 9652 nodes, 0 leaves, 32.4 MB
    tri_opaque_bvh: 0 instances, 9652 nodes, 0 leaves, 32.4 MB
    tri_mat: (55, 17563, 39) = 143.7 MB
    tri_pos: (55, 17563, 9) = 33.2 MB
    tri_norm: (55, 17563, 9) = 33.2 MB
    tri_colors: (55, 7161, 3, 5) = 22.5 MB
    tri_extra: (55, 7161, 15) = 22.5 MB
    tri_uvs: (55, 14373, 6) = 18.1 MB
  cProfile dump: disabled (set ALGAN_PROFILE_CPROFILE=1)

==============================================================================
Algan ray-tracing scene profile
==============================================================================
device: cuda (Tesla T4)
  driver 580.159.04  compute cap 7.5  15360 MiB  max SM 1590 MHz / mem 5001 MHz  PCIe gen3 x16
  profiling tools: nvidia-smi=yes, nvprof=yes, ncu=yes, nsys=no
  Taichi kernel profiler: off (wall-time only)
  hooked kernels (64): argsort_pairs, band_stats_reduce, band_stats_rep_orig, bezier_chord_hull_error, compact_ray_slots, env_background_prefill, fill_background_from_func, finalize_samples, gather_fragment_arrays, gloss_composite, gloss_pyramid_level, gloss_scatter, group_counts, key_run_order, mask_popcount, one_mesh_pixel_apply, one_mesh_pixel_reduce, opaque_prefix_keep, pair_expand_count, pair_expand_write, pixel_group_order, pn_edge_chord_error, pn_patch_flatness_error, pt_env_pdf_probe, pt_env_sample_probe, pt_generate, pt_light_tree_pmf_probe, pt_light_tree_probe, pt_nee_pick_probe, pt_offset_probe, pt_reduce, pt_sampler_probe, pt_screen_sampler_probe, pt_shade_arena, rank_groups, raster_bez_count, raster_bez_write, raster_shadow_trace_arena, raster_tri_count, raster_tri_write, refit_pack_level, reorder_ray_slots, sheet_band_reduce, sheet_conflict_rank, sheet_depth_lose, sheet_lane_depths, sheet_lane_depths_inplace, sheet_lane_first_owner, sheet_resolve_shade_arena, sibling_band_counts, sibling_coverage_weights, solid_shell_ceiling, wavefront_generate_rays, wavefront_ray_sort_keys, wavefront_shade_arena, wavefront_shadow_events, wavefront_traverse_events_arena, wf_composite, wf_composite_aa, wf_composite_accum, wf_composite_accum_aa, wf_composite_accum_sparse, wf_finalize_aa, wf_finalize_uncovered
RUN 1: end-to-end 223.48s (render thread: 222.57s accounted, 0.91s unaccounted; worker overlap 0.00s)
RUN 2: end-to-end 90.25s (render thread: 89.81s accounted, 0.44s unaccounted; worker overlap 0.00s)
------------------------------------------------------------------------------
Registers / occupancy not collected in-process (Taichi CUPTI toolkit unavailable here).
Run this to get them via nvprof:

  # registers per thread (no admin needed):
  ALGAN_UNDER_NVPROF=1 nvprof --print-gpu-trace --csv /usr/bin/python3 benchmarks/performance/graphics_scene.py --quality UHD --seconds 0.5 --tag graphics_UHD_old
  # achieved occupancy (may need admin on Pascal):
  ALGAN_UNDER_NVPROF=1 nvprof --metrics achieved_occupancy --csv /usr/bin/python3 benchmarks/performance/graphics_scene.py --quality UHD --seconds 0.5 --tag graphics_UHD_old
report written to algan_profile_report_graphics_UHD_old.txt
