=== STEP explainer_uhd ===
==============================================================================
$ python benchmarks/performance/explainer_scene.py --quality UHD --seconds 0.5 --kernel-profiler
  env ALGAN_VIDEO_ENCODER=software
[bench] explainer: quality UHD (3840x2160 @ 60 fps), 0.5s = 30 frames, 2 run(s), tag explainer_UHD
[Quadrants] Starting on arch=cuda
[profiling] hooked 64 Taichi kernels (247 ti.funcs are inlined and not separately timed)

===== profiling run 1/2 (cold) =====
Encoding video with libx264
Began rendering /kaggle/working/algan/algan_outputs/profiling/profilingexplainer_UHD_run1.mp4
Preparing render kernels. If this is the first render on this machine (or after an update), compiling the GPU kernels can take several minutes. Compiled kernels are cached, so subsequent renders start immediately.
/usr/local/lib/python3.12/dist-packages/quadrants/_test_tools/warnings_helper.py:11: UserWarning: cannot create weak reference to 'quadrants._lib.core.quadrants_python.DataTypeCxx' object. Template mapper caching disabled.
  warnings.warn(message)
Finished rendering /kaggle/working/algan/algan_outputs/profiling/profilingexplainer_UHD_run1.mp4 in 84.3 s
[profile] explainer_UHD RUN 1: end-to-end 84.89s, render thread accounted 84.06s + unaccounted 0.84s, worker-thread prep overlapped 0.00s, peak alloc 7170 MB

------------------------------------------------------------------------------
RUN 1 (cold (includes Taichi JIT compile)): end-to-end 84.89s
------------------------------------------------------------------------------
incl is wall time, excl is time spent in function excluding sub-processes of another tracked stage; thread is which thread recorded it (worker = the scene-prefetch thread, overlapped with the render thread and outside its budget)
stage                                                calls  incl (s) incl (%)  excl (s)  excl (%)    launch      sync  thread
ray traced render total                                  9    74.917    88.2%     0.046     0.1%     0.000     0.000    main
wavefront_loop                                           9    73.827    87.0%     0.010     0.0%     0.000     0.000    main
raster: sparse resolve                                  11    49.462    58.3%     0.032     0.0%     0.000     0.000    main
kernel: sheet_resolve_shade_arena                       10    49.430    58.2%    49.430    58.2%    49.429     0.001    main
wavefront:   - bounce drain                             10    11.912    14.0%     0.008     0.0%     0.000     0.000    main
raster: sparse discovery                                 9    10.581    12.5%     0.118     0.1%     0.000     0.000    main
wavefront:   - bounce 0 shade                           10    10.130    11.9%     0.011     0.0%     0.000     0.000    main
kernel: wavefront_shade_arena                           20    10.122    11.9%    10.122    11.9%    10.120     0.001    main
arena preflight (batch)                                  1     8.595    10.1%     0.003     0.0%     0.000     0.000    main
  - project_to_screen (prewarm)                          1     8.333     9.8%     0.008     0.0%     0.000     0.000    main
logical PN: dice + shade + pack (project_to_screen)      1     6.981     8.2%     0.002     0.0%     0.000     0.000    main
logical PN:   - _dice_logical_pn                         1     6.979     8.2%     0.058     0.1%     0.000     0.000    main
logical PN:     - snap boundary                         18     4.050     4.8%     4.050     4.8%     0.000     0.000    main
kernel: raster_tri_count                                 8     3.086     3.6%     3.086     3.6%     3.085     0.001    main
kernel: raster_tri_write                                 8     2.444     2.9%     2.444     2.9%     2.436     0.008    main
raster:   - compact_sheets                               8     2.129     2.5%     0.466     0.5%     0.000     0.000    main
kernel: wavefront_traverse_events_arena                 20     1.521     1.8%     1.521     1.8%     1.520     0.001    main
wavefront:   - bounce 0 traverse                        10     1.520     1.8%     0.003     0.0%     0.000     0.000    main
logical PN:     - evaluate normals                       9     1.454     1.7%     1.454     1.7%     0.000     0.000    main
beziers: sample + pack (project_to_screen)               6     1.342     1.6%     0.151     0.2%     0.000     0.000    main
kernel: raster_bez_count                                16     0.994     1.2%     0.994     1.2%     0.993     0.001    main
post-process (downsample/FXAA/glow)                      9     0.994     1.2%     0.054     0.1%     0.000     0.000    main
wavefront:   - tile composite                           10     0.927     1.1%     0.178     0.2%     0.000     0.000    main
kernel: raster_bez_write                                16     0.785     0.9%     0.785     0.9%     0.781     0.004    main
wavefront:   - raster tables (batch)                     1     0.762     0.9%     0.000     0.0%     0.000     0.000    main
raster:   - precompute tri projection                    1     0.753     0.9%     0.753     0.9%     0.000     0.000    main
post:   - device->host copy                              9     0.747     0.9%     0.747     0.9%     0.000     0.000    main
raster:   - window pairs                                18     0.730     0.9%     0.042     0.0%     0.000     0.000    main
logical PN:     - evaluate patch                         9     0.678     0.8%     0.678     0.8%     0.000     0.000    main
beziers:   - _compute_samples_per_segment                6     0.671     0.8%     0.045     0.1%     0.000     0.000    main
logical PN:     - subdivision levels                     1     0.670     0.8%     0.011     0.0%     0.000     0.000    main
kernel: bezier_chord_hull_error                         24     0.626     0.7%     0.626     0.7%     0.625     0.001    main
beziers:   - _build_circuit_geometry                     6     0.510     0.6%     0.510     0.6%     0.000     0.000    main
Scene._get_batch_of_primitives                           1     0.390     0.5%     0.065     0.1%     0.000     0.000    main
kernel: key_run_order                                   16     0.382     0.5%     0.382     0.5%     0.378     0.005    main
kernel: pair_expand_write                               24     0.370     0.4%     0.370     0.4%     0.368     0.002    main
kernel: gloss_composite                                 29     0.347     0.4%     0.347     0.4%     0.345     0.001    main
logical PN:       - patch level search                   1     0.339     0.4%     0.009     0.0%     0.000     0.000    main
logical PN:         - patch flatness error               8     0.332     0.4%     0.002     0.0%     0.000     0.000    main
kernel: pn_patch_flatness_error                          8     0.330     0.4%     0.330     0.4%     0.330     0.000    main
logical PN:       - edge level search                    1     0.317     0.4%     0.024     0.0%     0.000     0.000    main
kernel: pair_expand_count                               24     0.317     0.4%     0.317     0.4%     0.315     0.002    main
logical PN:         - edge chord error                   3     0.293     0.3%     0.001     0.0%     0.000     0.000    main
kernel: pn_edge_chord_error                              3     0.293     0.3%     0.293     0.3%     0.293     0.000    main
merge collections + build BVHs                           1     0.259     0.3%     0.057     0.1%     0.000     0.000    main
AnimationTimeline.set_state_to_times                     1     0.237     0.3%     0.139     0.2%     0.000     0.000    main
post:   - tonemap/finalize                               9     0.192     0.2%     0.192     0.2%     0.000     0.000    main
kernel: gloss_pyramid_level                            261     0.183     0.2%     0.183     0.2%     0.175     0.008    main
kernel: sheet_depth_lose                                 8     0.183     0.2%     0.183     0.2%     0.182     0.001    main
raster:     - sheets band reduce                        24     0.183     0.2%     0.012     0.0%     0.000     0.000    main
kernel: pixel_group_order                                8     0.172     0.2%     0.172     0.2%     0.171     0.001    main
kernel: sheet_band_reduce                               24     0.171     0.2%     0.171     0.2%     0.167     0.003    main
raster:     - sheets band composite                      8     0.164     0.2%     0.012     0.0%     0.000     0.000    main
  - refit-BVH build (in merge)                           2     0.136     0.2%     0.136     0.2%     0.000     0.000    main
wavefront:   - bounce 0 ray sort                        10     0.130     0.2%     0.010     0.0%     0.000     0.000    main
video encode tail (ffmpeg drain)                         1     0.127     0.2%     0.127     0.2%     0.000     0.000    main
wavefront:   - tile state alloc                         11     0.122     0.1%     0.122     0.1%     0.000     0.000    main
kernel: wavefront_ray_sort_keys                         10     0.120     0.1%     0.120     0.1%     0.120     0.001    main
kernel: solid_shell_ceiling                              8     0.111     0.1%     0.111     0.1%     0.111     0.001    main
kernel: gloss_scatter                                   31     0.110     0.1%     0.110     0.1%     0.109     0.001    main
kernel: wf_composite_accum_sparse                       31     0.108     0.1%     0.108     0.1%     0.107     0.001    main
wavefront:   - compact active                           30     0.108     0.1%     0.005     0.0%     0.000     0.000    main
kernel: compact_ray_slots                               30     0.103     0.1%     0.103     0.1%     0.101     0.002    main
raster:     - sheets conflict rank                       8     0.101     0.1%     0.001     0.0%     0.000     0.000    main
kernel: sheet_conflict_rank                              8     0.099     0.1%     0.099     0.1%     0.093     0.007    main
AttributeTimeline.get                                 1268     0.084     0.1%     0.084     0.1%     0.000     0.000    main
kernel: sheet_lane_first_owner                           8     0.084     0.1%     0.084     0.1%     0.082     0.001    main
kernel: one_mesh_pixel_reduce                            8     0.082     0.1%     0.082     0.1%     0.081     0.001    main
kernel: band_stats_reduce                                8     0.078     0.1%     0.078     0.1%     0.077     0.001    main
kernel: rank_groups                                      8     0.077     0.1%     0.077     0.1%     0.076     0.001    main
kernel: mask_popcount                                   16     0.070     0.1%     0.070     0.1%     0.066     0.004    main
kernel: opaque_prefix_keep                               8     0.069     0.1%     0.069     0.1%     0.069     0.001    main
logical PN:     - interpolate attrs                    135     0.069     0.1%     0.069     0.1%     0.000     0.000    main
  - bezier edge accel (in merge)                         1     0.066     0.1%     0.066     0.1%     0.000     0.000    main
kernel: sheet_lane_depths                                8     0.065     0.1%     0.065     0.1%     0.065     0.001    main
kernel: one_mesh_pixel_apply                             8     0.065     0.1%     0.065     0.1%     0.065     0.001    main
raster:   - fragment sort                                8     0.062     0.1%     0.062     0.1%     0.000     0.000    main
kernel: band_stats_rep_orig                              8     0.057     0.1%     0.057     0.1%     0.056     0.001    main
background prefill                                       9     0.050     0.1%     0.050     0.1%     0.000     0.000    main
wavefront:   - sparse setup                              9     0.049     0.1%     0.049     0.1%     0.000     0.000    main
raster:     - sheets sibling weights                     8     0.046     0.1%     0.041     0.0%     0.000     0.000    main
BezierCircuitCubic.get_render_primitives                23     0.037     0.0%     0.026     0.0%     0.000     0.000    main
AttributeTimeline.rematerialize_state_at_times          14     0.034     0.0%     0.034     0.0%     0.000     0.000    main
AttributeTimeline.modify                               276     0.027     0.0%     0.027     0.0%     0.000     0.000    main
raster:     - sheets prim split                          8     0.026     0.0%     0.026     0.0%     0.000     0.000    main
raster:     - sheets shade class                         8     0.022     0.0%     0.022     0.0%     0.000     0.000    main
memory reclaim (gc + cuda cache)                        12     0.018     0.0%     0.018     0.0%     0.000     0.000    main
raster:   - fragment gather                              8     0.017     0.0%     0.017     0.0%     0.000     0.000    main
build_render_primitives_batched                          3     0.016     0.0%     0.010     0.0%     0.000     0.000    main
beziers:   - _build_frame_bounds                         6     0.010     0.0%     0.010     0.0%     0.000     0.000    main
wavefront:   - bounce 1 shade                           10     0.007     0.0%     0.004     0.0%     0.000     0.000    main
surfaces: get_render_primitives_batched                  1     0.007     0.0%     0.006     0.0%     0.000     0.000    main
wavefront:   - bounce 1 traverse                        10     0.007     0.0%     0.002     0.0%     0.000     0.000    main
raster:   - precompute bez bounds                        1     0.006     0.0%     0.006     0.0%     0.000     0.000    main
scene upload to arena                                    1     0.006     0.0%     0.006     0.0%     0.000     0.000    main
triangles: shade + pack (project_to_screen)              1     0.002     0.0%     0.002     0.0%     0.000     0.000    main
wavefront:   - drain scratch                            20     0.002     0.0%     0.002     0.0%     0.000     0.000    main
raster:   - precompute tri bounds                        1     0.002     0.0%     0.002     0.0%     0.000     0.000    main
AttributeTimeline.add                                   16     0.001     0.0%     0.001     0.0%     0.000     0.000    main
wavefront:   - pool overflow poll                       10     0.001     0.0%     0.001     0.0%     0.000     0.000    main
wavefront:   - alloc readback                           10     0.001     0.0%     0.001     0.0%     0.000     0.000    main
wavefront:   - drain active count                       20     0.000     0.0%     0.000     0.0%     0.000     0.000    main
free-VRAM probe (empty_cache)                            1     0.000     0.0%     0.000     0.0%     0.000     0.000    main
(unaccounted on the render thread: video encode, scene mgmt, ...)           0.837     1.0%

Wavefront bounce iterations (sheet route; wall time incl. launch + sync):
   bounce  calls     rays in  traverse s   shade s continuations
        0     10      960996       1.520    10.130           105
        1     10         105       0.007     0.007             -
    total                          1.526    10.137              
  first iteration holds 99.9% of all wavefront_shade time; bounce-loop kernels total 11.663s

Taichi kernel GPU time (profiler; launch overhead excluded; 'recs' = serial + range-for sub-kernels):
  kernel                                    recs   total ms   % run    avg ms    max ms
  raster_bez_count                            32     49.619    0.1%    1.5506   11.5949
  gloss_pyramid_level                        522     43.200    0.1%    0.0828    1.0358
  raster_bez_write                            32     36.446    0.0%    1.1389    9.7706
  tonemap_to_u8                               18     31.368    0.0%    1.7427   11.2818
  gloss_composite                             58     29.073    0.0%    0.5013    1.0117
  compact_ray_slots                           60     26.896    0.0%    0.4483    1.2885
  sheet_resolve_shade_arena                   20     24.938    0.0%    1.2469    5.4984
  pair_expand_write                           48     18.942    0.0%    0.3946    3.5656
  wavefront_traverse_events_arena             40     11.634    0.0%    0.2909    2.1444
  sheet_band_reduce                           48     10.307    0.0%    0.2147    3.0428
  solid_shell_ceiling                         16      9.491    0.0%    0.5932    4.3131
  band_stats_reduce                           16      8.604    0.0%    0.5377    3.1394
  sheet_lane_first_owner                      16      8.345    0.0%    0.5215    3.3423
  raster_tri_count                            16      6.292    0.0%    0.3932    3.0614
  wf_composite_accum_sparse                   62      5.433    0.0%    0.0876    0.2499
  raster_tri_write                            16      5.280    0.0%    0.3300    2.5286
  sheet_lane_depths                           16      5.242    0.0%    0.3276    1.7407
  gloss_scatter                               62      4.687    0.0%    0.0756    0.1903
  one_mesh_pixel_reduce                       16      3.707    0.0%    0.2317    1.3382
  rank_groups                                 16      2.967    0.0%    0.1854    1.0404
  key_run_order                               32      2.824    0.0%    0.0882    0.4730
  band_stats_rep_orig                         16      2.480    0.0%    0.1550    0.8131
  wavefront_shade_arena                       40      2.362    0.0%    0.0591    0.3547
  sheet_depth_lose                            16      2.303    0.0%    0.1439    0.7905
  bezier_chord_hull_error                     48      1.980    0.0%    0.0412    0.2743
  one_mesh_pixel_apply                        16      1.814    0.0%    0.1134    0.6164
  pixel_group_order                           16      1.569    0.0%    0.0981    0.5210
  sheet_conflict_rank                         16      1.544    0.0%    0.0965    0.5038
  pair_expand_count                           48      1.508    0.0%    0.0314    0.2048
  opaque_prefix_keep                          16      1.272    0.0%    0.0795    0.3993
  mask_popcount                               32      1.269    0.0%    0.0397    0.1872
  pn_patch_flatness_error                     16      0.483    0.0%    0.0302    0.0881
  wavefront_ray_sort_keys                     20      0.366    0.0%    0.0183    0.0388
  pn_edge_chord_error                          6      0.132    0.0%    0.0219    0.0459

GPU telemetry over render (1004 samples @ ~10 Hz, min/avg/max):
  utilization  0/1/73 %   mem-util 0/1/66 %
  SM clock     300/454/1590 MHz   mem clock 405/2702/5000 MHz
  temperature  45/53/66 C   power 10/21/67 W
  ** THROTTLING observed: SwPowerCap (run-to-run timing is unreliable) **

GPU memory: peak allocated 7170 MB, peak reserved 7600 MB
  batch 0: merged tensors 22.0 MB, BVHs 2.9 MB (cuda after merge 5944 MB)
    counts: num_colored_triangles=0, num_triangles=1441, num_circuits=205, num_frames=30
    tri_bvh: 0 instances, 712 nodes, 0 leaves, 1.3 MB
    tri_opaque_bvh: 0 instances, 712 nodes, 0 leaves, 1.3 MB
    bez_bvh: 0 instances, 93 nodes, 0 leaves, 0.2 MB
    bez_opaque_bvh: 0 instances, 93 nodes, 0 leaves, 0.2 MB
    tri_mat: (30, 1441, 39) = 6.4 MB
    edge_accel: (1528526,) = 5.8 MB
    edges_2d: (30, 8085, 6) = 5.6 MB
    tri_pos: (30, 1441, 9) = 1.5 MB
    tri_norm: (30, 1441, 9) = 1.5 MB
    circuit_meta: (30, 205, 25) = 0.6 MB
  cProfile dump: disabled (set ALGAN_PROFILE_CPROFILE=1)

===== profiling run 2/2 (warm) =====
Encoding video with libx264
Began rendering /kaggle/working/algan/algan_outputs/profiling/profilingexplainer_UHD_run2.mp4
Finished rendering /kaggle/working/algan/algan_outputs/profiling/profilingexplainer_UHD_run2.mp4 in 4.0 s
[profile] explainer_UHD RUN 2: end-to-end 4.05s, render thread accounted 3.68s + unaccounted 0.37s, worker-thread prep overlapped 0.00s, peak alloc 7143 MB

------------------------------------------------------------------------------
RUN 2 (warm (steady state)): end-to-end 4.05s
------------------------------------------------------------------------------
incl is wall time, excl is time spent in function excluding sub-processes of another tracked stage; thread is which thread recorded it (worker = the scene-prefetch thread, overlapped with the render thread and outside its budget)
stage                                                calls  incl (s) incl (%)  excl (s)  excl (%)    launch      sync  thread
ray traced render total                                  9     2.600    64.2%     0.063     1.6%     0.000     0.000    main
wavefront_loop                                           9     1.726    42.6%     0.010     0.2%     0.000     0.000    main
raster: sparse discovery                                 9     1.070    26.4%     0.149     3.7%     0.000     0.000    main
post-process (downsample/FXAA/glow)                      9     0.768    19.0%     0.056     1.4%     0.000     0.000    main
post:   - device->host copy                              9     0.683    16.9%     0.683    16.9%     0.000     0.000    main
raster:   - compact_sheets                               8     0.654    16.1%     0.401     9.9%     0.000     0.000    main
arena preflight (batch)                                  1     0.502    12.4%     0.003     0.1%     0.000     0.000    main
Scene._get_batch_of_primitives                           1     0.418    10.3%     0.070     1.7%     0.000     0.000    main
wavefront:   - tile composite                           10     0.316     7.8%     0.184     4.5%     0.000     0.000    main
  - project_to_screen (prewarm)                          1     0.296     7.3%     0.007     0.2%     0.000     0.000    main
AnimationTimeline.set_state_to_times                     1     0.259     6.4%     0.150     3.7%     0.000     0.000    main
merge collections + build BVHs                           1     0.203     5.0%     0.030     0.7%     0.000     0.000    main
beziers: sample + pack (project_to_screen)               6     0.197     4.9%     0.059     1.5%     0.000     0.000    main
video encode tail (ffmpeg drain)                         1     0.140     3.5%     0.140     3.5%     0.000     0.000    main
  - refit-BVH build (in merge)                           2     0.125     3.1%     0.125     3.1%     0.000     0.000    main
wavefront:   - tile state alloc                         11     0.117     2.9%     0.117     2.9%     0.000     0.000    main
beziers:   - _build_circuit_geometry                     6     0.114     2.8%     0.114     2.8%     0.000     0.000    main
wavefront:   - bounce drain                             10     0.096     2.4%     0.009     0.2%     0.000     0.000    main
logical PN: dice + shade + pack (project_to_screen)      1     0.089     2.2%     0.002     0.0%     0.000     0.000    main
AttributeTimeline.get                                 1268     0.088     2.2%     0.088     2.2%     0.000     0.000    main
logical PN:   - _dice_logical_pn                         1     0.087     2.1%     0.037     0.9%     0.000     0.000    main
kernel: gloss_pyramid_level                            261     0.075     1.9%     0.075     1.9%     0.066     0.009    main
raster:   - window pairs                                18     0.070     1.7%     0.041     1.0%     0.000     0.000    main
raster:     - sheets sibling weights                     8     0.065     1.6%     0.063     1.6%     0.000     0.000    main
raster:   - fragment sort                                8     0.057     1.4%     0.057     1.4%     0.000     0.000    main
raster: sparse resolve                                  11     0.056     1.4%     0.031     0.8%     0.000     0.000    main
kernel: raster_bez_count                                16     0.050     1.2%     0.050     1.2%     0.048     0.001    main
wavefront:   - sparse setup                              9     0.049     1.2%     0.049     1.2%     0.000     0.000    main
  - bezier edge accel (in merge)                         1     0.048     1.2%     0.048     1.2%     0.000     0.000    main
background prefill                                       9     0.043     1.1%     0.043     1.1%     0.000     0.000    main
kernel: raster_bez_write                                16     0.042     1.0%     0.042     1.0%     0.041     0.001    main
AttributeTimeline.rematerialize_state_at_times          14     0.041     1.0%     0.041     1.0%     0.000     0.000    main
BezierCircuitCubic.get_render_primitives                23     0.038     0.9%     0.026     0.6%     0.000     0.000    main
wavefront:   - compact active                           30     0.037     0.9%     0.005     0.1%     0.000     0.000    main
raster:     - sheets band reduce                        24     0.037     0.9%     0.017     0.4%     0.000     0.000    main
kernel: gloss_composite                                 29     0.033     0.8%     0.033     0.8%     0.032     0.001    main
kernel: compact_ray_slots                               30     0.033     0.8%     0.033     0.8%     0.031     0.001    main
raster:     - sheets shade class                         8     0.032     0.8%     0.032     0.8%     0.000     0.000    main
raster:     - sheets band composite                      8     0.032     0.8%     0.012     0.3%     0.000     0.000    main
AttributeTimeline.modify                               276     0.030     0.7%     0.030     0.7%     0.000     0.000    main
post:   - tonemap/finalize                               9     0.029     0.7%     0.029     0.7%     0.000     0.000    main
logical PN:     - interpolate attrs                    135     0.029     0.7%     0.029     0.7%     0.000     0.000    main
kernel: sheet_resolve_shade_arena                       10     0.026     0.6%     0.026     0.6%     0.025     0.001    main
raster:     - sheets prim split                          8     0.022     0.5%     0.022     0.5%     0.000     0.000    main
kernel: pair_expand_write                               24     0.021     0.5%     0.021     0.5%     0.019     0.002    main
kernel: sheet_band_reduce                               24     0.020     0.5%     0.020     0.5%     0.018     0.002    main
build_render_primitives_batched                          3     0.016     0.4%     0.010     0.2%     0.000     0.000    main
beziers:   - _compute_samples_per_segment                6     0.015     0.4%     0.010     0.3%     0.000     0.000    main
kernel: wavefront_traverse_events_arena                 20     0.015     0.4%     0.015     0.4%     0.014     0.001    main
kernel: rank_groups                                      8     0.014     0.4%     0.014     0.4%     0.014     0.001    main
wavefront:   - bounce 0 traverse                        10     0.014     0.3%     0.003     0.1%     0.000     0.000    main
wavefront:   - bounce 0 shade                           10     0.014     0.3%     0.009     0.2%     0.000     0.000    main
kernel: raster_tri_write                                 8     0.013     0.3%     0.013     0.3%     0.013     0.001    main
kernel: wf_composite_accum_sparse                       31     0.013     0.3%     0.013     0.3%     0.009     0.004    main
memory reclaim (gc + cuda cache)                        12     0.013     0.3%     0.013     0.3%     0.000     0.000    main
kernel: raster_tri_count                                 8     0.012     0.3%     0.012     0.3%     0.009     0.003    main
kernel: band_stats_reduce                                8     0.011     0.3%     0.011     0.3%     0.011     0.001    main
kernel: key_run_order                                   16     0.011     0.3%     0.011     0.3%     0.010     0.001    main
logical PN:     - subdivision levels                     1     0.010     0.3%     0.002     0.1%     0.000     0.000    main
kernel: gloss_scatter                                   31     0.010     0.3%     0.010     0.3%     0.009     0.001    main
wavefront:   - raster tables (batch)                     1     0.010     0.3%     0.000     0.0%     0.000     0.000    main
kernel: solid_shell_ceiling                              8     0.010     0.2%     0.010     0.2%     0.009     0.001    main
beziers:   - _build_frame_bounds                         6     0.009     0.2%     0.009     0.2%     0.000     0.000    main
raster:   - fragment gather                              8     0.009     0.2%     0.009     0.2%     0.000     0.000    main
kernel: wavefront_shade_arena                           20     0.008     0.2%     0.008     0.2%     0.007     0.001    main
kernel: pair_expand_count                               24     0.008     0.2%     0.008     0.2%     0.006     0.002    main
kernel: sheet_lane_first_owner                           8     0.008     0.2%     0.008     0.2%     0.007     0.001    main
kernel: pixel_group_order                                8     0.007     0.2%     0.007     0.2%     0.007     0.001    main
raster:   - precompute bez bounds                        1     0.007     0.2%     0.007     0.2%     0.000     0.000    main
wavefront:   - bounce 1 shade                           10     0.007     0.2%     0.004     0.1%     0.000     0.000    main
kernel: sheet_lane_depths                                8     0.007     0.2%     0.007     0.2%     0.006     0.001    main
kernel: one_mesh_pixel_reduce                            8     0.006     0.2%     0.006     0.2%     0.006     0.001    main
wavefront:   - bounce 0 ray sort                        10     0.006     0.2%     0.004     0.1%     0.000     0.000    main
wavefront:   - bounce 1 traverse                        10     0.006     0.2%     0.002     0.1%     0.000     0.000    main
logical PN:     - snap boundary                         18     0.006     0.2%     0.006     0.2%     0.000     0.000    main
surfaces: get_render_primitives_batched                  1     0.006     0.1%     0.005     0.1%     0.000     0.000    main
kernel: mask_popcount                                   16     0.006     0.1%     0.006     0.1%     0.005     0.001    main
kernel: bezier_chord_hull_error                         24     0.005     0.1%     0.005     0.1%     0.004     0.001    main
scene upload to arena                                    1     0.005     0.1%     0.005     0.1%     0.000     0.000    main
raster:     - sheets conflict rank                       8     0.005     0.1%     0.001     0.0%     0.000     0.000    main
kernel: band_stats_rep_orig                              8     0.004     0.1%     0.004     0.1%     0.004     0.001    main
kernel: sheet_depth_lose                                 8     0.004     0.1%     0.004     0.1%     0.003     0.000    main
kernel: one_mesh_pixel_apply                             8     0.004     0.1%     0.004     0.1%     0.003     0.001    main
kernel: opaque_prefix_keep                               8     0.003     0.1%     0.003     0.1%     0.003     0.001    main
logical PN:       - patch level search                   1     0.003     0.1%     0.002     0.1%     0.000     0.000    main
kernel: sheet_conflict_rank                              8     0.003     0.1%     0.003     0.1%     0.003     0.001    main
logical PN:         - patch flatness error               8     0.003     0.1%     0.001     0.0%     0.000     0.000    main
logical PN:     - evaluate normals                       9     0.003     0.1%     0.003     0.1%     0.000     0.000    main
logical PN:       - edge level search                    1     0.003     0.1%     0.002     0.0%     0.000     0.000    main
wavefront:   - drain scratch                            20     0.002     0.1%     0.002     0.1%     0.000     0.000    main
triangles: shade + pack (project_to_screen)              1     0.002     0.1%     0.002     0.1%     0.000     0.000    main
kernel: wavefront_ray_sort_keys                         10     0.002     0.1%     0.002     0.1%     0.002     0.000    main
logical PN:     - evaluate patch                         9     0.002     0.1%     0.002     0.1%     0.000     0.000    main
raster:   - precompute tri bounds                        1     0.002     0.0%     0.002     0.0%     0.000     0.000    main
kernel: pn_patch_flatness_error                          8     0.002     0.0%     0.002     0.0%     0.001     0.000    main
AttributeTimeline.add                                   16     0.001     0.0%     0.001     0.0%     0.000     0.000    main
raster:   - precompute tri projection                    1     0.001     0.0%     0.001     0.0%     0.000     0.000    main
logical PN:         - edge chord error                   3     0.001     0.0%     0.000     0.0%     0.000     0.000    main
wavefront:   - pool overflow poll                       10     0.001     0.0%     0.001     0.0%     0.000     0.000    main
wavefront:   - alloc readback                           10     0.001     0.0%     0.001     0.0%     0.000     0.000    main
kernel: pn_edge_chord_error                              3     0.001     0.0%     0.001     0.0%     0.001     0.000    main
wavefront:   - drain active count                       20     0.000     0.0%     0.000     0.0%     0.000     0.000    main
free-VRAM probe (empty_cache)                            1     0.000     0.0%     0.000     0.0%     0.000     0.000    main
(unaccounted on the render thread: video encode, scene mgmt, ...)           0.369     9.1%

Wavefront bounce iterations (sheet route; wall time incl. launch + sync):
   bounce  calls     rays in  traverse s   shade s continuations
        0     10      960996       0.014     0.014           105
        1     10         105       0.006     0.007             -
    total                          0.020     0.021              
  first iteration holds 65.8% of all wavefront_shade time; bounce-loop kernels total 0.041s

Taichi kernel GPU time (profiler; launch overhead excluded; 'recs' = serial + range-for sub-kernels):
  kernel                                    recs   total ms   % run    avg ms    max ms
  gloss_pyramid_level                        522     45.933    1.1%    0.0880    3.0372
  raster_bez_write                            32     31.226    0.8%    0.9758    7.5147
  raster_bez_count                            32     31.165    0.8%    0.9739    5.4374
  gloss_composite                             58     28.976    0.7%    0.4996    1.0199
  tonemap_to_u8                               18     26.911    0.7%    1.4950    8.3666
  compact_ray_slots                           60     26.632    0.7%    0.4439    1.2700
  sheet_resolve_shade_arena                   20     19.775    0.5%    0.9888    3.3014
  pair_expand_write                           48     14.228    0.4%    0.2964    1.4070
  wavefront_traverse_events_arena             40      9.250    0.2%    0.2313    1.4275
  band_stats_reduce                           16      8.354    0.2%    0.5221    2.9922
  sheet_band_reduce                           48      7.288    0.2%    0.1518    0.8110
  solid_shell_ceiling                         16      5.988    0.1%    0.3743    2.1003
  sheet_lane_first_owner                      16      5.807    0.1%    0.3629    2.0454
  wf_composite_accum_sparse                   62      5.418    0.1%    0.0874    0.2268
  gloss_scatter                               62      4.699    0.1%    0.0758    0.2013
  sheet_lane_depths                           16      4.689    0.1%    0.2931    1.6179
  raster_tri_count                            16      4.121    0.1%    0.2576    1.4328
  one_mesh_pixel_reduce                       16      3.664    0.1%    0.2290    1.3036
  raster_tri_write                            16      3.542    0.1%    0.2214    1.2657
  pixel_group_order                           16      3.434    0.1%    0.2146    2.0460
  rank_groups                                 16      2.981    0.1%    0.1863    1.0341
  key_run_order                               32      2.629    0.1%    0.0822    0.4686
  band_stats_rep_orig                         16      2.438    0.1%    0.1523    0.8083
  wavefront_shade_arena                       40      2.230    0.1%    0.0558    0.3209
  sheet_depth_lose                            16      1.910    0.0%    0.1194    0.6320
  one_mesh_pixel_apply                        16      1.787    0.0%    0.1117    0.6011
  sheet_conflict_rank                         16      1.405    0.0%    0.0878    0.4362
  bezier_chord_hull_error                     48      1.290    0.0%    0.0269    0.1655
  opaque_prefix_keep                          16      1.261    0.0%    0.0788    0.3788
  mask_popcount                               32      1.251    0.0%    0.0391    0.1769
  pair_expand_count                           48      1.194    0.0%    0.0249    0.1004
  wavefront_ray_sort_keys                     20      0.321    0.0%    0.0160    0.0375
  pn_patch_flatness_error                     16      0.283    0.0%    0.0177    0.0573
  pn_edge_chord_error                          6      0.084    0.0%    0.0139    0.0321

GPU telemetry over render (48 samples @ ~10 Hz, min/avg/max):
  utilization  0/17/100 %   mem-util 0/12/61 %
  SM clock     300/844/1590 MHz   mem clock 405/2702/5000 MHz
  temperature  45/56/68 C   power 10/31/77 W
  ** THROTTLING observed: SwPowerCap (run-to-run timing is unreliable) **

GPU memory: peak allocated 7143 MB, peak reserved 7586 MB
  batch 0: merged tensors 22.0 MB, BVHs 2.9 MB (cuda after merge 5916 MB)
    counts: num_colored_triangles=0, num_triangles=1441, num_circuits=205, num_frames=30
    tri_bvh: 0 instances, 712 nodes, 0 leaves, 1.3 MB
    tri_opaque_bvh: 0 instances, 712 nodes, 0 leaves, 1.3 MB
    bez_bvh: 0 instances, 93 nodes, 0 leaves, 0.2 MB
    bez_opaque_bvh: 0 instances, 93 nodes, 0 leaves, 0.2 MB
    tri_mat: (30, 1441, 39) = 6.4 MB
    edge_accel: (1528526,) = 5.8 MB
    edges_2d: (30, 8085, 6) = 5.6 MB
    tri_pos: (30, 1441, 9) = 1.5 MB
    tri_norm: (30, 1441, 9) = 1.5 MB
    circuit_meta: (30, 205, 25) = 0.6 MB
  cProfile dump: disabled (set ALGAN_PROFILE_CPROFILE=1)

==============================================================================
Algan ray-tracing scene profile
==============================================================================
device: Tesla T4
  driver 580.159.04  compute cap 7.5  15360 MiB  max SM 1590 MHz / mem 5001 MHz  PCIe gen3 x16
  profiling tools: nvidia-smi=yes, nvprof=yes, ncu=yes, nsys=no
  Taichi kernel profiler: ON
  hooked kernels (64): argsort_pairs, band_stats_reduce, band_stats_rep_orig, bezier_chord_hull_error, compact_ray_slots, env_background_prefill, fill_background_from_func, finalize_samples, gather_fragment_arrays, gloss_composite, gloss_pyramid_level, gloss_scatter, group_counts, key_run_order, mask_popcount, one_mesh_pixel_apply, one_mesh_pixel_reduce, opaque_prefix_keep, pair_expand_count, pair_expand_write, pixel_group_order, pn_edge_chord_error, pn_patch_flatness_error, pt_env_pdf_probe, pt_env_sample_probe, pt_generate, pt_light_tree_pmf_probe, pt_light_tree_probe, pt_nee_pick_probe, pt_offset_probe, pt_reduce, pt_sampler_probe, pt_screen_sampler_probe, pt_shade_arena, rank_groups, raster_bez_count, raster_bez_write, raster_shadow_trace_arena, raster_tri_count, raster_tri_write, refit_pack_level, reorder_ray_slots, sheet_band_reduce, sheet_conflict_rank, sheet_depth_lose, sheet_lane_depths, sheet_lane_depths_inplace, sheet_lane_first_owner, sheet_resolve_shade_arena, sibling_band_counts, sibling_coverage_weights, solid_shell_ceiling, wavefront_generate_rays, wavefront_ray_sort_keys, wavefront_shade_arena, wavefront_shadow_events, wavefront_traverse_events_arena, wf_composite, wf_composite_aa, wf_composite_accum, wf_composite_accum_aa, wf_composite_accum_sparse, wf_finalize_aa, wf_finalize_uncovered
RUN 1: end-to-end 84.89s (render thread: 84.06s accounted, 0.84s unaccounted; worker overlap 0.00s)
RUN 2: end-to-end 4.05s (render thread: 3.68s accounted, 0.37s unaccounted; worker overlap 0.00s)
------------------------------------------------------------------------------
Registers / occupancy not collected in-process (Taichi CUPTI toolkit unavailable here).
Run this to get them via nvprof:

  # registers per thread (no admin needed):
  ALGAN_UNDER_NVPROF=1 nvprof --print-gpu-trace --csv /usr/bin/python3 benchmarks/performance/explainer_scene.py --quality UHD --seconds 0.5 --kernel-profiler
  # achieved occupancy (may need admin on Pascal):
  ALGAN_UNDER_NVPROF=1 nvprof --metrics achieved_occupancy --csv /usr/bin/python3 benchmarks/performance/explainer_scene.py --quality UHD --seconds 0.5 --kernel-profiler

(Taichi's own table below; its % is of total GPU-kernel time, not of run wall time -- see '% run' above for that.)
=========================================================================
Kernel Profiler(count, default) @ CUDA on Tesla T4
=========================================================================
[      %     total   count |      min       avg       max   ] Kernel name
-------------------------------------------------------------------------
[ 13.95%   0.044 s    261x |    0.005     0.167     3.037 ms] gloss_pyramid_level_c70_0_kernel_1_range_for
[  9.94%   0.031 s     16x |    0.278     1.939     7.515 ms] raster_bez_write_c108_0_kernel_1_range_for
[  9.88%   0.031 s     16x |    0.920     1.928     5.437 ms] raster_bez_count_c106_0_kernel_1_range_for
[  9.21%   0.029 s     29x |    0.961     0.991     1.020 ms] gloss_composite_c72_0_kernel_1_range_for
[  8.58%   0.027 s      9x |    0.833     2.977     8.367 ms] tonemap_to_u8_c188_0_kernel_1_range_for
[  8.43%   0.026 s     30x |    0.524     0.877     1.270 ms] compact_ray_slots_c76_0_kernel_1_range_for
[  6.28%   0.020 s     10x |    0.848     1.961     3.301 ms] sheet_resolve_shade_arena_c176_0_kernel_1_range_for
[  4.04%   0.013 s     16x |    0.156     0.789     1.407 ms] pair_expand_write_c164_1_kernel_1_range_for
[  2.87%   0.009 s     20x |    0.109     0.447     1.427 ms] wavefront_traverse_events_arena_c96_0_kernel_1_range_for
[  2.64%   0.008 s      8x |    0.512     1.031     2.992 ms] band_stats_reduce_c158_0_kernel_1_range_for
[  1.88%   0.006 s      8x |    0.411     0.735     2.100 ms] solid_shell_ceiling_c156_0_kernel_1_range_for
[  1.83%   0.006 s      8x |    0.354     0.712     2.045 ms] sheet_lane_first_owner_c154_0_kernel_1_range_for
[  1.63%   0.005 s     31x |    0.010     0.164     0.227 ms] wf_composite_accum_sparse_c86_0_kernel_1_range_for
[  1.48%   0.005 s     16x |    0.147     0.289     0.811 ms] sheet_band_reduce_c142_0_kernel_1_range_for
[  1.47%   0.005 s      8x |    0.284     0.572     1.618 ms] sheet_lane_depths_c168_0_kernel_1_range_for
[  1.40%   0.004 s     31x |    0.006     0.141     0.201 ms] gloss_scatter_c68_0_kernel_1_range_for
[  1.27%   0.004 s      8x |    0.351     0.496     1.433 ms] raster_tri_count_c102_0_kernel_1_range_for
[  1.14%   0.004 s      8x |    0.230     0.445     1.304 ms] one_mesh_pixel_reduce_c150_0_kernel_1_range_for
[  1.10%   0.003 s      8x |    0.305     0.431     1.266 ms] raster_tri_write_c104_0_kernel_1_range_for
[  1.07%   0.003 s      8x |    0.088     0.416     2.046 ms] pixel_group_order_c184_0_kernel_1_range_for
[  0.92%   0.003 s      8x |    0.176     0.359     1.034 ms] rank_groups_c174_0_kernel_1_range_for
[  0.76%   0.002 s    261x |    0.006     0.009     0.033 ms] gloss_pyramid_level_c70_0_kernel_0_serial
[  0.75%   0.002 s      8x |    0.149     0.292     0.808 ms] band_stats_rep_orig_c160_0_kernel_1_range_for
[  0.75%   0.002 s      8x |    0.149     0.291     0.803 ms] sheet_band_reduce_c142_1_kernel_1_range_for
[  0.63%   0.002 s     20x |    0.040     0.098     0.321 ms] wavefront_shade_arena_c100_0_kernel_1_range_for
[  0.58%   0.002 s      8x |    0.125     0.226     0.632 ms] sheet_depth_lose_c170_0_kernel_1_range_for
[  0.54%   0.002 s      8x |    0.113     0.210     0.601 ms] one_mesh_pixel_apply_c152_0_kernel_1_range_for
[  0.44%   0.001 s      8x |    0.079     0.171     0.469 ms] key_run_order_c186_1_kernel_1_range_for
[  0.41%   0.001 s      8x |    0.087     0.160     0.436 ms] sheet_conflict_rank_c146_0_kernel_1_range_for
[  0.41%   0.001 s      8x |    0.143     0.159     0.211 ms] pair_expand_write_c164_0_kernel_1_range_for
[  0.36%   0.001 s      8x |    0.080     0.141     0.379 ms] opaque_prefix_keep_c148_0_kernel_1_range_for
[  0.34%   0.001 s     24x |    0.014     0.045     0.166 ms] bezier_chord_hull_error_c62_0_kernel_1_range_for
[  0.33%   0.001 s      8x |    0.073     0.129     0.340 ms] key_run_order_c186_0_kernel_1_range_for
[  0.33%   0.001 s     16x |    0.030     0.064     0.177 ms] mask_popcount_c144_0_kernel_1_range_for
[  0.22%   0.001 s      8x |    0.080     0.087     0.100 ms] pair_expand_count_c162_0_kernel_1_range_for
[  0.11%   0.000 s     31x |    0.009     0.011     0.017 ms] gloss_scatter_c68_0_kernel_0_serial
[  0.10%   0.000 s     31x |    0.007     0.010     0.025 ms] wf_composite_accum_sparse_c86_0_kernel_0_serial
[  0.10%   0.000 s     30x |    0.007     0.011     0.018 ms] compact_ray_slots_c76_0_kernel_0_serial
[  0.10%   0.000 s     16x |    0.010     0.020     0.038 ms] raster_bez_count_c106_0_kernel_0_serial
[  0.10%   0.000 s     20x |    0.009     0.015     0.062 ms] wavefront_traverse_events_arena_c96_0_kernel_0_serial
[  0.09%   0.000 s     20x |    0.011     0.014     0.025 ms] wavefront_shade_arena_c100_0_kernel_0_serial
[  0.08%   0.000 s     29x |    0.006     0.008     0.012 ms] gloss_composite_c72_0_kernel_0_serial
[  0.07%   0.000 s     16x |    0.008     0.014     0.035 ms] sheet_band_reduce_c142_0_kernel_0_serial
[  0.07%   0.000 s     16x |    0.010     0.014     0.023 ms] mask_popcount_c144_0_kernel_0_serial
[  0.07%   0.000 s      8x |    0.017     0.027     0.057 ms] pn_patch_flatness_error_c60_0_kernel_1_range_for
[  0.07%   0.000 s     16x |    0.010     0.014     0.017 ms] pair_expand_count_c162_1_kernel_0_serial
[  0.07%   0.000 s     24x |    0.007     0.009     0.018 ms] bezier_chord_hull_error_c62_0_kernel_0_serial
[  0.07%   0.000 s     16x |    0.009     0.013     0.017 ms] pair_expand_write_c164_1_kernel_0_serial
[  0.07%   0.000 s     10x |    0.013     0.020     0.038 ms] wavefront_ray_sort_keys_c78_0_kernel_1_range_for
[  0.06%   0.000 s     16x |    0.009     0.013     0.016 ms] raster_bez_write_c108_0_kernel_0_serial
[  0.05%   0.000 s     16x |    0.007     0.010     0.029 ms] pair_expand_count_c162_1_kernel_1_range_for
[  0.05%   0.000 s     10x |    0.010     0.016     0.033 ms] sheet_resolve_shade_arena_c176_0_kernel_0_serial
[  0.05%   0.000 s      8x |    0.010     0.019     0.054 ms] raster_tri_count_c102_0_kernel_0_serial
[  0.04%   0.000 s      8x |    0.013     0.016     0.020 ms] opaque_prefix_keep_c148_0_kernel_0_serial
[  0.04%   0.000 s      8x |    0.013     0.015     0.025 ms] key_run_order_c186_0_kernel_0_serial
[  0.04%   0.000 s      8x |    0.012     0.015     0.026 ms] sheet_conflict_rank_c146_0_kernel_0_serial
[  0.04%   0.000 s      8x |    0.010     0.015     0.026 ms] pair_expand_write_c164_0_kernel_0_serial
[  0.04%   0.000 s      8x |    0.011     0.015     0.018 ms] pair_expand_count_c162_0_kernel_0_serial
[  0.04%   0.000 s     10x |    0.009     0.012     0.017 ms] wavefront_ray_sort_keys_c78_0_kernel_0_serial
[  0.04%   0.000 s      9x |    0.009     0.013     0.023 ms] tonemap_to_u8_c188_0_kernel_0_serial
[  0.04%   0.000 s      8x |    0.010     0.014     0.021 ms] sheet_lane_depths_c168_0_kernel_0_serial
[  0.04%   0.000 s      8x |    0.010     0.014     0.016 ms] sheet_lane_first_owner_c154_0_kernel_0_serial
[  0.03%   0.000 s      8x |    0.012     0.014     0.016 ms] solid_shell_ceiling_c156_0_kernel_0_serial
[  0.03%   0.000 s      8x |    0.010     0.013     0.018 ms] pixel_group_order_c184_0_kernel_0_serial
[  0.03%   0.000 s      8x |    0.010     0.013     0.016 ms] sheet_band_reduce_c142_1_kernel_0_serial
[  0.03%   0.000 s      8x |    0.010     0.013     0.020 ms] band_stats_reduce_c158_0_kernel_0_serial
[  0.03%   0.000 s      8x |    0.010     0.013     0.017 ms] one_mesh_pixel_reduce_c150_0_kernel_0_serial
[  0.03%   0.000 s      8x |    0.011     0.013     0.015 ms] rank_groups_c174_0_kernel_0_serial
[  0.03%   0.000 s      8x |    0.008     0.013     0.016 ms] one_mesh_pixel_apply_c152_0_kernel_0_serial
[  0.03%   0.000 s      8x |    0.008     0.013     0.017 ms] band_stats_rep_orig_c160_0_kernel_0_serial
[  0.03%   0.000 s      8x |    0.010     0.013     0.016 ms] key_run_order_c186_1_kernel_0_serial
[  0.03%   0.000 s      8x |    0.009     0.013     0.016 ms] sheet_depth_lose_c170_0_kernel_0_serial
[  0.03%   0.000 s      8x |    0.008     0.012     0.014 ms] raster_tri_write_c104_0_kernel_0_serial
[  0.02%   0.000 s      8x |    0.006     0.008     0.010 ms] pn_patch_flatness_error_c60_0_kernel_0_serial
[  0.02%   0.000 s      3x |    0.011     0.020     0.032 ms] pn_edge_chord_error_c64_0_kernel_1_range_for
[  0.01%   0.000 s      3x |    0.008     0.008     0.008 ms] pn_edge_chord_error_c64_0_kernel_0_serial
-------------------------------------------------------------------------
[100.00%] Total execution time:   0.312 s   number of results: 76
=========================================================================
report written to algan_profile_report_explainer_UHD.txt
--- step explainer_uhd: ok (rc=0) in 119.1s

==============================================================================
