=== STEP graphics_uhd_new ===
==============================================================================
$ git checkout -q 979b101 && python benchmarks/performance/graphics_scene.py --quality UHD --seconds 0.5 --tag graphics_UHD_new
  env ALGAN_VIDEO_ENCODER=software
[bench] graphics: quality UHD (3840x2160 @ 60 fps), 0.5s = 30 frames, 2 run(s), tag graphics_UHD_new
[profiling] hooked 64 Taichi kernels (249 ti.funcs are inlined and not separately timed)

===== profiling run 1/2 (cold) =====
Encoding video with libx264
Began rendering /kaggle/working/algan/algan_outputs/profiling/profilinggraphics_UHD_new_run1.mp4
[Quadrants] Starting on arch=cuda
/usr/local/lib/python3.12/dist-packages/quadrants/_test_tools/warnings_helper.py:11: UserWarning: cannot create weak reference to 'quadrants._lib.core.quadrants_python.DataTypeCxx' object. Template mapper caching disabled.
  warnings.warn(message)
Finished rendering /kaggle/working/algan/algan_outputs/profiling/profilinggraphics_UHD_new_run1.mp4 in 139.1 s
[profile] graphics_UHD_new RUN 1: end-to-end 139.48s, render thread accounted 138.54s + unaccounted 0.93s, worker-thread prep overlapped 0.00s, peak alloc 12499 MB

------------------------------------------------------------------------------
RUN 1 (cold (includes Taichi JIT compile)): end-to-end 139.48s
------------------------------------------------------------------------------
incl is wall time, excl is time spent in function excluding sub-processes of another tracked stage; thread is which thread recorded it (worker = the scene-prefetch thread, overlapped with the render thread and outside its budget)
stage                                                calls  incl (s) incl (%)  excl (s)  excl (%)    launch      sync  thread
ray traced render total                                 33   130.041    93.2%     0.658     0.5%     0.000     0.000    main
wavefront_loop                                          33   127.856    91.7%     0.176     0.1%     0.000     0.000    main
raster: sparse resolve                                 173    62.023    44.5%     1.263     0.9%     0.000     0.000    main
kernel: raster_shadow_trace_arena                     1134    56.028    40.2%    56.028    40.2%     1.435    54.594    main
wavefront:   - bounce drain                            167    50.014    35.9%     0.281     0.2%     0.000     0.000    main
kernel: sheet_resolve_shade_arena                      334    30.453    21.8%    30.453    21.8%    28.362     2.091    main
wavefront:   - bounce 0 shadow events                  167    12.514     9.0%     1.117     0.8%     0.000     0.000    main
raster: sparse discovery                                33    11.109     8.0%     0.744     0.5%     0.000     0.000    main
wavefront:   - bounce 1 shadow events                  123     7.987     5.7%     0.627     0.4%     0.000     0.000    main
kernel: wavefront_traverse_events_arena               1013     7.737     5.5%     7.737     5.5%     0.577     7.160    main
arena preflight (batch)                                  1     7.236     5.2%     0.078     0.1%     0.000     0.000    main
  - project_to_screen (prewarm)                          1     6.537     4.7%     0.052     0.0%     0.000     0.000    main
kernel: wavefront_shade_arena                          985     6.442     4.6%     6.442     4.6%     4.608     1.834    main
logical PN: dice + shade + pack (project_to_screen)      4     6.332     4.5%     0.024     0.0%     0.000     0.000    main
logical PN:   - _dice_logical_pn                         4     6.308     4.5%     0.581     0.4%     0.000     0.000    main
wavefront:   - bounce 0 shade                          139     5.265     3.8%     0.067     0.0%     0.000     0.000    main
raster:   - compact_sheets                              32     4.479     3.2%     2.539     1.8%     0.000     0.000    main
wavefront:   - bounce 2 shadow events                  122     4.168     3.0%     0.389     0.3%     0.000     0.000    main
wavefront:   - bounce 0 traverse                       167     3.592     2.6%     0.051     0.0%     0.000     0.000    main
wavefront:   - bounce 3 shadow events                  122     3.407     2.4%     0.287     0.2%     0.000     0.000    main
kernel: wavefront_shadow_events                       1013     3.385     2.4%     3.385     2.4%     2.403     0.982    main
logical PN:     - snap boundary                        114     2.455     1.8%     2.455     1.8%     0.000     0.000    main
kernel: raster_tri_write                                64     2.285     1.6%     2.285     1.6%     1.153     1.132    main
wavefront:   - tile state alloc                        173     2.239     1.6%     2.239     1.6%     0.000     0.000    main
wavefront:   - bounce 4 shadow events                  119     1.991     1.4%     0.220     0.2%     0.000     0.000    main
kernel: raster_tri_count                                64     1.823     1.3%     1.823     1.3%     1.603     0.220    main
wavefront:   - compact active                         1152     1.781     1.3%     0.174     0.1%     0.000     0.000    main
wavefront:   - bounce 1 traverse                       123     1.653     1.2%     0.034     0.0%     0.000     0.000    main
kernel: compact_ray_slots                             1152     1.606     1.2%     1.606     1.2%     0.136     1.470    main
wavefront:   - tile composite                          139     1.249     0.9%     0.279     0.2%     0.000     0.000    main
logical PN:     - evaluate patch                        57     1.162     0.8%     1.162     0.8%     0.000     0.000    main
post-process (downsample/FXAA/glow)                     33     1.080     0.8%     0.101     0.1%     0.000     0.000    main
raster:   - fragment sort                               32     1.078     0.8%     1.078     0.8%     0.000     0.000    main
logical PN:     - evaluate normals                      57     1.035     0.7%     1.035     0.7%     0.000     0.000    main
Scene._get_batch_of_primitives                           1     1.033     0.7%     0.625     0.4%     0.000     0.000    main
wavefront:   - bounce 5 shadow events                  119     1.006     0.7%     0.181     0.1%     0.000     0.000    main
wavefront:   - bounce 2 traverse                       122     0.932     0.7%     0.032     0.0%     0.000     0.000    main
wavefront:   - raster tables (batch)                     1     0.862     0.6%     0.000     0.0%     0.000     0.000    main
raster:   - precompute tri projection                    1     0.857     0.6%     0.857     0.6%     0.000     0.000    main
post:   - device->host copy                             33     0.850     0.6%     0.850     0.6%     0.000     0.000    main
logical PN:     - subdivision levels                     4     0.727     0.5%     0.120     0.1%     0.000     0.000    main
wavefront:   - bounce 3 traverse                       122     0.681     0.5%     0.030     0.0%     0.000     0.000    main
wavefront:   - bounce 6 shadow events                  119     0.659     0.5%     0.170     0.1%     0.000     0.000    main
merge collections + build BVHs                           1     0.620     0.4%     0.334     0.2%     0.000     0.000    main
wavefront:   - bounce 1 shade                          123     0.531     0.4%     0.054     0.0%     0.000     0.000    main
wavefront:   - bounce 7 shadow events                  119     0.525     0.4%     0.164     0.1%     0.000     0.000    main
kernel: gloss_scatter                                  161     0.473     0.3%     0.473     0.3%     0.051     0.422    main
wavefront:   - bounce 4 traverse                       119     0.439     0.3%     0.030     0.0%     0.000     0.000    main
raster:     - sheets sibling weights                    32     0.381     0.3%     0.371     0.3%     0.000     0.000    main
kernel: env_background_prefill                          33     0.372     0.3%     0.372     0.3%     0.301     0.072    main
logical PN:       - edge level search                    4     0.362     0.3%     0.040     0.0%     0.000     0.000    main
raster:   - window pairs                                33     0.357     0.3%     0.073     0.1%     0.000     0.000    main
logical PN:     - interpolate attrs                   1008     0.348     0.2%     0.348     0.2%     0.000     0.000    main
wavefront:   - bounce 2 shade                          122     0.325     0.2%     0.050     0.0%     0.000     0.000    main
logical PN:         - edge chord error                  13     0.321     0.2%     0.002     0.0%     0.000     0.000    main
kernel: pn_edge_chord_error                             13     0.319     0.2%     0.319     0.2%     0.318     0.001    main
wavefront:   - bounce 5 traverse                       119     0.293     0.2%     0.028     0.0%     0.000     0.000    main
wavefront:   - bounce 0 ray sort                       151     0.293     0.2%     0.188     0.1%     0.000     0.000    main
  - refit-BVH build (in merge)                           2     0.286     0.2%     0.286     0.2%     0.000     0.000    main
kernel: gloss_composite                                 54     0.247     0.2%     0.247     0.2%     0.175     0.072    main
wavefront:   - bounce 3 shade                          122     0.239     0.2%     0.050     0.0%     0.000     0.000    main
kernel: wavefront_ray_sort_keys                        926     0.233     0.2%     0.233     0.2%     0.142     0.091    main
wavefront:   - bounce 6 traverse                       119     0.229     0.2%     0.028     0.0%     0.000     0.000    main
logical PN:         - patch flatness error              67     0.225     0.2%     0.014     0.0%     0.000     0.000    main
AttributeTimeline.get                                 4148     0.225     0.2%     0.225     0.2%     0.000     0.000    main
logical PN:       - patch level search                   4     0.223     0.2%     0.020     0.0%     0.000     0.000    main
raster:     - sheets band reduce                        96     0.218     0.2%     0.083     0.1%     0.000     0.000    main
kernel: pn_patch_flatness_error                         67     0.211     0.2%     0.211     0.2%     0.204     0.007    main
raster:     - sheets band composite                     32     0.186     0.1%     0.082     0.1%     0.000     0.000    main
kernel: key_run_order                                   96     0.185     0.1%     0.185     0.1%     0.125     0.060    main
raster:   - fragment gather                             32     0.182     0.1%     0.182     0.1%     0.000     0.000    main
wavefront:   - bounce 7 traverse                       119     0.178     0.1%     0.028     0.0%     0.000     0.000    main
kernel: pair_expand_write                               64     0.173     0.1%     0.173     0.1%     0.067     0.106    main
wavefront:   - bounce 4 shade                          119     0.167     0.1%     0.046     0.0%     0.000     0.000    main
wavefront:   - sparse setup                             33     0.156     0.1%     0.156     0.1%     0.000     0.000    main
triangles: shade + pack (project_to_screen)              3     0.153     0.1%     0.153     0.1%     0.000     0.000    main
raster:     - sheets prim split                         32     0.153     0.1%     0.153     0.1%     0.000     0.000    main
kernel: solid_shell_ceiling                             32     0.151     0.1%     0.151     0.1%     0.046     0.105    main
kernel: gloss_pyramid_level                            486     0.138     0.1%     0.138     0.1%     0.055     0.083    main
kernel: band_stats_reduce                               32     0.137     0.1%     0.137     0.1%     0.026     0.112    main
kernel: sheet_band_reduce                               96     0.135     0.1%     0.135     0.1%     0.047     0.088    main
post:   - tonemap/finalize                              33     0.129     0.1%     0.129     0.1%     0.000     0.000    main
kernel: sheet_depth_lose                                32     0.125     0.1%     0.125     0.1%     0.065     0.060    main
video encode tail (ffmpeg drain)                         1     0.120     0.1%     0.120     0.1%     0.000     0.000    main
wavefront:   - bounce 5 shade                          119     0.120     0.1%     0.046     0.0%     0.000     0.000    main
AnimationTimeline.set_state_to_times                     1     0.113     0.1%     0.037     0.0%     0.000     0.000    main
kernel: wf_composite_accum_sparse                      161     0.112     0.1%     0.112     0.1%     0.060     0.052    main
kernel: pair_expand_count                               64     0.111     0.1%     0.111     0.1%     0.098     0.013    main
wavefront:   - bounce 1 ray sort                       123     0.103     0.1%     0.073     0.1%     0.000     0.000    main
wavefront:   - bounce 6 shade                          119     0.101     0.1%     0.045     0.0%     0.000     0.000    main
kernel: pixel_group_order                               32     0.098     0.1%     0.098     0.1%     0.071     0.028    main
kernel: sheet_lane_first_owner                          32     0.097     0.1%     0.097     0.1%     0.022     0.074    main
wavefront:   - drain scratch                          1013     0.096     0.1%     0.096     0.1%     0.000     0.000    main
wavefront:   - bounce 7 shade                          119     0.096     0.1%     0.044     0.0%     0.000     0.000    main
memory reclaim (gc + cuda cache)                        36     0.093     0.1%     0.093     0.1%     0.000     0.000    main
wavefront:   - bounce 2 ray sort                       122     0.082     0.1%     0.058     0.0%     0.000     0.000    main
kernel: one_mesh_pixel_reduce                           32     0.081     0.1%     0.081     0.1%     0.033     0.049    main
surfaces: get_render_primitives_batched                  8     0.077     0.1%     0.071     0.1%     0.000     0.000    main
background prefill                                      33     0.075     0.1%     0.075     0.1%     0.000     0.000    main
kernel: sheet_lane_depths                               32     0.070     0.0%     0.070     0.0%     0.014     0.056    main
wavefront:   - bounce 3 ray sort                       120     0.065     0.0%     0.046     0.0%     0.000     0.000    main
raster:     - sheets shade class                        32     0.065     0.0%     0.065     0.0%     0.000     0.000    main
AttributeTimeline.rematerialize_state_at_times          26     0.061     0.0%     0.061     0.0%     0.000     0.000    main
kernel: rank_groups                                     32     0.059     0.0%     0.059     0.0%     0.020     0.039    main
wavefront:   - bounce 4 ray sort                       119     0.057     0.0%     0.040     0.0%     0.000     0.000    main
wavefront:   - bounce 5 ray sort                       117     0.053     0.0%     0.038     0.0%     0.000     0.000    main
raster:     - sheets conflict rank                      32     0.051     0.0%     0.004     0.0%     0.000     0.000    main
kernel: sheet_conflict_rank                             32     0.047     0.0%     0.047     0.0%     0.029     0.018    main
kernel: band_stats_rep_orig                             32     0.045     0.0%     0.045     0.0%     0.016     0.030    main
kernel: one_mesh_pixel_apply                            32     0.042     0.0%     0.042     0.0%     0.018     0.024    main
wavefront:   - bounce 6 ray sort                        93     0.041     0.0%     0.029     0.0%     0.000     0.000    main
kernel: opaque_prefix_keep                              32     0.038     0.0%     0.038     0.0%     0.021     0.018    main
wavefront:   - bounce 7 ray sort                        81     0.035     0.0%     0.025     0.0%     0.000     0.000    main
kernel: mask_popcount                                   64     0.034     0.0%     0.034     0.0%     0.021     0.013    main
wavefront:   - drain active count                     1013     0.019     0.0%     0.019     0.0%     0.000     0.000    main
wavefront:   - pool overflow poll                      167     0.017     0.0%     0.017     0.0%     0.000     0.000    main
scene upload to arena                                    1     0.015     0.0%     0.015     0.0%     0.000     0.000    main
wavefront:   - alloc readback                          139     0.011     0.0%     0.011     0.0%     0.000     0.000    main
Surface.get_render_primitives                            1     0.010     0.0%     0.009     0.0%     0.000     0.000    main
wavefront:   - bounce 8+ shadow events                   3     0.007     0.0%     0.003     0.0%     0.000     0.000    main
AttributeTimeline.modify                                31     0.007     0.0%     0.007     0.0%     0.000     0.000    main
raster:   - precompute tri bounds                        1     0.005     0.0%     0.005     0.0%     0.000     0.000    main
wavefront:   - bounce 8+ traverse                        3     0.003     0.0%     0.001     0.0%     0.000     0.000    main
wavefront:   - bounce 8+ shade                           3     0.002     0.0%     0.001     0.0%     0.000     0.000    main
AttributeTimeline.add                                   16     0.001     0.0%     0.001     0.0%     0.000     0.000    main
free-VRAM probe (empty_cache)                            1     0.000     0.0%     0.000     0.0%     0.000     0.000    main
(unaccounted on the render thread: video encode, scene mgmt, ...)           0.934     0.7%

Wavefront bounce iterations (sheet route; wall time incl. launch + sync):
   bounce  calls     rays in  traverse s   shade s continuations
        0    153   220258775       3.592     5.265      65369706
        1    123    65369706       1.653     0.531      41935856
        2    122    41935856       0.932     0.325      24056117
        3    122    24056117       0.681     0.239      13793926
        4    119    13793926       0.439     0.167       5351392
        5    119     5351392       0.293     0.120       3051778
        6    119     3051778       0.229     0.101       1832916
        7    119     1832916       0.178     0.096           213
       8+      3         213       0.003     0.002             -
    total                          7.999     6.845              
  first iteration holds 76.9% of all wavefront_shade time; bounce-loop kernels total 14.844s

GPU telemetry over render (1750 samples @ ~10 Hz, min/avg/max):
  utilization  0/31/100 %   mem-util 0/7/100 %
  SM clock     300/697/1590 MHz   mem clock 405/2702/5000 MHz
  temperature  34/55/82 C   power 9/32/90 W
  ** THROTTLING observed: SwPowerCap (run-to-run timing is unreliable) **

GPU memory: peak allocated 12499 MB, peak reserved 13884 MB
  batch 0: merged tensors 280.7 MB, BVHs 64.8 MB (cuda after merge 6304 MB)
    counts: num_colored_triangles=3190, num_triangles=17563, num_circuits=0, num_frames=55
    bez_bvh: 0 instances, 1 nodes, 0 leaves, 0.0 MB
    bez_opaque_bvh: 0 instances, 1 nodes, 0 leaves, 0.0 MB
    tri_bvh: 0 instances, 9652 nodes, 0 leaves, 32.4 MB
    tri_opaque_bvh: 0 instances, 9652 nodes, 0 leaves, 32.4 MB
    tri_mat: (55, 17563, 39) = 143.7 MB
    tri_pos: (55, 17563, 9) = 33.2 MB
    tri_norm: (55, 17563, 9) = 33.2 MB
    tri_colors: (55, 7161, 3, 5) = 22.5 MB
    tri_extra: (55, 7161, 15) = 22.5 MB
    tri_uvs: (55, 14373, 6) = 18.1 MB
  cProfile dump: disabled (set ALGAN_PROFILE_CPROFILE=1)

===== profiling run 2/2 (warm) =====
Encoding video with libx264
Began rendering /kaggle/working/algan/algan_outputs/profiling/profilinggraphics_UHD_new_run2.mp4
Finished rendering /kaggle/working/algan/algan_outputs/profiling/profilinggraphics_UHD_new_run2.mp4 in 92.3 s
[profile] graphics_UHD_new RUN 2: end-to-end 92.30s, render thread accounted 91.84s + unaccounted 0.46s, worker-thread prep overlapped 0.00s, peak alloc 12778 MB

------------------------------------------------------------------------------
RUN 2 (warm (steady state)): end-to-end 92.30s
------------------------------------------------------------------------------
incl is wall time, excl is time spent in function excluding sub-processes of another tracked stage; thread is which thread recorded it (worker = the scene-prefetch thread, overlapped with the render thread and outside its budget)
stage                                                calls  incl (s) incl (%)  excl (s)  excl (%)    launch      sync  thread
ray traced render total                                 33    89.370    96.8%     0.700     0.8%     0.000     0.000    main
wavefront_loop                                          33    87.413    94.7%     0.166     0.2%     0.000     0.000    main
kernel: raster_shadow_trace_arena                     1198    54.777    59.3%    54.777    59.3%     0.213    54.564    main
wavefront:   - bounce drain                            175    43.409    47.0%     0.291     0.3%     0.000     0.000    main
raster: sparse resolve                                 181    32.549    35.3%     1.247     1.4%     0.000     0.000    main
wavefront:   - bounce 0 shadow events                  175    10.537    11.4%     1.149     1.2%     0.000     0.000    main
wavefront:   - bounce 1 shadow events                  130     7.987     8.7%     0.634     0.7%     0.000     0.000    main
raster: sparse discovery                                33     7.833     8.5%     0.753     0.8%     0.000     0.000    main
kernel: wavefront_traverse_events_arena               1070     7.372     8.0%     7.372     8.0%     0.188     7.184    main
wavefront:   - bounce 2 shadow events                  129     4.162     4.5%     0.392     0.4%     0.000     0.000    main
raster:   - compact_sheets                              32     4.137     4.5%     2.617     2.8%     0.000     0.000    main
wavefront:   - bounce 3 shadow events                  129     3.435     3.7%     0.325     0.4%     0.000     0.000    main
wavefront:   - bounce 0 traverse                       175     3.219     3.5%     0.053     0.1%     0.000     0.000    main
wavefront:   - tile state alloc                        181     2.300     2.5%     2.300     2.5%     0.000     0.000    main
kernel: sheet_resolve_shade_arena                      350     2.166     2.3%     2.166     2.3%     0.068     2.098    main
kernel: wavefront_shade_arena                         1041     2.045     2.2%     2.045     2.2%     0.203     1.843    main
wavefront:   - bounce 4 shadow events                  126     1.996     2.2%     0.223     0.2%     0.000     0.000    main
wavefront:   - compact active                         1216     1.829     2.0%     0.180     0.2%     0.000     0.000    main
wavefront:   - bounce 1 traverse                       130     1.651     1.8%     0.035     0.0%     0.000     0.000    main
kernel: compact_ray_slots                             1216     1.650     1.8%     1.650     1.8%     0.124     1.526    main
kernel: wavefront_shadow_events                       1070     1.452     1.6%     1.452     1.6%     0.459     0.993    main
arena preflight (batch)                                  1     1.194     1.3%     0.071     0.1%     0.000     0.000    main
kernel: raster_tri_write                                64     1.156     1.3%     1.156     1.3%     0.038     1.118    main
post-process (downsample/FXAA/glow)                     33     1.099     1.2%     0.100     0.1%     0.000     0.000    main
raster:   - fragment sort                               32     1.062     1.2%     1.062     1.2%     0.000     0.000    main
Scene._get_batch_of_primitives                           1     1.034     1.1%     0.643     0.7%     0.000     0.000    main
wavefront:   - bounce 5 shadow events                  126     1.018     1.1%     0.188     0.2%     0.000     0.000    main
wavefront:   - tile composite                          146     0.965     1.0%     0.278     0.3%     0.000     0.000    main
post:   - device->host copy                             33     0.946     1.0%     0.946     1.0%     0.000     0.000    main
wavefront:   - bounce 2 traverse                       129     0.930     1.0%     0.033     0.0%     0.000     0.000    main
wavefront:   - bounce 0 shade                          146     0.852     0.9%     0.067     0.1%     0.000     0.000    main
  - project_to_screen (prewarm)                          1     0.779     0.8%     0.026     0.0%     0.000     0.000    main
logical PN: dice + shade + pack (project_to_screen)      4     0.735     0.8%     0.035     0.0%     0.000     0.000    main
logical PN:   - _dice_logical_pn                         4     0.700     0.8%     0.317     0.3%     0.000     0.000    main
wavefront:   - bounce 3 traverse                       129     0.684     0.7%     0.032     0.0%     0.000     0.000    main
wavefront:   - bounce 6 shadow events                  126     0.676     0.7%     0.180     0.2%     0.000     0.000    main
wavefront:   - bounce 7 shadow events                  126     0.542     0.6%     0.174     0.2%     0.000     0.000    main
wavefront:   - bounce 1 shade                          130     0.537     0.6%     0.056     0.1%     0.000     0.000    main
wavefront:   - bounce 4 traverse                       126     0.441     0.5%     0.031     0.0%     0.000     0.000    main
kernel: gloss_scatter                                  168     0.439     0.5%     0.439     0.5%     0.017     0.421    main
raster:     - sheets sibling weights                    32     0.381     0.4%     0.371     0.4%     0.000     0.000    main
merge collections + build BVHs                           1     0.344     0.4%     0.139     0.2%     0.000     0.000    main
wavefront:   - bounce 2 shade                          129     0.328     0.4%     0.052     0.1%     0.000     0.000    main
wavefront:   - bounce 5 traverse                       126     0.302     0.3%     0.030     0.0%     0.000     0.000    main
wavefront:   - bounce 0 ray sort                       159     0.247     0.3%     0.188     0.2%     0.000     0.000    main
wavefront:   - bounce 3 shade                          129     0.243     0.3%     0.052     0.1%     0.000     0.000    main
wavefront:   - bounce 6 traverse                       126     0.235     0.3%     0.029     0.0%     0.000     0.000    main
logical PN:     - interpolate attrs                   1008     0.233     0.3%     0.233     0.3%     0.000     0.000    main
AttributeTimeline.get                                 4148     0.226     0.2%     0.226     0.2%     0.000     0.000    main
kernel: raster_tri_count                                64     0.226     0.2%     0.226     0.2%     0.034     0.192    main
raster:   - window pairs                                33     0.212     0.2%     0.076     0.1%     0.000     0.000    main
  - refit-BVH build (in merge)                           2     0.205     0.2%     0.205     0.2%     0.000     0.000    main
kernel: wavefront_ray_sort_keys                        980     0.193     0.2%     0.193     0.2%     0.101     0.092    main
raster:     - sheets band reduce                        96     0.182     0.2%     0.083     0.1%     0.000     0.000    main
wavefront:   - bounce 7 traverse                       126     0.182     0.2%     0.029     0.0%     0.000     0.000    main
raster:   - fragment gather                             32     0.177     0.2%     0.177     0.2%     0.000     0.000    main
wavefront:   - bounce 4 shade                          126     0.171     0.2%     0.048     0.1%     0.000     0.000    main
wavefront:   - sparse setup                             33     0.156     0.2%     0.156     0.2%     0.000     0.000    main
raster:     - sheets prim split                         32     0.154     0.2%     0.154     0.2%     0.000     0.000    main
raster:     - sheets band composite                     32     0.153     0.2%     0.082     0.1%     0.000     0.000    main
wavefront:   - bounce 5 shade                          126     0.123     0.1%     0.047     0.1%     0.000     0.000    main
video encode tail (ffmpeg drain)                         1     0.120     0.1%     0.120     0.1%     0.000     0.000    main
kernel: solid_shell_ceiling                             32     0.116     0.1%     0.116     0.1%     0.008     0.108    main
kernel: band_stats_reduce                               32     0.115     0.1%     0.115     0.1%     0.004     0.111    main
kernel: pair_expand_write                               64     0.112     0.1%     0.112     0.1%     0.011     0.101    main
wavefront:   - bounce 1 ray sort                       130     0.106     0.1%     0.075     0.1%     0.000     0.000    main
wavefront:   - bounce 6 shade                          126     0.105     0.1%     0.046     0.1%     0.000     0.000    main
kernel: gloss_pyramid_level                            486     0.105     0.1%     0.105     0.1%     0.023     0.082    main
memory reclaim (gc + cuda cache)                        36     0.105     0.1%     0.105     0.1%     0.000     0.000    main
AnimationTimeline.set_state_to_times                     1     0.102     0.1%     0.032     0.0%     0.000     0.000    main
wavefront:   - bounce 7 shade                          126     0.101     0.1%     0.047     0.1%     0.000     0.000    main
wavefront:   - drain scratch                          1070     0.100     0.1%     0.100     0.1%     0.000     0.000    main
kernel: sheet_band_reduce                               96     0.098     0.1%     0.098     0.1%     0.011     0.088    main
wavefront:   - bounce 2 ray sort                       129     0.084     0.1%     0.059     0.1%     0.000     0.000    main
kernel: env_background_prefill                          33     0.081     0.1%     0.081     0.1%     0.010     0.071    main
kernel: sheet_lane_first_owner                          32     0.078     0.1%     0.078     0.1%     0.003     0.074    main
kernel: key_run_order                                   96     0.077     0.1%     0.077     0.1%     0.018     0.060    main
background prefill                                      33     0.077     0.1%     0.077     0.1%     0.000     0.000    main
kernel: gloss_composite                                 54     0.076     0.1%     0.076     0.1%     0.004     0.072    main
logical PN:     - subdivision levels                     4     0.075     0.1%     0.023     0.0%     0.000     0.000    main
surfaces: get_render_primitives_batched                  8     0.068     0.1%     0.063     0.1%     0.000     0.000    main
kernel: sheet_depth_lose                                32     0.068     0.1%     0.068     0.1%     0.008     0.061    main
wavefront:   - bounce 3 ray sort                       128     0.068     0.1%     0.047     0.1%     0.000     0.000    main
kernel: wf_composite_accum_sparse                      168     0.067     0.1%     0.067     0.1%     0.014     0.052    main
raster:     - sheets shade class                        32     0.065     0.1%     0.065     0.1%     0.000     0.000    main
wavefront:   - bounce 4 ray sort                       126     0.059     0.1%     0.041     0.0%     0.000     0.000    main
kernel: sheet_lane_depths                               32     0.059     0.1%     0.059     0.1%     0.003     0.056    main
kernel: one_mesh_pixel_reduce                           32     0.058     0.1%     0.058     0.1%     0.010     0.049    main
AttributeTimeline.rematerialize_state_at_times          26     0.057     0.1%     0.057     0.1%     0.000     0.000    main
wavefront:   - bounce 5 ray sort                       124     0.056     0.1%     0.040     0.0%     0.000     0.000    main
post:   - tonemap/finalize                              33     0.054     0.1%     0.054     0.1%     0.000     0.000    main
logical PN:     - snap boundary                        114     0.043     0.0%     0.043     0.0%     0.000     0.000    main
wavefront:   - bounce 6 ray sort                        97     0.043     0.0%     0.030     0.0%     0.000     0.000    main
kernel: rank_groups                                     32     0.043     0.0%     0.043     0.0%     0.004     0.039    main
wavefront:   - bounce 7 ray sort                        87     0.038     0.0%     0.026     0.0%     0.000     0.000    main
kernel: pixel_group_order                               32     0.034     0.0%     0.034     0.0%     0.006     0.028    main
kernel: band_stats_rep_orig                             32     0.033     0.0%     0.033     0.0%     0.003     0.030    main
kernel: one_mesh_pixel_apply                            32     0.029     0.0%     0.029     0.0%     0.004     0.024    main
logical PN:         - patch flatness error              67     0.027     0.0%     0.014     0.0%     0.000     0.000    main
raster:     - sheets conflict rank                      32     0.025     0.0%     0.004     0.0%     0.000     0.000    main
kernel: pair_expand_count                               64     0.024     0.0%     0.024     0.0%     0.011     0.013    main
kernel: opaque_prefix_keep                              32     0.022     0.0%     0.022     0.0%     0.005     0.017    main
kernel: sheet_conflict_rank                             32     0.021     0.0%     0.021     0.0%     0.004     0.018    main
wavefront:   - drain active count                     1070     0.020     0.0%     0.020     0.0%     0.000     0.000    main
triangles: shade + pack (project_to_screen)              3     0.018     0.0%     0.018     0.0%     0.000     0.000    main
kernel: mask_popcount                                   64     0.018     0.0%     0.018     0.0%     0.006     0.013    main
logical PN:     - evaluate normals                      57     0.018     0.0%     0.018     0.0%     0.000     0.000    main
wavefront:   - pool overflow poll                      175     0.017     0.0%     0.017     0.0%     0.000     0.000    main
logical PN:       - patch level search                   4     0.016     0.0%     0.010     0.0%     0.000     0.000    main
scene upload to arena                                    1     0.016     0.0%     0.016     0.0%     0.000     0.000    main
logical PN:       - edge level search                    4     0.014     0.0%     0.009     0.0%     0.000     0.000    main
logical PN:     - evaluate patch                        57     0.014     0.0%     0.014     0.0%     0.000     0.000    main
kernel: pn_patch_flatness_error                         67     0.013     0.0%     0.013     0.0%     0.008     0.005    main
wavefront:   - alloc readback                          146     0.011     0.0%     0.011     0.0%     0.000     0.000    main
Surface.get_render_primitives                            1     0.010     0.0%     0.009     0.0%     0.000     0.000    main
wavefront:   - raster tables (batch)                     1     0.008     0.0%     0.000     0.0%     0.000     0.000    main
AttributeTimeline.modify                                31     0.006     0.0%     0.006     0.0%     0.000     0.000    main
wavefront:   - bounce 8+ shadow events                   3     0.006     0.0%     0.003     0.0%     0.000     0.000    main
logical PN:         - edge chord error                  13     0.005     0.0%     0.002     0.0%     0.000     0.000    main
raster:   - precompute tri bounds                        1     0.005     0.0%     0.005     0.0%     0.000     0.000    main
raster:   - precompute tri projection                    1     0.003     0.0%     0.003     0.0%     0.000     0.000    main
kernel: pn_edge_chord_error                             13     0.003     0.0%     0.003     0.0%     0.002     0.001    main
wavefront:   - bounce 8+ traverse                        3     0.002     0.0%     0.001     0.0%     0.000     0.000    main
wavefront:   - bounce 8+ shade                           3     0.002     0.0%     0.001     0.0%     0.000     0.000    main
AttributeTimeline.add                                   16     0.001     0.0%     0.001     0.0%     0.000     0.000    main
free-VRAM probe (empty_cache)                            1     0.000     0.0%     0.000     0.0%     0.000     0.000    main
(unaccounted on the render thread: video encode, scene mgmt, ...)           0.462     0.5%

Wavefront bounce iterations (sheet route; wall time incl. launch + sync):
   bounce  calls     rays in  traverse s   shade s continuations
        0    160   222120278       3.219     0.852      65369706
        1    130    65369706       1.651     0.537      41935856
        2    129    41935856       0.930     0.328      24056117
        3    129    24056117       0.684     0.243      13793926
        4    126    13793926       0.441     0.171       5351392
        5    126     5351392       0.302     0.123       3051778
        6    126     3051778       0.235     0.105       1832916
        7    126     1832916       0.182     0.101           213
       8+      3         213       0.002     0.002             -
    total                          7.645     2.463              
  first iteration holds 34.6% of all wavefront_shade time; bounce-loop kernels total 10.108s

GPU telemetry over render (1198 samples @ ~10 Hz, min/avg/max):
  utilization  0/45/100 %   mem-util 0/11/100 %
  SM clock     300/817/1575 MHz   mem clock 405/2702/5000 MHz
  temperature  34/56/82 C   power 9/38/88 W
  ** THROTTLING observed: SwPowerCap (run-to-run timing is unreliable) **

GPU memory: peak allocated 12778 MB, peak reserved 14280 MB
  batch 0: merged tensors 280.7 MB, BVHs 64.8 MB (cuda after merge 6268 MB)
    counts: num_colored_triangles=3190, num_triangles=17563, num_circuits=0, num_frames=55
    bez_bvh: 0 instances, 1 nodes, 0 leaves, 0.0 MB
    bez_opaque_bvh: 0 instances, 1 nodes, 0 leaves, 0.0 MB
    tri_bvh: 0 instances, 9652 nodes, 0 leaves, 32.4 MB
    tri_opaque_bvh: 0 instances, 9652 nodes, 0 leaves, 32.4 MB
    tri_mat: (55, 17563, 39) = 143.7 MB
    tri_pos: (55, 17563, 9) = 33.2 MB
    tri_norm: (55, 17563, 9) = 33.2 MB
    tri_colors: (55, 7161, 3, 5) = 22.5 MB
    tri_extra: (55, 7161, 15) = 22.5 MB
    tri_uvs: (55, 14373, 6) = 18.1 MB
  cProfile dump: disabled (set ALGAN_PROFILE_CPROFILE=1)

==============================================================================
Algan ray-tracing scene profile
==============================================================================
device: cuda (Tesla T4)
  driver 580.159.04  compute cap 7.5  15360 MiB  max SM 1590 MHz / mem 5001 MHz  PCIe gen3 x16
  profiling tools: nvidia-smi=yes, nvprof=yes, ncu=yes, nsys=no
  Taichi kernel profiler: off (wall-time only)
  hooked kernels (64): argsort_pairs, band_stats_reduce, band_stats_rep_orig, bezier_chord_hull_error, compact_ray_slots, env_background_prefill, fill_background_from_func, finalize_samples, gather_fragment_arrays, gloss_composite, gloss_pyramid_level, gloss_scatter, group_counts, key_run_order, mask_popcount, one_mesh_pixel_apply, one_mesh_pixel_reduce, opaque_prefix_keep, pair_expand_count, pair_expand_write, pixel_group_order, pn_edge_chord_error, pn_patch_flatness_error, pt_env_pdf_probe, pt_env_sample_probe, pt_generate, pt_light_tree_pmf_probe, pt_light_tree_probe, pt_nee_pick_probe, pt_offset_probe, pt_reduce, pt_sampler_probe, pt_screen_sampler_probe, pt_shade_arena, rank_groups, raster_bez_count, raster_bez_write, raster_shadow_trace_arena, raster_tri_count, raster_tri_write, refit_pack_level, reorder_ray_slots, sheet_band_reduce, sheet_conflict_rank, sheet_depth_lose, sheet_lane_depths, sheet_lane_depths_inplace, sheet_lane_first_owner, sheet_resolve_shade_arena, sibling_band_counts, sibling_coverage_weights, solid_shell_ceiling, wavefront_generate_rays, wavefront_ray_sort_keys, wavefront_shade_arena, wavefront_shadow_events, wavefront_traverse_events_arena, wf_composite, wf_composite_aa, wf_composite_accum, wf_composite_accum_aa, wf_composite_accum_sparse, wf_finalize_aa, wf_finalize_uncovered
RUN 1: end-to-end 139.48s (render thread: 138.54s accounted, 0.93s unaccounted; worker overlap 0.00s)
RUN 2: end-to-end 92.30s (render thread: 91.84s accounted, 0.46s unaccounted; worker overlap 0.00s)
------------------------------------------------------------------------------
Registers / occupancy not collected in-process (Taichi CUPTI toolkit unavailable here).
Run this to get them via nvprof:

  # registers per thread (no admin needed):
  ALGAN_UNDER_NVPROF=1 nvprof --print-gpu-trace --csv /usr/bin/python3 benchmarks/performance/graphics_scene.py --quality UHD --seconds 0.5 --tag graphics_UHD_new
  # achieved occupancy (may need admin on Pascal):
  ALGAN_UNDER_NVPROF=1 nvprof --metrics achieved_occupancy --csv /usr/bin/python3 benchmarks/performance/graphics_scene.py --quality UHD --seconds 0.5 --tag graphics_UHD_new
report written to algan_profile_report_graphics_UHD_new.txt
