=== STEP explainer_uhd_old ===
==============================================================================
$ git checkout -q 161d7c0 && python benchmarks/performance/explainer_scene.py --quality UHD --seconds 0.5 --tag explainer_UHD_old
  env ALGAN_VIDEO_ENCODER=software
[bench] explainer: quality UHD (3840x2160 @ 60 fps), 0.5s = 30 frames, 2 run(s), tag explainer_UHD_old
[profiling] hooked 64 Taichi kernels (249 ti.funcs are inlined and not separately timed)

===== profiling run 1/2 (cold) =====
Encoding video with libx264
Began rendering /kaggle/working/algan/algan_outputs/profiling/profilingexplainer_UHD_old_run1.mp4
[Quadrants] Starting on arch=cuda
/usr/local/lib/python3.12/dist-packages/quadrants/_test_tools/warnings_helper.py:11: UserWarning: cannot create weak reference to 'quadrants._lib.core.quadrants_python.DataTypeCxx' object. Template mapper caching disabled.
  warnings.warn(message)
Preparing render kernels. If this is the first render on this machine (or after an update), compiling the GPU kernels can take several minutes. Compiled kernels are cached, so subsequent renders start immediately.
Finished rendering /kaggle/working/algan/algan_outputs/profiling/profilingexplainer_UHD_old_run1.mp4 in 20.2 s
[profile] explainer_UHD_old RUN 1: end-to-end 21.58s, render thread accounted 19.71s + unaccounted 1.87s, worker-thread prep overlapped 0.00s, peak alloc 7170 MB

------------------------------------------------------------------------------
RUN 1 (cold (includes Taichi JIT compile)): end-to-end 21.58s
------------------------------------------------------------------------------
incl is wall time, excl is time spent in function excluding sub-processes of another tracked stage; thread is which thread recorded it (worker = the scene-prefetch thread, overlapped with the render thread and outside its budget)
stage                                                calls  incl (s) incl (%)  excl (s)  excl (%)    launch      sync  thread
ray traced render total                                  9     9.818    45.5%     0.072     0.3%     0.000     0.000    main
arena preflight (batch)                                  1     9.360    43.4%     0.003     0.0%     0.000     0.000    main
  - project_to_screen (prewarm)                          1     9.137    42.3%     0.008     0.0%     0.000     0.000    main
wavefront_loop                                           9     8.829    40.9%     0.021     0.1%     0.000     0.000    main
logical PN: dice + shade + pack (project_to_screen)      1     8.417    39.0%     0.002     0.0%     0.000     0.000    main
logical PN:   - _dice_logical_pn                         1     8.415    39.0%     0.066     0.3%     0.000     0.000    main
logical PN:     - snap boundary                         18     6.195    28.7%     6.195    28.7%     0.000     0.000    main
wavefront:   - raster tables (batch)                     1     4.619    21.4%     0.000     0.0%     0.000     0.000    main
raster:   - precompute tri projection                    1     4.610    21.4%     4.610    21.4%     0.000     0.000    main
raster: sparse discovery                                 9     1.567     7.3%     0.110     0.5%     0.000     0.000    main
logical PN:     - evaluate normals                       9     1.290     6.0%     1.290     6.0%     0.000     0.000    main
raster: sparse resolve                                  11     1.210     5.6%     0.040     0.2%     0.000     0.000    main
kernel: sheet_resolve_shade_arena                       10     1.169     5.4%     1.169     5.4%     1.142     0.027    main
wavefront:   - bounce drain                             10     0.877     4.1%     0.006     0.0%     0.000     0.000    main
post-process (downsample/FXAA/glow)                      9     0.870     4.0%     0.054     0.2%     0.000     0.000    main
post:   - device->host copy                              9     0.757     3.5%     0.757     3.5%     0.000     0.000    main
beziers: sample + pack (project_to_screen)               6     0.709     3.3%     0.146     0.7%     0.000     0.000    main
logical PN:     - evaluate patch                         9     0.681     3.2%     0.681     3.2%     0.000     0.000    main
raster:   - compact_sheets                               8     0.649     3.0%     0.334     1.5%     0.000     0.000    main
beziers:   - _build_circuit_geometry                     6     0.459     2.1%     0.459     2.1%     0.000     0.000    main
wavefront:   - bounce 0 shade                           10     0.388     1.8%     0.009     0.0%     0.000     0.000    main
kernel: wavefront_shade_arena                           20     0.383     1.8%     0.383     1.8%     0.381     0.002    main
Scene._get_batch_of_primitives                           1     0.372     1.7%     0.060     0.3%     0.000     0.000    main
wavefront:   - tile composite                           10     0.358     1.7%     0.187     0.9%     0.000     0.000    main
wavefront:   - bounce 0 ray sort                        10     0.258     1.2%     0.005     0.0%     0.000     0.000    main
kernel: wavefront_ray_sort_keys                         10     0.253     1.2%     0.253     1.2%     0.252     0.001    main
AnimationTimeline.set_state_to_times                     1     0.228     1.1%     0.134     0.6%     0.000     0.000    main
merge collections + build BVHs                           1     0.220     1.0%     0.061     0.3%     0.000     0.000    main
kernel: raster_tri_count                                 8     0.183     0.8%     0.183     0.8%     0.175     0.008    main
  - refit-BVH build (in merge)                           2     0.147     0.7%     0.147     0.7%     0.000     0.000    main
kernel: raster_bez_count                                16     0.147     0.7%     0.147     0.7%     0.084     0.063    main
kernel: wavefront_traverse_events_arena                 20     0.145     0.7%     0.145     0.7%     0.135     0.011    main
wavefront:   - bounce 0 traverse                        10     0.145     0.7%     0.003     0.0%     0.000     0.000    main
raster:   - window pairs                                18     0.139     0.6%     0.044     0.2%     0.000     0.000    main
video encode tail (ffmpeg drain)                         1     0.136     0.6%     0.136     0.6%     0.000     0.000    main
wavefront:   - tile state alloc                         11     0.122     0.6%     0.122     0.6%     0.000     0.000    main
raster:   - fragment sort                                8     0.106     0.5%     0.106     0.5%     0.000     0.000    main
logical PN:     - subdivision levels                     1     0.100     0.5%     0.014     0.1%     0.000     0.000    main
kernel: raster_bez_write                                16     0.095     0.4%     0.095     0.4%     0.041     0.054    main
beziers:   - _compute_samples_per_segment                6     0.091     0.4%     0.049     0.2%     0.000     0.000    main
kernel: raster_tri_write                                 8     0.086     0.4%     0.086     0.4%     0.079     0.007    main
logical PN:     - interpolate attrs                    135     0.083     0.4%     0.083     0.4%     0.000     0.000    main
AttributeTimeline.get                                 1268     0.080     0.4%     0.080     0.4%     0.000     0.000    main
kernel: gloss_pyramid_level                            261     0.072     0.3%     0.072     0.3%     0.025     0.047    main
wavefront:   - compact active                           30     0.065     0.3%     0.012     0.1%     0.000     0.000    main
post:   - tonemap/finalize                               9     0.060     0.3%     0.060     0.3%     0.000     0.000    main
kernel: pair_expand_write                               24     0.058     0.3%     0.058     0.3%     0.039     0.019    main
kernel: compact_ray_slots                               30     0.053     0.2%     0.053     0.2%     0.013     0.041    main
kernel: gloss_composite                                 29     0.053     0.2%     0.053     0.2%     0.023     0.029    main
logical PN:       - edge level search                    1     0.049     0.2%     0.029     0.1%     0.000     0.000    main
wavefront:   - sparse setup                              9     0.049     0.2%     0.049     0.2%     0.000     0.000    main
background prefill                                       9     0.047     0.2%     0.047     0.2%     0.000     0.000    main
kernel: bezier_chord_hull_error                         24     0.042     0.2%     0.042     0.2%     0.040     0.002    main
kernel: pair_expand_count                               24     0.038     0.2%     0.038     0.2%     0.034     0.004    main
raster:     - sheets sibling weights                     8     0.037     0.2%     0.035     0.2%     0.000     0.000    main
raster:     - sheets band reduce                        24     0.037     0.2%     0.012     0.1%     0.000     0.000    main
logical PN:       - patch level search                   1     0.036     0.2%     0.009     0.0%     0.000     0.000    main
BezierCircuitCubic.get_render_primitives                23     0.035     0.2%     0.025     0.1%     0.000     0.000    main
AttributeTimeline.rematerialize_state_at_times          14     0.033     0.2%     0.033     0.2%     0.000     0.000    main
raster:     - sheets band composite                      8     0.031     0.1%     0.012     0.1%     0.000     0.000    main
kernel: key_run_order                                   16     0.031     0.1%     0.031     0.1%     0.028     0.003    main
logical PN:         - patch flatness error               8     0.029     0.1%     0.002     0.0%     0.000     0.000    main
kernel: pn_patch_flatness_error                          8     0.027     0.1%     0.027     0.1%     0.026     0.001    main
raster:     - sheets prim split                          8     0.026     0.1%     0.026     0.1%     0.000     0.000    main
AttributeTimeline.modify                               276     0.026     0.1%     0.026     0.1%     0.000     0.000    main
kernel: sheet_band_reduce                               24     0.025     0.1%     0.025     0.1%     0.018     0.007    main
kernel: gloss_scatter                                   31     0.024     0.1%     0.024     0.1%     0.017     0.008    main
kernel: solid_shell_ceiling                              8     0.024     0.1%     0.024     0.1%     0.014     0.010    main
kernel: pixel_group_order                                8     0.024     0.1%     0.024     0.1%     0.022     0.002    main
kernel: wf_composite_accum_sparse                       31     0.022     0.1%     0.022     0.1%     0.017     0.006    main
kernel: sheet_depth_lose                                 8     0.022     0.1%     0.022     0.1%     0.020     0.003    main
kernel: one_mesh_pixel_reduce                            8     0.021     0.1%     0.021     0.1%     0.012     0.009    main
kernel: band_stats_reduce                                8     0.021     0.1%     0.021     0.1%     0.010     0.010    main
logical PN:         - edge chord error                   3     0.020     0.1%     0.001     0.0%     0.000     0.000    main
kernel: pn_edge_chord_error                              3     0.020     0.1%     0.020     0.1%     0.019     0.000    main
kernel: sheet_lane_first_owner                           8     0.018     0.1%     0.018     0.1%     0.008     0.010    main
raster:     - sheets conflict rank                       8     0.017     0.1%     0.002     0.0%     0.000     0.000    main
memory reclaim (gc + cuda cache)                        12     0.016     0.1%     0.016     0.1%     0.000     0.000    main
kernel: sheet_conflict_rank                              8     0.015     0.1%     0.015     0.1%     0.009     0.007    main
build_render_primitives_batched                          3     0.015     0.1%     0.009     0.0%     0.000     0.000    main
kernel: sheet_lane_depths                                8     0.013     0.1%     0.013     0.1%     0.006     0.007    main
raster:   - fragment gather                              8     0.013     0.1%     0.013     0.1%     0.000     0.000    main
beziers:   - _build_frame_bounds                         6     0.012     0.1%     0.012     0.1%     0.000     0.000    main
kernel: rank_groups                                      8     0.012     0.1%     0.012     0.1%     0.007     0.004    main
  - bezier edge accel (in merge)                         1     0.011     0.1%     0.011     0.1%     0.000     0.000    main
kernel: opaque_prefix_keep                               8     0.011     0.1%     0.011     0.1%     0.010     0.002    main
kernel: one_mesh_pixel_apply                             8     0.009     0.0%     0.009     0.0%     0.007     0.002    main
kernel: band_stats_rep_orig                              8     0.009     0.0%     0.009     0.0%     0.006     0.002    main
kernel: mask_popcount                                   16     0.008     0.0%     0.008     0.0%     0.007     0.001    main
wavefront:   - bounce 1 shade                           10     0.008     0.0%     0.004     0.0%     0.000     0.000    main
raster:   - precompute bez bounds                        1     0.007     0.0%     0.007     0.0%     0.000     0.000    main
raster:     - sheets shade class                         8     0.007     0.0%     0.007     0.0%     0.000     0.000    main
surfaces: get_render_primitives_batched                  1     0.006     0.0%     0.006     0.0%     0.000     0.000    main
scene upload to arena                                    1     0.006     0.0%     0.006     0.0%     0.000     0.000    main
wavefront:   - bounce 1 traverse                        10     0.006     0.0%     0.002     0.0%     0.000     0.000    main
wavefront:   - pool overflow poll                       10     0.004     0.0%     0.004     0.0%     0.000     0.000    main
triangles: shade + pack (project_to_screen)              1     0.003     0.0%     0.003     0.0%     0.000     0.000    main
wavefront:   - drain scratch                            20     0.002     0.0%     0.002     0.0%     0.000     0.000    main
raster:   - precompute tri bounds                        1     0.002     0.0%     0.002     0.0%     0.000     0.000    main
AttributeTimeline.add                                   16     0.001     0.0%     0.001     0.0%     0.000     0.000    main
wavefront:   - alloc readback                           10     0.001     0.0%     0.001     0.0%     0.000     0.000    main
wavefront:   - drain active count                       20     0.000     0.0%     0.000     0.0%     0.000     0.000    main
free-VRAM probe (empty_cache)                            1     0.000     0.0%     0.000     0.0%     0.000     0.000    main
(unaccounted on the render thread: video encode, scene mgmt, ...)           1.871     8.7%

Wavefront bounce iterations (sheet route; wall time incl. launch + sync):
   bounce  calls     rays in  traverse s   shade s continuations
        0     10      960996       0.145     0.388           105
        1     10         105       0.006     0.008             -
    total                          0.151     0.395              
  first iteration holds 98.1% of all wavefront_shade time; bounce-loop kernels total 0.546s

GPU telemetry over render (254 samples @ ~10 Hz, min/avg/max):
  utilization  0/4/80 %   mem-util 0/3/71 %
  SM clock     300/491/1590 MHz   mem clock 405/2702/5000 MHz
  temperature  40/52/65 C   power 9/20/75 W
  ** THROTTLING observed: SwPowerCap (run-to-run timing is unreliable) **

GPU memory: peak allocated 7170 MB, peak reserved 7564 MB
  batch 0: merged tensors 22.0 MB, BVHs 2.9 MB (cuda after merge 5944 MB)
    counts: num_colored_triangles=0, num_triangles=1441, num_circuits=205, num_frames=30
    tri_bvh: 0 instances, 712 nodes, 0 leaves, 1.3 MB
    tri_opaque_bvh: 0 instances, 712 nodes, 0 leaves, 1.3 MB
    bez_bvh: 0 instances, 93 nodes, 0 leaves, 0.2 MB
    bez_opaque_bvh: 0 instances, 93 nodes, 0 leaves, 0.2 MB
    tri_mat: (30, 1441, 39) = 6.4 MB
    edge_accel: (1528526,) = 5.8 MB
    edges_2d: (30, 8085, 6) = 5.6 MB
    tri_pos: (30, 1441, 9) = 1.5 MB
    tri_norm: (30, 1441, 9) = 1.5 MB
    circuit_meta: (30, 205, 25) = 0.6 MB
  cProfile dump: disabled (set ALGAN_PROFILE_CPROFILE=1)

===== profiling run 2/2 (warm) =====
Encoding video with libx264
Began rendering /kaggle/working/algan/algan_outputs/profiling/profilingexplainer_UHD_old_run2.mp4
Finished rendering /kaggle/working/algan/algan_outputs/profiling/profilingexplainer_UHD_old_run2.mp4 in 4.1 s
[profile] explainer_UHD_old RUN 2: end-to-end 4.18s, render thread accounted 3.69s + unaccounted 0.49s, worker-thread prep overlapped 0.00s, peak alloc 7144 MB

------------------------------------------------------------------------------
RUN 2 (warm (steady state)): end-to-end 4.18s
------------------------------------------------------------------------------
incl is wall time, excl is time spent in function excluding sub-processes of another tracked stage; thread is which thread recorded it (worker = the scene-prefetch thread, overlapped with the render thread and outside its budget)
stage                                                calls  incl (s) incl (%)  excl (s)  excl (%)    launch      sync  thread
ray traced render total                                  9     2.582    61.7%     0.031     0.8%     0.000     0.000    main
wavefront_loop                                           9     1.659    39.7%     0.010     0.2%     0.000     0.000    main
raster: sparse discovery                                 9     1.018    24.3%     0.111     2.7%     0.000     0.000    main
post-process (downsample/FXAA/glow)                      9     0.836    20.0%     0.064     1.5%     0.000     0.000    main
post:   - device->host copy                              9     0.743    17.8%     0.743    17.8%     0.000     0.000    main
raster:   - compact_sheets                               8     0.608    14.5%     0.383     9.2%     0.000     0.000    main
arena preflight (batch)                                  1     0.513    12.3%     0.003     0.1%     0.000     0.000    main
Scene._get_batch_of_primitives                           1     0.413     9.9%     0.068     1.6%     0.000     0.000    main
wavefront:   - tile composite                           10     0.316     7.6%     0.178     4.3%     0.000     0.000    main
  - project_to_screen (prewarm)                          1     0.310     7.4%     0.007     0.2%     0.000     0.000    main
AnimationTimeline.set_state_to_times                     1     0.252     6.0%     0.153     3.7%     0.000     0.000    main
beziers: sample + pack (project_to_screen)               6     0.208     5.0%     0.012     0.3%     0.000     0.000    main
merge collections + build BVHs                           1     0.200     4.8%     0.033     0.8%     0.000     0.000    main
beziers:   - _build_circuit_geometry                     6     0.172     4.1%     0.172     4.1%     0.000     0.000    main
video encode tail (ffmpeg drain)                         1     0.151     3.6%     0.151     3.6%     0.000     0.000    main
  - refit-BVH build (in merge)                           2     0.134     3.2%     0.134     3.2%     0.000     0.000    main
wavefront:   - tile state alloc                         11     0.119     2.8%     0.119     2.8%     0.000     0.000    main
logical PN: dice + shade + pack (project_to_screen)      1     0.092     2.2%     0.002     0.0%     0.000     0.000    main
logical PN:   - _dice_logical_pn                         1     0.090     2.2%     0.038     0.9%     0.000     0.000    main
AttributeTimeline.get                                 1268     0.089     2.1%     0.089     2.1%     0.000     0.000    main
kernel: gloss_pyramid_level                            261     0.080     1.9%     0.080     1.9%     0.022     0.058    main
wavefront:   - bounce drain                             10     0.079     1.9%     0.005     0.1%     0.000     0.000    main
raster:   - fragment sort                                8     0.076     1.8%     0.076     1.8%     0.000     0.000    main
raster:   - window pairs                                18     0.071     1.7%     0.033     0.8%     0.000     0.000    main
kernel: raster_bez_write                                16     0.065     1.5%     0.065     1.5%     0.007     0.057    main
raster: sparse resolve                                  11     0.057     1.4%     0.032     0.8%     0.000     0.000    main
background prefill                                       9     0.056     1.3%     0.056     1.3%     0.000     0.000    main
kernel: raster_bez_count                                16     0.049     1.2%     0.049     1.2%     0.007     0.042    main
wavefront:   - sparse setup                              9     0.049     1.2%     0.049     1.2%     0.000     0.000    main
raster:     - sheets sibling weights                     8     0.048     1.1%     0.042     1.0%     0.000     0.000    main
kernel: gloss_composite                                 29     0.042     1.0%     0.042     1.0%     0.002     0.040    main
BezierCircuitCubic.get_render_primitives                23     0.041     1.0%     0.029     0.7%     0.000     0.000    main
wavefront:   - compact active                           30     0.034     0.8%     0.004     0.1%     0.000     0.000    main
raster:     - sheets band reduce                        24     0.034     0.8%     0.020     0.5%     0.000     0.000    main
  - bezier edge accel (in merge)                         1     0.033     0.8%     0.033     0.8%     0.000     0.000    main
raster:     - sheets prim split                          8     0.032     0.8%     0.032     0.8%     0.000     0.000    main
AttributeTimeline.rematerialize_state_at_times          14     0.031     0.8%     0.031     0.8%     0.000     0.000    main
kernel: compact_ray_slots                               30     0.030     0.7%     0.030     0.7%     0.003     0.027    main
logical PN:     - interpolate attrs                    135     0.030     0.7%     0.030     0.7%     0.000     0.000    main
AttributeTimeline.modify                               276     0.029     0.7%     0.029     0.7%     0.000     0.000    main
post:   - tonemap/finalize                               9     0.029     0.7%     0.029     0.7%     0.000     0.000    main
raster:     - sheets band composite                      8     0.028     0.7%     0.016     0.4%     0.000     0.000    main
kernel: sheet_resolve_shade_arena                       10     0.025     0.6%     0.025     0.6%     0.002     0.022    main
kernel: pair_expand_write                               24     0.024     0.6%     0.024     0.6%     0.005     0.020    main
memory reclaim (gc + cuda cache)                        12     0.020     0.5%     0.020     0.5%     0.000     0.000    main
kernel: band_stats_reduce                                8     0.018     0.4%     0.018     0.4%     0.001     0.016    main
build_render_primitives_batched                          3     0.016     0.4%     0.010     0.2%     0.000     0.000    main
raster:     - sheets conflict rank                       8     0.015     0.4%     0.002     0.0%     0.000     0.000    main
beziers:   - _compute_samples_per_segment                6     0.014     0.3%     0.010     0.2%     0.000     0.000    main
kernel: pair_expand_count                               24     0.014     0.3%     0.014     0.3%     0.005     0.009    main
kernel: sheet_band_reduce                               24     0.014     0.3%     0.014     0.3%     0.004     0.010    main
kernel: sheet_conflict_rank                              8     0.014     0.3%     0.014     0.3%     0.001     0.012    main
kernel: wavefront_traverse_events_arena                 20     0.013     0.3%     0.013     0.3%     0.004     0.009    main
wavefront:   - bounce 0 traverse                        10     0.012     0.3%     0.002     0.1%     0.000     0.000    main
raster:   - fragment gather                              8     0.012     0.3%     0.012     0.3%     0.000     0.000    main
kernel: solid_shell_ceiling                              8     0.012     0.3%     0.012     0.3%     0.006     0.006    main
logical PN:     - subdivision levels                     1     0.011     0.3%     0.003     0.1%     0.000     0.000    main
kernel: mask_popcount                                   16     0.010     0.2%     0.010     0.2%     0.006     0.004    main
wavefront:   - raster tables (batch)                     1     0.010     0.2%     0.000     0.0%     0.000     0.000    main
beziers:   - _build_frame_bounds                         6     0.010     0.2%     0.010     0.2%     0.000     0.000    main
kernel: key_run_order                                   16     0.009     0.2%     0.009     0.2%     0.007     0.003    main
wavefront:   - bounce 0 shade                           10     0.009     0.2%     0.005     0.1%     0.000     0.000    main
kernel: gloss_scatter                                   31     0.008     0.2%     0.008     0.2%     0.003     0.005    main
kernel: raster_tri_count                                 8     0.008     0.2%     0.008     0.2%     0.004     0.004    main
kernel: wf_composite_accum_sparse                       31     0.008     0.2%     0.008     0.2%     0.002     0.005    main
kernel: raster_tri_write                                 8     0.008     0.2%     0.008     0.2%     0.004     0.004    main
raster:     - sheets shade class                         8     0.007     0.2%     0.007     0.2%     0.000     0.000    main
kernel: sheet_lane_first_owner                           8     0.007     0.2%     0.007     0.2%     0.001     0.006    main
raster:   - precompute bez bounds                        1     0.007     0.2%     0.007     0.2%     0.000     0.000    main
logical PN:     - snap boundary                         18     0.006     0.2%     0.006     0.2%     0.000     0.000    main
kernel: wavefront_shade_arena                           20     0.006     0.1%     0.006     0.1%     0.004     0.002    main
kernel: sheet_depth_lose                                 8     0.006     0.1%     0.006     0.1%     0.001     0.005    main
kernel: sheet_lane_depths                                8     0.006     0.1%     0.006     0.1%     0.001     0.005    main
wavefront:   - bounce 1 shade                           10     0.006     0.1%     0.003     0.1%     0.000     0.000    main
surfaces: get_render_primitives_batched                  1     0.006     0.1%     0.005     0.1%     0.000     0.000    main
wavefront:   - bounce 0 ray sort                        10     0.006     0.1%     0.004     0.1%     0.000     0.000    main
kernel: one_mesh_pixel_reduce                            8     0.006     0.1%     0.006     0.1%     0.002     0.004    main
scene upload to arena                                    1     0.005     0.1%     0.005     0.1%     0.000     0.000    main
wavefront:   - bounce 1 traverse                        10     0.005     0.1%     0.002     0.0%     0.000     0.000    main
kernel: rank_groups                                      8     0.004     0.1%     0.004     0.1%     0.001     0.003    main
kernel: bezier_chord_hull_error                         24     0.004     0.1%     0.004     0.1%     0.003     0.001    main
logical PN:       - patch level search                   1     0.004     0.1%     0.002     0.1%     0.000     0.000    main
kernel: band_stats_rep_orig                              8     0.004     0.1%     0.004     0.1%     0.001     0.002    main
logical PN:     - evaluate normals                       9     0.003     0.1%     0.003     0.1%     0.000     0.000    main
kernel: one_mesh_pixel_apply                             8     0.003     0.1%     0.003     0.1%     0.001     0.002    main
logical PN:         - patch flatness error               8     0.003     0.1%     0.002     0.0%     0.000     0.000    main
kernel: pixel_group_order                                8     0.003     0.1%     0.003     0.1%     0.001     0.002    main
logical PN:       - edge level search                    1     0.003     0.1%     0.002     0.0%     0.000     0.000    main
triangles: shade + pack (project_to_screen)              1     0.003     0.1%     0.003     0.1%     0.000     0.000    main
logical PN:     - evaluate patch                         9     0.002     0.1%     0.002     0.1%     0.000     0.000    main
kernel: opaque_prefix_keep                               8     0.002     0.1%     0.002     0.1%     0.001     0.001    main
wavefront:   - drain scratch                            20     0.002     0.0%     0.002     0.0%     0.000     0.000    main
kernel: wavefront_ray_sort_keys                         10     0.002     0.0%     0.002     0.0%     0.001     0.000    main
raster:   - precompute tri bounds                        1     0.002     0.0%     0.002     0.0%     0.000     0.000    main
kernel: pn_patch_flatness_error                          8     0.001     0.0%     0.001     0.0%     0.001     0.000    main
raster:   - precompute tri projection                    1     0.001     0.0%     0.001     0.0%     0.000     0.000    main
AttributeTimeline.add                                   16     0.001     0.0%     0.001     0.0%     0.000     0.000    main
logical PN:         - edge chord error                   3     0.001     0.0%     0.000     0.0%     0.000     0.000    main
wavefront:   - pool overflow poll                       10     0.001     0.0%     0.001     0.0%     0.000     0.000    main
wavefront:   - alloc readback                           10     0.001     0.0%     0.001     0.0%     0.000     0.000    main
kernel: pn_edge_chord_error                              3     0.001     0.0%     0.001     0.0%     0.000     0.000    main
wavefront:   - drain active count                       20     0.000     0.0%     0.000     0.0%     0.000     0.000    main
free-VRAM probe (empty_cache)                            1     0.000     0.0%     0.000     0.0%     0.000     0.000    main
(unaccounted on the render thread: video encode, scene mgmt, ...)           0.495    11.8%

Wavefront bounce iterations (sheet route; wall time incl. launch + sync):
   bounce  calls     rays in  traverse s   shade s continuations
        0     10      960996       0.012     0.009           105
        1     10         105       0.005     0.006             -
    total                          0.018     0.014              
  first iteration holds 60.0% of all wavefront_shade time; bounce-loop kernels total 0.032s

GPU telemetry over render (50 samples @ ~10 Hz, min/avg/max):
  utilization  0/19/94 %   mem-util 0/13/63 %
  SM clock     300/838/1590 MHz   mem clock 405/2702/5000 MHz
  temperature  40/53/67 C   power 9/29/76 W
  ** THROTTLING observed: SwPowerCap (run-to-run timing is unreliable) **

GPU memory: peak allocated 7144 MB, peak reserved 7550 MB
  batch 0: merged tensors 22.0 MB, BVHs 2.9 MB (cuda after merge 5916 MB)
    counts: num_colored_triangles=0, num_triangles=1441, num_circuits=205, num_frames=30
    tri_bvh: 0 instances, 712 nodes, 0 leaves, 1.3 MB
    tri_opaque_bvh: 0 instances, 712 nodes, 0 leaves, 1.3 MB
    bez_bvh: 0 instances, 93 nodes, 0 leaves, 0.2 MB
    bez_opaque_bvh: 0 instances, 93 nodes, 0 leaves, 0.2 MB
    tri_mat: (30, 1441, 39) = 6.4 MB
    edge_accel: (1528526,) = 5.8 MB
    edges_2d: (30, 8085, 6) = 5.6 MB
    tri_pos: (30, 1441, 9) = 1.5 MB
    tri_norm: (30, 1441, 9) = 1.5 MB
    circuit_meta: (30, 205, 25) = 0.6 MB
  cProfile dump: disabled (set ALGAN_PROFILE_CPROFILE=1)

==============================================================================
Algan ray-tracing scene profile
==============================================================================
device: cuda (Tesla T4)
  driver 580.159.04  compute cap 7.5  15360 MiB  max SM 1590 MHz / mem 5001 MHz  PCIe gen3 x16
  profiling tools: nvidia-smi=yes, nvprof=yes, ncu=yes, nsys=no
  Taichi kernel profiler: off (wall-time only)
  hooked kernels (64): argsort_pairs, band_stats_reduce, band_stats_rep_orig, bezier_chord_hull_error, compact_ray_slots, env_background_prefill, fill_background_from_func, finalize_samples, gather_fragment_arrays, gloss_composite, gloss_pyramid_level, gloss_scatter, group_counts, key_run_order, mask_popcount, one_mesh_pixel_apply, one_mesh_pixel_reduce, opaque_prefix_keep, pair_expand_count, pair_expand_write, pixel_group_order, pn_edge_chord_error, pn_patch_flatness_error, pt_env_pdf_probe, pt_env_sample_probe, pt_generate, pt_light_tree_pmf_probe, pt_light_tree_probe, pt_nee_pick_probe, pt_offset_probe, pt_reduce, pt_sampler_probe, pt_screen_sampler_probe, pt_shade_arena, rank_groups, raster_bez_count, raster_bez_write, raster_shadow_trace_arena, raster_tri_count, raster_tri_write, refit_pack_level, reorder_ray_slots, sheet_band_reduce, sheet_conflict_rank, sheet_depth_lose, sheet_lane_depths, sheet_lane_depths_inplace, sheet_lane_first_owner, sheet_resolve_shade_arena, sibling_band_counts, sibling_coverage_weights, solid_shell_ceiling, wavefront_generate_rays, wavefront_ray_sort_keys, wavefront_shade_arena, wavefront_shadow_events, wavefront_traverse_events_arena, wf_composite, wf_composite_aa, wf_composite_accum, wf_composite_accum_aa, wf_composite_accum_sparse, wf_finalize_aa, wf_finalize_uncovered
RUN 1: end-to-end 21.58s (render thread: 19.71s accounted, 1.87s unaccounted; worker overlap 0.00s)
RUN 2: end-to-end 4.18s (render thread: 3.69s accounted, 0.49s unaccounted; worker overlap 0.00s)
------------------------------------------------------------------------------
Registers / occupancy not collected in-process (Taichi CUPTI toolkit unavailable here).
Run this to get them via nvprof:

  # registers per thread (no admin needed):
  ALGAN_UNDER_NVPROF=1 nvprof --print-gpu-trace --csv /usr/bin/python3 benchmarks/performance/explainer_scene.py --quality UHD --seconds 0.5 --tag explainer_UHD_old
  # achieved occupancy (may need admin on Pascal):
  ALGAN_UNDER_NVPROF=1 nvprof --metrics achieved_occupancy --csv /usr/bin/python3 benchmarks/performance/explainer_scene.py --quality UHD --seconds 0.5 --tag explainer_UHD_old
report written to algan_profile_report_explainer_UHD_old.txt
