=== STEP explainer_preview ===
==============================================================================
$ python benchmarks/performance/explainer_scene.py --quality PREVIEW --seconds 6 --kernel-profiler
  env ALGAN_VIDEO_ENCODER=software
[bench] explainer: quality PREVIEW (704x396 @ 10 fps), 6s = 60 frames, 2 run(s), tag explainer_PREVIEW
[Quadrants] Starting on arch=cuda
[profiling] hooked 64 Taichi kernels (247 ti.funcs are inlined and not separately timed)

===== profiling run 1/2 (cold) =====
Encoding video with libx264
Began rendering /kaggle/working/algan/algan_outputs/profiling/profilingexplainer_PREVIEW_run1.mp4
Preparing render kernels. If this is the first render on this machine (or after an update), compiling the GPU kernels can take several minutes. Compiled kernels are cached, so subsequent renders start immediately.
/usr/local/lib/python3.12/dist-packages/quadrants/_test_tools/warnings_helper.py:11: UserWarning: cannot create weak reference to 'quadrants._lib.core.quadrants_python.DataTypeCxx' object. Template mapper caching disabled.
  warnings.warn(message)
Rendering 6/60 frames (10%)
Rendering 12/60 frames (20%)
Rendering 18/60 frames (30%)
Rendering 24/60 frames (40%)
Rendering 30/60 frames (50%)
Rendering 36/60 frames (60%)
Rendering 42/60 frames (70%)
Rendering 48/60 frames (80%)
Rendering 54/60 frames (90%)
Rendering 60/60 frames (100%)
Finished rendering /kaggle/working/algan/algan_outputs/profiling/profilingexplainer_PREVIEW_run1.mp4 in 105.2 s
[profile] explainer_PREVIEW RUN 1: end-to-end 106.53s, render thread accounted 104.81s + unaccounted 1.72s, worker-thread prep overlapped 0.00s, peak alloc 6256 MB

------------------------------------------------------------------------------
RUN 1 (cold (includes Taichi JIT compile)): end-to-end 106.53s
------------------------------------------------------------------------------
incl is wall time, excl is time spent in function excluding sub-processes of another tracked stage; thread is which thread recorded it (worker = the scene-prefetch thread, overlapped with the render thread and outside its budget)
stage                                                calls  incl (s) incl (%)  excl (s)  excl (%)    launch      sync  thread
ray traced render total                                  3    91.276    85.7%     0.022     0.0%     0.000     0.000    main
wavefront_loop                                           3    91.056    85.5%     0.002     0.0%     0.000     0.000    main
raster: sparse resolve                                   2    60.435    56.7%     0.003     0.0%     0.000     0.000    main
kernel: sheet_resolve_shade_arena                        2    60.431    56.7%    60.431    56.7%    60.431     0.000    main
wavefront:   - bounce drain                              2    14.540    13.6%     0.000     0.0%     0.000     0.000    main
arena preflight (batch)                                  1    13.073    12.3%     0.004     0.0%     0.000     0.000    main
  - project_to_screen (prewarm)                          1    12.799    12.0%     0.037     0.0%     0.000     0.000    main
wavefront:   - bounce 0 shade                            1    12.691    11.9%     0.001     0.0%     0.000     0.000    main
kernel: wavefront_shade_arena                            1    12.690    11.9%    12.690    11.9%    12.689     0.000    main
logical PN: dice + shade + pack (project_to_screen)      1    11.124    10.4%     0.002     0.0%     0.000     0.000    main
logical PN:   - _dice_logical_pn                         1    11.122    10.4%     0.120     0.1%     0.000     0.000    main
raster: sparse discovery                                 3    10.796    10.1%     0.017     0.0%     0.000     0.000    main
logical PN:     - snap boundary                         14     5.103     4.8%     5.103     4.8%     0.000     0.000    main
wavefront:   - raster tables (batch)                     1     4.446     4.2%     0.000     0.0%     0.000     0.000    main
raster:   - precompute tri projection                    1     4.437     4.2%     4.437     4.2%     0.000     0.000    main
kernel: raster_tri_count                                 2     3.536     3.3%     3.536     3.3%     3.535     0.000    main
kernel: raster_tri_write                                 2     2.758     2.6%     2.758     2.6%     2.758     0.000    main
logical PN:     - evaluate patch                         7     2.479     2.3%     2.479     2.3%     0.000     0.000    main
logical PN:     - evaluate normals                       7     2.468     2.3%     2.468     2.3%     0.000     0.000    main
raster:   - compact_sheets                               2     1.715     1.6%     0.081     0.1%     0.000     0.000    main
wavefront:   - bounce 0 traverse                         1     1.663     1.6%     0.000     0.0%     0.000     0.000    main
kernel: wavefront_traverse_events_arena                  1     1.662     1.6%     1.662     1.6%     1.662     0.000    main
beziers: sample + pack (project_to_screen)               6     1.635     1.5%     0.296     0.3%     0.000     0.000    main
kernel: raster_bez_count                                 4     1.029     1.0%     1.029     1.0%     1.029     0.000    main
wavefront:   - tile composite                            2     0.828     0.8%     0.031     0.0%     0.000     0.000    main
kernel: raster_bez_write                                 4     0.791     0.7%     0.791     0.7%     0.791     0.000    main
logical PN:     - subdivision levels                     1     0.766     0.7%     0.022     0.0%     0.000     0.000    main
raster:   - window pairs                                 6     0.659     0.6%     0.007     0.0%     0.000     0.000    main
beziers:   - _compute_samples_per_segment                6     0.656     0.6%     0.071     0.1%     0.000     0.000    main
beziers:   - _build_circuit_geometry                     6     0.647     0.6%     0.647     0.6%     0.000     0.000    main
kernel: bezier_chord_hull_error                         17     0.585     0.5%     0.585     0.5%     0.584     0.001    main
Scene._get_batch_of_primitives                           1     0.421     0.4%     0.067     0.1%     0.000     0.000    main
logical PN:       - patch level search                   1     0.395     0.4%     0.007     0.0%     0.000     0.000    main
logical PN:         - patch flatness error               5     0.390     0.4%     0.001     0.0%     0.000     0.000    main
kernel: pn_patch_flatness_error                          5     0.388     0.4%     0.388     0.4%     0.388     0.000    main
kernel: gloss_composite                                 59     0.387     0.4%     0.387     0.4%     0.384     0.002    main
kernel: key_run_order                                    3     0.372     0.3%     0.372     0.3%     0.372     0.000    main
kernel: pair_expand_write                                6     0.352     0.3%     0.352     0.3%     0.351     0.000    main
logical PN:       - edge level search                    1     0.347     0.3%     0.046     0.0%     0.000     0.000    main
logical PN:         - edge chord error                   2     0.302     0.3%     0.000     0.0%     0.000     0.000    main
kernel: pn_edge_chord_error                              2     0.301     0.3%     0.301     0.3%     0.301     0.000    main
kernel: pair_expand_count                                6     0.301     0.3%     0.301     0.3%     0.300     0.000    main
merge collections + build BVHs                           1     0.270     0.3%     0.075     0.1%     0.000     0.000    main
AnimationTimeline.set_state_to_times                     1     0.257     0.2%     0.163     0.2%     0.000     0.000    main
kernel: sheet_depth_lose                                 2     0.209     0.2%     0.209     0.2%     0.209     0.000    main
kernel: pixel_group_order                                2     0.201     0.2%     0.201     0.2%     0.201     0.000    main
post-process (downsample/FXAA/glow)                      3     0.194     0.2%     0.005     0.0%     0.000     0.000    main
logical PN:     - interpolate attrs                    105     0.185     0.2%     0.185     0.2%     0.000     0.000    main
kernel: gloss_pyramid_level                            531     0.170     0.2%     0.170     0.2%     0.155     0.015    main
raster:     - sheets band reduce                         5     0.153     0.1%     0.002     0.0%     0.000     0.000    main
kernel: sheet_band_reduce                                5     0.151     0.1%     0.151     0.1%     0.151     0.000    main
raster:     - sheets band composite                      2     0.151     0.1%     0.002     0.0%     0.000     0.000    main
post:   - tonemap/finalize                               3     0.149     0.1%     0.149     0.1%     0.000     0.000    main
  - refit-BVH build (in merge)                           2     0.142     0.1%     0.142     0.1%     0.000     0.000    main
kernel: solid_shell_ceiling                              1     0.128     0.1%     0.128     0.1%     0.128     0.000    main
kernel: gloss_scatter                                   59     0.120     0.1%     0.120     0.1%     0.118     0.002    main
kernel: wf_composite_accum_sparse                       59     0.120     0.1%     0.120     0.1%     0.118     0.002    main
wavefront:   - bounce 0 ray sort                         1     0.116     0.1%     0.001     0.0%     0.000     0.000    main
kernel: wavefront_ray_sort_keys                          1     0.116     0.1%     0.116     0.1%     0.115     0.000    main
kernel: one_mesh_pixel_reduce                            2     0.109     0.1%     0.109     0.1%     0.109     0.000    main
raster:     - sheets conflict rank                       2     0.100     0.1%     0.000     0.0%     0.000     0.000    main
kernel: sheet_conflict_rank                              2     0.100     0.1%     0.100     0.1%     0.099     0.000    main
kernel: opaque_prefix_keep                               2     0.087     0.1%     0.087     0.1%     0.086     0.000    main
kernel: one_mesh_pixel_apply                             2     0.085     0.1%     0.085     0.1%     0.085     0.000    main
kernel: rank_groups                                      2     0.084     0.1%     0.084     0.1%     0.084     0.000    main
kernel: band_stats_reduce                                2     0.084     0.1%     0.084     0.1%     0.084     0.000    main
kernel: sheet_lane_first_owner                           2     0.079     0.1%     0.079     0.1%     0.079     0.000    main
AttributeTimeline.get                                 1279     0.077     0.1%     0.077     0.1%     0.000     0.000    main
kernel: mask_popcount                                    3     0.073     0.1%     0.073     0.1%     0.073     0.000    main
kernel: band_stats_rep_orig                              2     0.071     0.1%     0.071     0.1%     0.071     0.000    main
kernel: sheet_lane_depths                                2     0.071     0.1%     0.071     0.1%     0.071     0.000    main
wavefront:   - compact active                            3     0.069     0.1%     0.001     0.0%     0.000     0.000    main
kernel: compact_ray_slots                                3     0.069     0.1%     0.069     0.1%     0.068     0.000    main
  - bezier edge accel (in merge)                         1     0.053     0.0%     0.053     0.0%     0.000     0.000    main
AttributeTimeline.rematerialize_state_at_times          14     0.045     0.0%     0.045     0.0%     0.000     0.000    main
BezierCircuitCubic.get_render_primitives                23     0.043     0.0%     0.031     0.0%     0.000     0.000    main
post:   - device->host copy                              3     0.040     0.0%     0.040     0.0%     0.000     0.000    main
beziers:   - _build_frame_bounds                         6     0.037     0.0%     0.037     0.0%     0.000     0.000    main
video encode tail (ffmpeg drain)                         1     0.023     0.0%     0.023     0.0%     0.000     0.000    main
AttributeTimeline.modify                               280     0.020     0.0%     0.020     0.0%     0.000     0.000    main
build_render_primitives_batched                          3     0.018     0.0%     0.012     0.0%     0.000     0.000    main
memory reclaim (gc + cuda cache)                         6     0.012     0.0%     0.012     0.0%     0.000     0.000    main
raster:   - fragment sort                                2     0.009     0.0%     0.009     0.0%     0.000     0.000    main
surfaces: get_render_primitives_batched                  1     0.009     0.0%     0.008     0.0%     0.000     0.000    main
wavefront:   - tile state alloc                          2     0.008     0.0%     0.008     0.0%     0.000     0.000    main
raster:   - precompute bez bounds                        1     0.007     0.0%     0.007     0.0%     0.000     0.000    main
scene upload to arena                                    1     0.005     0.0%     0.005     0.0%     0.000     0.000    main
raster:     - sheets sibling weights                     2     0.004     0.0%     0.004     0.0%     0.000     0.000    main
background prefill                                       3     0.004     0.0%     0.004     0.0%     0.000     0.000    main
triangles: shade + pack (project_to_screen)              1     0.003     0.0%     0.003     0.0%     0.000     0.000    main
raster:   - precompute tri bounds                        1     0.002     0.0%     0.002     0.0%     0.000     0.000    main
raster:     - sheets prim split                          1     0.002     0.0%     0.002     0.0%     0.000     0.000    main
raster:     - sheets shade class                         2     0.002     0.0%     0.002     0.0%     0.000     0.000    main
wavefront:   - sparse setup                              3     0.001     0.0%     0.001     0.0%     0.000     0.000    main
AttributeTimeline.add                                   16     0.001     0.0%     0.001     0.0%     0.000     0.000    main
raster:   - fragment gather                              2     0.001     0.0%     0.001     0.0%     0.000     0.000    main
wavefront:   - pool overflow poll                        2     0.000     0.0%     0.000     0.0%     0.000     0.000    main
wavefront:   - alloc readback                            2     0.000     0.0%     0.000     0.0%     0.000     0.000    main
wavefront:   - drain scratch                             1     0.000     0.0%     0.000     0.0%     0.000     0.000    main
free-VRAM probe (empty_cache)                            1     0.000     0.0%     0.000     0.0%     0.000     0.000    main
wavefront:   - drain active count                        1     0.000     0.0%     0.000     0.0%     0.000     0.000    main
(unaccounted on the render thread: video encode, scene mgmt, ...)           1.719     1.6%

Wavefront bounce iterations (sheet route; wall time incl. launch + sync):
   bounce  calls     rays in  traverse s   shade s continuations
        0      1       67816       1.663    12.691             -
    total                          1.663    12.691              
  first iteration holds 100.0% of all wavefront_shade time; bounce-loop kernels total 14.353s

Taichi kernel GPU time (profiler; launch overhead excluded; 'recs' = serial + range-for sub-kernels):
  kernel                                    recs   total ms   % run    avg ms    max ms
  raster_bez_count                             8     12.707    0.0%    1.5884    6.7538
  gloss_pyramid_level                       1062     12.604    0.0%    0.0119    0.0594
  raster_bez_write                             8      9.508    0.0%    1.1885    5.5427
  sheet_resolve_shade_arena                    4      5.521    0.0%    1.3802    5.3043
  solid_shell_ceiling                          2      3.981    0.0%    1.9904    3.9630
  gloss_composite                            118      3.334    0.0%    0.0283    0.0869
  raster_tri_count                             4      3.158    0.0%    0.7896    2.8125
  tonemap_to_u8                                6      2.822    0.0%    0.4704    2.3573
  wavefront_traverse_events_arena              2      2.570    0.0%    1.2849    2.5515
  raster_tri_write                             4      2.130    0.0%    0.5326    1.8147
  gloss_scatter                              118      1.723    0.0%    0.0146    0.0383
  wf_composite_accum_sparse                  118      1.662    0.0%    0.0141    0.0292
  compact_ray_slots                            6      1.538    0.0%    0.2564    0.7254
  bezier_chord_hull_error                     34      1.495    0.0%    0.0440    0.1517
  sheet_lane_first_owner                       4      1.197    0.0%    0.2991    1.0988
  band_stats_reduce                            4      1.176    0.0%    0.2939    1.1105
  pair_expand_write                           12      0.848    0.0%    0.0706    0.2751
  key_run_order                                6      0.792    0.0%    0.1319    0.5611
  sheet_band_reduce                           10      0.787    0.0%    0.0787    0.2329
  sheet_lane_depths                            4      0.660    0.0%    0.1650    0.5778
  one_mesh_pixel_reduce                        4      0.481    0.0%    0.1204    0.4340
  pixel_group_order                            4      0.450    0.0%    0.1126    0.4070
  pn_patch_flatness_error                     10      0.405    0.0%    0.0405    0.1411
  sheet_depth_lose                             4      0.396    0.0%    0.0991    0.3502
  rank_groups                                  4      0.310    0.0%    0.0775    0.2683
  sheet_conflict_rank                          4      0.281    0.0%    0.0703    0.2376
  band_stats_rep_orig                          4      0.279    0.0%    0.0696    0.2355
  pair_expand_count                           12      0.240    0.0%    0.0200    0.0661
  one_mesh_pixel_apply                         4      0.227    0.0%    0.0567    0.1843
  wavefront_shade_arena                        2      0.174    0.0%    0.0871    0.1537
  mask_popcount                                6      0.169    0.0%    0.0281    0.0515
  opaque_prefix_keep                           4      0.161    0.0%    0.0402    0.1208
  pn_edge_chord_error                          4      0.126    0.0%    0.0316    0.0450
  wavefront_ray_sort_keys                      2      0.035    0.0%    0.0176    0.0184

GPU telemetry over render (1272 samples @ ~10 Hz, min/avg/max):
  utilization  0/0/50 %   mem-util 0/0/36 %
  SM clock     300/444/705 MHz   mem clock 405/2702/5000 MHz
  temperature  43/47/52 C   power 10/20/32 W
  no clock throttling observed

GPU memory: peak allocated 6256 MB (MPS: allocated after render), peak reserved 6364 MB
  batch 0: merged tensors 31.4 MB, BVHs 4.4 MB (cuda after merge 5957 MB)
    counts: num_colored_triangles=0, num_triangles=1018, num_circuits=205, num_frames=60
    tri_bvh: 0 instances, 511 nodes, 0 leaves, 1.9 MB
    tri_opaque_bvh: 0 instances, 511 nodes, 0 leaves, 1.9 MB
    bez_bvh: 0 instances, 94 nodes, 0 leaves, 0.3 MB
    bez_opaque_bvh: 0 instances, 94 nodes, 0 leaves, 0.3 MB
    edge_accel: (2649097,) = 10.1 MB
    tri_mat: (60, 1018, 39) = 9.1 MB
    edges_2d: (60, 4215, 6) = 5.8 MB
    tri_pos: (60, 1018, 9) = 2.1 MB
    tri_norm: (60, 1018, 9) = 2.1 MB
    circuit_meta: (60, 205, 25) = 1.2 MB
  cProfile dump: disabled (set ALGAN_PROFILE_CPROFILE=1)

===== profiling run 2/2 (warm) =====
Encoding video with libx264
Began rendering /kaggle/working/algan/algan_outputs/profiling/profilingexplainer_PREVIEW_run2.mp4
Rendering 6/60 frames (10%)
Rendering 12/60 frames (20%)
Rendering 18/60 frames (30%)
Rendering 24/60 frames (40%)
Rendering 30/60 frames (50%)
Rendering 36/60 frames (60%)
Rendering 42/60 frames (70%)
Rendering 48/60 frames (80%)
Rendering 54/60 frames (90%)
Rendering 60/60 frames (100%)
Finished rendering /kaggle/working/algan/algan_outputs/profiling/profilingexplainer_PREVIEW_run2.mp4 in 1.7 s
[profile] explainer_PREVIEW RUN 2: end-to-end 1.74s, render thread accounted 1.30s + unaccounted 0.44s, worker-thread prep overlapped 0.00s, peak alloc 6227 MB

------------------------------------------------------------------------------
RUN 2 (warm (steady state)): end-to-end 1.74s
------------------------------------------------------------------------------
incl is wall time, excl is time spent in function excluding sub-processes of another tracked stage; thread is which thread recorded it (worker = the scene-prefetch thread, overlapped with the render thread and outside its budget)
stage                                                calls  incl (s) incl (%)  excl (s)  excl (%)    launch      sync  thread
arena preflight (batch)                                  1     0.494    28.4%     0.003     0.2%     0.000     0.000    main
Scene._get_batch_of_primitives                           1     0.385    22.1%     0.063     3.6%     0.000     0.000    main
ray traced render total                                  3     0.372    21.4%     0.006     0.4%     0.000     0.000    main
wavefront_loop                                           3     0.307    17.7%     0.002     0.1%     0.000     0.000    main
  - project_to_screen (prewarm)                          1     0.265    15.2%     0.010     0.6%     0.000     0.000    main
AnimationTimeline.set_state_to_times                     1     0.227    13.1%     0.148     8.5%     0.000     0.000    main
merge collections + build BVHs                           1     0.226    13.0%     0.038     2.2%     0.000     0.000    main
raster: sparse discovery                                 3     0.157     9.0%     0.014     0.8%     0.000     0.000    main
beziers: sample + pack (project_to_screen)               6     0.152     8.8%     0.037     2.1%     0.000     0.000    main
  - refit-BVH build (in merge)                           2     0.124     7.1%     0.124     7.1%     0.000     0.000    main
wavefront:   - tile composite                            2     0.116     6.7%     0.030     1.7%     0.000     0.000    main
raster:   - compact_sheets                               2     0.105     6.0%     0.085     4.9%     0.000     0.000    main
logical PN: dice + shade + pack (project_to_screen)      1     0.100     5.7%     0.002     0.1%     0.000     0.000    main
logical PN:   - _dice_logical_pn                         1     0.098     5.6%     0.059     3.4%     0.000     0.000    main
beziers:   - _build_circuit_geometry                     6     0.095     5.4%     0.095     5.4%     0.000     0.000    main
AttributeTimeline.get                                 1279     0.076     4.4%     0.076     4.4%     0.000     0.000    main
  - bezier edge accel (in merge)                         1     0.064     3.7%     0.064     3.7%     0.000     0.000    main
kernel: gloss_pyramid_level                            531     0.058     3.4%     0.058     3.4%     0.044     0.014    main
post-process (downsample/FXAA/glow)                      3     0.055     3.2%     0.004     0.3%     0.000     0.000    main
post:   - device->host copy                              3     0.048     2.8%     0.048     2.8%     0.000     0.000    main
BezierCircuitCubic.get_render_primitives                23     0.040     2.3%     0.028     1.6%     0.000     0.000    main
AttributeTimeline.rematerialize_state_at_times          14     0.034     2.0%     0.034     2.0%     0.000     0.000    main
video encode tail (ffmpeg drain)                         1     0.033     1.9%     0.033     1.9%     0.000     0.000    main
logical PN:     - interpolate attrs                    105     0.023     1.3%     0.023     1.3%     0.000     0.000    main
AttributeTimeline.modify                               280     0.019     1.1%     0.019     1.1%     0.000     0.000    main
build_render_primitives_batched                          3     0.017     1.0%     0.010     0.6%     0.000     0.000    main
beziers:   - _compute_samples_per_segment                6     0.011     0.7%     0.007     0.4%     0.000     0.000    main
raster:   - window pairs                                 6     0.011     0.6%     0.007     0.4%     0.000     0.000    main
wavefront:   - raster tables (batch)                     1     0.010     0.6%     0.000     0.0%     0.000     0.000    main
kernel: gloss_scatter                                   59     0.010     0.6%     0.010     0.6%     0.008     0.002    main
kernel: gloss_composite                                 59     0.009     0.5%     0.009     0.5%     0.008     0.002    main
beziers:   - _build_frame_bounds                         6     0.009     0.5%     0.009     0.5%     0.000     0.000    main
kernel: wf_composite_accum_sparse                       59     0.008     0.5%     0.008     0.5%     0.006     0.002    main
wavefront:   - tile state alloc                          2     0.008     0.5%     0.008     0.5%     0.000     0.000    main
surfaces: get_render_primitives_batched                  1     0.008     0.5%     0.007     0.4%     0.000     0.000    main
logical PN:     - subdivision levels                     1     0.007     0.4%     0.002     0.1%     0.000     0.000    main
kernel: raster_bez_count                                 4     0.007     0.4%     0.007     0.4%     0.007     0.000    main
kernel: raster_bez_write                                 4     0.007     0.4%     0.007     0.4%     0.007     0.000    main
raster:   - precompute bez bounds                        1     0.007     0.4%     0.007     0.4%     0.000     0.000    main
raster: sparse resolve                                   2     0.007     0.4%     0.003     0.2%     0.000     0.000    main
wavefront:   - bounce drain                              2     0.006     0.4%     0.000     0.0%     0.000     0.000    main
raster:   - fragment sort                                2     0.006     0.3%     0.006     0.3%     0.000     0.000    main
memory reclaim (gc + cuda cache)                         6     0.006     0.3%     0.006     0.3%     0.000     0.000    main
scene upload to arena                                    1     0.005     0.3%     0.005     0.3%     0.000     0.000    main
logical PN:     - snap boundary                         14     0.004     0.3%     0.004     0.3%     0.000     0.000    main
kernel: bezier_chord_hull_error                         17     0.004     0.2%     0.004     0.2%     0.003     0.001    main
background prefill                                       3     0.004     0.2%     0.004     0.2%     0.000     0.000    main
raster:     - sheets sibling weights                     2     0.004     0.2%     0.003     0.2%     0.000     0.000    main
kernel: sheet_resolve_shade_arena                        2     0.004     0.2%     0.004     0.2%     0.003     0.000    main
raster:     - sheets band reduce                         5     0.003     0.2%     0.001     0.1%     0.000     0.000    main
raster:     - sheets band composite                      2     0.003     0.2%     0.001     0.1%     0.000     0.000    main
kernel: raster_tri_count                                 2     0.003     0.1%     0.003     0.1%     0.002     0.000    main
post:   - tonemap/finalize                               3     0.003     0.1%     0.003     0.1%     0.000     0.000    main
wavefront:   - compact active                            3     0.002     0.1%     0.000     0.0%     0.000     0.000    main
logical PN:       - patch level search                   1     0.002     0.1%     0.002     0.1%     0.000     0.000    main
triangles: shade + pack (project_to_screen)              1     0.002     0.1%     0.002     0.1%     0.000     0.000    main
logical PN:     - evaluate normals                       7     0.002     0.1%     0.002     0.1%     0.000     0.000    main
kernel: compact_ray_slots                                3     0.002     0.1%     0.002     0.1%     0.002     0.000    main
logical PN:         - patch flatness error               5     0.002     0.1%     0.001     0.1%     0.000     0.000    main
kernel: pair_expand_write                                6     0.002     0.1%     0.002     0.1%     0.002     0.000    main
kernel: solid_shell_ceiling                              1     0.002     0.1%     0.002     0.1%     0.002     0.000    main
kernel: pair_expand_count                                6     0.002     0.1%     0.002     0.1%     0.001     0.000    main
logical PN:       - edge level search                    1     0.002     0.1%     0.001     0.1%     0.000     0.000    main
raster:   - precompute tri bounds                        1     0.002     0.1%     0.002     0.1%     0.000     0.000    main
logical PN:     - evaluate patch                         7     0.002     0.1%     0.002     0.1%     0.000     0.000    main
raster:     - sheets prim split                          1     0.002     0.1%     0.002     0.1%     0.000     0.000    main
wavefront:   - bounce 0 traverse                         1     0.002     0.1%     0.000     0.0%     0.000     0.000    main
kernel: sheet_band_reduce                                5     0.002     0.1%     0.002     0.1%     0.001     0.000    main
kernel: raster_tri_write                                 2     0.002     0.1%     0.002     0.1%     0.001     0.000    main
raster:     - sheets shade class                         2     0.002     0.1%     0.002     0.1%     0.000     0.000    main
kernel: wavefront_traverse_events_arena                  1     0.001     0.1%     0.001     0.1%     0.001     0.000    main
kernel: band_stats_reduce                                2     0.001     0.1%     0.001     0.1%     0.001     0.000    main
AttributeTimeline.add                                   16     0.001     0.1%     0.001     0.1%     0.000     0.000    main
raster:   - fragment gather                              2     0.001     0.1%     0.001     0.1%     0.000     0.000    main
kernel: pn_patch_flatness_error                          5     0.001     0.1%     0.001     0.1%     0.001     0.000    main
kernel: key_run_order                                    3     0.001     0.1%     0.001     0.1%     0.001     0.000    main
wavefront:   - sparse setup                              3     0.001     0.1%     0.001     0.1%     0.000     0.000    main
raster:   - precompute tri projection                    1     0.001     0.1%     0.001     0.1%     0.000     0.000    main
kernel: one_mesh_pixel_reduce                            2     0.001     0.1%     0.001     0.1%     0.001     0.000    main
kernel: sheet_lane_first_owner                           2     0.001     0.1%     0.001     0.1%     0.001     0.000    main
wavefront:   - bounce 0 shade                            1     0.001     0.0%     0.001     0.0%     0.000     0.000    main
kernel: sheet_lane_depths                                2     0.001     0.0%     0.001     0.0%     0.001     0.000    main
wavefront:   - bounce 0 ray sort                         1     0.001     0.0%     0.001     0.0%     0.000     0.000    main
logical PN:         - edge chord error                   2     0.001     0.0%     0.000     0.0%     0.000     0.000    main
raster:     - sheets conflict rank                       2     0.001     0.0%     0.000     0.0%     0.000     0.000    main
kernel: one_mesh_pixel_apply                             2     0.001     0.0%     0.001     0.0%     0.001     0.000    main
kernel: pixel_group_order                                2     0.001     0.0%     0.001     0.0%     0.001     0.000    main
kernel: rank_groups                                      2     0.001     0.0%     0.001     0.0%     0.001     0.000    main
kernel: sheet_depth_lose                                 2     0.001     0.0%     0.001     0.0%     0.000     0.000    main
kernel: band_stats_rep_orig                              2     0.001     0.0%     0.001     0.0%     0.000     0.000    main
kernel: mask_popcount                                    3     0.001     0.0%     0.001     0.0%     0.000     0.000    main
kernel: sheet_conflict_rank                              2     0.000     0.0%     0.000     0.0%     0.000     0.000    main
kernel: pn_edge_chord_error                              2     0.000     0.0%     0.000     0.0%     0.000     0.000    main
kernel: opaque_prefix_keep                               2     0.000     0.0%     0.000     0.0%     0.000     0.000    main
kernel: wavefront_shade_arena                            1     0.000     0.0%     0.000     0.0%     0.000     0.000    main
kernel: wavefront_ray_sort_keys                          1     0.000     0.0%     0.000     0.0%     0.000     0.000    main
wavefront:   - pool overflow poll                        2     0.000     0.0%     0.000     0.0%     0.000     0.000    main
wavefront:   - alloc readback                            2     0.000     0.0%     0.000     0.0%     0.000     0.000    main
wavefront:   - drain scratch                             1     0.000     0.0%     0.000     0.0%     0.000     0.000    main
free-VRAM probe (empty_cache)                            1     0.000     0.0%     0.000     0.0%     0.000     0.000    main
wavefront:   - drain active count                        1     0.000     0.0%     0.000     0.0%     0.000     0.000    main
(unaccounted on the render thread: video encode, scene mgmt, ...)           0.439    25.3%

Wavefront bounce iterations (sheet route; wall time incl. launch + sync):
   bounce  calls     rays in  traverse s   shade s continuations
        0      1       67816       0.002     0.001             -
    total                          0.002     0.001              
  first iteration holds 100.0% of all wavefront_shade time; bounce-loop kernels total 0.002s

Taichi kernel GPU time (profiler; launch overhead excluded; 'recs' = serial + range-for sub-kernels):
  kernel                                    recs   total ms   % run    avg ms    max ms
  gloss_pyramid_level                       1062      9.869    0.6%    0.0093    0.0573
  raster_bez_write                             8      5.646    0.3%    0.7057    3.8093
  raster_bez_count                             8      5.252    0.3%    0.6565    2.7016
  gloss_composite                            118      3.089    0.2%    0.0262    0.0488
  sheet_resolve_shade_arena                    4      2.574    0.1%    0.6435    2.4556
  tonemap_to_u8                                6      1.693    0.1%    0.2822    1.4162
  solid_shell_ceiling                          2      1.593    0.1%    0.7967    1.5832
  compact_ray_slots                            6      1.520    0.1%    0.2533    0.7180
  gloss_scatter                              118      1.375    0.1%    0.0117    0.0266
  wf_composite_accum_sparse                  118      1.350    0.1%    0.0114    0.0328
  raster_tri_count                             4      1.301    0.1%    0.3252    1.1408
  wavefront_traverse_events_arena              2      1.079    0.1%    0.5397    1.0692
  bezier_chord_hull_error                     34      1.020    0.1%    0.0300    0.1091
  band_stats_reduce                            4      0.904    0.1%    0.2260    0.8567
  raster_tri_write                             4      0.877    0.1%    0.2192    0.7370
  sheet_band_reduce                           10      0.751    0.0%    0.0751    0.2253
  sheet_lane_first_owner                       4      0.581    0.0%    0.1452    0.5259
  key_run_order                                6      0.465    0.0%    0.0775    0.2761
  sheet_lane_depths                            4      0.446    0.0%    0.1114    0.4071
  pair_expand_write                           12      0.422    0.0%    0.0352    0.1125
  one_mesh_pixel_reduce                        4      0.406    0.0%    0.1014    0.3645
  pixel_group_order                            4      0.297    0.0%    0.0743    0.2621
  rank_groups                                  4      0.296    0.0%    0.0740    0.2683
  band_stats_rep_orig                          4      0.266    0.0%    0.0666    0.2317
  pn_patch_flatness_error                     10      0.259    0.0%    0.0259    0.0901
  sheet_depth_lose                             4      0.217    0.0%    0.0542    0.1874
  one_mesh_pixel_apply                         4      0.202    0.0%    0.0505    0.1686
  sheet_conflict_rank                          4      0.181    0.0%    0.0452    0.1516
  pair_expand_count                           12      0.178    0.0%    0.0148    0.0307
  opaque_prefix_keep                           4      0.132    0.0%    0.0329    0.1039
  mask_popcount                                6      0.125    0.0%    0.0208    0.0476
  wavefront_shade_arena                        2      0.124    0.0%    0.0620    0.1135
  pn_edge_chord_error                          4      0.080    0.0%    0.0200    0.0323
  wavefront_ray_sort_keys                      2      0.025    0.0%    0.0127    0.0159

GPU telemetry over render (22 samples @ ~10 Hz, min/avg/max):
  utilization  0/11/100 %   mem-util 0/3/23 %
  SM clock     300/724/1470 MHz   mem clock 405/2702/5000 MHz
  temperature  47/47/49 C   power 10/22/39 W
  no clock throttling observed

GPU memory: peak allocated 6227 MB (MPS: allocated after render), peak reserved 6336 MB
  batch 0: merged tensors 31.4 MB, BVHs 4.4 MB (cuda after merge 5927 MB)
    counts: num_colored_triangles=0, num_triangles=1018, num_circuits=205, num_frames=60
    tri_bvh: 0 instances, 511 nodes, 0 leaves, 1.9 MB
    tri_opaque_bvh: 0 instances, 511 nodes, 0 leaves, 1.9 MB
    bez_bvh: 0 instances, 94 nodes, 0 leaves, 0.3 MB
    bez_opaque_bvh: 0 instances, 94 nodes, 0 leaves, 0.3 MB
    edge_accel: (2649097,) = 10.1 MB
    tri_mat: (60, 1018, 39) = 9.1 MB
    edges_2d: (60, 4215, 6) = 5.8 MB
    tri_pos: (60, 1018, 9) = 2.1 MB
    tri_norm: (60, 1018, 9) = 2.1 MB
    circuit_meta: (60, 205, 25) = 1.2 MB
  cProfile dump: disabled (set ALGAN_PROFILE_CPROFILE=1)

==============================================================================
Algan ray-tracing scene profile
==============================================================================
device: cuda (Tesla T4)
  driver 580.159.04  compute cap 7.5  15360 MiB  max SM 1590 MHz / mem 5001 MHz  PCIe gen3 x16
  profiling tools: nvidia-smi=yes, nvprof=yes, ncu=yes, nsys=no
  Taichi kernel profiler: ON
  hooked kernels (64): argsort_pairs, band_stats_reduce, band_stats_rep_orig, bezier_chord_hull_error, compact_ray_slots, env_background_prefill, fill_background_from_func, finalize_samples, gather_fragment_arrays, gloss_composite, gloss_pyramid_level, gloss_scatter, group_counts, key_run_order, mask_popcount, one_mesh_pixel_apply, one_mesh_pixel_reduce, opaque_prefix_keep, pair_expand_count, pair_expand_write, pixel_group_order, pn_edge_chord_error, pn_patch_flatness_error, pt_env_pdf_probe, pt_env_sample_probe, pt_generate, pt_light_tree_pmf_probe, pt_light_tree_probe, pt_nee_pick_probe, pt_offset_probe, pt_reduce, pt_sampler_probe, pt_screen_sampler_probe, pt_shade_arena, rank_groups, raster_bez_count, raster_bez_write, raster_shadow_trace_arena, raster_tri_count, raster_tri_write, refit_pack_level, reorder_ray_slots, sheet_band_reduce, sheet_conflict_rank, sheet_depth_lose, sheet_lane_depths, sheet_lane_depths_inplace, sheet_lane_first_owner, sheet_resolve_shade_arena, sibling_band_counts, sibling_coverage_weights, solid_shell_ceiling, wavefront_generate_rays, wavefront_ray_sort_keys, wavefront_shade_arena, wavefront_shadow_events, wavefront_traverse_events_arena, wf_composite, wf_composite_aa, wf_composite_accum, wf_composite_accum_aa, wf_composite_accum_sparse, wf_finalize_aa, wf_finalize_uncovered
RUN 1: end-to-end 106.53s (render thread: 104.81s accounted, 1.72s unaccounted; worker overlap 0.00s)
RUN 2: end-to-end 1.74s (render thread: 1.30s accounted, 0.44s unaccounted; worker overlap 0.00s)
------------------------------------------------------------------------------
Registers / occupancy not collected in-process (Taichi CUPTI toolkit unavailable here).
Run this to get them via nvprof:

  # registers per thread (no admin needed):
  ALGAN_UNDER_NVPROF=1 nvprof --print-gpu-trace --csv /usr/bin/python3 benchmarks/performance/explainer_scene.py --quality PREVIEW --seconds 6 --kernel-profiler
  # achieved occupancy (may need admin on Pascal):
  ALGAN_UNDER_NVPROF=1 nvprof --metrics achieved_occupancy --csv /usr/bin/python3 benchmarks/performance/explainer_scene.py --quality PREVIEW --seconds 6 --kernel-profiler

(Taichi's own table below; its % is of total GPU-kernel time, not of run wall time -- see '% run' above for that.)
=========================================================================
Kernel Profiler(count, default) @ CUDA on Tesla T4
=========================================================================
[      %     total   count |      min       avg       max   ] Kernel name
-------------------------------------------------------------------------
[ 13.03%   0.006 s    531x |    0.004     0.011     0.057 ms] gloss_pyramid_level_c70_0_kernel_1_range_for
[ 12.56%   0.006 s      4x |    0.387     1.401     3.809 ms] raster_bez_write_c108_0_kernel_1_range_for
[ 11.66%   0.005 s      4x |    0.309     1.300     2.702 ms] raster_bez_count_c106_0_kernel_1_range_for
[  9.10%   0.004 s    531x |    0.004     0.008     0.049 ms] gloss_pyramid_level_c70_0_kernel_0_serial
[  6.03%   0.003 s     59x |    0.044     0.046     0.049 ms] gloss_composite_c72_0_kernel_1_range_for
[  5.72%   0.003 s      2x |    0.096     1.276     2.456 ms] sheet_resolve_shade_arena_c176_0_kernel_1_range_for
[  3.72%   0.002 s      3x |    0.030     0.553     1.416 ms] tonemap_to_u8_c188_0_kernel_1_range_for
[  3.55%   0.002 s      1x |    1.583     1.583     1.583 ms] solid_shell_ceiling_c156_0_kernel_1_range_for
[  3.34%   0.001 s      3x |    0.061     0.497     0.718 ms] compact_ray_slots_c76_0_kernel_1_range_for
[  2.86%   0.001 s      2x |    0.133     0.637     1.141 ms] raster_tri_count_c102_0_kernel_1_range_for
[  2.40%   0.001 s      1x |    1.069     1.069     1.069 ms] wavefront_traverse_events_arena_c96_0_kernel_1_range_for
[  1.99%   0.001 s      2x |    0.031     0.444     0.857 ms] band_stats_reduce_c158_0_kernel_1_range_for
[  1.96%   0.001 s     59x |    0.008     0.015     0.033 ms] wf_composite_accum_sparse_c86_0_kernel_1_range_for
[  1.92%   0.001 s     17x |    0.016     0.050     0.109 ms] bezier_chord_hull_error_c62_0_kernel_1_range_for
[  1.92%   0.001 s      2x |    0.121     0.429     0.737 ms] raster_tri_write_c104_0_kernel_1_range_for
[  1.83%   0.001 s     59x |    0.007     0.014     0.020 ms] gloss_scatter_c68_0_kernel_1_range_for
[  1.26%   0.001 s     59x |    0.007     0.009     0.027 ms] gloss_scatter_c68_0_kernel_0_serial
[  1.25%   0.001 s      2x |    0.033     0.279     0.526 ms] sheet_lane_first_owner_c154_0_kernel_1_range_for
[  1.07%   0.000 s     59x |    0.006     0.008     0.022 ms] wf_composite_accum_sparse_c86_0_kernel_0_serial
[  1.03%   0.000 s      3x |    0.010     0.154     0.225 ms] sheet_band_reduce_c142_1_kernel_1_range_for
[  0.96%   0.000 s      2x |    0.023     0.215     0.407 ms] sheet_lane_depths_c168_0_kernel_1_range_for
[  0.90%   0.000 s     59x |    0.005     0.007     0.011 ms] gloss_composite_c72_0_kernel_0_serial
[  0.85%   0.000 s      2x |    0.016     0.190     0.365 ms] one_mesh_pixel_reduce_c150_0_kernel_1_range_for
[  0.62%   0.000 s      2x |    0.010     0.139     0.268 ms] rank_groups_c174_0_kernel_1_range_for
[  0.62%   0.000 s      1x |    0.276     0.276     0.276 ms] key_run_order_c186_1_kernel_1_range_for
[  0.62%   0.000 s      2x |    0.014     0.138     0.262 ms] pixel_group_order_c184_0_kernel_1_range_for
[  0.56%   0.000 s      2x |    0.016     0.124     0.232 ms] band_stats_rep_orig_c160_0_kernel_1_range_for
[  0.55%   0.000 s      4x |    0.015     0.062     0.113 ms] pair_expand_write_c164_0_kernel_1_range_for
[  0.53%   0.000 s      2x |    0.014     0.119     0.224 ms] sheet_band_reduce_c142_0_kernel_1_range_for
[  0.49%   0.000 s      5x |    0.020     0.043     0.090 ms] pn_patch_flatness_error_c60_0_kernel_1_range_for
[  0.45%   0.000 s      2x |    0.012     0.100     0.187 ms] sheet_depth_lose_c170_0_kernel_1_range_for
[  0.40%   0.000 s      2x |    0.010     0.089     0.169 ms] one_mesh_pixel_apply_c152_0_kernel_1_range_for
[  0.36%   0.000 s     17x |    0.007     0.010     0.027 ms] bezier_chord_hull_error_c62_0_kernel_0_serial
[  0.36%   0.000 s      2x |    0.010     0.081     0.152 ms] sheet_conflict_rank_c146_0_kernel_1_range_for
[  0.35%   0.000 s      2x |    0.013     0.078     0.143 ms] key_run_order_c186_0_kernel_1_range_for
[  0.25%   0.000 s      1x |    0.114     0.114     0.114 ms] wavefront_shade_arena_c100_0_kernel_1_range_for
[  0.25%   0.000 s      2x |    0.009     0.057     0.104 ms] opaque_prefix_keep_c148_0_kernel_1_range_for
[  0.22%   0.000 s      3x |    0.007     0.033     0.048 ms] mask_popcount_c144_0_kernel_1_range_for
[  0.21%   0.000 s      2x |    0.033     0.047     0.061 ms] pair_expand_write_c164_1_kernel_1_range_for
[  0.14%   0.000 s      4x |    0.010     0.015     0.030 ms] pair_expand_count_c162_0_kernel_0_serial
[  0.14%   0.000 s      2x |    0.029     0.031     0.032 ms] pn_edge_chord_error_c64_0_kernel_1_range_for
[  0.13%   0.000 s      4x |    0.010     0.014     0.024 ms] pair_expand_write_c164_0_kernel_0_serial
[  0.12%   0.000 s      2x |    0.024     0.028     0.031 ms] pair_expand_count_c162_1_kernel_1_range_for
[  0.12%   0.000 s      4x |    0.008     0.013     0.015 ms] raster_bez_count_c106_0_kernel_0_serial
[  0.10%   0.000 s      4x |    0.009     0.011     0.013 ms] raster_bez_write_c108_0_kernel_0_serial
[  0.09%   0.000 s      5x |    0.007     0.008     0.010 ms] pn_patch_flatness_error_c60_0_kernel_0_serial
[  0.08%   0.000 s      4x |    0.008     0.009     0.010 ms] pair_expand_count_c162_0_kernel_1_range_for
[  0.08%   0.000 s      3x |    0.010     0.011     0.012 ms] tonemap_to_u8_c188_0_kernel_0_serial
[  0.06%   0.000 s      3x |    0.008     0.010     0.013 ms] compact_ray_slots_c76_0_kernel_0_serial
[  0.06%   0.000 s      2x |    0.011     0.014     0.016 ms] raster_tri_count_c102_0_kernel_0_serial
[  0.06%   0.000 s      3x |    0.008     0.009     0.009 ms] mask_popcount_c144_0_kernel_0_serial
[  0.06%   0.000 s      3x |    0.008     0.009     0.010 ms] sheet_band_reduce_c142_1_kernel_0_serial
[  0.06%   0.000 s      2x |    0.009     0.013     0.018 ms] sheet_band_reduce_c142_0_kernel_0_serial
[  0.06%   0.000 s      2x |    0.010     0.013     0.015 ms] pair_expand_write_c164_1_kernel_0_serial
[  0.06%   0.000 s      2x |    0.011     0.012     0.014 ms] pair_expand_count_c162_1_kernel_0_serial
[  0.06%   0.000 s      2x |    0.010     0.012     0.015 ms] one_mesh_pixel_reduce_c150_0_kernel_0_serial
[  0.05%   0.000 s      2x |    0.011     0.012     0.012 ms] one_mesh_pixel_apply_c152_0_kernel_0_serial
[  0.05%   0.000 s      2x |    0.010     0.011     0.012 ms] sheet_resolve_shade_arena_c176_0_kernel_0_serial
[  0.05%   0.000 s      2x |    0.010     0.011     0.012 ms] sheet_lane_first_owner_c154_0_kernel_0_serial
[  0.05%   0.000 s      2x |    0.010     0.011     0.011 ms] pixel_group_order_c184_0_kernel_0_serial
[  0.04%   0.000 s      2x |    0.010     0.010     0.010 ms] key_run_order_c186_0_kernel_0_serial
[  0.04%   0.000 s      2x |    0.009     0.010     0.010 ms] sheet_conflict_rank_c146_0_kernel_0_serial
[  0.04%   0.000 s      2x |    0.009     0.010     0.010 ms] pn_edge_chord_error_c64_0_kernel_0_serial
[  0.04%   0.000 s      2x |    0.008     0.009     0.011 ms] band_stats_rep_orig_c160_0_kernel_0_serial
[  0.04%   0.000 s      2x |    0.008     0.009     0.010 ms] raster_tri_write_c104_0_kernel_0_serial
[  0.04%   0.000 s      2x |    0.009     0.009     0.010 ms] opaque_prefix_keep_c148_0_kernel_0_serial
[  0.04%   0.000 s      2x |    0.008     0.009     0.010 ms] rank_groups_c174_0_kernel_0_serial
[  0.04%   0.000 s      2x |    0.008     0.009     0.009 ms] sheet_depth_lose_c170_0_kernel_0_serial
[  0.04%   0.000 s      2x |    0.008     0.008     0.008 ms] band_stats_reduce_c158_0_kernel_0_serial
[  0.04%   0.000 s      2x |    0.007     0.008     0.009 ms] sheet_lane_depths_c168_0_kernel_0_serial
[  0.04%   0.000 s      1x |    0.016     0.016     0.016 ms] wavefront_ray_sort_keys_c78_0_kernel_1_range_for
[  0.03%   0.000 s      1x |    0.012     0.012     0.012 ms] key_run_order_c186_1_kernel_0_serial
[  0.02%   0.000 s      1x |    0.010     0.010     0.010 ms] wavefront_shade_arena_c100_0_kernel_0_serial
[  0.02%   0.000 s      1x |    0.010     0.010     0.010 ms] solid_shell_ceiling_c156_0_kernel_0_serial
[  0.02%   0.000 s      1x |    0.010     0.010     0.010 ms] wavefront_traverse_events_arena_c96_0_kernel_0_serial
[  0.02%   0.000 s      1x |    0.010     0.010     0.010 ms] wavefront_ray_sort_keys_c78_0_kernel_0_serial
-------------------------------------------------------------------------
[100.00%] Total execution time:   0.045 s   number of results: 76
=========================================================================
report written to algan_profile_report_explainer_PREVIEW.txt
--- step explainer_preview: ok (rc=0) in 159.6s

==============================================================================
