=== STEP explainer_uhd ===
==============================================================================
$ python benchmarks/performance/torch_profile_scene.py explainer --quality UHD --frames 12 --scopes --rows 30 --scope-rows 22
  env ALGAN_VIDEO_ENCODER=software
[tp] warm-up render: explainer UHD 12 frames
Encoding video with libx264
Began rendering /kaggle/working/algan/algan_outputs/torch_profile/explainer_warm.mp4
[Quadrants] Starting on arch=cuda
Preparing render kernels. If this is the first render on this machine (or after an update), compiling the GPU kernels can take several minutes. Compiled kernels are cached, so subsequent renders start immediately.
/usr/local/lib/python3.12/dist-packages/quadrants/_test_tools/warnings_helper.py:11: UserWarning: cannot create weak reference to 'quadrants._lib.core.quadrants_python.DataTypeCxx' object. Template mapper caching disabled.
  warnings.warn(message)
Finished rendering /kaggle/working/algan/algan_outputs/torch_profile/explainer_warm.mp4 in 104.3 s
[tp] profiled render
/usr/local/lib/python3.12/dist-packages/torch/profiler/profiler.py:217: UserWarning: Warning: Profiler clears events at the end of each cycle.Only events from the current cycle will be reported.To keep events across cycles, set acc_events=True.
  _warn_once(
Encoding video with libx264
Began rendering /kaggle/working/algan/algan_outputs/torch_profile/explainer_prof.mp4
Finished rendering /kaggle/working/algan/algan_outputs/torch_profile/explainer_prof.mp4 in 2.3 s
[tp] profiled render took 2.31s wall
================ BY CUDA TIME ================
----------------------------------------------------------------------  ------------  ------------  ------------  ------------  ------------  ------------  ------------  ------------  ------------  ------------  
                                                                  Name    Self CPU %      Self CPU   CPU total %     CPU total  CPU time avg     Self CUDA   Self CUDA %    CUDA total  CUDA time avg    # of Calls  
----------------------------------------------------------------------  ------------  ------------  ------------  ------------  ------------  ------------  ------------  ------------  ------------  ------------  
                                                           aten::copy_         4.99%     185.143ms        16.87%     625.605ms       7.592us     359.491ms        46.27%     359.499ms       4.363us         82402  
                                                              aten::to         1.30%      48.391ms        18.28%     677.843ms      10.869us       0.000us         0.00%     343.342ms       5.505us         62367  
                                                        aten::_to_copy         3.34%     123.899ms        16.97%     629.452ms      15.367us       0.000us         0.00%     343.342ms       8.382us         40962  
                                      Memcpy DtoH (Device -> Pageable)         0.00%       0.000us         0.00%       0.000us       0.000us     332.441ms        42.79%     332.441ms       9.778ms            34  
                                                    S:sparse discovery         0.00%       0.000us         0.00%       0.000us       0.000us     222.230ms        28.60%     222.230ms     111.115ms             2  
                                                    S:sparse discovery         0.33%      12.323ms         6.25%     231.610ms      77.203ms       0.000us         0.00%     141.903ms      47.301ms             3  
                                                      S:compact_sheets         0.00%       0.000us         0.00%       0.000us       0.000us     138.762ms        17.86%     138.762ms      69.381ms             2  
                                                           aten::fill_         0.65%      23.965ms         0.88%      32.646ms       1.419us     111.488ms        14.35%     111.488ms       4.847us         23002  
                                                      S:compact_sheets         0.37%      13.570ms         3.69%     137.006ms      68.503ms       0.000us         0.00%     103.347ms      51.673ms             2  
                                                           aten::zero_         0.07%       2.718ms         0.23%       8.513ms       2.730us       0.000us         0.00%      65.922ms      21.136us          3119  
void at::native::elementwise_kernel<128, 2, at::native::gpu_kernel_...         0.00%       0.000us         0.00%       0.000us       0.000us      52.214ms         6.72%      52.214ms       1.800ms            29  
void at::native::unrolled_elementwise_kernel<at::native::FillFuncto...         0.00%       0.000us         0.00%       0.000us       0.000us      40.542ms         5.22%      40.542ms       1.398ms            29  
                                                    aten::index_select         0.50%      18.639ms         0.97%      36.131ms      15.675us     583.544us         0.08%      36.672ms      15.910us          2305  
                                                          aten::gather         0.15%       5.462ms         0.27%       9.896ms      25.310us      36.345ms         4.68%      36.345ms      92.954us           391  
                                                      S:sparse resolve         0.00%       0.000us         0.00%       0.000us       0.000us      24.768ms         3.19%      24.768ms      12.384ms             2  
                                                         aten::argsort         0.01%     322.793us         0.44%      16.328ms     152.598us       0.000us         0.00%      22.007ms     205.675us           107  
                                                            aten::sort         0.15%       5.386ms         0.46%      17.089ms     110.249us      20.618ms         2.65%      22.007ms     141.982us           155  
                                                       S:fragment sort         0.00%       0.000us         0.00%       0.000us       0.000us      21.966ms         2.83%      21.966ms      10.983ms             2  
void at_cuda_detail::cub::DeviceRadixSortOnesweepKernel<at_cuda_det...         0.00%       0.000us         0.00%       0.000us       0.000us      21.078ms         2.71%      21.078ms     292.743us            72  
                                                       S:fragment sort         0.15%       5.561ms         0.29%      10.726ms       5.363ms       0.000us         0.00%      17.876ms       8.938ms             2  
                          gloss_pyramid_level_c70_0_kernel_1_range_for         0.00%       0.000us         0.00%       0.000us       0.000us      15.029ms         1.93%      15.029ms     151.804us            99  
void at::native::_scatter_gather_elementwise_kernel<128, 8, at::nat...         0.00%       0.000us         0.00%       0.000us       0.000us      14.700ms         1.89%      14.700ms      65.918us           223  
void at::native::vectorized_elementwise_kernel<4, at::native::BUnar...         0.00%       0.000us         0.00%       0.000us       0.000us      14.377ms         1.85%      14.377ms     305.893us            47  
                                                            aten::div_         0.12%       4.355ms         0.23%       8.706ms      15.168us      14.110ms         1.82%      14.110ms      24.582us           574  
                                                     S:sibling weights         0.00%       0.000us         0.00%       0.000us       0.000us      13.772ms         1.77%      13.772ms       6.886ms             2  
                                                       S:raster tables         0.00%       0.000us         0.00%       0.000us       0.000us      13.186ms         1.70%      13.186ms      13.186ms             1  
                                                           aten::index         1.45%      53.785ms         2.41%      89.426ms      25.492us      11.220ms         1.44%      11.880ms       3.387us          3508  
                                                     S:sibling weights         0.03%       1.281ms         0.59%      21.743ms      10.871ms       0.000us         0.00%      11.714ms       5.857ms             2  
                            raster_bez_write_c108_0_kernel_1_range_for         0.00%       0.000us         0.00%       0.000us       0.000us      11.401ms         1.47%      11.401ms       2.850ms             4  
                            raster_bez_count_c106_0_kernel_1_range_for         0.00%       0.000us         0.00%       0.000us       0.000us      11.389ms         1.47%      11.389ms       2.847ms             4  
----------------------------------------------------------------------  ------------  ------------  ------------  ------------  ------------  ------------  ------------  ------------  ------------  ------------  
Self CPU time total: 3.708s
Self CUDA time total: 776.944ms

================ BY CPU SELF TIME =============
----------------------------------------------------------------------  ------------  ------------  ------------  ------------  ------------  ------------  ------------  ------------  ------------  ------------  
                                                                  Name    Self CPU %      Self CPU   CPU total %     CPU total  CPU time avg     Self CUDA   Self CUDA %    CUDA total  CUDA time avg    # of Calls  
----------------------------------------------------------------------  ------------  ------------  ------------  ------------  ------------  ------------  ------------  ------------  ------------  ------------  
                                                       cudaMemcpyAsync        10.16%     376.816ms        10.16%     376.816ms     300.731us       0.000us         0.00%       0.000us       0.000us          1253  
                                                 cudaStreamSynchronize         7.63%     282.922ms         7.63%     282.922ms     319.686us       0.000us         0.00%       0.000us       0.000us           885  
                                                             aten::mul         5.20%     192.709ms         9.22%     341.850ms       7.866us       5.928ms         0.76%       5.929ms       0.136us         43457  
                                                           aten::slice         5.07%     187.986ms         6.21%     230.282ms       3.452us       0.000us         0.00%       0.000us       0.000us         66709  
                                                           aten::copy_         4.99%     185.143ms        16.87%     625.605ms       7.592us     359.491ms        46.27%     359.499ms       4.363us         82402  
                                                        aten::_to_copy         3.34%     123.899ms        16.97%     629.452ms      15.367us       0.000us         0.00%     343.342ms       8.382us         40962  
                                                      aten::as_strided         3.32%     123.279ms         3.32%     123.279ms       0.632us       0.000us         0.00%       0.000us       0.000us        194935  
                                                      cudaLaunchKernel         3.24%     119.976ms         3.31%     122.765ms       7.857us       0.000us         0.00%       1.504us       0.000us         15624  
                                                          aten::select         2.75%     102.090ms         3.48%     129.100ms       2.858us       0.000us         0.00%       0.000us       0.000us         45172  
                                                            aten::view         2.39%      88.683ms         2.39%      88.683ms       1.908us       0.000us         0.00%       0.000us       0.000us         46475  
                                                             aten::sub         2.25%      83.276ms         3.06%     113.647ms       5.601us       7.076ms         0.91%       7.076ms       0.349us         20289  
                                                   aten::empty_strided         2.20%      81.621ms         2.23%      82.649ms       1.369us       0.000us         0.00%       0.000us       0.000us         60353  
                                              aten::linalg_vector_norm         1.88%      69.852ms         2.02%      74.731ms       7.040us     387.384us         0.05%     387.384us       0.036us         10616  
                                                             aten::add         1.69%      62.603ms         2.01%      74.627ms       4.181us       7.561ms         0.97%       7.561ms       0.424us         17849  
                                                           aten::empty         1.69%      62.576ms         1.74%      64.551ms       1.461us       0.000us         0.00%       0.000us       0.000us         44194  
                                                       aten::unsqueeze         1.60%      59.492ms         1.98%      73.442ms       3.157us       0.000us         0.00%       0.000us       0.000us         23263  
                                                             aten::abs         1.56%      57.870ms         2.67%      99.009ms       6.622us     481.206us         0.06%     962.412us       0.064us         14952  
                                                           aten::clone         1.48%      54.759ms         3.75%     139.113ms       7.338us       0.000us         0.00%     579.603us       0.031us         18959  
                                                           aten::index         1.45%      53.785ms         2.41%      89.426ms      25.492us      11.220ms         1.44%      11.880ms       3.387us          3508  
                                                          aten::arange         1.38%      51.204ms         3.01%     111.631ms       7.425us     722.854us         0.09%       1.446ms       0.096us         15034  
                                                          aten::expand         1.35%      50.074ms         1.74%      64.564ms       2.832us       0.000us         0.00%       0.000us       0.000us         22797  
                                                              cudaFree         1.35%      50.052ms         1.35%      50.052ms       1.138ms       0.000us         0.00%       0.000us       0.000us            44  
                                                              aten::to         1.30%      48.391ms        18.28%     677.843ms      10.869us       0.000us         0.00%     343.342ms       5.505us         62367  
                                                              aten::ne         1.18%      43.710ms         2.36%      87.340ms      14.064us       2.069ms         0.27%       2.069ms       0.333us          6210  
                                                             aten::all         1.09%      40.579ms         1.51%      55.846ms       8.771us     558.996us         0.07%     561.396us       0.088us          6367  
                                                             aten::div         1.03%      38.078ms         1.17%      43.446ms       5.648us       2.766ms         0.36%       2.766ms       0.360us          7692  
                                                            aten::amax         0.98%      36.210ms         1.16%      43.164ms       7.059us       7.059ms         0.91%       7.059ms       1.154us          6115  
                                                            aten::amin         0.97%      35.791ms         1.13%      41.881ms       6.911us     247.645us         0.03%     247.645us       0.041us          6060  
                                                             aten::cat         0.88%      32.813ms         1.08%      40.035ms       8.626us     970.154us         0.12%     970.154us       0.209us          4641  
                                                        aten::isfinite         0.87%      32.439ms         5.40%     200.358ms      33.399us       0.000us         0.00%      55.070us       0.009us          5999  
----------------------------------------------------------------------  ------------  ------------  ------------  ------------  ------------  ------------  ------------  ------------  ------------  ------------  
Self CPU time total: 3.708s
Self CUDA time total: 776.944ms

================ SYNC CENSUS =================
  aten::item                                                   count   14055  cpu total     239.2 ms  (  0.5% of self cpu)
  aten::_local_scalar_dense                                    count   14055  cpu total     221.7 ms  (  0.3% of self cpu)
  cudaStreamSynchronize                                        count     885  cpu total     282.9 ms  (  7.6% of self cpu)
  aten::nonzero                                                count     677  cpu total      34.3 ms  (  0.3% of self cpu)
  Memcpy DtoH (Device -> Pinned)                               count     566  cpu total       0.0 ms  (  0.0% of self cpu)
  Memcpy HtoD (Pageable -> Device)                             count     529  cpu total       0.0 ms  (  0.0% of self cpu)
  aten::sort                                                   count     155  cpu total      17.1 ms  (  0.1% of self cpu)
  aten::argsort                                                count     107  cpu total      16.3 ms  (  0.0% of self cpu)
  aten::_unique2                                               count      65  cpu total      13.1 ms  (  0.0% of self cpu)
  aten::nonzero_numpy                                          count      47  cpu total      18.5 ms  (  0.0% of self cpu)
  Memcpy DtoH (Device -> Pageable)                             count      34  cpu total       0.0 ms  (  0.0% of self cpu)
  aten::unique_consecutive                                     count       8  cpu total      30.9 ms  (  0.0% of self cpu)
  cudaDeviceSynchronize                                        count       4  cpu total       0.1 ms  (  0.0% of self cpu)
  device-side records: 17948
/kaggle/working/algan/benchmarks/performance/torch_profile_scene.py:166: FutureWarning: `self_cuda_time_total` is deprecated. Use `self_device_time_total` instead.
  return getattr(e, "self_device_time_total", None) or getattr(
================ BY SCOPE (innermost attribution) ==========
  scope                         calls   incl ms  ms/call   self ms   dev ms     ops ops/call  syncs  launch
  raster tables                     2      13.5     6.73       8.7      0.8     571    285.5     12     278
  tile alloc read                   4       0.3     0.07       0.1      0.0       6      1.5      2       0
  sparse discovery                  5     231.6    46.32      74.3     13.9     428     85.6     55     204
    window pairs                   10      15.8     1.58      10.0      0.3     178     17.8      0     127
    class pairs flat               14       7.7     0.55       3.3      0.1     109      7.8     14      74
    fragment sort                   4      10.7     2.68       5.2     17.9      44     11.0      0      72
    fragment gather                 4       1.3     0.33       1.0      2.9      12      3.0      0      12
    opaque prefix keep              4       0.9     0.23       0.3      0.8      10      2.5      0      10
    one-mesh caps                   4       3.2     0.80       1.7      2.7      30      7.5      0      34
    compact_sheets                  4     137.0    34.25      58.8     58.4     402    100.5     18     344
      shade class                   4       5.9     1.47       4.2      1.1     120     30.0      0      88
      pixel group order             4       0.7     0.18       0.1      0.0       2      0.5      0       4
      prim split                    4       4.3     1.07       3.1      3.7     112     28.0      0      86
      conflict rank                 4       0.7     0.17       0.1      0.0       4      1.0      0       4
      rank groups                   4       2.2     0.55       1.3      0.9      22      5.5      8      14
      rank pool                     4      16.7     4.18      15.5      4.5      22      5.5     12      38
      band composite                4       3.5     0.88       2.1      2.5      32      8.0      0      34
      class groups                  4      13.9     3.47      13.3     10.2      24      6.0     10      48
      band reduce                  12       3.9     0.32       1.8      2.2      36      3.0      0      48
      lane first owners             4       1.5     0.37       0.7      0.7       6      1.5      0      12
      group counts                  4       1.8     0.45       1.4      4.4      30      7.5      0      36
      walk order                    4       0.5     0.13       0.1      0.0       2      0.5      0       4
      sibling weights               4      21.7     5.44      20.5     11.7     102     25.5      4      84
      sheet offsets                 4       0.7     0.17       0.5      3.1      18      4.5      0      16
  sparse resolve                    4      17.7     4.42      13.9     11.1     104     26.0      8      10
  (outside every scope)             0       0.0     0.00    3466.3   1808.1  486191 486191.0  16200   14475

---- raster tables: top ops by self CPU (2 calls) ----
  cudaLaunchKernel                                     272 ( 136.0/call)      2.2 ms (    8.2 us each)  dev     0.0 ms
  aten::alias                                          172 (  86.0/call)      0.4 ms (    2.1 us each)  dev     0.0 ms
  aten::mul                                             27 (  13.5/call)      0.3 ms (   12.4 us each)  dev     0.1 ms
  ## Call CompiledFxGraph fgbnjejs2aktmbgh2xf45mop       1 (   0.5/call)      0.3 ms (  293.6 us each)  dev     0.0 ms
  aten::remainder                                       17 (   8.5/call)      0.3 ms (   17.2 us each)  dev     0.0 ms
  aten::bitwise_and                                     23 (  11.5/call)      0.3 ms (   12.3 us each)  dev     0.0 ms
  aten::index_select                                    23 (  11.5/call)      0.3 ms (   12.1 us each)  dev     0.2 ms
  aten::where                                           17 (   8.5/call)      0.2 ms (   13.3 us each)  dev     0.0 ms
  aten::sub                                             15 (   7.5/call)      0.2 ms (   14.3 us each)  dev     0.0 ms
  aten::empty                                           54 (  27.0/call)      0.2 ms (    3.9 us each)  dev     0.0 ms
  aten::sum                                             10 (   5.0/call)      0.2 ms (   19.3 us each)  dev     0.0 ms
  aten::add                                             14 (   7.0/call)      0.2 ms (   13.7 us each)  dev     0.0 ms
  aten::resize_                                         48 (  24.0/call)      0.2 ms (    3.9 us each)  dev     0.0 ms
  aten::unsqueeze                                       75 (  37.5/call)      0.2 ms (    2.3 us each)  dev     0.0 ms
  cudaMemcpyAsync                                       11 (   5.5/call)      0.2 ms (   14.5 us each)  dev     0.0 ms
  aten::cat                                             11 (   5.5/call)      0.2 ms (   14.0 us each)  dev     0.0 ms
  aten::any                                              8 (   4.0/call)      0.1 ms (   16.8 us each)  dev     0.0 ms
  aten::amin                                             7 (   3.5/call)      0.1 ms (   19.1 us each)  dev     0.0 ms
  aten::amax                                             8 (   4.0/call)      0.1 ms (   16.6 us each)  dev     0.0 ms
  aten::as_strided                                     149 (  74.5/call)      0.1 ms (    0.9 us each)  dev     0.0 ms
  aten::copy_                                           13 (   6.5/call)      0.1 ms (    8.6 us each)  dev     0.0 ms
  aten::linalg_cross                                     6 (   3.0/call)      0.1 ms (   18.4 us each)  dev     0.0 ms
---- tile alloc read: top ops by self CPU (4 calls) ----
  cudaMemcpyAsync                                        2 (   0.5/call)      0.1 ms (   26.3 us each)  dev     0.0 ms
  aten::copy_                                            2 (   0.5/call)      0.0 ms (   16.7 us each)  dev     0.0 ms
  aten::_to_copy                                         2 (   0.5/call)      0.0 ms (    8.8 us each)  dev     0.0 ms
  aten::empty_strided                                    2 (   0.5/call)      0.0 ms (    5.4 us each)  dev     0.0 ms
  cudaStreamSynchronize                                  2 (   0.5/call)      0.0 ms (    5.0 us each)  dev     0.0 ms
  aten::to                                               2 (   0.5/call)      0.0 ms (    3.2 us each)  dev     0.0 ms
  aten::resolve_conj                                     2 (   0.5/call)      0.0 ms (    0.9 us each)  dev     0.0 ms
  aten::resolve_neg                                      2 (   0.5/call)      0.0 ms (    0.4 us each)  dev     0.0 ms
---- sparse discovery: top ops by self CPU (5 calls) ----
  cudaStreamSynchronize                                 23 (   4.6/call)     37.8 ms ( 1645.5 us each)  dev     0.0 ms
  S:compact_sheets                                       2 (   0.4/call)     13.6 ms ( 6785.2 us each)  dev     0.0 ms
  S:fragment sort                                        2 (   0.4/call)      5.6 ms ( 2780.7 us each)  dev     0.0 ms
  cudaLaunchKernel                                     176 (  35.2/call)      2.6 ms (   14.6 us each)  dev     0.0 ms
  S:window pairs                                         6 (   1.2/call)      2.4 ms (  406.2 us each)  dev     0.0 ms
  S:one-mesh caps                                        2 (   0.4/call)      1.5 ms (  737.5 us each)  dev     0.0 ms
  aten::nonzero                                          9 (   1.8/call)      1.0 ms (  114.5 us each)  dev     0.4 ms
  cudaMemcpyAsync                                       51 (  10.2/call)      0.8 ms (   16.2 us each)  dev     0.0 ms
  aten::index_select                                    33 (   6.6/call)      0.8 ms (   23.6 us each)  dev     0.0 ms
  aten::gather                                          33 (   6.6/call)      0.7 ms (   20.3 us each)  dev     3.4 ms
  aten::view                                           209 (  41.8/call)      0.6 ms (    3.0 us each)  dev     0.0 ms
  S:opaque prefix keep                                   2 (   0.4/call)      0.6 ms (  296.7 us each)  dev     0.0 ms
  aten::copy_                                           55 (  11.0/call)      0.5 ms (    9.9 us each)  dev     5.1 ms
  aten::slice                                           71 (  14.2/call)      0.5 ms (    6.8 us each)  dev     0.0 ms
  aten::empty                                           57 (  11.4/call)      0.5 ms (    8.4 us each)  dev     0.0 ms
  aten::fill_                                           28 (   5.6/call)      0.5 ms (   16.1 us each)  dev     0.5 ms
  aten::resize_                                         56 (  11.2/call)      0.4 ms (    7.3 us each)  dev     0.0 ms
  cuLaunchKernel                                        28 (   5.6/call)      0.3 ms (   11.9 us each)  dev     0.0 ms
  S:fragment gather                                      2 (   0.4/call)      0.3 ms (  158.7 us each)  dev     0.0 ms
  aten::unique_consecutive                               4 (   0.8/call)      0.3 ms (   68.8 us each)  dev     1.2 ms
  aten::empty_strided                                   25 (   5.0/call)      0.3 ms (   10.9 us each)  dev     0.0 ms
  aten::as_strided                                     196 (  39.2/call)      0.3 ms (    1.3 us each)  dev     0.0 ms
---- window pairs: top ops by self CPU (10 calls) ----
  S:class pairs flat                                     7 (   0.7/call)      4.4 ms (  630.2 us each)  dev     0.0 ms
  cudaLaunchKernel                                     127 (  12.7/call)      1.6 ms (   12.4 us each)  dev     0.0 ms
  aten::bitwise_and                                     15 (   1.5/call)      0.4 ms (   23.4 us each)  dev     0.0 ms
  aten::sub                                             16 (   1.6/call)      0.3 ms (   20.7 us each)  dev     0.0 ms
  aten::empty                                           32 (   3.2/call)      0.3 ms (    9.9 us each)  dev     0.0 ms
  aten::select                                          43 (   4.3/call)      0.3 ms (    6.2 us each)  dev     0.0 ms
  aten::index_select                                    12 (   1.2/call)      0.3 ms (   22.0 us each)  dev     0.1 ms
  aten::copy_                                           16 (   1.6/call)      0.2 ms (   14.0 us each)  dev     0.0 ms
  aten::resize_                                         24 (   2.4/call)      0.2 ms (    8.2 us each)  dev     0.0 ms
  aten::add                                              8 (   0.8/call)      0.2 ms (   24.0 us each)  dev     0.0 ms
  aten::mul                                              8 (   0.8/call)      0.2 ms (   22.6 us each)  dev     0.0 ms
  aten::clamp                                            8 (   0.8/call)      0.2 ms (   22.5 us each)  dev     0.0 ms
  aten::empty_strided                                   16 (   1.6/call)      0.2 ms (   10.4 us each)  dev     0.0 ms
  aten::where                                            8 (   0.8/call)      0.2 ms (   19.6 us each)  dev     0.0 ms
  aten::clamp_                                           8 (   0.8/call)      0.2 ms (   19.0 us each)  dev     0.0 ms
  aten::_to_copy                                        16 (   1.6/call)      0.1 ms (    9.0 us each)  dev     0.0 ms
  aten::floor_divide                                     8 (   0.8/call)      0.1 ms (   17.4 us each)  dev     0.0 ms
  aten::remainder                                        4 (   0.4/call)      0.1 ms (   28.0 us each)  dev     0.0 ms
  aten::as_strided                                      43 (   4.3/call)      0.1 ms (    2.2 us each)  dev     0.0 ms
  aten::arange                                           8 (   0.8/call)      0.1 ms (   11.5 us each)  dev     0.0 ms
  aten::ge                                               4 (   0.4/call)      0.1 ms (   22.8 us each)  dev     0.0 ms
  aten::bitwise_or                                       4 (   0.4/call)      0.1 ms (   21.2 us each)  dev     0.0 ms
---- class pairs flat: top ops by self CPU (14 calls) ----
  cudaLaunchKernel                                      46 (   3.3/call)      0.6 ms (   13.0 us each)  dev     0.0 ms
  aten::empty                                           32 (   2.3/call)      0.4 ms (   13.3 us each)  dev     0.0 ms
  aten::cumsum                                           7 (   0.5/call)      0.4 ms (   57.6 us each)  dev     0.0 ms
  cuLaunchKernel                                        28 (   2.0/call)      0.3 ms (   10.9 us each)  dev     0.0 ms
  aten::sum                                              7 (   0.5/call)      0.3 ms (   36.8 us each)  dev     0.0 ms
  aten::copy_                                           14 (   1.0/call)      0.2 ms (   14.3 us each)  dev     0.0 ms
  aten::view                                            35 (   2.5/call)      0.2 ms (    4.9 us each)  dev     0.0 ms
  aten::sub                                              7 (   0.5/call)      0.1 ms (   21.3 us each)  dev     0.0 ms
  aten::reshape                                         35 (   2.5/call)      0.1 ms (    3.7 us each)  dev     0.0 ms
  cudaMemcpyAsync                                        7 (   0.5/call)      0.1 ms (   15.3 us each)  dev     0.0 ms
  aten::clone                                           14 (   1.0/call)      0.1 ms (    7.1 us each)  dev     0.0 ms
  aten::_local_scalar_dense                              7 (   0.5/call)      0.1 ms (   13.0 us each)  dev     0.0 ms
  aten::_reshape_alias                                  14 (   1.0/call)      0.1 ms (    4.6 us each)  dev     0.0 ms
  cudaStreamSynchronize                                  7 (   0.5/call)      0.1 ms (    8.3 us each)  dev     0.0 ms
  aten::fill_                                            4 (   0.3/call)      0.0 ms (   12.0 us each)  dev     0.0 ms
  aten::empty_like                                      14 (   1.0/call)      0.0 ms (    3.3 us each)  dev     0.0 ms
  aten::contiguous                                      14 (   1.0/call)      0.0 ms (    2.6 us each)  dev     0.0 ms
  aten::zeros                                            4 (   0.3/call)      0.0 ms (    6.0 us each)  dev     0.0 ms
  aten::item                                             7 (   0.5/call)      0.0 ms (    3.3 us each)  dev     0.0 ms
  aten::zero_                                            4 (   0.3/call)      0.0 ms (    5.6 us each)  dev     0.0 ms
  cudaOccupancyMaxActiveBlocksPerMultiprocessorWit       7 (   0.5/call)      0.0 ms (    3.0 us each)  dev     0.0 ms
  aten::as_strided                                       7 (   0.5/call)      0.0 ms (    2.3 us each)  dev     0.0 ms
---- fragment sort: top ops by self CPU (4 calls) ----
  cudaMalloc                                             6 (   1.5/call)      1.5 ms (  246.6 us each)  dev     0.0 ms
  cudaLaunchKernel                                      72 (  18.0/call)      1.0 ms (   13.9 us each)  dev     0.0 ms
  aten::sort                                             4 (   1.0/call)      0.4 ms (  111.8 us each)  dev    11.1 ms
  cudaMemsetAsync                                       32 (   8.0/call)      0.4 ms (   11.3 us each)  dev     0.0 ms
  aten::index_select                                     4 (   1.0/call)      0.2 ms (   50.0 us each)  dev     0.0 ms
  aten::empty                                           12 (   3.0/call)      0.1 ms (   12.0 us each)  dev     0.0 ms
  cudaMemcpyAsync                                        4 (   1.0/call)      0.1 ms (   34.7 us each)  dev     0.0 ms
  aten::gather                                           4 (   1.0/call)      0.1 ms (   32.3 us each)  dev     1.3 ms
  aten::__rshift__                                       4 (   1.0/call)      0.1 ms (   28.7 us each)  dev     0.6 ms
  aten::copy_                                            8 (   2.0/call)      0.1 ms (   13.4 us each)  dev     1.3 ms
  aten::lt                                               2 (   0.5/call)      0.1 ms (   44.7 us each)  dev     0.1 ms
  aten::bitwise_and                                      2 (   0.5/call)      0.1 ms (   43.6 us each)  dev     0.4 ms
  aten::bitwise_or                                       2 (   0.5/call)      0.1 ms (   30.8 us each)  dev     0.6 ms
  aten::__lshift__                                       2 (   0.5/call)      0.1 ms (   28.8 us each)  dev     0.4 ms
  aten::empty_strided                                    4 (   1.0/call)      0.1 ms (   14.4 us each)  dev     0.0 ms
  aten::div                                              2 (   0.5/call)      0.1 ms (   28.7 us each)  dev     0.2 ms
  aten::clamp_min                                        2 (   0.5/call)      0.1 ms (   27.5 us each)  dev     0.2 ms
  aten::where                                            2 (   0.5/call)      0.1 ms (   26.3 us each)  dev     0.3 ms
  aten::argsort                                          4 (   1.0/call)      0.1 ms (   12.6 us each)  dev     0.0 ms
  aten::resize_                                          6 (   1.5/call)      0.1 ms (    8.3 us each)  dev     0.0 ms
  aten::neg                                              2 (   0.5/call)      0.0 ms (   24.8 us each)  dev     0.2 ms
  aten::sub                                              2 (   0.5/call)      0.0 ms (   24.6 us each)  dev     0.2 ms
---- fragment gather: top ops by self CPU (4 calls) ----
  aten::index_select                                    12 (   3.0/call)      0.3 ms (   26.7 us each)  dev     0.0 ms
  aten::gather                                          12 (   3.0/call)      0.2 ms (   18.6 us each)  dev     2.9 ms
  cudaLaunchKernel                                      12 (   3.0/call)      0.2 ms (   14.5 us each)  dev     0.0 ms
  aten::empty                                           12 (   3.0/call)      0.1 ms (    8.9 us each)  dev     0.0 ms
  aten::resize_                                         12 (   3.0/call)      0.1 ms (    7.7 us each)  dev     0.0 ms
  aten::as_strided                                      36 (   9.0/call)      0.0 ms (    1.1 us each)  dev     0.0 ms
  aten::expand                                          12 (   3.0/call)      0.0 ms (    3.3 us each)  dev     0.0 ms
  aten::view                                            12 (   3.0/call)      0.0 ms (    1.6 us each)  dev     0.0 ms
---- opaque prefix keep: top ops by self CPU (4 calls) ----
  aten::cumsum                                           2 (   0.5/call)      0.1 ms (   51.6 us each)  dev     0.3 ms
  cudaLaunchKernel                                       6 (   1.5/call)      0.1 ms (   12.8 us each)  dev     0.0 ms
  aten::sub                                              2 (   0.5/call)      0.1 ms (   27.8 us each)  dev     0.5 ms
  cuLaunchKernel                                         4 (   1.0/call)      0.0 ms (   11.4 us each)  dev     0.0 ms
  aten::view                                             4 (   1.0/call)      0.0 ms (    5.1 us each)  dev     0.0 ms
  aten::empty                                            2 (   0.5/call)      0.0 ms (    8.6 us each)  dev     0.0 ms
  cudaOccupancyMaxActiveBlocksPerMultiprocessorWit       2 (   0.5/call)      0.0 ms (    2.7 us each)  dev     0.0 ms
  cudaDeviceGetAttribute                                 2 (   0.5/call)      0.0 ms (    1.0 us each)  dev     0.0 ms
  cudaPeekAtLastError                                    8 (   2.0/call)      0.0 ms (    0.2 us each)  dev     0.0 ms
  aten::to                                               2 (   0.5/call)      0.0 ms (    0.6 us each)  dev     0.0 ms
---- one-mesh caps: top ops by self CPU (4 calls) ----
  cudaMalloc                                             2 (   0.5/call)      0.5 ms (  226.4 us each)  dev     0.0 ms
  cudaLaunchKernel                                      26 (   6.5/call)      0.3 ms (   13.0 us each)  dev     0.0 ms
  cuLaunchKernel                                         8 (   2.0/call)      0.1 ms (   17.6 us each)  dev     0.0 ms
  aten::cumsum                                           2 (   0.5/call)      0.1 ms (   57.5 us each)  dev     0.3 ms
  aten::empty                                            8 (   2.0/call)      0.1 ms (    9.8 us each)  dev     0.0 ms
  aten::fill_                                            8 (   2.0/call)      0.1 ms (    8.8 us each)  dev     0.5 ms
  aten::eq                                               2 (   0.5/call)      0.1 ms (   33.6 us each)  dev     0.2 ms
  aten::maximum                                          2 (   0.5/call)      0.1 ms (   29.9 us each)  dev     0.5 ms
  aten::ge                                               2 (   0.5/call)      0.1 ms (   25.9 us each)  dev     0.1 ms
  aten::sub                                              2 (   0.5/call)      0.0 ms (   22.4 us each)  dev     0.5 ms
  aten::empty_strided                                    4 (   1.0/call)      0.0 ms (   11.1 us each)  dev     0.0 ms
  aten::bitwise_and                                      2 (   0.5/call)      0.0 ms (   20.9 us each)  dev     0.0 ms
  aten::zeros                                            4 (   1.0/call)      0.0 ms (   10.2 us each)  dev     0.0 ms
  aten::clamp_max_                                       2 (   0.5/call)      0.0 ms (   19.6 us each)  dev     0.3 ms
  aten::copy_                                            2 (   0.5/call)      0.0 ms (   13.8 us each)  dev     0.2 ms
  aten::full                                             4 (   1.0/call)      0.0 ms (    5.0 us each)  dev     0.0 ms
  aten::view                                             4 (   1.0/call)      0.0 ms (    4.8 us each)  dev     0.0 ms
  aten::zero_                                            4 (   1.0/call)      0.0 ms (    4.3 us each)  dev     0.0 ms
  aten::_to_copy                                         2 (   0.5/call)      0.0 ms (    8.5 us each)  dev     0.0 ms
  aten::to                                               4 (   1.0/call)      0.0 ms (    1.6 us each)  dev     0.0 ms
  aten::empty_like                                       2 (   0.5/call)      0.0 ms (    3.2 us each)  dev     0.0 ms
  aten::__and__                                          2 (   0.5/call)      0.0 ms (    2.9 us each)  dev     0.0 ms
---- compact_sheets: top ops by self CPU (4 calls) ----
  cudaStreamSynchronize                                 10 (   2.5/call)     20.9 ms ( 2094.4 us each)  dev     0.0 ms
  cudaMemcpyAsync                                       16 (   4.0/call)      7.0 ms (  436.6 us each)  dev     0.0 ms
  aten::index_select                                    68 (  17.0/call)      4.4 ms (   64.2 us each)  dev     0.0 ms
  cudaLaunchKernel                                     324 (  81.0/call)      3.8 ms (   11.7 us each)  dev     0.0 ms
  cudaMalloc                                             8 (   2.0/call)      1.7 ms (  215.4 us each)  dev     0.0 ms
  S:shade class                                          2 (   0.5/call)      1.6 ms (  823.1 us each)  dev     0.0 ms
  S:sibling weights                                      2 (   0.5/call)      1.3 ms (  640.6 us each)  dev     0.0 ms
  S:prim split                                           2 (   0.5/call)      1.2 ms (  592.7 us each)  dev     0.0 ms
  aten::gather                                          68 (  17.0/call)      1.1 ms (   16.3 us each)  dev    23.8 ms
  S:rank groups                                          2 (   0.5/call)      0.9 ms (  455.1 us each)  dev     0.0 ms
  S:band composite                                       2 (   0.5/call)      0.8 ms (  412.6 us each)  dev     0.0 ms
  aten::empty                                          114 (  28.5/call)      0.8 ms (    7.1 us each)  dev     0.0 ms
  S:lane first owners                                    2 (   0.5/call)      0.8 ms (  384.9 us each)  dev     0.0 ms
  S:band reduce                                          2 (   0.5/call)      0.7 ms (  354.9 us each)  dev     0.0 ms
  S:pixel group order                                    2 (   0.5/call)      0.6 ms (  305.8 us each)  dev     0.0 ms
  S:conflict rank                                        2 (   0.5/call)      0.6 ms (  300.9 us each)  dev     0.0 ms
  aten::bitwise_and                                     36 (   9.0/call)      0.6 ms (   16.6 us each)  dev     2.1 ms
  S:rank pool                                            2 (   0.5/call)      0.6 ms (  296.0 us each)  dev     0.0 ms
  S:class groups                                         2 (   0.5/call)      0.5 ms (  268.3 us each)  dev     0.0 ms
  aten::resize_                                         84 (  21.0/call)      0.5 ms (    6.2 us each)  dev     0.0 ms
  S:walk order                                           2 (   0.5/call)      0.4 ms (  224.3 us each)  dev     0.0 ms
  aten::amax                                             8 (   2.0/call)      0.4 ms (   52.6 us each)  dev     0.5 ms
---- shade class: top ops by self CPU (4 calls) ----
  cudaLaunchKernel                                      88 (  22.0/call)      1.2 ms (   13.8 us each)  dev     0.0 ms
  aten::empty                                           24 (   6.0/call)      0.2 ms (    9.3 us each)  dev     0.0 ms
  aten::sub                                              8 (   2.0/call)      0.2 ms (   23.2 us each)  dev     0.0 ms
  aten::amax                                             6 (   1.5/call)      0.2 ms (   27.0 us each)  dev     0.0 ms
  aten::__lshift__                                       4 (   1.0/call)      0.1 ms (   36.5 us each)  dev     0.0 ms
  aten::where                                            6 (   1.5/call)      0.1 ms (   24.3 us each)  dev     0.4 ms
  aten::bitwise_or                                       6 (   1.5/call)      0.1 ms (   23.9 us each)  dev     0.0 ms
  aten::linalg_vector_norm                               4 (   1.0/call)      0.1 ms (   34.7 us each)  dev     0.0 ms
  aten::add                                              6 (   1.5/call)      0.1 ms (   22.5 us each)  dev     0.0 ms
  aten::remainder                                        4 (   1.0/call)      0.1 ms (   30.6 us each)  dev     0.0 ms
  aten::resize_                                         16 (   4.0/call)      0.1 ms (    6.8 us each)  dev     0.0 ms
  aten::index                                            2 (   0.5/call)      0.1 ms (   49.8 us each)  dev     0.5 ms
  aten::index_select                                     4 (   1.0/call)      0.1 ms (   24.8 us each)  dev     0.0 ms
  aten::select                                          16 (   4.0/call)      0.1 ms (    6.1 us each)  dev     0.0 ms
  aten::div                                              4 (   1.0/call)      0.1 ms (   24.2 us each)  dev     0.0 ms
  aten::clamp_min                                        4 (   1.0/call)      0.1 ms (   23.0 us each)  dev     0.0 ms
  aten::abs                                              8 (   2.0/call)      0.1 ms (   10.6 us each)  dev     0.0 ms
  aten::lt                                               4 (   1.0/call)      0.1 ms (   20.7 us each)  dev     0.0 ms
  aten::as_strided                                      42 (  10.5/call)      0.1 ms (    1.7 us each)  dev     0.0 ms
  aten::gt                                               2 (   0.5/call)      0.1 ms (   34.0 us each)  dev     0.0 ms
  aten::linalg_cross                                     2 (   0.5/call)      0.1 ms (   30.3 us each)  dev     0.0 ms
  aten::mul                                              2 (   0.5/call)      0.1 ms (   29.6 us each)  dev     0.0 ms
---- pixel group order: top ops by self CPU (4 calls) ----
  cuLaunchKernel                                         4 (   1.0/call)      0.1 ms (   13.9 us each)  dev     0.0 ms
  aten::empty_strided                                    2 (   0.5/call)      0.0 ms (   21.0 us each)  dev     0.0 ms
  aten::empty_like                                       2 (   0.5/call)      0.0 ms (    4.8 us each)  dev     0.0 ms
---- prim split: top ops by self CPU (4 calls) ----
  cudaLaunchKernel                                      86 (  21.5/call)      0.9 ms (   10.4 us each)  dev     0.0 ms
  aten::sub                                             14 (   3.5/call)      0.2 ms (   17.0 us each)  dev     0.2 ms
  aten::remainder                                        8 (   2.0/call)      0.2 ms (   22.8 us each)  dev     0.4 ms
  aten::index_select                                     8 (   2.0/call)      0.2 ms (   20.1 us each)  dev     0.0 ms
  aten::add                                              8 (   2.0/call)      0.2 ms (   19.3 us each)  dev     0.8 ms
  aten::linalg_vector_norm                               6 (   1.5/call)      0.1 ms (   23.8 us each)  dev     0.0 ms
  aten::amin                                             4 (   1.0/call)      0.1 ms (   31.2 us each)  dev     0.0 ms
  aten::empty                                           16 (   4.0/call)      0.1 ms (    6.8 us each)  dev     0.0 ms
  aten::index                                            4 (   1.0/call)      0.1 ms (   25.9 us each)  dev     0.7 ms
  aten::slice                                           18 (   4.5/call)      0.1 ms (    5.3 us each)  dev     0.0 ms
  aten::amax                                             4 (   1.0/call)      0.1 ms (   23.7 us each)  dev     0.0 ms
  aten::gt                                               4 (   1.0/call)      0.1 ms (   20.0 us each)  dev     0.2 ms
  aten::maximum                                          6 (   1.5/call)      0.1 ms (   13.1 us each)  dev     0.0 ms
  aten::mul                                              4 (   1.0/call)      0.1 ms (   18.9 us each)  dev     0.5 ms
  aten::resize_                                         14 (   3.5/call)      0.1 ms (    5.3 us each)  dev     0.0 ms
  aten::where                                            4 (   1.0/call)      0.1 ms (   16.0 us each)  dev     0.3 ms
  aten::minimum                                          4 (   1.0/call)      0.1 ms (   15.8 us each)  dev     0.0 ms
  aten::as_strided                                      44 (  11.0/call)      0.1 ms (    1.2 us each)  dev     0.0 ms
  cudaMemcpyAsync                                        2 (   0.5/call)      0.0 ms (   18.4 us each)  dev     0.0 ms
  aten::arange                                           4 (   1.0/call)      0.0 ms (    8.4 us each)  dev     0.0 ms
  aten::div                                              2 (   0.5/call)      0.0 ms (   15.7 us each)  dev     0.0 ms
  aten::gather                                           2 (   0.5/call)      0.0 ms (   15.0 us each)  dev     0.4 ms
---- conflict rank: top ops by self CPU (4 calls) ----
  cuLaunchKernel                                         4 (   1.0/call)      0.1 ms (   13.5 us each)  dev     0.0 ms
  aten::empty                                            2 (   0.5/call)      0.0 ms (   13.1 us each)  dev     0.0 ms
  aten::view                                             2 (   0.5/call)      0.0 ms (    4.8 us each)  dev     0.0 ms
---- rank groups: top ops by self CPU (4 calls) ----
  cudaStreamSynchronize                                  4 (   1.0/call)      0.3 ms (   85.6 us each)  dev     0.0 ms
  cudaLaunchKernel                                      10 (   2.5/call)      0.2 ms (   19.6 us each)  dev     0.0 ms
  aten::cumsum                                           2 (   0.5/call)      0.1 ms (   70.2 us each)  dev     0.2 ms
  aten::scatter_reduce_                                  2 (   0.5/call)      0.1 ms (   43.0 us each)  dev     0.5 ms
  cudaMemcpyAsync                                        4 (   1.0/call)      0.1 ms (   17.8 us each)  dev     0.0 ms
  aten::_local_scalar_dense                              4 (   1.0/call)      0.1 ms (   16.7 us each)  dev     0.0 ms
  aten::empty                                            4 (   1.0/call)      0.1 ms (   13.9 us each)  dev     0.0 ms
  cuLaunchKernel                                         4 (   1.0/call)      0.1 ms (   13.8 us each)  dev     0.0 ms
  aten::empty_strided                                    4 (   1.0/call)      0.1 ms (   13.1 us each)  dev     0.0 ms
  aten::select                                           4 (   1.0/call)      0.0 ms (   12.2 us each)  dev     0.0 ms
  aten::add_                                             2 (   0.5/call)      0.0 ms (   22.8 us each)  dev     0.2 ms
  aten::fill_                                            2 (   0.5/call)      0.0 ms (   14.0 us each)  dev     0.1 ms
  aten::empty_like                                       4 (   1.0/call)      0.0 ms (    4.4 us each)  dev     0.0 ms
  aten::zeros                                            2 (   0.5/call)      0.0 ms (    7.8 us each)  dev     0.0 ms
  aten::item                                             4 (   1.0/call)      0.0 ms (    3.8 us each)  dev     0.0 ms
  aten::zero_                                            2 (   0.5/call)      0.0 ms (    7.6 us each)  dev     0.0 ms
  aten::as_strided                                       8 (   2.0/call)      0.0 ms (    1.9 us each)  dev     0.0 ms
  cudaOccupancyMaxActiveBlocksPerMultiprocessorWit       2 (   0.5/call)      0.0 ms (    3.1 us each)  dev     0.0 ms
  cudaPeekAtLastError                                    8 (   2.0/call)      0.0 ms (    0.3 us each)  dev     0.0 ms
  cudaDeviceGetAttribute                                 2 (   0.5/call)      0.0 ms (    1.2 us each)  dev     0.0 ms
  aten::to                                               2 (   0.5/call)      0.0 ms (    0.8 us each)  dev     0.0 ms
---- rank pool: top ops by self CPU (4 calls) ----
  cudaStreamSynchronize                                  4 (   1.0/call)     13.0 ms ( 3259.7 us each)  dev     0.0 ms
  S:band reduce                                          2 (   0.5/call)      0.7 ms (  343.9 us each)  dev     0.0 ms
  cudaLaunchKernel                                      38 (   9.5/call)      0.5 ms (   12.4 us each)  dev     0.0 ms
  aten::unique_consecutive                               4 (   1.0/call)      0.4 ms (   95.5 us each)  dev     1.8 ms
  aten::empty                                           26 (   6.5/call)      0.2 ms (    6.2 us each)  dev     0.0 ms
  aten::index_select                                     4 (   1.0/call)      0.1 ms (   21.4 us each)  dev     0.0 ms
  aten::le                                               2 (   0.5/call)      0.1 ms (   38.9 us each)  dev     0.1 ms
  cudaMemcpyAsync                                        4 (   1.0/call)      0.1 ms (   19.1 us each)  dev     0.0 ms
  aten::gather                                           4 (   1.0/call)      0.1 ms (   16.5 us each)  dev     0.8 ms
  aten::_local_scalar_dense                              4 (   1.0/call)      0.1 ms (   15.7 us each)  dev     0.0 ms
  aten::where                                            2 (   0.5/call)      0.1 ms (   28.2 us each)  dev     0.5 ms
  aten::item                                             4 (   1.0/call)      0.1 ms (   12.7 us each)  dev     0.0 ms
  aten::eq                                               2 (   0.5/call)      0.0 ms (   24.8 us each)  dev     0.1 ms
  aten::mul                                              2 (   0.5/call)      0.0 ms (   24.3 us each)  dev     0.4 ms
  aten::bitwise_and                                      2 (   0.5/call)      0.0 ms (   18.0 us each)  dev     0.1 ms
  aten::resize_                                         10 (   2.5/call)      0.0 ms (    3.4 us each)  dev     0.0 ms
  aten::add                                              2 (   0.5/call)      0.0 ms (   15.4 us each)  dev     0.5 ms
  aten::empty_strided                                    2 (   0.5/call)      0.0 ms (   11.7 us each)  dev     0.0 ms
  aten::fill_                                            2 (   0.5/call)      0.0 ms (    8.9 us each)  dev     0.2 ms
  aten::expand                                           4 (   1.0/call)      0.0 ms (    3.0 us each)  dev     0.0 ms
  aten::zeros_like                                       2 (   0.5/call)      0.0 ms (    5.7 us each)  dev     0.0 ms
  aten::as_strided                                      12 (   3.0/call)      0.0 ms (    0.9 us each)  dev     0.0 ms
---- band composite: top ops by self CPU (4 calls) ----
  S:band reduce                                          2 (   0.5/call)      0.7 ms (  360.3 us each)  dev     0.0 ms
  cudaLaunchKernel                                      30 (   7.5/call)      0.4 ms (   14.3 us each)  dev     0.0 ms
  aten::eq                                               4 (   1.0/call)      0.1 ms (   25.4 us each)  dev     0.2 ms
  aten::clamp                                            2 (   0.5/call)      0.1 ms (   43.5 us each)  dev     0.2 ms
  aten::where                                            4 (   1.0/call)      0.1 ms (   20.1 us each)  dev     0.6 ms
  aten::empty                                            8 (   2.0/call)      0.1 ms (    8.6 us each)  dev     0.0 ms
  aten::le                                               2 (   0.5/call)      0.1 ms (   30.0 us each)  dev     0.1 ms
  aten::div                                              2 (   0.5/call)      0.1 ms (   27.8 us each)  dev     0.3 ms
  aten::abs                                              4 (   1.0/call)      0.0 ms (   12.0 us each)  dev     0.2 ms
  aten::ne                                               2 (   0.5/call)      0.0 ms (   23.0 us each)  dev     0.1 ms
  aten::bitwise_and                                      2 (   0.5/call)      0.0 ms (   22.8 us each)  dev     0.1 ms
  aten::sub                                              2 (   0.5/call)      0.0 ms (   22.4 us each)  dev     0.2 ms
  aten::resize_                                          6 (   1.5/call)      0.0 ms (    7.0 us each)  dev     0.0 ms
  cuLaunchKernel                                         4 (   1.0/call)      0.0 ms (   10.0 us each)  dev     0.0 ms
  aten::mul                                              2 (   0.5/call)      0.0 ms (   19.6 us each)  dev     0.2 ms
  aten::empty_strided                                    4 (   1.0/call)      0.0 ms (    9.7 us each)  dev     0.0 ms
  aten::clamp_min                                        2 (   0.5/call)      0.0 ms (   19.2 us each)  dev     0.2 ms
  aten::copy_                                            2 (   0.5/call)      0.0 ms (   11.3 us each)  dev     0.2 ms
  aten::fill_                                            2 (   0.5/call)      0.0 ms (    9.8 us each)  dev     0.1 ms
  aten::rsub                                             2 (   0.5/call)      0.0 ms (    8.9 us each)  dev     0.0 ms
  aten::_to_copy                                         2 (   0.5/call)      0.0 ms (    6.9 us each)  dev     0.0 ms
  aten::ones_like                                        2 (   0.5/call)      0.0 ms (    4.6 us each)  dev     0.0 ms
---- class groups: top ops by self CPU (4 calls) ----
  cudaStreamSynchronize                                  4 (   1.0/call)     11.1 ms ( 2782.8 us each)  dev     0.0 ms
  cudaLaunchKernel                                      48 (  12.0/call)      0.5 ms (   10.7 us each)  dev     0.0 ms
  aten::_unique2                                         2 (   0.5/call)      0.4 ms (  195.0 us each)  dev     8.4 ms
  cudaMalloc                                             1 (   0.2/call)      0.2 ms (  202.2 us each)  dev     0.0 ms
  cudaMemsetAsync                                       22 (   5.5/call)      0.2 ms (    8.9 us each)  dev     0.0 ms
  aten::empty                                           18 (   4.5/call)      0.2 ms (    9.6 us each)  dev     0.0 ms
  aten::mul                                              2 (   0.5/call)      0.1 ms (   38.9 us each)  dev     0.4 ms
  aten::any                                              2 (   0.5/call)      0.1 ms (   37.9 us each)  dev     0.0 ms
  aten::floor_divide                                     2 (   0.5/call)      0.1 ms (   33.8 us each)  dev     0.4 ms
  aten::_local_scalar_dense                              4 (   1.0/call)      0.1 ms (   16.1 us each)  dev     0.0 ms
  aten::add                                              2 (   0.5/call)      0.1 ms (   27.4 us each)  dev     0.5 ms
  cudaMemcpyAsync                                        4 (   1.0/call)      0.1 ms (   13.5 us each)  dev     0.0 ms
  aten::bitwise_not                                      2 (   0.5/call)      0.0 ms (   24.4 us each)  dev     0.0 ms
  aten::ne                                               2 (   0.5/call)      0.0 ms (   24.0 us each)  dev     0.2 ms
  aten::slice                                            6 (   1.5/call)      0.0 ms (    7.1 us each)  dev     0.0 ms
  aten::bitwise_and                                      2 (   0.5/call)      0.0 ms (   20.6 us each)  dev     0.1 ms
  aten::arange                                           4 (   1.0/call)      0.0 ms (    9.9 us each)  dev     0.2 ms
  aten::item                                             4 (   1.0/call)      0.0 ms (    7.5 us each)  dev     0.0 ms
  aten::resize_                                          4 (   1.0/call)      0.0 ms (    6.6 us each)  dev     0.0 ms
  aten::as_strided                                       8 (   2.0/call)      0.0 ms (    1.4 us each)  dev     0.0 ms
  cudaOccupancyMaxActiveBlocksPerMultiprocessorWit       4 (   1.0/call)      0.0 ms (    2.4 us each)  dev     0.0 ms
  cudaPeekAtLastError                                   36 (   9.0/call)      0.0 ms (    0.3 us each)  dev     0.0 ms
---- band reduce: top ops by self CPU (12 calls) ----
  cudaLaunchKernel                                      36 (   3.0/call)      0.5 ms (   13.2 us each)  dev     0.0 ms
  aten::empty                                           24 (   2.0/call)      0.3 ms (   11.5 us each)  dev     0.0 ms
  aten::ne                                               6 (   0.5/call)      0.2 ms (   36.2 us each)  dev     0.3 ms
  aten::fill_                                           24 (   2.0/call)      0.2 ms (    9.0 us each)  dev     1.2 ms
  cuLaunchKernel                                        12 (   1.0/call)      0.1 ms (   10.4 us each)  dev     0.0 ms
  aten::zero_                                           24 (   2.0/call)      0.1 ms (    5.0 us each)  dev     0.0 ms
  aten::zeros                                           24 (   2.0/call)      0.1 ms (    4.2 us each)  dev     0.0 ms
  aten::copy_                                            6 (   0.5/call)      0.1 ms (   15.0 us each)  dev     0.7 ms
  aten::_to_copy                                         6 (   0.5/call)      0.1 ms (   12.3 us each)  dev     0.0 ms
  aten::empty_strided                                    6 (   0.5/call)      0.1 ms (   11.5 us each)  dev     0.0 ms
  aten::to                                               6 (   0.5/call)      0.0 ms (    2.6 us each)  dev     0.0 ms
---- lane first owners: top ops by self CPU (4 calls) ----
  cudaMalloc                                             2 (   0.5/call)      0.3 ms (  170.5 us each)  dev     0.0 ms
  aten::empty                                            6 (   1.5/call)      0.1 ms (   23.3 us each)  dev     0.0 ms
  cuLaunchKernel                                         8 (   2.0/call)      0.1 ms (   13.6 us each)  dev     0.0 ms
  cudaLaunchKernel                                       4 (   1.0/call)      0.1 ms (   13.6 us each)  dev     0.0 ms
  aten::fill_                                            4 (   1.0/call)      0.0 ms (   11.5 us each)  dev     0.7 ms
  aten::full                                             4 (   1.0/call)      0.0 ms (    6.0 us each)  dev     0.0 ms
  cudaStreamIsCapturing                                  2 (   0.5/call)      0.0 ms (    1.5 us each)  dev     0.0 ms
---- group counts: top ops by self CPU (4 calls) ----
  cudaLaunchKernel                                      36 (   9.0/call)      0.4 ms (   10.3 us each)  dev     0.0 ms
  aten::sum                                              4 (   1.0/call)      0.1 ms (   29.4 us each)  dev     0.4 ms
  aten::index_select                                     6 (   1.5/call)      0.1 ms (   14.3 us each)  dev     0.0 ms
  aten::cumsum                                           2 (   0.5/call)      0.1 ms (   40.9 us each)  dev     0.4 ms
  aten::empty_strided                                    8 (   2.0/call)      0.1 ms (    8.8 us each)  dev     0.0 ms
  aten::copy_                                            6 (   1.5/call)      0.1 ms (   11.7 us each)  dev     0.7 ms
  aten::gather                                           6 (   1.5/call)      0.1 ms (   11.5 us each)  dev     1.0 ms
  aten::empty                                           10 (   2.5/call)      0.1 ms (    5.3 us each)  dev     0.0 ms
  aten::sub                                              2 (   0.5/call)      0.0 ms (   24.5 us each)  dev     0.4 ms
  aten::gt                                               2 (   0.5/call)      0.0 ms (   24.2 us each)  dev     0.2 ms
  aten::fill_                                            6 (   1.5/call)      0.0 ms (    7.7 us each)  dev     0.4 ms
  aten::scatter_add_                                     2 (   0.5/call)      0.0 ms (   21.2 us each)  dev     0.7 ms
  aten::scatter_                                         2 (   0.5/call)      0.0 ms (   18.9 us each)  dev     0.3 ms
  aten::_to_copy                                         6 (   1.5/call)      0.0 ms (    5.7 us each)  dev     0.0 ms
  aten::bitwise_and                                      2 (   0.5/call)      0.0 ms (   15.3 us each)  dev     0.1 ms
  cudaMemsetAsync                                        4 (   1.0/call)      0.0 ms (    7.4 us each)  dev     0.0 ms
  aten::resize_                                          6 (   1.5/call)      0.0 ms (    4.5 us each)  dev     0.0 ms
  aten::as_strided                                      30 (   7.5/call)      0.0 ms (    0.7 us each)  dev     0.0 ms
  aten::zeros                                            4 (   1.0/call)      0.0 ms (    4.1 us each)  dev     0.0 ms
  aten::zero_                                            4 (   1.0/call)      0.0 ms (    3.5 us each)  dev     0.0 ms
  aten::expand                                           6 (   1.5/call)      0.0 ms (    2.2 us each)  dev     0.0 ms
  aten::to                                               8 (   2.0/call)      0.0 ms (    1.6 us each)  dev     0.0 ms
---- walk order: top ops by self CPU (4 calls) ----
  cuLaunchKernel                                         4 (   1.0/call)      0.1 ms (   13.2 us each)  dev     0.0 ms
  aten::empty_strided                                    2 (   0.5/call)      0.0 ms (   11.0 us each)  dev     0.0 ms
  aten::empty_like                                       2 (   0.5/call)      0.0 ms (    3.1 us each)  dev     0.0 ms
---- sibling weights: top ops by self CPU (4 calls) ----
  cudaStreamSynchronize                                  2 (   0.5/call)     15.0 ms ( 7513.1 us each)  dev     0.0 ms
  aten::bitwise_and                                      8 (   2.0/call)      2.3 ms (  289.9 us each)  dev     0.5 ms
  cudaLaunchKernel                                      80 (  20.0/call)      0.9 ms (   11.5 us each)  dev     0.0 ms
  aten::index_select                                    10 (   2.5/call)      0.2 ms (   16.3 us each)  dev     0.0 ms
  aten::empty                                           26 (   6.5/call)      0.1 ms (    5.8 us each)  dev     0.0 ms
  aten::copy_                                           16 (   4.0/call)      0.1 ms (    9.2 us each)  dev     2.1 ms
  cudaMemcpyAsync                                        6 (   1.5/call)      0.1 ms (   23.0 us each)  dev     0.0 ms
  aten::gather                                          10 (   2.5/call)      0.1 ms (   13.7 us each)  dev     1.8 ms
  aten::empty_strided                                   16 (   4.0/call)      0.1 ms (    7.8 us each)  dev     0.0 ms
  aten::eq                                               6 (   1.5/call)      0.1 ms (   20.7 us each)  dev     0.5 ms
  aten::where                                            8 (   2.0/call)      0.1 ms (   13.9 us each)  dev     1.4 ms
  aten::clamp_min                                        4 (   1.0/call)      0.1 ms (   23.1 us each)  dev     0.5 ms
  aten::resize_                                         18 (   4.5/call)      0.1 ms (    4.9 us each)  dev     0.0 ms
  aten::fill_                                           10 (   2.5/call)      0.1 ms (    8.4 us each)  dev     0.7 ms
  aten::scatter_add_                                     4 (   1.0/call)      0.1 ms (   19.3 us each)  dev     1.4 ms
  aten::div                                              4 (   1.0/call)      0.1 ms (   19.3 us each)  dev     0.9 ms
  aten::_to_copy                                        12 (   3.0/call)      0.1 ms (    5.7 us each)  dev     0.0 ms
  aten::slice                                           12 (   3.0/call)      0.1 ms (    5.2 us each)  dev     0.0 ms
  aten::mul                                              4 (   1.0/call)      0.1 ms (   15.7 us each)  dev     1.0 ms
  aten::any                                              2 (   0.5/call)      0.1 ms (   27.2 us each)  dev     0.0 ms
  aten::as_strided                                      52 (  13.0/call)      0.0 ms (    0.9 us each)  dev     0.0 ms
  cuLaunchKernel                                         4 (   1.0/call)      0.0 ms (    8.7 us each)  dev     0.0 ms
---- sheet offsets: top ops by self CPU (4 calls) ----
  cudaLaunchKernel                                      16 (   4.0/call)      0.1 ms (    7.4 us each)  dev     0.0 ms
  aten::cumsum                                           2 (   0.5/call)      0.1 ms (   29.4 us each)  dev     0.3 ms
  aten::copy_                                            4 (   1.0/call)      0.0 ms (   10.7 us each)  dev     0.6 ms
  aten::scatter_add_                                     2 (   0.5/call)      0.0 ms (   18.5 us each)  dev     0.7 ms
  aten::empty_strided                                    6 (   1.5/call)      0.0 ms (    6.1 us each)  dev     0.0 ms
  cudaMemcpyAsync                                        2 (   0.5/call)      0.0 ms (   18.2 us each)  dev     0.0 ms
  aten::fill_                                            6 (   1.5/call)      0.0 ms (    4.7 us each)  dev     0.5 ms
  aten::searchsorted                                     2 (   0.5/call)      0.0 ms (   11.4 us each)  dev     1.0 ms
  aten::empty                                            4 (   1.0/call)      0.0 ms (    4.1 us each)  dev     0.0 ms
  aten::slice                                            2 (   0.5/call)      0.0 ms (    5.9 us each)  dev     0.0 ms
  aten::_to_copy                                         2 (   0.5/call)      0.0 ms (    5.0 us each)  dev     0.0 ms
  aten::zero_                                            4 (   1.0/call)      0.0 ms (    2.3 us each)  dev     0.0 ms
  aten::resize_                                          2 (   0.5/call)      0.0 ms (    3.6 us each)  dev     0.0 ms
  aten::zeros                                            2 (   0.5/call)      0.0 ms (    3.0 us each)  dev     0.0 ms
  aten::empty_like                                       4 (   1.0/call)      0.0 ms (    1.5 us each)  dev     0.0 ms
  aten::zeros_like                                       2 (   0.5/call)      0.0 ms (    2.8 us each)  dev     0.0 ms
  aten::as_strided                                       6 (   1.5/call)      0.0 ms (    0.9 us each)  dev     0.0 ms
  aten::ones_like                                        2 (   0.5/call)      0.0 ms (    2.2 us each)  dev     0.0 ms
  cudaOccupancyMaxActiveBlocksPerMultiprocessorWit       2 (   0.5/call)      0.0 ms (    1.9 us each)  dev     0.0 ms
  aten::to                                               4 (   1.0/call)      0.0 ms (    0.9 us each)  dev     0.0 ms
  cudaDeviceGetAttribute                                 2 (   0.5/call)      0.0 ms (    0.8 us each)  dev     0.0 ms
  cudaPeekAtLastError                                    8 (   2.0/call)      0.0 ms (    0.1 us each)  dev     0.0 ms
---- sparse resolve: top ops by self CPU (4 calls) ----
  cudaMemcpyAsync                                        4 (   1.0/call)     12.8 ms ( 3187.6 us each)  dev     0.0 ms
  aten::slice                                           32 (   8.0/call)      0.2 ms (    6.8 us each)  dev     0.0 ms
  aten::view                                            36 (   9.0/call)      0.2 ms (    4.5 us each)  dev     0.0 ms
  cudaLaunchKernel                                       6 (   1.5/call)      0.1 ms (   21.8 us each)  dev     0.0 ms
  aten::empty                                            8 (   2.0/call)      0.1 ms (   12.5 us each)  dev     0.0 ms
  aten::empty_strided                                    4 (   1.0/call)      0.1 ms (   24.5 us each)  dev     0.0 ms
  aten::copy_                                            4 (   1.0/call)      0.1 ms (   19.4 us each)  dev    10.9 ms
  aten::fill_                                            4 (   1.0/call)      0.1 ms (   17.9 us each)  dev     0.0 ms
  aten::sub                                              2 (   0.5/call)      0.1 ms (   29.8 us each)  dev     0.2 ms
  cuLaunchKernel                                         4 (   1.0/call)      0.1 ms (   13.3 us each)  dev     0.0 ms
  aten::as_strided                                      36 (   9.0/call)      0.0 ms (    1.4 us each)  dev     0.0 ms
  aten::_to_copy                                         4 (   1.0/call)      0.0 ms (   10.4 us each)  dev     0.0 ms
  cudaStreamSynchronize                                  4 (   1.0/call)      0.0 ms (    8.7 us each)  dev     0.0 ms
  aten::select                                           4 (   1.0/call)      0.0 ms (    8.6 us each)  dev     0.0 ms
  aten::set_                                             6 (   1.5/call)      0.0 ms (    4.6 us each)  dev     0.0 ms
  aten::to                                               4 (   1.0/call)      0.0 ms (    3.6 us each)  dev     0.0 ms
  aten::item                                             4 (   1.0/call)      0.0 ms (    2.7 us each)  dev     0.0 ms
  aten::detach_                                          2 (   0.5/call)      0.0 ms (    2.5 us each)  dev     0.0 ms
  aten::_local_scalar_dense                              4 (   1.0/call)      0.0 ms (    1.2 us each)  dev     0.0 ms
  detach_                                                2 (   0.5/call)      0.0 ms (    2.0 us each)  dev     0.0 ms
  aten::lift_fresh                                       2 (   0.5/call)      0.0 ms (    0.7 us each)  dev     0.0 ms
