=== STEP graphics_preview ===
==============================================================================
$ python benchmarks/performance/graphics_scene.py --quality PREVIEW --seconds 6 --kernel-profiler
  env ALGAN_VIDEO_ENCODER=software
[bench] graphics: quality PREVIEW (704x396 @ 10 fps), 6s = 60 frames, 2 run(s), tag graphics_PREVIEW
[Quadrants] Starting on arch=cuda
[profiling] hooked 64 Taichi kernels (247 ti.funcs are inlined and not separately timed)

===== profiling run 1/2 (cold) =====
Encoding video with libx264
Began rendering /kaggle/working/algan/algan_outputs/profiling/profilinggraphics_PREVIEW_run1.mp4
Preparing render kernels. If this is the first render on this machine (or after an update), compiling the GPU kernels can take several minutes. Compiled kernels are cached, so subsequent renders start immediately.
/usr/local/lib/python3.12/dist-packages/quadrants/_test_tools/warnings_helper.py:11: UserWarning: cannot create weak reference to 'quadrants._lib.core.quadrants_python.DataTypeCxx' object. Template mapper caching disabled.
  warnings.warn(message)
Rendering 11/110 frames (10%)
Rendering 22/110 frames (20%)
Rendering 33/110 frames (30%)
Rendering 44/110 frames (40%)
Rendering 55/110 frames (50%)
Rendering 66/110 frames (60%)
Rendering 77/110 frames (70%)
Rendering 88/110 frames (80%)
Rendering 99/110 frames (90%)
Rendering 110/110 frames (100%)
Finished rendering /kaggle/working/algan/algan_outputs/profiling/profilinggraphics_PREVIEW_run1.mp4 in 145.5 s
[profile] graphics_PREVIEW RUN 1: end-to-end 146.13s, render thread accounted 145.16s + unaccounted 0.97s, worker-thread prep overlapped 0.00s, peak alloc 6979 MB

------------------------------------------------------------------------------
RUN 1 (cold (includes Taichi JIT compile)): end-to-end 146.13s
------------------------------------------------------------------------------
incl is wall time, excl is time spent in function excluding sub-processes of another tracked stage; thread is which thread recorded it (worker = the scene-prefetch thread, overlapped with the render thread and outside its budget)
stage                                                calls  incl (s) incl (%)  excl (s)  excl (%)    launch      sync  thread
ray traced render total                                  7   131.021    89.7%     0.172     0.1%     0.000     0.000    main
wavefront_loop                                           7   130.154    89.1%     0.006     0.0%     0.000     0.000    main
raster: sparse resolve                                   6   100.692    68.9%     0.053     0.0%     0.000     0.000    main
kernel: sheet_resolve_shade_arena                       12    96.250    65.9%    96.250    65.9%    96.250     0.001    main
wavefront:   - bounce drain                              6    19.529    13.4%     0.014     0.0%     0.000     0.000    main
arena preflight (batch)                                  1    12.998     8.9%     0.069     0.0%     0.000     0.000    main
  - project_to_screen (prewarm)                          1    12.321     8.4%     0.059     0.0%     0.000     0.000    main
kernel: wavefront_shade_arena                           49    12.095     8.3%    12.095     8.3%    12.092     0.003    main
logical PN: dice + shade + pack (project_to_screen)      4    12.094     8.3%     0.048     0.0%     0.000     0.000    main
logical PN:   - _dice_logical_pn                         4    12.047     8.2%     0.443     0.3%     0.000     0.000    main
wavefront:   - bounce 0 shade                            6    11.977     8.2%     0.004     0.0%     0.000     0.000    main
raster: sparse discovery                                 7     8.279     5.7%     0.073     0.1%     0.000     0.000    main
kernel: raster_shadow_trace_arena                       55     6.027     4.1%     6.027     4.1%     6.022     0.005    main
logical PN:     - snap boundary                         78     5.558     3.8%     5.558     3.8%     0.000     0.000    main
wavefront:   - bounce 0 shadow events                    6     4.530     3.1%     0.084     0.1%     0.000     0.000    main
kernel: wavefront_shadow_events                         49     3.917     2.7%     3.917     2.7%     3.915     0.003    main
kernel: raster_tri_count                                12     3.202     2.2%     3.202     2.2%     3.201     0.001    main
logical PN:     - evaluate normals                      39     2.591     1.8%     2.591     1.8%     0.000     0.000    main
kernel: raster_tri_write                                12     2.406     1.6%     2.406     1.6%     2.406     0.001    main
logical PN:     - evaluate patch                        39     2.128     1.5%     2.128     1.5%     0.000     0.000    main
raster:   - compact_sheets                               6     1.894     1.3%     0.276     0.2%     0.000     0.000    main
kernel: wavefront_traverse_events_arena                 49     1.219     0.8%     1.219     0.8%     1.216     0.003    main
Scene._get_batch_of_primitives                           1     1.099     0.8%     0.617     0.4%     0.000     0.000    main
logical PN:     - subdivision levels                     4     1.004     0.7%     0.129     0.1%     0.000     0.000    main
wavefront:   - bounce 0 traverse                         6     0.995     0.7%     0.003     0.0%     0.000     0.000    main
wavefront:   - tile composite                            6     0.858     0.6%     0.057     0.0%     0.000     0.000    main
wavefront:   - raster tables (batch)                     1     0.723     0.5%     0.000     0.0%     0.000     0.000    main
raster:   - precompute tri projection                    1     0.718     0.5%     0.718     0.5%     0.000     0.000    main
merge collections + build BVHs                           1     0.608     0.4%     0.423     0.3%     0.000     0.000    main
wavefront:   - bounce 1 shadow events                    6     0.507     0.3%     0.042     0.0%     0.000     0.000    main
kernel: env_background_prefill                           7     0.489     0.3%     0.489     0.3%     0.489     0.001    main
logical PN:       - edge level search                    4     0.477     0.3%     0.035     0.0%     0.000     0.000    main
logical PN:         - edge chord error                  10     0.442     0.3%     0.002     0.0%     0.000     0.000    main
kernel: pn_edge_chord_error                             10     0.440     0.3%     0.440     0.3%     0.440     0.001    main
logical PN:       - patch level search                   4     0.380     0.3%     0.022     0.0%     0.000     0.000    main
logical PN:         - patch flatness error              43     0.376     0.3%     0.011     0.0%     0.000     0.000    main
kernel: pn_patch_flatness_error                         43     0.365     0.2%     0.365     0.2%     0.363     0.002    main
kernel: gloss_composite                                109     0.341     0.2%     0.341     0.2%     0.338     0.003    main
kernel: key_run_order                                   12     0.334     0.2%     0.334     0.2%     0.333     0.001    main
raster:   - window pairs                                 7     0.327     0.2%     0.013     0.0%     0.000     0.000    main
logical PN:     - interpolate attrs                    686     0.322     0.2%     0.322     0.2%     0.000     0.000    main
wavefront:   - bounce 2 shadow events                    6     0.262     0.2%     0.024     0.0%     0.000     0.000    main
wavefront:   - bounce 0 ray sort                         6     0.235     0.2%     0.017     0.0%     0.000     0.000    main
AttributeTimeline.get                                 4148     0.230     0.2%     0.230     0.2%     0.000     0.000    main
kernel: wavefront_ray_sort_keys                         48     0.228     0.2%     0.228     0.2%     0.226     0.002    main
wavefront:   - bounce 3 shadow events                    6     0.206     0.1%     0.016     0.0%     0.000     0.000    main
kernel: sheet_depth_lose                                 6     0.198     0.1%     0.198     0.1%     0.198     0.000    main
kernel: gloss_pyramid_level                            981     0.198     0.1%     0.198     0.1%     0.172     0.026    main
post-process (downsample/FXAA/glow)                      7     0.197     0.1%     0.009     0.0%     0.000     0.000    main
  - refit-BVH build (in merge)                           2     0.185     0.1%     0.185     0.1%     0.000     0.000    main
kernel: pixel_group_order                                6     0.184     0.1%     0.184     0.1%     0.184     0.000    main
kernel: pair_expand_write                               12     0.179     0.1%     0.179     0.1%     0.178     0.001    main
raster:     - sheets band reduce                        18     0.171     0.1%     0.008     0.0%     0.000     0.000    main
triangles: shade + pack (project_to_screen)              3     0.168     0.1%     0.168     0.1%     0.000     0.000    main
post:   - tonemap/finalize                               7     0.167     0.1%     0.167     0.1%     0.000     0.000    main
kernel: sheet_band_reduce                               18     0.162     0.1%     0.162     0.1%     0.161     0.001    main
kernel: gloss_scatter                                  109     0.148     0.1%     0.148     0.1%     0.144     0.004    main
AnimationTimeline.set_state_to_times                     1     0.143     0.1%     0.048     0.0%     0.000     0.000    main
raster:     - sheets band composite                      6     0.140     0.1%     0.007     0.0%     0.000     0.000    main
raster:   - fragment sort                                6     0.136     0.1%     0.136     0.1%     0.000     0.000    main
kernel: pair_expand_count                               12     0.135     0.1%     0.135     0.1%     0.134     0.001    main
wavefront:   - compact active                           55     0.134     0.1%     0.008     0.0%     0.000     0.000    main
kernel: compact_ray_slots                               55     0.126     0.1%     0.126     0.1%     0.124     0.002    main
kernel: solid_shell_ceiling                              6     0.124     0.1%     0.124     0.1%     0.124     0.000    main
surfaces: get_render_primitives_batched                  8     0.116     0.1%     0.110     0.1%     0.000     0.000    main
wavefront:   - bounce 4 shadow events                    6     0.115     0.1%     0.012     0.0%     0.000     0.000    main
kernel: wf_composite_accum_sparse                      109     0.114     0.1%     0.114     0.1%     0.110     0.003    main
raster:     - sheets conflict rank                       6     0.097     0.1%     0.001     0.0%     0.000     0.000    main
kernel: sheet_conflict_rank                              6     0.096     0.1%     0.096     0.1%     0.096     0.000    main
wavefront:   - bounce 1 traverse                         6     0.090     0.1%     0.002     0.0%     0.000     0.000    main
kernel: one_mesh_pixel_reduce                            6     0.089     0.1%     0.089     0.1%     0.088     0.000    main
kernel: rank_groups                                      6     0.085     0.1%     0.085     0.1%     0.085     0.000    main
kernel: band_stats_reduce                                6     0.079     0.1%     0.079     0.1%     0.079     0.000    main
kernel: sheet_lane_first_owner                           6     0.077     0.1%     0.077     0.1%     0.076     0.000    main
AttributeTimeline.rematerialize_state_at_times          26     0.070     0.0%     0.070     0.0%     0.000     0.000    main
kernel: one_mesh_pixel_apply                             6     0.069     0.0%     0.069     0.0%     0.068     0.000    main
kernel: opaque_prefix_keep                               6     0.068     0.0%     0.068     0.0%     0.067     0.000    main
kernel: band_stats_rep_orig                              6     0.067     0.0%     0.067     0.0%     0.067     0.000    main
kernel: sheet_lane_depths                                6     0.066     0.0%     0.066     0.0%     0.065     0.000    main
wavefront:   - tile state alloc                          6     0.062     0.0%     0.062     0.0%     0.000     0.000    main
wavefront:   - bounce 5 shadow events                    6     0.060     0.0%     0.009     0.0%     0.000     0.000    main
kernel: mask_popcount                                   12     0.059     0.0%     0.059     0.0%     0.058     0.001    main
wavefront:   - bounce 2 traverse                         6     0.050     0.0%     0.001     0.0%     0.000     0.000    main
wavefront:   - bounce 1 shade                            6     0.050     0.0%     0.002     0.0%     0.000     0.000    main
wavefront:   - bounce 6 shadow events                    6     0.043     0.0%     0.008     0.0%     0.000     0.000    main
wavefront:   - bounce 3 traverse                         6     0.039     0.0%     0.002     0.0%     0.000     0.000    main
wavefront:   - bounce 7 shadow events                    6     0.035     0.0%     0.008     0.0%     0.000     0.000    main
raster:     - sheets sibling weights                     6     0.034     0.0%     0.032     0.0%     0.000     0.000    main
wavefront:   - bounce 2 shade                            6     0.031     0.0%     0.002     0.0%     0.000     0.000    main
wavefront:   - bounce 4 traverse                         6     0.022     0.0%     0.001     0.0%     0.000     0.000    main
post:   - device->host copy                              7     0.021     0.0%     0.021     0.0%     0.000     0.000    main
raster:     - sheets prim split                          6     0.021     0.0%     0.021     0.0%     0.000     0.000    main
wavefront:   - bounce 3 shade                            6     0.020     0.0%     0.002     0.0%     0.000     0.000    main
raster:   - fragment gather                              6     0.016     0.0%     0.016     0.0%     0.000     0.000    main
raster:     - sheets shade class                         6     0.015     0.0%     0.015     0.0%     0.000     0.000    main
scene upload to arena                                    1     0.015     0.0%     0.015     0.0%     0.000     0.000    main
wavefront:   - bounce 5 traverse                         6     0.014     0.0%     0.001     0.0%     0.000     0.000    main
wavefront:   - bounce 4 shade                            6     0.014     0.0%     0.002     0.0%     0.000     0.000    main
Surface.get_render_primitives                            1     0.013     0.0%     0.013     0.0%     0.000     0.000    main
AttributeTimeline.modify                                31     0.012     0.0%     0.012     0.0%     0.000     0.000    main
wavefront:   - bounce 6 traverse                         6     0.011     0.0%     0.001     0.0%     0.000     0.000    main
video encode tail (ffmpeg drain)                         1     0.011     0.0%     0.011     0.0%     0.000     0.000    main
memory reclaim (gc + cuda cache)                        10     0.011     0.0%     0.011     0.0%     0.000     0.000    main
wavefront:   - bounce 1 ray sort                         6     0.010     0.0%     0.008     0.0%     0.000     0.000    main
background prefill                                       7     0.009     0.0%     0.009     0.0%     0.000     0.000    main
wavefront:   - bounce 7 traverse                         6     0.009     0.0%     0.001     0.0%     0.000     0.000    main
wavefront:   - bounce 5 shade                            6     0.009     0.0%     0.002     0.0%     0.000     0.000    main
wavefront:   - bounce 7 shade                            6     0.007     0.0%     0.003     0.0%     0.000     0.000    main
wavefront:   - bounce 2 ray sort                         6     0.007     0.0%     0.005     0.0%     0.000     0.000    main
wavefront:   - bounce 6 shade                            6     0.007     0.0%     0.002     0.0%     0.000     0.000    main
wavefront:   - bounce 3 ray sort                         6     0.005     0.0%     0.004     0.0%     0.000     0.000    main
raster:   - precompute tri bounds                        1     0.005     0.0%     0.005     0.0%     0.000     0.000    main
wavefront:   - drain scratch                            49     0.005     0.0%     0.005     0.0%     0.000     0.000    main
wavefront:   - bounce 4 ray sort                         6     0.004     0.0%     0.003     0.0%     0.000     0.000    main
wavefront:   - sparse setup                              7     0.003     0.0%     0.003     0.0%     0.000     0.000    main
wavefront:   - bounce 7 ray sort                         6     0.003     0.0%     0.002     0.0%     0.000     0.000    main
wavefront:   - bounce 5 ray sort                         6     0.003     0.0%     0.002     0.0%     0.000     0.000    main
wavefront:   - bounce 6 ray sort                         6     0.003     0.0%     0.002     0.0%     0.000     0.000    main
wavefront:   - bounce 8+ shadow events                   1     0.003     0.0%     0.001     0.0%     0.000     0.000    main
AttributeTimeline.add                                   16     0.001     0.0%     0.001     0.0%     0.000     0.000    main
wavefront:   - drain active count                       49     0.001     0.0%     0.001     0.0%     0.000     0.000    main
wavefront:   - bounce 8+ traverse                        1     0.001     0.0%     0.000     0.0%     0.000     0.000    main
wavefront:   - bounce 8+ shade                           1     0.001     0.0%     0.000     0.0%     0.000     0.000    main
wavefront:   - pool overflow poll                        6     0.001     0.0%     0.001     0.0%     0.000     0.000    main
wavefront:   - alloc readback                            6     0.000     0.0%     0.000     0.0%     0.000     0.000    main
free-VRAM probe (empty_cache)                            1     0.000     0.0%     0.000     0.0%     0.000     0.000    main
(unaccounted on the render thread: video encode, scene mgmt, ...)           0.967     0.7%

Wavefront bounce iterations (sheet route; wall time incl. launch + sync):
   bounce  calls     rays in  traverse s   shade s continuations
        0      6    10236882       0.995    11.977       4512363
        1      6     4512363       0.090     0.050       2875007
        2      6     2875007       0.050     0.031       1644834
        3      6     1644834       0.039     0.020        937540
        4      6      937540       0.022     0.014        370641
        5      6      370641       0.014     0.009        221602
        6      6      221602       0.011     0.007        151293
        7      6      151293       0.009     0.007             7
       8+      1           7       0.001     0.001             -
    total                          1.232    12.115              
  first iteration holds 98.9% of all wavefront_shade time; bounce-loop kernels total 13.347s

Taichi kernel GPU time (profiler; launch overhead excluded; 'recs' = serial + range-for sub-kernels):
  kernel                                    recs   total ms   % run    avg ms    max ms
  raster_shadow_trace_arena                  110   3038.610    2.1%   27.6237  299.2265
  wavefront_traverse_events_arena             98    354.808    0.2%    3.6205   34.4121
  wavefront_shade_arena                       98    183.183    0.1%    1.8692   15.2846
  sheet_resolve_shade_arena                   24    152.006    0.1%    6.3336   24.9138
  wavefront_shadow_events                     98     66.216    0.0%    0.6757    7.7102
  compact_ray_slots                          110     58.730    0.0%    0.5339    1.5122
  raster_tri_write                            24     57.865    0.0%    2.4111   12.0808
  raster_tri_count                            24     38.153    0.0%    1.5897    5.7733
  gloss_scatter                              218     33.684    0.0%    0.1545    0.3331
  solid_shell_ceiling                         12     25.468    0.0%    2.1224    5.5224
  gloss_pyramid_level                       1962     17.326    0.0%    0.0088    0.1454
  band_stats_reduce                           12     12.034    0.0%    1.0029    2.6542
  sheet_band_reduce                           36      8.528    0.0%    0.2369    0.6560
  pixel_group_order                           12      7.553    0.0%    0.6294    1.6359
  gloss_composite                            218      6.478    0.0%    0.0297    0.0696
  sheet_lane_first_owner                      12      6.469    0.0%    0.5390    1.3635
  sheet_depth_lose                            12      6.208    0.0%    0.5173    1.2471
  key_run_order                               24      5.901    0.0%    0.2459    0.8008
  wavefront_ray_sort_keys                     96      5.704    0.0%    0.0594    0.4797
  pn_patch_flatness_error                     86      5.505    0.0%    0.0640    0.9341
  wf_composite_accum_sparse                  218      5.146    0.0%    0.0236    0.0581
  one_mesh_pixel_reduce                       12      5.023    0.0%    0.4186    1.1532
  sheet_lane_depths                           12      4.857    0.0%    0.4048    1.0553
  env_background_prefill                      14      4.788    0.0%    0.3420    1.0007
  rank_groups                                 12      3.379    0.0%    0.2816    0.7760
  pair_expand_write                           24      3.336    0.0%    0.1390    0.4636
  tonemap_to_u8                               14      3.102    0.0%    0.2216    0.6843
  band_stats_rep_orig                         12      2.900    0.0%    0.2417    0.6569
  sheet_conflict_rank                         12      2.463    0.0%    0.2052    0.5407
  one_mesh_pixel_apply                        12      2.186    0.0%    0.1822    0.4892
  pn_edge_chord_error                         20      1.332    0.0%    0.0666    0.3401
  opaque_prefix_keep                          12      1.198    0.0%    0.0999    0.2492
  mask_popcount                               24      1.132    0.0%    0.0472    0.1116
  pair_expand_count                           24      1.020    0.0%    0.0425    0.1393

GPU telemetry over render (1750 samples @ ~10 Hz, min/avg/max):
  utilization  0/2/100 %   mem-util 0/1/67 %
  SM clock     300/469/1590 MHz   mem clock 405/2702/5000 MHz
  temperature  42/46/55 C   power 10/20/83 W
  ** THROTTLING observed: SwPowerCap (run-to-run timing is unreliable) **

GPU memory: peak allocated 6979 MB (MPS: allocated after render), peak reserved 7438 MB
  batch 0: merged tensors 297.5 MB, BVHs 68.7 MB (cuda after merge 6331 MB)
    counts: num_colored_triangles=1429, num_triangles=9204, num_circuits=0, num_frames=110
    bez_bvh: 0 instances, 1 nodes, 0 leaves, 0.0 MB
    bez_opaque_bvh: 0 instances, 1 nodes, 0 leaves, 0.0 MB
    tri_bvh: 0 instances, 5114 nodes, 0 leaves, 34.3 MB
    tri_opaque_bvh: 0 instances, 5114 nodes, 0 leaves, 34.3 MB
    tri_mat: (110, 9204, 39) = 150.6 MB
    tri_pos: (110, 9204, 9) = 34.8 MB
    tri_norm: (110, 9204, 9) = 34.8 MB
    tri_colors: (110, 3987, 3, 5) = 25.1 MB
    tri_extra: (110, 3987, 15) = 25.1 MB
    tri_uvs: (110, 7775, 6) = 19.6 MB
  cProfile dump: disabled (set ALGAN_PROFILE_CPROFILE=1)

===== profiling run 2/2 (warm) =====
Encoding video with libx264
Began rendering /kaggle/working/algan/algan_outputs/profiling/profilinggraphics_PREVIEW_run2.mp4
Rendering 11/110 frames (10%)
Rendering 22/110 frames (20%)
Rendering 33/110 frames (30%)
Rendering 44/110 frames (40%)
Rendering 55/110 frames (50%)
Rendering 66/110 frames (60%)
Rendering 77/110 frames (70%)
Rendering 88/110 frames (80%)
Rendering 99/110 frames (90%)
Rendering 110/110 frames (100%)
Finished rendering /kaggle/working/algan/algan_outputs/profiling/profilinggraphics_PREVIEW_run2.mp4 in 7.9 s
[profile] graphics_PREVIEW RUN 2: end-to-end 7.91s, render thread accounted 7.42s + unaccounted 0.49s, worker-thread prep overlapped 0.00s, peak alloc 6949 MB

------------------------------------------------------------------------------
RUN 2 (warm (steady state)): end-to-end 7.91s
------------------------------------------------------------------------------
incl is wall time, excl is time spent in function excluding sub-processes of another tracked stage; thread is which thread recorded it (worker = the scene-prefetch thread, overlapped with the render thread and outside its budget)
stage                                                calls  incl (s) incl (%)  excl (s)  excl (%)    launch      sync  thread
ray traced render total                                  7     5.304    67.0%     0.189     2.4%     0.000     0.000    main
wavefront_loop                                           7     5.063    64.0%     0.005     0.1%     0.000     0.000    main
kernel: raster_shadow_trace_arena                       55     2.727    34.5%     2.727    34.5%     2.723     0.004    main
wavefront:   - bounce drain                              6     2.447    30.9%     0.013     0.2%     0.000     0.000    main
raster: sparse resolve                                   6     1.464    18.5%     0.061     0.8%     0.000     0.000    main
Scene._get_batch_of_primitives                           1     1.072    13.5%     0.600     7.6%     0.000     0.000    main
arena preflight (batch)                                  1     0.997    12.6%     0.063     0.8%     0.000     0.000    main
raster: sparse discovery                                 7     0.823    10.4%     0.071     0.9%     0.000     0.000    main
wavefront:   - bounce 0 shadow events                    6     0.626     7.9%     0.072     0.9%     0.000     0.000    main
  - project_to_screen (prewarm)                          1     0.562     7.1%     0.038     0.5%     0.000     0.000    main
logical PN: dice + shade + pack (project_to_screen)      4     0.502     6.3%     0.061     0.8%     0.000     0.000    main
raster:   - compact_sheets                               6     0.453     5.7%     0.271     3.4%     0.000     0.000    main
wavefront:   - bounce 1 shadow events                    6     0.448     5.7%     0.041     0.5%     0.000     0.000    main
logical PN:   - _dice_logical_pn                         4     0.440     5.6%     0.195     2.5%     0.000     0.000    main
merge collections + build BVHs                           1     0.372     4.7%     0.181     2.3%     0.000     0.000    main
kernel: wavefront_traverse_events_arena                 49     0.337     4.3%     0.337     4.3%     0.334     0.003    main
wavefront:   - tile composite                            6     0.248     3.1%     0.057     0.7%     0.000     0.000    main
AttributeTimeline.get                                 4148     0.236     3.0%     0.236     3.0%     0.000     0.000    main
wavefront:   - bounce 2 shadow events                    6     0.235     3.0%     0.024     0.3%     0.000     0.000    main
  - refit-BVH build (in merge)                           2     0.192     2.4%     0.192     2.4%     0.000     0.000    main
wavefront:   - bounce 3 shadow events                    6     0.188     2.4%     0.015     0.2%     0.000     0.000    main
kernel: wavefront_shade_arena                           49     0.181     2.3%     0.181     2.3%     0.179     0.003    main
logical PN:     - interpolate attrs                    686     0.149     1.9%     0.149     1.9%     0.000     0.000    main
raster:   - fragment sort                                6     0.144     1.8%     0.144     1.8%     0.000     0.000    main
kernel: sheet_resolve_shade_arena                       12     0.144     1.8%     0.144     1.8%     0.143     0.001    main
AnimationTimeline.set_state_to_times                     1     0.134     1.7%     0.040     0.5%     0.000     0.000    main
wavefront:   - bounce 0 traverse                         6     0.132     1.7%     0.002     0.0%     0.000     0.000    main
wavefront:   - bounce 4 shadow events                    6     0.113     1.4%     0.012     0.1%     0.000     0.000    main
surfaces: get_render_primitives_batched                  8     0.107     1.3%     0.101     1.3%     0.000     0.000    main
kernel: gloss_pyramid_level                            981     0.105     1.3%     0.105     1.3%     0.079     0.026    main
kernel: wavefront_shadow_events                         49     0.090     1.1%     0.090     1.1%     0.088     0.003    main
wavefront:   - bounce 1 traverse                         6     0.081     1.0%     0.002     0.0%     0.000     0.000    main
wavefront:   - compact active                           55     0.075     1.0%     0.008     0.1%     0.000     0.000    main
AttributeTimeline.rematerialize_state_at_times          26     0.072     0.9%     0.072     0.9%     0.000     0.000    main
wavefront:   - bounce 0 shade                            6     0.071     0.9%     0.004     0.1%     0.000     0.000    main
kernel: compact_ray_slots                               55     0.068     0.9%     0.068     0.9%     0.066     0.002    main
kernel: raster_tri_write                                12     0.064     0.8%     0.064     0.8%     0.064     0.001    main
wavefront:   - tile state alloc                          6     0.063     0.8%     0.063     0.8%     0.000     0.000    main
wavefront:   - bounce 5 shadow events                    6     0.059     0.7%     0.009     0.1%     0.000     0.000    main
logical PN:     - subdivision levels                     4     0.050     0.6%     0.014     0.2%     0.000     0.000    main
kernel: gloss_scatter                                  109     0.049     0.6%     0.049     0.6%     0.045     0.004    main
wavefront:   - bounce 1 shade                            6     0.046     0.6%     0.003     0.0%     0.000     0.000    main
wavefront:   - bounce 2 traverse                         6     0.046     0.6%     0.001     0.0%     0.000     0.000    main
wavefront:   - bounce 6 shadow events                    6     0.043     0.5%     0.009     0.1%     0.000     0.000    main
kernel: raster_tri_count                                12     0.040     0.5%     0.040     0.5%     0.039     0.001    main
post-process (downsample/FXAA/glow)                      7     0.036     0.5%     0.008     0.1%     0.000     0.000    main
wavefront:   - bounce 7 shadow events                    6     0.034     0.4%     0.008     0.1%     0.000     0.000    main
wavefront:   - bounce 3 traverse                         6     0.034     0.4%     0.001     0.0%     0.000     0.000    main
raster:     - sheets sibling weights                     6     0.034     0.4%     0.032     0.4%     0.000     0.000    main
wavefront:   - bounce 2 shade                            6     0.028     0.4%     0.002     0.0%     0.000     0.000    main
logical PN:     - snap boundary                         78     0.026     0.3%     0.026     0.3%     0.000     0.000    main
video encode tail (ffmpeg drain)                         1     0.025     0.3%     0.025     0.3%     0.000     0.000    main
kernel: solid_shell_ceiling                              6     0.024     0.3%     0.024     0.3%     0.024     0.000    main
raster:   - window pairs                                 7     0.024     0.3%     0.012     0.2%     0.000     0.000    main
post:   - device->host copy                              7     0.023     0.3%     0.023     0.3%     0.000     0.000    main
triangles: shade + pack (project_to_screen)              3     0.023     0.3%     0.023     0.3%     0.000     0.000    main
wavefront:   - bounce 4 traverse                         6     0.021     0.3%     0.001     0.0%     0.000     0.000    main
raster:     - sheets band reduce                        18     0.020     0.3%     0.008     0.1%     0.000     0.000    main
wavefront:   - bounce 3 shade                            6     0.020     0.2%     0.002     0.0%     0.000     0.000    main
logical PN:         - patch flatness error              43     0.019     0.2%     0.008     0.1%     0.000     0.000    main
raster:     - sheets prim split                          6     0.019     0.2%     0.019     0.2%     0.000     0.000    main
wavefront:   - bounce 0 ray sort                         6     0.019     0.2%     0.015     0.2%     0.000     0.000    main
kernel: wf_composite_accum_sparse                      109     0.018     0.2%     0.018     0.2%     0.015     0.003    main
kernel: gloss_composite                                109     0.018     0.2%     0.018     0.2%     0.015     0.003    main
raster:   - fragment gather                              6     0.015     0.2%     0.015     0.2%     0.000     0.000    main
raster:     - sheets band composite                      6     0.015     0.2%     0.007     0.1%     0.000     0.000    main
Surface.get_render_primitives                            1     0.015     0.2%     0.014     0.2%     0.000     0.000    main
wavefront:   - bounce 5 traverse                         6     0.015     0.2%     0.002     0.0%     0.000     0.000    main
scene upload to arena                                    1     0.015     0.2%     0.015     0.2%     0.000     0.000    main
raster:     - sheets shade class                         6     0.014     0.2%     0.014     0.2%     0.000     0.000    main
wavefront:   - bounce 4 shade                            6     0.014     0.2%     0.002     0.0%     0.000     0.000    main
kernel: wavefront_ray_sort_keys                         48     0.013     0.2%     0.013     0.2%     0.011     0.002    main
kernel: band_stats_reduce                                6     0.013     0.2%     0.013     0.2%     0.013     0.000    main
logical PN:       - patch level search                   4     0.013     0.2%     0.007     0.1%     0.000     0.000    main
logical PN:     - evaluate normals                      39     0.012     0.1%     0.012     0.1%     0.000     0.000    main
kernel: sheet_band_reduce                               18     0.012     0.1%     0.012     0.1%     0.011     0.001    main
wavefront:   - bounce 6 traverse                         6     0.011     0.1%     0.001     0.0%     0.000     0.000    main
kernel: pn_patch_flatness_error                         43     0.011     0.1%     0.011     0.1%     0.009     0.002    main
AttributeTimeline.modify                                31     0.011     0.1%     0.011     0.1%     0.000     0.000    main
wavefront:   - bounce 1 ray sort                         6     0.010     0.1%     0.008     0.1%     0.000     0.000    main
logical PN:       - edge level search                    4     0.009     0.1%     0.005     0.1%     0.000     0.000    main
wavefront:   - bounce 7 traverse                         6     0.009     0.1%     0.001     0.0%     0.000     0.000    main
background prefill                                       7     0.009     0.1%     0.009     0.1%     0.000     0.000    main
wavefront:   - bounce 5 shade                            6     0.009     0.1%     0.002     0.0%     0.000     0.000    main
kernel: key_run_order                                   12     0.008     0.1%     0.008     0.1%     0.008     0.001    main
kernel: pixel_group_order                                6     0.008     0.1%     0.008     0.1%     0.008     0.000    main
logical PN:     - evaluate patch                        39     0.008     0.1%     0.008     0.1%     0.000     0.000    main
memory reclaim (gc + cuda cache)                        10     0.008     0.1%     0.008     0.1%     0.000     0.000    main
wavefront:   - raster tables (batch)                     1     0.008     0.1%     0.000     0.0%     0.000     0.000    main
kernel: pair_expand_write                               12     0.008     0.1%     0.008     0.1%     0.007     0.001    main
kernel: sheet_depth_lose                                 6     0.007     0.1%     0.007     0.1%     0.007     0.000    main
kernel: env_background_prefill                           7     0.007     0.1%     0.007     0.1%     0.007     0.000    main
kernel: sheet_lane_first_owner                           6     0.007     0.1%     0.007     0.1%     0.007     0.000    main
wavefront:   - bounce 2 ray sort                         6     0.007     0.1%     0.005     0.1%     0.000     0.000    main
wavefront:   - bounce 6 shade                            6     0.007     0.1%     0.002     0.0%     0.000     0.000    main
wavefront:   - bounce 7 shade                            6     0.007     0.1%     0.002     0.0%     0.000     0.000    main
kernel: one_mesh_pixel_reduce                            6     0.007     0.1%     0.007     0.1%     0.006     0.000    main
kernel: sheet_lane_depths                                6     0.006     0.1%     0.006     0.1%     0.005     0.000    main
wavefront:   - bounce 3 ray sort                         6     0.005     0.1%     0.004     0.0%     0.000     0.000    main
raster:   - precompute tri bounds                        1     0.005     0.1%     0.005     0.1%     0.000     0.000    main
post:   - tonemap/finalize                               7     0.005     0.1%     0.005     0.1%     0.000     0.000    main
kernel: rank_groups                                      6     0.004     0.1%     0.004     0.1%     0.004     0.000    main
wavefront:   - drain scratch                            49     0.004     0.1%     0.004     0.1%     0.000     0.000    main
raster:     - sheets conflict rank                       6     0.004     0.1%     0.001     0.0%     0.000     0.000    main
kernel: band_stats_rep_orig                              6     0.004     0.1%     0.004     0.1%     0.004     0.000    main
logical PN:         - edge chord error                  10     0.004     0.1%     0.001     0.0%     0.000     0.000    main
wavefront:   - bounce 4 ray sort                         6     0.004     0.0%     0.003     0.0%     0.000     0.000    main
kernel: pair_expand_count                               12     0.004     0.0%     0.004     0.0%     0.003     0.001    main
kernel: sheet_conflict_rank                              6     0.003     0.0%     0.003     0.0%     0.003     0.000    main
wavefront:   - sparse setup                              7     0.003     0.0%     0.003     0.0%     0.000     0.000    main
kernel: one_mesh_pixel_apply                             6     0.003     0.0%     0.003     0.0%     0.003     0.000    main
wavefront:   - bounce 6 ray sort                         6     0.003     0.0%     0.002     0.0%     0.000     0.000    main
raster:   - precompute tri projection                    1     0.003     0.0%     0.003     0.0%     0.000     0.000    main
wavefront:   - bounce 5 ray sort                         6     0.003     0.0%     0.002     0.0%     0.000     0.000    main
kernel: mask_popcount                                   12     0.003     0.0%     0.003     0.0%     0.002     0.001    main
wavefront:   - bounce 7 ray sort                         6     0.003     0.0%     0.002     0.0%     0.000     0.000    main
kernel: pn_edge_chord_error                             10     0.003     0.0%     0.003     0.0%     0.002     0.000    main
wavefront:   - bounce 8+ shadow events                   1     0.002     0.0%     0.001     0.0%     0.000     0.000    main
kernel: opaque_prefix_keep                               6     0.002     0.0%     0.002     0.0%     0.002     0.000    main
AttributeTimeline.add                                   16     0.001     0.0%     0.001     0.0%     0.000     0.000    main
wavefront:   - drain active count                       49     0.001     0.0%     0.001     0.0%     0.000     0.000    main
wavefront:   - bounce 8+ traverse                        1     0.001     0.0%     0.000     0.0%     0.000     0.000    main
wavefront:   - bounce 8+ shade                           1     0.001     0.0%     0.000     0.0%     0.000     0.000    main
wavefront:   - pool overflow poll                        6     0.001     0.0%     0.001     0.0%     0.000     0.000    main
wavefront:   - alloc readback                            6     0.000     0.0%     0.000     0.0%     0.000     0.000    main
free-VRAM probe (empty_cache)                            1     0.000     0.0%     0.000     0.0%     0.000     0.000    main
(unaccounted on the render thread: video encode, scene mgmt, ...)           0.487     6.2%

Wavefront bounce iterations (sheet route; wall time incl. launch + sync):
   bounce  calls     rays in  traverse s   shade s continuations
        0      6    10236882       0.132     0.071       4512363
        1      6     4512363       0.081     0.046       2875007
        2      6     2875007       0.046     0.028       1644834
        3      6     1644834       0.034     0.020        937540
        4      6      937540       0.021     0.014        370641
        5      6      370641       0.015     0.009        221602
        6      6      221602       0.011     0.007        151293
        7      6      151293       0.009     0.007             7
       8+      1           7       0.001     0.001             -
    total                          0.349     0.202              
  first iteration holds 35.1% of all wavefront_shade time; bounce-loop kernels total 0.551s

Taichi kernel GPU time (profiler; launch overhead excluded; 'recs' = serial + range-for sub-kernels):
  kernel                                    recs   total ms   % run    avg ms    max ms
  raster_shadow_trace_arena                  110   2708.749   34.2%   24.6250  302.5736
  wavefront_traverse_events_arena             98    323.978    4.1%    3.3059   33.6997
  wavefront_shade_arena                       98    168.282    2.1%    1.7172   15.7242
  sheet_resolve_shade_arena                   24    139.691    1.8%    5.8205   24.6844
  wavefront_shadow_events                     98     65.942    0.8%    0.6729    7.6287
  compact_ray_slots                          110     58.794    0.7%    0.5345    1.5176
  raster_tri_write                            24     58.332    0.7%    2.4305   12.1672
  raster_tri_count                            24     33.971    0.4%    1.4155    5.5040
  gloss_scatter                              218     33.655    0.4%    0.1544    0.3172
  solid_shell_ceiling                         12     22.377    0.3%    1.8647    5.3514
  gloss_pyramid_level                       1962     17.616    0.2%    0.0090    0.0539
  band_stats_reduce                           12     11.791    0.1%    0.9826    2.7700
  sheet_band_reduce                           36      8.468    0.1%    0.2352    0.6407
  pixel_group_order                           12      7.104    0.1%    0.5920    1.6425
  gloss_composite                            218      6.383    0.1%    0.0293    0.0614
  sheet_lane_first_owner                      12      5.978    0.1%    0.4981    1.3554
  wavefront_ray_sort_keys                     96      5.683    0.1%    0.0592    0.4815
  key_run_order                               24      5.624    0.1%    0.2343    0.8044
  sheet_depth_lose                            12      5.457    0.1%    0.4547    1.2408
  wf_composite_accum_sparse                  218      5.211    0.1%    0.0239    0.0881
  one_mesh_pixel_reduce                       12      4.963    0.1%    0.4136    1.1489
  sheet_lane_depths                           12      4.653    0.1%    0.3877    1.0531
  env_background_prefill                      14      4.456    0.1%    0.3183    1.0029
  pn_patch_flatness_error                     86      3.518    0.0%    0.0409    0.5894
  rank_groups                                 12      3.413    0.0%    0.2844    0.7702
  tonemap_to_u8                               14      3.060    0.0%    0.2186    0.6840
  band_stats_rep_orig                         12      2.897    0.0%    0.2414    0.6571
  pair_expand_write                           24      2.872    0.0%    0.1197    0.4762
  sheet_conflict_rank                         12      2.334    0.0%    0.1945    0.5366
  one_mesh_pixel_apply                        12      2.178    0.0%    0.1815    0.4851
  opaque_prefix_keep                          12      1.151    0.0%    0.0959    0.2478
  mask_popcount                               24      1.121    0.0%    0.0467    0.1125
  pn_edge_chord_error                         20      0.867    0.0%    0.0434    0.2150
  pair_expand_count                           24      0.855    0.0%    0.0356    0.0980

GPU telemetry over render (100 samples @ ~10 Hz, min/avg/max):
  utilization  0/32/100 %   mem-util 0/9/65 %
  SM clock     300/840/1590 MHz   mem clock 405/2702/5000 MHz
  temperature  42/48/57 C   power 10/33/77 W
  ** THROTTLING observed: SwPowerCap (run-to-run timing is unreliable) **

GPU memory: peak allocated 6949 MB (MPS: allocated after render), peak reserved 7406 MB
  batch 0: merged tensors 297.5 MB, BVHs 68.7 MB (cuda after merge 6301 MB)
    counts: num_colored_triangles=1429, num_triangles=9204, num_circuits=0, num_frames=110
    bez_bvh: 0 instances, 1 nodes, 0 leaves, 0.0 MB
    bez_opaque_bvh: 0 instances, 1 nodes, 0 leaves, 0.0 MB
    tri_bvh: 0 instances, 5114 nodes, 0 leaves, 34.3 MB
    tri_opaque_bvh: 0 instances, 5114 nodes, 0 leaves, 34.3 MB
    tri_mat: (110, 9204, 39) = 150.6 MB
    tri_pos: (110, 9204, 9) = 34.8 MB
    tri_norm: (110, 9204, 9) = 34.8 MB
    tri_colors: (110, 3987, 3, 5) = 25.1 MB
    tri_extra: (110, 3987, 15) = 25.1 MB
    tri_uvs: (110, 7775, 6) = 19.6 MB
  cProfile dump: disabled (set ALGAN_PROFILE_CPROFILE=1)

==============================================================================
Algan ray-tracing scene profile
==============================================================================
device: cuda (Tesla T4)
  driver 580.159.04  compute cap 7.5  15360 MiB  max SM 1590 MHz / mem 5001 MHz  PCIe gen3 x16
  profiling tools: nvidia-smi=yes, nvprof=yes, ncu=yes, nsys=no
  Taichi kernel profiler: ON
  hooked kernels (64): argsort_pairs, band_stats_reduce, band_stats_rep_orig, bezier_chord_hull_error, compact_ray_slots, env_background_prefill, fill_background_from_func, finalize_samples, gather_fragment_arrays, gloss_composite, gloss_pyramid_level, gloss_scatter, group_counts, key_run_order, mask_popcount, one_mesh_pixel_apply, one_mesh_pixel_reduce, opaque_prefix_keep, pair_expand_count, pair_expand_write, pixel_group_order, pn_edge_chord_error, pn_patch_flatness_error, pt_env_pdf_probe, pt_env_sample_probe, pt_generate, pt_light_tree_pmf_probe, pt_light_tree_probe, pt_nee_pick_probe, pt_offset_probe, pt_reduce, pt_sampler_probe, pt_screen_sampler_probe, pt_shade_arena, rank_groups, raster_bez_count, raster_bez_write, raster_shadow_trace_arena, raster_tri_count, raster_tri_write, refit_pack_level, reorder_ray_slots, sheet_band_reduce, sheet_conflict_rank, sheet_depth_lose, sheet_lane_depths, sheet_lane_depths_inplace, sheet_lane_first_owner, sheet_resolve_shade_arena, sibling_band_counts, sibling_coverage_weights, solid_shell_ceiling, wavefront_generate_rays, wavefront_ray_sort_keys, wavefront_shade_arena, wavefront_shadow_events, wavefront_traverse_events_arena, wf_composite, wf_composite_aa, wf_composite_accum, wf_composite_accum_aa, wf_composite_accum_sparse, wf_finalize_aa, wf_finalize_uncovered
RUN 1: end-to-end 146.13s (render thread: 145.16s accounted, 0.97s unaccounted; worker overlap 0.00s)
RUN 2: end-to-end 7.91s (render thread: 7.42s accounted, 0.49s unaccounted; worker overlap 0.00s)
------------------------------------------------------------------------------
Registers / occupancy not collected in-process (Taichi CUPTI toolkit unavailable here).
Run this to get them via nvprof:

  # registers per thread (no admin needed):
  ALGAN_UNDER_NVPROF=1 nvprof --print-gpu-trace --csv /usr/bin/python3 benchmarks/performance/graphics_scene.py --quality PREVIEW --seconds 6 --kernel-profiler
  # achieved occupancy (may need admin on Pascal):
  ALGAN_UNDER_NVPROF=1 nvprof --metrics achieved_occupancy --csv /usr/bin/python3 benchmarks/performance/graphics_scene.py --quality PREVIEW --seconds 6 --kernel-profiler

(Taichi's own table below; its % is of total GPU-kernel time, not of run wall time -- see '% run' above for that.)
=========================================================================
Kernel Profiler(count, default) @ CUDA on Tesla T4
=========================================================================
[      %     total   count |      min       avg       max   ] Kernel name
-------------------------------------------------------------------------
[ 72.58%   2.708 s     55x |    0.441    49.238   302.574 ms] raster_shadow_trace_arena_c110_0_kernel_1_range_for
[  8.67%   0.323 s     49x |    0.215     6.602    33.700 ms] wavefront_traverse_events_arena_c96_0_kernel_1_range_for
[  4.49%   0.168 s     49x |    0.074     3.421    15.724 ms] wavefront_shade_arena_c100_0_kernel_1_range_for
[  2.94%   0.110 s      6x |    7.631    18.263    24.684 ms] sheet_resolve_shade_arena_c176_1_kernel_1_range_for
[  1.75%   0.065 s     49x |    0.029     1.335     7.629 ms] wavefront_shadow_events_c98_0_kernel_1_range_for
[  1.56%   0.058 s     55x |    0.414     1.060     1.518 ms] compact_ray_slots_c76_0_kernel_1_range_for
[  1.56%   0.058 s     12x |    0.930     4.848    12.167 ms] raster_tri_write_c104_0_kernel_1_range_for
[  0.91%   0.034 s     12x |    0.713     2.819     5.504 ms] raster_tri_count_c102_0_kernel_1_range_for
[  0.87%   0.033 s    109x |    0.258     0.299     0.317 ms] gloss_scatter_c68_0_kernel_1_range_for
[  0.80%   0.030 s      6x |    2.257     4.988     6.725 ms] sheet_resolve_shade_arena_c176_0_kernel_1_range_for
[  0.60%   0.022 s      6x |    1.440     3.719     5.351 ms] solid_shell_ceiling_c156_0_kernel_1_range_for
[  0.31%   0.012 s      6x |    0.891     1.953     2.770 ms] band_stats_reduce_c158_0_kernel_1_range_for
[  0.28%   0.010 s    981x |    0.004     0.011     0.047 ms] gloss_pyramid_level_c70_0_kernel_1_range_for
[  0.20%   0.007 s    981x |    0.004     0.007     0.054 ms] gloss_pyramid_level_c70_0_kernel_0_serial
[  0.19%   0.007 s      6x |    0.465     1.174     1.642 ms] pixel_group_order_c184_0_kernel_1_range_for
[  0.16%   0.006 s      6x |    0.475     0.984     1.355 ms] sheet_lane_first_owner_c154_0_kernel_1_range_for
[  0.15%   0.006 s    109x |    0.049     0.051     0.061 ms] gloss_composite_c72_0_kernel_1_range_for
[  0.15%   0.006 s     12x |    0.213     0.461     0.641 ms] sheet_band_reduce_c142_0_kernel_1_range_for
[  0.14%   0.005 s      6x |    0.426     0.895     1.241 ms] sheet_depth_lose_c170_0_kernel_1_range_for
[  0.13%   0.005 s      6x |    0.295     0.817     1.149 ms] one_mesh_pixel_reduce_c150_0_kernel_1_range_for
[  0.12%   0.005 s      6x |    0.369     0.763     1.053 ms] sheet_lane_depths_c168_0_kernel_1_range_for
[  0.12%   0.004 s      7x |    0.043     0.622     1.003 ms] env_background_prefill_c178_0_kernel_1_range_for
[  0.12%   0.004 s     32x |    0.018     0.134     0.482 ms] wavefront_ray_sort_keys_c78_1_kernel_1_range_for
[  0.12%   0.004 s    109x |    0.035     0.039     0.088 ms] wf_composite_accum_sparse_c86_0_kernel_1_range_for
[  0.10%   0.004 s      6x |    0.274     0.594     0.804 ms] key_run_order_c186_0_kernel_1_range_for
[  0.09%   0.003 s      6x |    0.260     0.559     0.770 ms] rank_groups_c174_0_kernel_1_range_for
[  0.08%   0.003 s     43x |    0.019     0.074     0.589 ms] pn_patch_flatness_error_c60_0_kernel_1_range_for
[  0.08%   0.003 s      7x |    0.025     0.427     0.684 ms] tonemap_to_u8_c188_0_kernel_1_range_for
[  0.08%   0.003 s      6x |    0.217     0.473     0.657 ms] band_stats_rep_orig_c160_0_kernel_1_range_for
[  0.07%   0.003 s      6x |    0.214     0.460     0.638 ms] sheet_band_reduce_c142_1_kernel_1_range_for
[  0.07%   0.003 s     12x |    0.054     0.227     0.476 ms] pair_expand_write_c164_0_kernel_1_range_for
[  0.06%   0.002 s      6x |    0.162     0.378     0.537 ms] sheet_conflict_rank_c146_0_kernel_1_range_for
[  0.06%   0.002 s      6x |    0.127     0.349     0.485 ms] one_mesh_pixel_apply_c152_0_kernel_1_range_for
[  0.05%   0.002 s      6x |    0.178     0.322     0.440 ms] key_run_order_c186_1_kernel_1_range_for
[  0.03%   0.001 s      6x |    0.077     0.182     0.248 ms] opaque_prefix_keep_c148_0_kernel_1_range_for
[  0.03%   0.001 s    109x |    0.006     0.009     0.032 ms] gloss_scatter_c68_0_kernel_0_serial
[  0.03%   0.001 s     12x |    0.039     0.083     0.113 ms] mask_popcount_c144_0_kernel_1_range_for
[  0.02%   0.001 s    109x |    0.004     0.008     0.020 ms] wf_composite_accum_sparse_c86_0_kernel_0_serial
[  0.02%   0.001 s     16x |    0.013     0.055     0.224 ms] wavefront_ray_sort_keys_c78_0_kernel_1_range_for
[  0.02%   0.001 s     10x |    0.016     0.078     0.215 ms] pn_edge_chord_error_c64_0_kernel_1_range_for
[  0.02%   0.001 s    109x |    0.005     0.007     0.023 ms] gloss_composite_c72_0_kernel_0_serial
[  0.02%   0.001 s     12x |    0.023     0.059     0.098 ms] pair_expand_count_c162_0_kernel_1_range_for
[  0.02%   0.001 s     55x |    0.009     0.012     0.034 ms] raster_shadow_trace_arena_c110_0_kernel_0_serial
[  0.02%   0.001 s     49x |    0.010     0.013     0.040 ms] wavefront_shade_arena_c100_0_kernel_0_serial
[  0.01%   0.001 s     49x |    0.008     0.011     0.027 ms] wavefront_shadow_events_c98_0_kernel_0_serial
[  0.01%   0.001 s     55x |    0.005     0.009     0.018 ms] compact_ray_slots_c76_0_kernel_0_serial
[  0.01%   0.000 s     49x |    0.008     0.010     0.012 ms] wavefront_traverse_events_arena_c96_0_kernel_0_serial
[  0.01%   0.000 s     43x |    0.006     0.008     0.011 ms] pn_patch_flatness_error_c60_0_kernel_0_serial
[  0.01%   0.000 s     32x |    0.008     0.010     0.024 ms] wavefront_ray_sort_keys_c78_1_kernel_0_serial
[  0.00%   0.000 s     16x |    0.008     0.011     0.029 ms] wavefront_ray_sort_keys_c78_0_kernel_0_serial
[  0.00%   0.000 s     12x |    0.009     0.013     0.031 ms] raster_tri_write_c104_0_kernel_0_serial
[  0.00%   0.000 s     12x |    0.009     0.013     0.028 ms] pair_expand_write_c164_0_kernel_0_serial
[  0.00%   0.000 s     12x |    0.009     0.012     0.019 ms] pair_expand_count_c162_0_kernel_0_serial
[  0.00%   0.000 s     12x |    0.009     0.011     0.017 ms] raster_tri_count_c102_0_kernel_0_serial
[  0.00%   0.000 s     12x |    0.008     0.011     0.016 ms] mask_popcount_c144_0_kernel_0_serial
[  0.00%   0.000 s     12x |    0.007     0.010     0.016 ms] sheet_band_reduce_c142_0_kernel_0_serial
[  0.00%   0.000 s      7x |    0.012     0.015     0.018 ms] env_background_prefill_c178_0_kernel_0_serial
[  0.00%   0.000 s      6x |    0.011     0.017     0.035 ms] sheet_resolve_shade_arena_c176_1_kernel_0_serial
[  0.00%   0.000 s     10x |    0.008     0.009     0.012 ms] pn_edge_chord_error_c64_0_kernel_0_serial
[  0.00%   0.000 s      6x |    0.010     0.015     0.027 ms] sheet_resolve_shade_arena_c176_0_kernel_0_serial
[  0.00%   0.000 s      6x |    0.010     0.014     0.030 ms] sheet_depth_lose_c170_0_kernel_0_serial
[  0.00%   0.000 s      6x |    0.009     0.014     0.037 ms] one_mesh_pixel_apply_c152_0_kernel_0_serial
[  0.00%   0.000 s      6x |    0.008     0.013     0.025 ms] sheet_lane_depths_c168_0_kernel_0_serial
[  0.00%   0.000 s      7x |    0.008     0.010     0.013 ms] tonemap_to_u8_c188_0_kernel_0_serial
[  0.00%   0.000 s      6x |    0.007     0.012     0.020 ms] sheet_lane_first_owner_c154_0_kernel_0_serial
[  0.00%   0.000 s      6x |    0.008     0.012     0.016 ms] band_stats_reduce_c158_0_kernel_0_serial
[  0.00%   0.000 s      6x |    0.010     0.011     0.013 ms] key_run_order_c186_1_kernel_0_serial
[  0.00%   0.000 s      6x |    0.010     0.011     0.012 ms] sheet_conflict_rank_c146_0_kernel_0_serial
[  0.00%   0.000 s      6x |    0.009     0.011     0.012 ms] one_mesh_pixel_reduce_c150_0_kernel_0_serial
[  0.00%   0.000 s      6x |    0.009     0.011     0.012 ms] solid_shell_ceiling_c156_0_kernel_0_serial
[  0.00%   0.000 s      6x |    0.009     0.010     0.012 ms] pixel_group_order_c184_0_kernel_0_serial
[  0.00%   0.000 s      6x |    0.008     0.010     0.015 ms] sheet_band_reduce_c142_1_kernel_0_serial
[  0.00%   0.000 s      6x |    0.008     0.010     0.014 ms] band_stats_rep_orig_c160_0_kernel_0_serial
[  0.00%   0.000 s      6x |    0.009     0.010     0.011 ms] key_run_order_c186_0_kernel_0_serial
[  0.00%   0.000 s      6x |    0.008     0.010     0.011 ms] opaque_prefix_keep_c148_0_kernel_0_serial
[  0.00%   0.000 s      6x |    0.009     0.010     0.010 ms] rank_groups_c174_0_kernel_0_serial
-------------------------------------------------------------------------
[100.00%] Total execution time:   3.731 s   number of results: 76
=========================================================================
report written to algan_profile_report_graphics_PREVIEW.txt
--- step graphics_preview: ok (rc=0) in 188.6s

==============================================================================
