Rendering device set to cuda
[Taichi] version 1.7.4, llvm 15.0.1, commit b4b956fd, win, python 3.11.6
[Taichi] Starting on arch=cuda
ARM=b0  QUALITY=PREVIEW  ALGAN_ANALYTIC_AA_SECONDARY=(default)
Encoding video with libx264
Began rendering profilingnn_abl_b0_PREVIEW_run1.mp4
[W 08/26/26 01:26:54.949 3692] [kernel_compilation_manager.cpp:taichi::lang::KernelCompilationManager::KernelCompilationManager@66] Lock C:\Users\Nathan F. Elazar\.algan\cache\taichi/ticache.lock failed. Please run 'ti cache clean -p C:\Users\Nathan F. Elazar\.algan\cache\taichi' and try again.
Preparing render kernels. If this is the first render on this machine (or after an update), compiling the GPU kernels can take several minutes. Compiled kernels are cached, so subsequent renders start immediately.
[W 08/26/26 01:27:20.709 3692] TaichiWarning
While compiling `opaque_prefix_keep_c144_0`, File "D:\algan_wt_lab\algan\rendering\raytracing\sheet_compact_taichi.py", line 268, in opaque_prefix_keep:
            keep[jj] = 1 if jj <= ke else 0
            ^^^^^^^^^^^^^^^^^^^^^^^^^^^^^^^
Assign may lose precision: u8 <- i32
Finished rendering profilingnn_abl_b0_PREVIEW_run1.mp4 in 164.1 s
Encoding video with libx264
Began rendering profilingnn_abl_b0_PREVIEW_run2.mp4
Finished rendering profilingnn_abl_b0_PREVIEW_run2.mp4 in 30.0 s
[profiling] hooked 38 Taichi kernels (170 ti.funcs are inlined and not separately timed)

===== profiling run 1/2 (cold) =====

===== profiling run 2/2 (warm) =====

==============================================================================
Algan ray-tracing scene profile
==============================================================================
device: NVIDIA GeForce GTX 1050
  driver 576.52  compute cap 6.1  4096 MiB  max SM 1911 MHz / mem 3504 MHz  PCIe gen3 x16
  profiling tools: nvidia-smi=yes, nvprof=yes, ncu=no, nsys=no
  Taichi kernel profiler: off (wall-time only)
  hooked kernels (38): bezier_chord_hull_error, compact_ray_slots, env_background_prefill, fill_background_from_func, finalize_samples, gather_fragment_arrays, gloss_composite, gloss_pyramid_level, gloss_scatter, mask_popcount, one_mesh_pixel_apply, one_mesh_pixel_reduce, opaque_prefix_keep, path_trace_physical_stbvh, path_trace_scene_stbvh, pn_edge_chord_error, pn_patch_flatness_error, raster_bez_count, raster_bez_write, raster_shadow_trace, raster_tri_count, raster_tri_write, sheet_band_reduce, sheet_conflict_rank, sheet_lane_first_owner, sheet_resolve_shade, wavefront_generate_rays, wavefront_shade, wavefront_shadow, wavefront_traverse, wavefront_traverse_events, wf_composite, wf_composite_aa, wf_composite_accum, wf_composite_accum_aa, wf_composite_accum_sparse, wf_finalize_aa, wf_finalize_uncovered

------------------------------------------------------------------------------
RUN 1 (cold (includes Taichi JIT compile)): end-to-end 164.25s
------------------------------------------------------------------------------
incl is wall time, excl is time spent in function excluding sub-processes of another tracked stage
stage                                                calls  incl (s) incl (%)  excl (s)  excl (%)launch    sync      
ray traced render total                                 11   146.930    89.5%     0.077     0.0%     0.000     0.000
wavefront_loop                                          11   145.477    88.6%     0.134     0.1%     0.000     0.000
raster: sparse resolve                                  11   114.195    69.5%     0.089     0.1%     0.000     0.000
kernel: sheet_resolve_shade                             22   101.740    61.9%   101.740    61.9%   101.521     0.213
Scene.get_batch_of_primitives                           10    82.085    50.0%     1.695     1.0%     0.000     0.000
surfaces: get_render_primitives_batched                 20    50.455    30.7%    45.009    27.4%     0.000     0.000
raster: sparse discovery                                11    28.841    17.6%     0.384     0.2%     0.000     0.000
AnimationTimeline.set_state_to_times                    10    27.574    16.8%    24.177    14.7%     0.000     0.000
arena preflight (batch)                                 10    13.184     8.0%     0.038     0.0%     0.000     0.000
kernel: raster_shadow_trace                             11    12.366     7.5%    12.366     7.5%     5.891     6.474
kernel: raster_tri_count                                22    10.127     6.2%    10.127     6.2%     8.774     1.307
AttributeTimeline.get                                42867     9.194     5.6%     9.194     5.6%     0.000     0.000
kernel: raster_tri_write                                22     7.691     4.7%     7.691     4.7%     6.860     0.829
  - project_to_screen (prewarm)                         10     6.706     4.1%     0.170     0.1%     0.000     0.000
merge collections + build BVHs                          10     6.439     3.9%     2.546     1.6%     0.000     0.000
logical PN: dice + shade + pack (project_to_screen)     30     5.180     3.2%     0.147     0.1%     0.000     0.000
logical PN:   - _dice_logical_pn                        30     5.034     3.1%     1.046     0.6%     0.000     0.000
  - refit-BVH build (in merge)                          20     3.762     2.3%     3.762     2.3%     0.000     0.000
kernel: raster_bez_count                                11     3.517     2.1%     3.517     2.1%     3.495     0.021
raster:   - compact_sheets                              11     3.427     2.1%     1.084     0.7%     0.000     0.000
logical PN:     - subdivision levels                    30     3.058     1.9%     0.114     0.1%     0.000     0.000
kernel: raster_bez_write                                11     2.267     1.4%     2.267     1.4%     2.249     0.018
Surface.get_render_primitives                           10     1.840     1.1%     1.835     1.1%     0.000     0.000
logical PN:       - edge level search                   30     1.601     1.0%     0.089     0.1%     0.000     0.000
logical PN:         - edge chord error                  40     1.512     0.9%     0.010     0.0%     0.000     0.000
kernel: pn_edge_chord_error                             40     1.502     0.9%     1.502     0.9%     1.494     0.007
beziers: sample + pack (project_to_screen)              10     1.356     0.8%     0.007     0.0%     0.000     0.000
post-process (downsample/FXAA/glow)                     11     1.344     0.8%     0.081     0.0%     0.000     0.000
logical PN:       - patch level search                  30     1.317     0.8%     0.095     0.1%     0.000     0.000
logical PN:         - patch flatness error              60     1.248     0.8%     0.024     0.0%     0.000     0.000
kernel: pn_patch_flatness_error                         60     1.225     0.7%     1.225     0.7%     1.213     0.009
AttributeTimeline.modify                              6384     1.109     0.7%     1.109     0.7%     0.000     0.000
AttributeTimeline.rematerialize_state_at_times         260     1.050     0.6%     1.050     0.6%     0.000     0.000
beziers:   - _compute_samples_per_segment               10     1.020     0.6%     0.026     0.0%     0.000     0.000
kernel: bezier_chord_hull_error                         30     0.994     0.6%     0.994     0.6%     0.992     0.001
kernel: gloss_composite                                 50     0.859     0.5%     0.859     0.5%     0.852     0.005
post:   - tonemap/finalize                              11     0.786     0.5%     0.786     0.5%     0.000     0.000
logical PN:     - interpolate attrs                    970     0.621     0.4%     0.621     0.4%     0.000     0.000
raster:     - sheets lexsort                            33     0.514     0.3%     0.514     0.3%     0.000     0.000
raster:   - window pairs                                22     0.465     0.3%     0.465     0.3%     0.000     0.000
kernel: gloss_pyramid_level                            450     0.464     0.3%     0.464     0.3%     0.420     0.030
AttributeTimeline.add                                 2770     0.459     0.3%     0.459     0.3%     0.000     0.000
post:   - bloom fft conv                                44     0.442     0.3%     0.442     0.3%     0.000     0.000
raster:     - sheets band reduce                        22     0.418     0.3%     0.025     0.0%     0.000     0.000
kernel: sheet_band_reduce                               22     0.393     0.2%     0.393     0.2%     0.371     0.021
raster:     - sheets band composite                     11     0.391     0.2%     0.028     0.0%     0.000     0.000
raster:     - sheets shade class                        11     0.387     0.2%     0.387     0.2%     0.000     0.000
raster:     - sheets conflict rank                      11     0.332     0.2%     0.005     0.0%     0.000     0.000
kernel: sheet_conflict_rank                             11     0.327     0.2%     0.327     0.2%     0.286     0.041
wavefront:   - raster tables (batch)                    10     0.315     0.2%     0.006     0.0%     0.000     0.000
beziers:   - _build_circuit_geometry                    10     0.295     0.2%     0.295     0.2%     0.000     0.000
kernel: gloss_scatter                                   50     0.282     0.2%     0.282     0.2%     0.277     0.003
raster:     - sheets prim split                         11     0.260     0.2%     0.260     0.2%     0.000     0.000
kernel: one_mesh_pixel_reduce                           11     0.257     0.2%     0.257     0.2%     0.211     0.045
kernel: sheet_lane_first_owner                          11     0.248     0.2%     0.248     0.2%     0.239     0.009
kernel: opaque_prefix_keep                              11     0.239     0.1%     0.239     0.1%     0.232     0.007
raster:   - fragment sort                               11     0.238     0.1%     0.238     0.1%     0.000     0.000
kernel: wf_composite_accum_sparse                       50     0.233     0.1%     0.233     0.1%     0.228     0.003
scene upload to arena                                   10     0.218     0.1%     0.218     0.1%     0.000     0.000
kernel: one_mesh_pixel_apply                            11     0.177     0.1%     0.177     0.1%     0.160     0.016
wavefront:   - compact active                           11     0.155     0.1%     0.004     0.0%     0.000     0.000
raster:   - precompute bez bounds                       10     0.155     0.1%     0.155     0.1%     0.000     0.000
kernel: compact_ray_slots                               11     0.151     0.1%     0.151     0.1%     0.148     0.003
BezierCircuitCubic.get_render_primitives                10     0.148     0.1%     0.098     0.1%     0.000     0.000
kernel: mask_popcount                                   11     0.145     0.1%     0.145     0.1%     0.143     0.001
  - bezier edge accel (in merge)                        10     0.131     0.1%     0.131     0.1%     0.000     0.000
logical PN:     - evaluate patch                        50     0.120     0.1%     0.120     0.1%     0.000     0.000
logical PN:     - snap boundary                        100     0.117     0.1%     0.117     0.1%     0.000     0.000
raster:   - precompute tri projection                   10     0.087     0.1%     0.087     0.1%     0.000     0.000
logical PN:     - evaluate normals                      50     0.073     0.0%     0.073     0.0%     0.000     0.000
raster:   - precompute tri bounds                       10     0.067     0.0%     0.067     0.0%     0.000     0.000
raster:   - fragment gather                             11     0.053     0.0%     0.053     0.0%     0.000     0.000
memory reclaim (gc + cuda cache)                        41     0.040     0.0%     0.040     0.0%     0.000     0.000
beziers:   - _build_frame_bounds                        10     0.033     0.0%     0.033     0.0%     0.000     0.000
background prefill                                      11     0.032     0.0%     0.032     0.0%     0.000     0.000
post:   - device->host copy                             11     0.025     0.0%     0.025     0.0%     0.000     0.000
video encode tail (ffmpeg drain)                         1     0.013     0.0%     0.013     0.0%     0.000     0.000
raster:     - sheets sibling weights                    11     0.012     0.0%     0.012     0.0%     0.000     0.000
post:   - bloom downsample                              11     0.011     0.0%     0.011     0.0%     0.000     0.000
free-VRAM probe (empty_cache)                            1     0.000     0.0%     0.000     0.0%     0.000     0.000
(unaccounted: video encode, scene mgmt, ...)                 -80.762   -49.2%

GPU telemetry over render (1003 samples @ ~10 Hz, min/avg/max):
  utilization  0/15/100 %   mem-util 0/4/76 %
  SM clock     139/966/1632 MHz   mem clock 405/2205/3504 MHz
  temperature  68/75/83 C   power n/a
  no clock throttling observed

GPU memory: peak allocated 2042 MB, peak reserved 2454 MB
  batch 0: merged tensors 179.8 MB, BVHs 8.2 MB (cuda after merge 1760 MB)
    counts: num_colored_triangles=0, num_triangles=26798, num_circuits=41, num_frames=5
    tri_bvh: 0 instances, 13387 nodes, 0 leaves, 4.1 MB
    tri_opaque_bvh: 0 instances, 13387 nodes, 0 leaves, 4.1 MB
    bez_bvh: 0 instances, 20 nodes, 0 leaves, 0.0 MB
    bez_opaque_bvh: 0 instances, 20 nodes, 0 leaves, 0.0 MB
    textures: (5, 1573712, 5) = 150.1 MB
    tri_mat: (5, 26798, 34) = 17.4 MB
    tri_pos: (5, 26798, 9) = 4.6 MB
    tri_norm: (5, 26798, 9) = 4.6 MB
    tri_tex_meta: (26798, 10) = 1.0 MB
    tri_uvs: (1, 26798, 6) = 0.6 MB
  batch 1: merged tensors 179.8 MB, BVHs 8.2 MB (cuda after merge 1761 MB)
    counts: num_colored_triangles=0, num_triangles=26806, num_circuits=41, num_frames=5
    tri_bvh: 0 instances, 13395 nodes, 0 leaves, 4.1 MB
    tri_opaque_bvh: 0 instances, 13395 nodes, 0 leaves, 4.1 MB
    bez_bvh: 0 instances, 20 nodes, 0 leaves, 0.0 MB
    bez_opaque_bvh: 0 instances, 20 nodes, 0 leaves, 0.0 MB
    textures: (5, 1573712, 5) = 150.1 MB
    tri_mat: (5, 26806, 34) = 17.4 MB
    tri_pos: (5, 26806, 9) = 4.6 MB
    tri_norm: (5, 26806, 9) = 4.6 MB
    tri_tex_meta: (26806, 10) = 1.0 MB
    tri_uvs: (1, 26806, 6) = 0.6 MB
  batch 2: merged tensors 179.8 MB, BVHs 8.2 MB (cuda after merge 1761 MB)
    counts: num_colored_triangles=0, num_triangles=26810, num_circuits=41, num_frames=5
    tri_bvh: 0 instances, 13355 nodes, 0 leaves, 4.1 MB
    tri_opaque_bvh: 0 instances, 13355 nodes, 0 leaves, 4.1 MB
    bez_bvh: 0 instances, 20 nodes, 0 leaves, 0.0 MB
    bez_opaque_bvh: 0 instances, 20 nodes, 0 leaves, 0.0 MB
    textures: (5, 1573728, 5) = 150.1 MB
    tri_mat: (5, 26810, 34) = 17.4 MB
    tri_pos: (5, 26810, 9) = 4.6 MB
    tri_norm: (5, 26810, 9) = 4.6 MB
    tri_tex_meta: (26810, 10) = 1.0 MB
    tri_uvs: (1, 26810, 6) = 0.6 MB
  batch 3: merged tensors 179.8 MB, BVHs 8.1 MB (cuda after merge 1761 MB)
    counts: num_colored_triangles=0, num_triangles=26810, num_circuits=41, num_frames=5
    tri_bvh: 0 instances, 13272 nodes, 0 leaves, 4.1 MB
    tri_opaque_bvh: 0 instances, 13272 nodes, 0 leaves, 4.1 MB
    bez_bvh: 0 instances, 20 nodes, 0 leaves, 0.0 MB
    bez_opaque_bvh: 0 instances, 20 nodes, 0 leaves, 0.0 MB
    textures: (5, 1573728, 5) = 150.1 MB
    tri_mat: (5, 26810, 34) = 17.4 MB
    tri_pos: (5, 26810, 9) = 4.6 MB
    tri_norm: (5, 26810, 9) = 4.6 MB
    tri_tex_meta: (26810, 10) = 1.0 MB
    tri_uvs: (1, 26810, 6) = 0.6 MB
  batch 4: merged tensors 179.9 MB, BVHs 8.2 MB (cuda after merge 1761 MB)
    counts: num_colored_triangles=0, num_triangles=26854, num_circuits=41, num_frames=5
    tri_bvh: 0 instances, 13411 nodes, 0 leaves, 4.1 MB
    tri_opaque_bvh: 0 instances, 13411 nodes, 0 leaves, 4.1 MB
    bez_bvh: 0 instances, 20 nodes, 0 leaves, 0.0 MB
    bez_opaque_bvh: 0 instances, 20 nodes, 0 leaves, 0.0 MB
    textures: (5, 1573742, 5) = 150.1 MB
    tri_mat: (5, 26854, 34) = 17.4 MB
    tri_pos: (5, 26854, 9) = 4.6 MB
    tri_norm: (5, 26854, 9) = 4.6 MB
    tri_tex_meta: (26854, 10) = 1.0 MB
    tri_uvs: (1, 26854, 6) = 0.6 MB
  batch 5: merged tensors 179.9 MB, BVHs 8.2 MB (cuda after merge 1761 MB)
    counts: num_colored_triangles=0, num_triangles=26850, num_circuits=41, num_frames=5
    tri_bvh: 0 instances, 13489 nodes, 0 leaves, 4.1 MB
    tri_opaque_bvh: 0 instances, 13489 nodes, 0 leaves, 4.1 MB
    bez_bvh: 0 instances, 20 nodes, 0 leaves, 0.0 MB
    bez_opaque_bvh: 0 instances, 20 nodes, 0 leaves, 0.0 MB
    textures: (5, 1573738, 5) = 150.1 MB
    tri_mat: (5, 26850, 34) = 17.4 MB
    tri_pos: (5, 26850, 9) = 4.6 MB
    tri_norm: (5, 26850, 9) = 4.6 MB
    tri_tex_meta: (26850, 10) = 1.0 MB
    tri_uvs: (1, 26850, 6) = 0.6 MB
  batch 6: merged tensors 179.9 MB, BVHs 8.2 MB (cuda after merge 1761 MB)
    counts: num_colored_triangles=0, num_triangles=26910, num_circuits=41, num_frames=5
    tri_bvh: 0 instances, 13408 nodes, 0 leaves, 4.1 MB
    tri_opaque_bvh: 0 instances, 13408 nodes, 0 leaves, 4.1 MB
    bez_bvh: 0 instances, 20 nodes, 0 leaves, 0.0 MB
    bez_opaque_bvh: 0 instances, 20 nodes, 0 leaves, 0.0 MB
    textures: (5, 1573728, 5) = 150.1 MB
    tri_mat: (5, 26910, 34) = 17.5 MB
    tri_pos: (5, 26910, 9) = 4.6 MB
    tri_norm: (5, 26910, 9) = 4.6 MB
    tri_tex_meta: (26910, 10) = 1.0 MB
    tri_uvs: (1, 26910, 6) = 0.6 MB
  batch 7: merged tensors 179.9 MB, BVHs 8.2 MB (cuda after merge 1761 MB)
    counts: num_colored_triangles=0, num_triangles=26938, num_circuits=41, num_frames=5
    tri_bvh: 0 instances, 13442 nodes, 0 leaves, 4.1 MB
    tri_opaque_bvh: 0 instances, 13442 nodes, 0 leaves, 4.1 MB
    bez_bvh: 0 instances, 20 nodes, 0 leaves, 0.0 MB
    bez_opaque_bvh: 0 instances, 20 nodes, 0 leaves, 0.0 MB
    textures: (5, 1573726, 5) = 150.1 MB
    tri_mat: (5, 26938, 34) = 17.5 MB
    tri_pos: (5, 26938, 9) = 4.6 MB
    tri_norm: (5, 26938, 9) = 4.6 MB
    tri_tex_meta: (26938, 10) = 1.0 MB
    tri_uvs: (1, 26938, 6) = 0.6 MB
  batch 8: merged tensors 180.0 MB, BVHs 8.3 MB (cuda after merge 1761 MB)
    counts: num_colored_triangles=0, num_triangles=26946, num_circuits=41, num_frames=5
    tri_bvh: 0 instances, 13524 nodes, 0 leaves, 4.1 MB
    tri_opaque_bvh: 0 instances, 13524 nodes, 0 leaves, 4.1 MB
    bez_bvh: 0 instances, 20 nodes, 0 leaves, 0.0 MB
    bez_opaque_bvh: 0 instances, 20 nodes, 0 leaves, 0.0 MB
    textures: (5, 1573714, 5) = 150.1 MB
    tri_mat: (5, 26946, 34) = 17.5 MB
    tri_pos: (5, 26946, 9) = 4.6 MB
    tri_norm: (5, 26946, 9) = 4.6 MB
    tri_tex_meta: (26946, 10) = 1.0 MB
    tri_uvs: (1, 26946, 6) = 0.6 MB
  batch 9: merged tensors 166.0 MB, BVHs 8.3 MB (cuda after merge 1761 MB)
    counts: num_colored_triangles=0, num_triangles=26934, num_circuits=41, num_frames=5
    tri_bvh: 0 instances, 13508 nodes, 0 leaves, 4.1 MB
    tri_opaque_bvh: 0 instances, 13508 nodes, 0 leaves, 4.1 MB
    bez_bvh: 0 instances, 20 nodes, 0 leaves, 0.0 MB
    bez_opaque_bvh: 0 instances, 20 nodes, 0 leaves, 0.0 MB
    textures: (5, 1573702, 5) = 150.1 MB
    tri_pos: (5, 26934, 9) = 4.6 MB
    tri_norm: (5, 26934, 9) = 4.6 MB
    tri_mat: (1, 26934, 34) = 3.5 MB
    tri_tex_meta: (26934, 10) = 1.0 MB
    tri_uvs: (1, 26934, 6) = 0.6 MB
  cProfile dump: disabled (set ALGAN_PROFILE_CPROFILE=1)

------------------------------------------------------------------------------
RUN 2 (warm (steady state)): end-to-end 30.23s
------------------------------------------------------------------------------
incl is wall time, excl is time spent in function excluding sub-processes of another tracked stage
stage                                                calls  incl (s) incl (%)  excl (s)  excl (%)launch    sync      
Scene.get_batch_of_primitives                           10    15.966    52.8%     2.030     6.7%     0.000     0.000
ray traced render total                                 11    14.857    49.1%     0.084     0.3%     0.000     0.000
wavefront_loop                                          11    14.272    47.2%     0.182     0.6%     0.000     0.000
arena preflight (batch)                                 10    10.740    35.5%     0.042     0.1%     0.000     0.000
merge collections + build BVHs                          10     7.370    24.4%     2.677     8.9%     0.000     0.000
raster: sparse resolve                                  11     7.195    23.8%     0.117     0.4%     0.000     0.000
kernel: raster_shadow_trace                             11     6.764    22.4%     6.764    22.4%     0.039     6.724
AnimationTimeline.set_state_to_times                    10     6.348    21.0%     3.755    12.4%     0.000     0.000
raster: sparse discovery                                11     6.091    20.1%     0.452     1.5%     0.000     0.000
  - refit-BVH build (in merge)                          20     4.544    15.0%     4.544    15.0%     0.000     0.000
AttributeTimeline.get                                42589     4.133    13.7%     4.133    13.7%     0.000     0.000
surfaces: get_render_primitives_batched                 20     3.830    12.7%     3.075    10.2%     0.000     0.000
  - project_to_screen (prewarm)                         10     3.328    11.0%     0.188     0.6%     0.000     0.000
Surface.get_render_primitives                           10     3.035    10.0%     3.025    10.0%     0.000     0.000
logical PN: dice + shade + pack (project_to_screen)     30     2.764     9.1%     0.156     0.5%     0.000     0.000
logical PN:   - _dice_logical_pn                        30     2.608     8.6%     1.103     3.6%     0.000     0.000
raster:   - compact_sheets                              11     2.500     8.3%     1.176     3.9%     0.000     0.000
kernel: raster_tri_count                                22     1.387     4.6%     1.387     4.6%     0.055     1.286
kernel: raster_tri_write                                22     0.863     2.9%     0.863     2.9%     0.055     0.806
AttributeTimeline.rematerialize_state_at_times         260     0.744     2.5%     0.744     2.5%     0.000     0.000
AttributeTimeline.modify                              6384     0.705     2.3%     0.705     2.3%     0.000     0.000
logical PN:     - interpolate attrs                    970     0.703     2.3%     0.703     2.3%     0.000     0.000
raster:     - sheets lexsort                            33     0.475     1.6%     0.475     1.6%     0.000     0.000
post-process (downsample/FXAA/glow)                     11     0.466     1.5%     0.094     0.3%     0.000     0.000
logical PN:     - subdivision levels                    30     0.420     1.4%     0.087     0.3%     0.000     0.000
raster:   - window pairs                                22     0.412     1.4%     0.412     1.4%     0.000     0.000
AttributeTimeline.add                                 2770     0.412     1.4%     0.412     1.4%     0.000     0.000
beziers: sample + pack (project_to_screen)              10     0.375     1.2%     0.005     0.0%     0.000     0.000
wavefront:   - raster tables (batch)                    10     0.369     1.2%     0.007     0.0%     0.000     0.000
raster:     - sheets shade class                        11     0.359     1.2%     0.359     1.2%     0.000     0.000
kernel: sheet_resolve_shade                             22     0.313     1.0%     0.313     1.0%     0.089     0.213
post:   - bloom fft conv                                44     0.308     1.0%     0.308     1.0%     0.000     0.000
BezierCircuitCubic.get_render_primitives                10     0.297     1.0%     0.225     0.7%     0.000     0.000
kernel: gloss_pyramid_level                            450     0.292     1.0%     0.292     1.0%     0.233     0.040
beziers:   - _build_circuit_geometry                    10     0.267     0.9%     0.267     0.9%     0.000     0.000
raster:     - sheets prim split                         11     0.259     0.9%     0.259     0.9%     0.000     0.000
scene upload to arena                                   10     0.232     0.8%     0.232     0.8%     0.000     0.000
raster:   - fragment sort                               11     0.229     0.8%     0.229     0.8%     0.000     0.000
raster:   - precompute bez bounds                       10     0.185     0.6%     0.185     0.6%     0.000     0.000
logical PN:       - patch level search                  30     0.183     0.6%     0.105     0.3%     0.000     0.000
logical PN:     - evaluate patch                        50     0.150     0.5%     0.150     0.5%     0.000     0.000
  - bezier edge accel (in merge)                        10     0.150     0.5%     0.150     0.5%     0.000     0.000
logical PN:     - snap boundary                        100     0.137     0.5%     0.137     0.5%     0.000     0.000
logical PN:       - edge level search                   30     0.116     0.4%     0.048     0.2%     0.000     0.000
logical PN:         - patch flatness error              60     0.113     0.4%     0.032     0.1%     0.000     0.000
raster:   - precompute tri projection                   10     0.101     0.3%     0.101     0.3%     0.000     0.000
raster:     - sheets band composite                     11     0.096     0.3%     0.044     0.1%     0.000     0.000
logical PN:     - evaluate normals                      50     0.095     0.3%     0.095     0.3%     0.000     0.000
raster:     - sheets band reduce                        22     0.081     0.3%     0.035     0.1%     0.000     0.000
kernel: pn_patch_flatness_error                         60     0.081     0.3%     0.081     0.3%     0.067     0.011
raster:   - precompute tri bounds                       10     0.076     0.3%     0.076     0.3%     0.000     0.000
logical PN:         - edge chord error                  40     0.068     0.2%     0.014     0.0%     0.000     0.000
beziers:   - _compute_samples_per_segment               10     0.065     0.2%     0.035     0.1%     0.000     0.000
kernel: one_mesh_pixel_reduce                           11     0.061     0.2%     0.061     0.2%     0.017     0.043
raster:     - sheets conflict rank                      11     0.058     0.2%     0.005     0.0%     0.000     0.000
kernel: pn_edge_chord_error                             40     0.054     0.2%     0.054     0.2%     0.045     0.007
kernel: sheet_conflict_rank                             11     0.053     0.2%     0.053     0.2%     0.009     0.043
kernel: raster_bez_count                                11     0.053     0.2%     0.053     0.2%     0.028     0.022
kernel: raster_bez_write                                11     0.051     0.2%     0.051     0.2%     0.031     0.019
kernel: gloss_scatter                                   50     0.048     0.2%     0.048     0.2%     0.040     0.005
kernel: sheet_band_reduce                               22     0.046     0.2%     0.046     0.2%     0.023     0.021
kernel: gloss_composite                                 50     0.043     0.1%     0.043     0.1%     0.035     0.006
kernel: wf_composite_accum_sparse                       50     0.038     0.1%     0.038     0.1%     0.032     0.004
beziers:   - _build_frame_bounds                        10     0.038     0.1%     0.038     0.1%     0.000     0.000
raster:   - fragment gather                             11     0.038     0.1%     0.038     0.1%     0.000     0.000
background prefill                                      11     0.035     0.1%     0.035     0.1%     0.000     0.000
post:   - device->host copy                             11     0.035     0.1%     0.035     0.1%     0.000     0.000
kernel: bezier_chord_hull_error                         30     0.030     0.1%     0.030     0.1%     0.027     0.002
kernel: one_mesh_pixel_apply                            11     0.028     0.1%     0.028     0.1%     0.011     0.015
kernel: sheet_lane_first_owner                          11     0.020     0.1%     0.020     0.1%     0.010     0.009
video encode tail (ffmpeg drain)                         1     0.020     0.1%     0.020     0.1%     0.000     0.000
post:   - tonemap/finalize                              11     0.018     0.1%     0.018     0.1%     0.000     0.000
kernel: opaque_prefix_keep                              11     0.017     0.1%     0.017     0.1%     0.010     0.007
wavefront:   - compact active                           11     0.016     0.1%     0.004     0.0%     0.000     0.000
raster:     - sheets sibling weights                    11     0.015     0.1%     0.015     0.1%     0.000     0.000
post:   - bloom downsample                              11     0.012     0.0%     0.012     0.0%     0.000     0.000
kernel: compact_ray_slots                               11     0.011     0.0%     0.011     0.0%     0.008     0.003
kernel: mask_popcount                                   11     0.011     0.0%     0.011     0.0%     0.008     0.002
memory reclaim (gc + cuda cache)                        41     0.009     0.0%     0.009     0.0%     0.000     0.000
free-VRAM probe (empty_cache)                            1     0.000     0.0%     0.000     0.0%     0.000     0.000
(unaccounted: video encode, scene mgmt, ...)                 -13.730   -45.4%

GPU telemetry over render (263 samples @ ~10 Hz, min/avg/max):
  utilization  0/50/100 %   mem-util 0/13/75 %
  SM clock     696/1540/1632 MHz   mem clock 2504/3477/3504 MHz
  temperature  74/81/86 C   power n/a
  ** THROTTLING observed: SwThermal (run-to-run timing is unreliable) **

GPU memory: peak allocated 1954 MB, peak reserved 2288 MB
  batch 0: merged tensors 179.8 MB, BVHs 8.2 MB (cuda after merge 1673 MB)
    counts: num_colored_triangles=0, num_triangles=26798, num_circuits=41, num_frames=5
    tri_bvh: 0 instances, 13387 nodes, 0 leaves, 4.1 MB
    tri_opaque_bvh: 0 instances, 13387 nodes, 0 leaves, 4.1 MB
    bez_bvh: 0 instances, 20 nodes, 0 leaves, 0.0 MB
    bez_opaque_bvh: 0 instances, 20 nodes, 0 leaves, 0.0 MB
    textures: (5, 1573712, 5) = 150.1 MB
    tri_mat: (5, 26798, 34) = 17.4 MB
    tri_pos: (5, 26798, 9) = 4.6 MB
    tri_norm: (5, 26798, 9) = 4.6 MB
    tri_tex_meta: (26798, 10) = 1.0 MB
    tri_uvs: (1, 26798, 6) = 0.6 MB
  batch 1: merged tensors 179.8 MB, BVHs 8.2 MB (cuda after merge 1673 MB)
    counts: num_colored_triangles=0, num_triangles=26806, num_circuits=41, num_frames=5
    tri_bvh: 0 instances, 13395 nodes, 0 leaves, 4.1 MB
    tri_opaque_bvh: 0 instances, 13395 nodes, 0 leaves, 4.1 MB
    bez_bvh: 0 instances, 20 nodes, 0 leaves, 0.0 MB
    bez_opaque_bvh: 0 instances, 20 nodes, 0 leaves, 0.0 MB
    textures: (5, 1573712, 5) = 150.1 MB
    tri_mat: (5, 26806, 34) = 17.4 MB
    tri_pos: (5, 26806, 9) = 4.6 MB
    tri_norm: (5, 26806, 9) = 4.6 MB
    tri_tex_meta: (26806, 10) = 1.0 MB
    tri_uvs: (1, 26806, 6) = 0.6 MB
  batch 2: merged tensors 179.8 MB, BVHs 8.2 MB (cuda after merge 1673 MB)
    counts: num_colored_triangles=0, num_triangles=26810, num_circuits=41, num_frames=5
    tri_bvh: 0 instances, 13355 nodes, 0 leaves, 4.1 MB
    tri_opaque_bvh: 0 instances, 13355 nodes, 0 leaves, 4.1 MB
    bez_bvh: 0 instances, 20 nodes, 0 leaves, 0.0 MB
    bez_opaque_bvh: 0 instances, 20 nodes, 0 leaves, 0.0 MB
    textures: (5, 1573728, 5) = 150.1 MB
    tri_mat: (5, 26810, 34) = 17.4 MB
    tri_pos: (5, 26810, 9) = 4.6 MB
    tri_norm: (5, 26810, 9) = 4.6 MB
    tri_tex_meta: (26810, 10) = 1.0 MB
    tri_uvs: (1, 26810, 6) = 0.6 MB
  batch 3: merged tensors 179.8 MB, BVHs 8.1 MB (cuda after merge 1673 MB)
    counts: num_colored_triangles=0, num_triangles=26810, num_circuits=41, num_frames=5
    tri_bvh: 0 instances, 13272 nodes, 0 leaves, 4.1 MB
    tri_opaque_bvh: 0 instances, 13272 nodes, 0 leaves, 4.1 MB
    bez_bvh: 0 instances, 20 nodes, 0 leaves, 0.0 MB
    bez_opaque_bvh: 0 instances, 20 nodes, 0 leaves, 0.0 MB
    textures: (5, 1573728, 5) = 150.1 MB
    tri_mat: (5, 26810, 34) = 17.4 MB
    tri_pos: (5, 26810, 9) = 4.6 MB
    tri_norm: (5, 26810, 9) = 4.6 MB
    tri_tex_meta: (26810, 10) = 1.0 MB
    tri_uvs: (1, 26810, 6) = 0.6 MB
  batch 4: merged tensors 179.9 MB, BVHs 8.2 MB (cuda after merge 1673 MB)
    counts: num_colored_triangles=0, num_triangles=26854, num_circuits=41, num_frames=5
    tri_bvh: 0 instances, 13411 nodes, 0 leaves, 4.1 MB
    tri_opaque_bvh: 0 instances, 13411 nodes, 0 leaves, 4.1 MB
    bez_bvh: 0 instances, 20 nodes, 0 leaves, 0.0 MB
    bez_opaque_bvh: 0 instances, 20 nodes, 0 leaves, 0.0 MB
    textures: (5, 1573742, 5) = 150.1 MB
    tri_mat: (5, 26854, 34) = 17.4 MB
    tri_pos: (5, 26854, 9) = 4.6 MB
    tri_norm: (5, 26854, 9) = 4.6 MB
    tri_tex_meta: (26854, 10) = 1.0 MB
    tri_uvs: (1, 26854, 6) = 0.6 MB
  batch 5: merged tensors 179.9 MB, BVHs 8.2 MB (cuda after merge 1673 MB)
    counts: num_colored_triangles=0, num_triangles=26850, num_circuits=41, num_frames=5
    tri_bvh: 0 instances, 13489 nodes, 0 leaves, 4.1 MB
    tri_opaque_bvh: 0 instances, 13489 nodes, 0 leaves, 4.1 MB
    bez_bvh: 0 instances, 20 nodes, 0 leaves, 0.0 MB
    bez_opaque_bvh: 0 instances, 20 nodes, 0 leaves, 0.0 MB
    textures: (5, 1573738, 5) = 150.1 MB
    tri_mat: (5, 26850, 34) = 17.4 MB
    tri_pos: (5, 26850, 9) = 4.6 MB
    tri_norm: (5, 26850, 9) = 4.6 MB
    tri_tex_meta: (26850, 10) = 1.0 MB
    tri_uvs: (1, 26850, 6) = 0.6 MB
  batch 6: merged tensors 179.9 MB, BVHs 8.2 MB (cuda after merge 1673 MB)
    counts: num_colored_triangles=0, num_triangles=26910, num_circuits=41, num_frames=5
    tri_bvh: 0 instances, 13408 nodes, 0 leaves, 4.1 MB
    tri_opaque_bvh: 0 instances, 13408 nodes, 0 leaves, 4.1 MB
    bez_bvh: 0 instances, 20 nodes, 0 leaves, 0.0 MB
    bez_opaque_bvh: 0 instances, 20 nodes, 0 leaves, 0.0 MB
    textures: (5, 1573728, 5) = 150.1 MB
    tri_mat: (5, 26910, 34) = 17.5 MB
    tri_pos: (5, 26910, 9) = 4.6 MB
    tri_norm: (5, 26910, 9) = 4.6 MB
    tri_tex_meta: (26910, 10) = 1.0 MB
    tri_uvs: (1, 26910, 6) = 0.6 MB
  batch 7: merged tensors 179.9 MB, BVHs 8.2 MB (cuda after merge 1673 MB)
    counts: num_colored_triangles=0, num_triangles=26938, num_circuits=41, num_frames=5
    tri_bvh: 0 instances, 13442 nodes, 0 leaves, 4.1 MB
    tri_opaque_bvh: 0 instances, 13442 nodes, 0 leaves, 4.1 MB
    bez_bvh: 0 instances, 20 nodes, 0 leaves, 0.0 MB
    bez_opaque_bvh: 0 instances, 20 nodes, 0 leaves, 0.0 MB
    textures: (5, 1573726, 5) = 150.1 MB
    tri_mat: (5, 26938, 34) = 17.5 MB
    tri_pos: (5, 26938, 9) = 4.6 MB
    tri_norm: (5, 26938, 9) = 4.6 MB
    tri_tex_meta: (26938, 10) = 1.0 MB
    tri_uvs: (1, 26938, 6) = 0.6 MB
  batch 8: merged tensors 180.0 MB, BVHs 8.3 MB (cuda after merge 1673 MB)
    counts: num_colored_triangles=0, num_triangles=26946, num_circuits=41, num_frames=5
    tri_bvh: 0 instances, 13524 nodes, 0 leaves, 4.1 MB
    tri_opaque_bvh: 0 instances, 13524 nodes, 0 leaves, 4.1 MB
    bez_bvh: 0 instances, 20 nodes, 0 leaves, 0.0 MB
    bez_opaque_bvh: 0 instances, 20 nodes, 0 leaves, 0.0 MB
    textures: (5, 1573714, 5) = 150.1 MB
    tri_mat: (5, 26946, 34) = 17.5 MB
    tri_pos: (5, 26946, 9) = 4.6 MB
    tri_norm: (5, 26946, 9) = 4.6 MB
    tri_tex_meta: (26946, 10) = 1.0 MB
    tri_uvs: (1, 26946, 6) = 0.6 MB
  batch 9: merged tensors 166.0 MB, BVHs 8.3 MB (cuda after merge 1673 MB)
    counts: num_colored_triangles=0, num_triangles=26934, num_circuits=41, num_frames=5
    tri_bvh: 0 instances, 13508 nodes, 0 leaves, 4.1 MB
    tri_opaque_bvh: 0 instances, 13508 nodes, 0 leaves, 4.1 MB
    bez_bvh: 0 instances, 20 nodes, 0 leaves, 0.0 MB
    bez_opaque_bvh: 0 instances, 20 nodes, 0 leaves, 0.0 MB
    textures: (5, 1573702, 5) = 150.1 MB
    tri_pos: (5, 26934, 9) = 4.6 MB
    tri_norm: (5, 26934, 9) = 4.6 MB
    tri_mat: (1, 26934, 34) = 3.5 MB
    tri_tex_meta: (26934, 10) = 1.0 MB
    tri_uvs: (1, 26934, 6) = 0.6 MB
  cProfile dump: disabled (set ALGAN_PROFILE_CPROFILE=1)

------------------------------------------------------------------------------
Registers / occupancy not collected in-process (Taichi CUPTI toolkit unavailable here).
Run this to get them via nvprof:

  # registers per thread (no admin needed):
  ALGAN_UNDER_NVPROF=1 nvprof --print-gpu-trace --csv D:\algan\.venv\Scripts\python.exe nn_ablation.py b0 PREVIEW
  # achieved occupancy (may need admin on Pascal):
  ALGAN_UNDER_NVPROF=1 nvprof --metrics achieved_occupancy --csv D:\algan\.venv\Scripts\python.exe nn_ablation.py b0 PREVIEW
report written to algan_profile_report_nn_abl_b0_PREVIEW.txt
DONE
