Rendering device set to cuda
Encoding video with libx264
Began rendering profilingnn_PREVIEW_run1.mp4
Finished rendering profilingnn_PREVIEW_run1.mp4 in 93.0 s
Encoding video with libx264
Began rendering profilingnn_PREVIEW_run2.mp4
Finished rendering profilingnn_PREVIEW_run2.mp4 in 29.3 s
[Taichi] version 1.7.4, llvm 15.0.1, commit b4b956fd, win, python 3.11.6
[Taichi] Starting on arch=cuda
[profiling] hooked 38 Taichi kernels (170 ti.funcs are inlined and not separately timed)

===== profiling run 1/2 (cold) =====

===== profiling run 2/2 (warm) =====

==============================================================================
Algan ray-tracing scene profile
==============================================================================
device: NVIDIA GeForce GTX 1050
  driver 576.52  compute cap 6.1  4096 MiB  max SM 1911 MHz / mem 3504 MHz  PCIe gen3 x16
  profiling tools: nvidia-smi=yes, nvprof=yes, ncu=no, nsys=no
  Taichi kernel profiler: off (wall-time only)
  hooked kernels (38): bezier_chord_hull_error, compact_ray_slots, env_background_prefill, fill_background_from_func, finalize_samples, gather_fragment_arrays, gloss_composite, gloss_pyramid_level, gloss_scatter, mask_popcount, one_mesh_pixel_apply, one_mesh_pixel_reduce, opaque_prefix_keep, path_trace_physical_stbvh, path_trace_scene_stbvh, pn_edge_chord_error, pn_patch_flatness_error, raster_bez_count, raster_bez_write, raster_shadow_trace, raster_tri_count, raster_tri_write, sheet_band_reduce, sheet_conflict_rank, sheet_lane_first_owner, sheet_resolve_shade, wavefront_generate_rays, wavefront_shade, wavefront_shadow, wavefront_traverse, wavefront_traverse_events, wf_composite, wf_composite_aa, wf_composite_accum, wf_composite_accum_aa, wf_composite_accum_sparse, wf_finalize_aa, wf_finalize_uncovered

------------------------------------------------------------------------------
RUN 1 (cold (includes Taichi JIT compile)): end-to-end 93.16s
------------------------------------------------------------------------------
incl is wall time, excl is time spent in function excluding sub-processes of another tracked stage
stage                                                calls  incl (s) incl (%)  excl (s)  excl (%)launch    sync      
ray traced render total                                 11    82.549    88.6%     0.052     0.1%     0.000     0.000
wavefront_loop                                          11    81.271    87.2%     0.016     0.0%     0.000     0.000
Scene.get_batch_of_primitives                           10    68.625    73.7%     1.459     1.6%     0.000     0.000
raster: sparse resolve                                  11    46.586    50.0%     0.067     0.1%     0.000     0.000
kernel: sheet_resolve_shade                             22    37.971    40.8%    37.971    40.8%    37.738     0.231
surfaces: get_render_primitives_batched                 20    37.762    40.5%    19.971    21.4%     0.000     0.000
AnimationTimeline.set_state_to_times                    10    28.014    30.1%    24.933    26.8%     0.000     0.000
AttributeTimeline.get                                42867    21.170    22.7%    21.170    22.7%     0.000     0.000
wavefront:   - bounce drain                             11    19.814    21.3%     0.023     0.0%     0.000     0.000
kernel: wavefront_shade                                 88    15.337    16.5%    15.337    16.5%    11.285     4.047
wavefront:   - bounce 0 shade                           11    13.315    14.3%     0.002     0.0%     0.000     0.000
raster: sparse discovery                                11    12.869    13.8%     0.288     0.3%     0.000     0.000
arena preflight (batch)                                 10     8.710     9.3%     0.026     0.0%     0.000     0.000
kernel: raster_shadow_trace                             11     8.548     9.2%     8.548     9.2%     2.315     6.232
merge collections + build BVHs                          10     4.717     5.1%     1.907     2.0%     0.000     0.000
kernel: wavefront_traverse_events                       88     4.176     4.5%     4.176     4.5%     2.639     1.532
  - project_to_screen (prewarm)                         10     3.967     4.3%     0.158     0.2%     0.000     0.000
kernel: raster_tri_count                                22     3.733     4.0%     3.733     4.0%     2.457     1.252
wavefront:   - bounce 0 traverse                        11     3.461     3.7%     0.001     0.0%     0.000     0.000
logical PN: dice + shade + pack (project_to_screen)     30     3.167     3.4%     0.121     0.1%     0.000     0.000
kernel: raster_tri_write                                22     3.050     3.3%     3.050     3.3%     2.250     0.800
logical PN:   - _dice_logical_pn                        30     3.046     3.3%     0.782     0.8%     0.000     0.000
  - refit-BVH build (in merge)                          20     2.713     2.9%     2.713     2.9%     0.000     0.000
raster:   - compact_sheets                              11     2.637     2.8%     1.019     1.1%     0.000     0.000
wavefront:   - tile composite                           11     1.688     1.8%     0.042     0.0%     0.000     0.000
logical PN:     - subdivision levels                    30     1.547     1.7%     0.094     0.1%     0.000     0.000
post-process (downsample/FXAA/glow)                     11     1.202     1.3%     0.115     0.1%     0.000     0.000
kernel: raster_bez_count                                11     1.116     1.2%     1.116     1.2%     1.098     0.018
wavefront:   - bounce 1 shade                           11     0.935     1.0%     0.002     0.0%     0.000     0.000
logical PN:       - edge level search                   30     0.860     0.9%     0.151     0.2%     0.000     0.000
AttributeTimeline.modify                              6384     0.840     0.9%     0.840     0.9%     0.000     0.000
wavefront:   - bounce 2 shade                           11     0.785     0.8%     0.002     0.0%     0.000     0.000
post:   - bloom fft conv                                44     0.774     0.8%     0.774     0.8%     0.000     0.000
kernel: raster_bez_write                                11     0.772     0.8%     0.772     0.8%     0.753     0.018
logical PN:         - edge chord error                  40     0.709     0.8%     0.008     0.0%     0.000     0.000
kernel: pn_edge_chord_error                             40     0.701     0.8%     0.701     0.8%     0.693     0.007
kernel: gloss_composite                                 50     0.653     0.7%     0.653     0.7%     0.645     0.006
beziers: sample + pack (project_to_screen)              10     0.641     0.7%     0.003     0.0%     0.000     0.000
AttributeTimeline.rematerialize_state_at_times         260     0.603     0.6%     0.603     0.6%     0.000     0.000
Surface.get_render_primitives                           10     0.593     0.6%     0.557     0.6%     0.000     0.000
logical PN:       - patch level search                  30     0.574     0.6%     0.076     0.1%     0.000     0.000
logical PN:         - patch flatness error              60     0.517     0.6%     0.018     0.0%     0.000     0.000
kernel: pn_patch_flatness_error                         60     0.499     0.5%     0.499     0.5%     0.488     0.010
logical PN:     - interpolate attrs                    970     0.492     0.5%     0.492     0.5%     0.000     0.000
raster:     - sheets lexsort                            33     0.457     0.5%     0.457     0.5%     0.000     0.000
kernel: gloss_pyramid_level                            450     0.438     0.5%     0.438     0.5%     0.410     0.018
raster:   - window pairs                                22     0.437     0.5%     0.437     0.5%     0.000     0.000
beziers:   - _compute_samples_per_segment               10     0.391     0.4%     0.021     0.0%     0.000     0.000
kernel: bezier_chord_hull_error                         30     0.370     0.4%     0.370     0.4%     0.368     0.001
raster:   - fragment sort                               11     0.370     0.4%     0.370     0.4%     0.000     0.000
raster:     - sheets shade class                        11     0.352     0.4%     0.352     0.4%     0.000     0.000
BezierCircuitCubic.get_render_primitives                10     0.346     0.4%     0.293     0.3%     0.000     0.000
wavefront:   - bounce 1 traverse                        11     0.342     0.4%     0.001     0.0%     0.000     0.000
kernel: wf_composite_accum_sparse                       50     0.309     0.3%     0.309     0.3%     0.306     0.002
AttributeTimeline.add                                 2770     0.271     0.3%     0.271     0.3%     0.000     0.000
post:   - tonemap/finalize                              11     0.266     0.3%     0.266     0.3%     0.000     0.000
wavefront:   - raster tables (batch)                    10     0.258     0.3%     0.004     0.0%     0.000     0.000
raster:     - sheets prim split                         11     0.249     0.3%     0.249     0.3%     0.000     0.000
kernel: gloss_scatter                                   50     0.247     0.3%     0.247     0.3%     0.242     0.003
wavefront:   - compact active                           99     0.242     0.3%     0.027     0.0%     0.000     0.000
beziers:   - _build_circuit_geometry                    10     0.224     0.2%     0.224     0.2%     0.000     0.000
kernel: compact_ray_slots                               99     0.216     0.2%     0.216     0.2%     0.188     0.025
raster:     - sheets band composite                     11     0.191     0.2%     0.026     0.0%     0.000     0.000
raster:     - sheets band reduce                        22     0.188     0.2%     0.023     0.0%     0.000     0.000
wavefront:   - bounce 2 traverse                        11     0.188     0.2%     0.001     0.0%     0.000     0.000
raster:     - sheets conflict rank                      11     0.178     0.2%     0.003     0.0%     0.000     0.000
kernel: sheet_conflict_rank                             11     0.175     0.2%     0.175     0.2%     0.133     0.041
kernel: one_mesh_pixel_reduce                           11     0.168     0.2%     0.168     0.2%     0.125     0.042
kernel: sheet_band_reduce                               22     0.165     0.2%     0.165     0.2%     0.145     0.019
scene upload to arena                                   10     0.142     0.2%     0.142     0.2%     0.000     0.000
wavefront:   - bounce 3 shade                           11     0.142     0.2%     0.002     0.0%     0.000     0.000
raster:   - precompute bez bounds                       10     0.122     0.1%     0.122     0.1%     0.000     0.000
kernel: opaque_prefix_keep                              11     0.122     0.1%     0.122     0.1%     0.115     0.006
kernel: one_mesh_pixel_apply                            11     0.117     0.1%     0.117     0.1%     0.101     0.015
  - bezier edge accel (in merge)                        10     0.098     0.1%     0.098     0.1%     0.000     0.000
kernel: sheet_lane_first_owner                          11     0.096     0.1%     0.096     0.1%     0.087     0.008
logical PN:     - snap boundary                        100     0.087     0.1%     0.087     0.1%     0.000     0.000
video encode tail (ffmpeg drain)                         1     0.086     0.1%     0.086     0.1%     0.000     0.000
logical PN:     - evaluate patch                        50     0.085     0.1%     0.085     0.1%     0.000     0.000
raster:   - precompute tri projection                   10     0.077     0.1%     0.077     0.1%     0.000     0.000
wavefront:   - bounce 4 shade                           11     0.065     0.1%     0.001     0.0%     0.000     0.000
wavefront:   - bounce 3 traverse                        11     0.065     0.1%     0.001     0.0%     0.000     0.000
kernel: mask_popcount                                   11     0.061     0.1%     0.061     0.1%     0.059     0.001
raster:   - fragment gather                             11     0.059     0.1%     0.059     0.1%     0.000     0.000
raster:   - precompute tri bounds                       10     0.055     0.1%     0.055     0.1%     0.000     0.000
logical PN:     - evaluate normals                      50     0.053     0.1%     0.053     0.1%     0.000     0.000
wavefront:   - bounce 4 traverse                        11     0.046     0.0%     0.001     0.0%     0.000     0.000
wavefront:   - bounce 6 shade                           11     0.042     0.0%     0.002     0.0%     0.000     0.000
wavefront:   - bounce 5 shade                           11     0.038     0.0%     0.001     0.0%     0.000     0.000
post:   - device->host copy                             11     0.038     0.0%     0.038     0.0%     0.000     0.000
wavefront:   - bounce 7 traverse                        11     0.036     0.0%     0.001     0.0%     0.000     0.000
wavefront:   - bounce 7 shade                           11     0.027     0.0%     0.001     0.0%     0.000     0.000
wavefront:   - tile state alloc                         11     0.025     0.0%     0.025     0.0%     0.000     0.000
wavefront:   - bounce 5 traverse                        11     0.024     0.0%     0.001     0.0%     0.000     0.000
background prefill                                      11     0.024     0.0%     0.024     0.0%     0.000     0.000
beziers:   - _build_frame_bounds                        10     0.024     0.0%     0.024     0.0%     0.000     0.000
wavefront:   - bounce 6 traverse                        11     0.023     0.0%     0.001     0.0%     0.000     0.000
memory reclaim (gc + cuda cache)                        41     0.022     0.0%     0.022     0.0%     0.000     0.000
wavefront:   - sparse setup                             11     0.011     0.0%     0.011     0.0%     0.000     0.000
wavefront:   - drain scratch                            88     0.010     0.0%     0.010     0.0%     0.000     0.000
raster:     - sheets sibling weights                    11     0.010     0.0%     0.010     0.0%     0.000     0.000
post:   - bloom downsample                              11     0.010     0.0%     0.010     0.0%     0.000     0.000
wavefront:   - drain active count                       88     0.003     0.0%     0.003     0.0%     0.000     0.000
wavefront:   - pool overflow poll                       11     0.002     0.0%     0.002     0.0%     0.000     0.000
wavefront:   - alloc readback                           11     0.002     0.0%     0.002     0.0%     0.000     0.000
free-VRAM probe (empty_cache)                            1     0.000     0.0%     0.000     0.0%     0.000     0.000
(unaccounted: video encode, scene mgmt, ...)                 -68.448   -73.5%

Wavefront bounce iterations (sheet route; wall time incl. launch + sync):
   bounce  calls     rays in  traverse s   shade s continuations
        0     11     1517142       3.461    13.315        451318
        1     11      451318       0.342     0.935        311986
        2     11      311986       0.188     0.785         35392
        3     11       35392       0.065     0.142           874
        4     11         874       0.046     0.065            60
        5     11          60       0.024     0.038            60
        6     11          60       0.023     0.042            60
        7     11          60       0.036     0.027             -
    total            1517142       4.185    15.349              
  first iteration holds 86.7% of all wavefront_shade time; bounce-loop kernels total 19.535s

GPU telemetry over render (810 samples @ ~10 Hz, min/avg/max):
  utilization  0/22/100 %   mem-util 0/4/80 %
  SM clock     139/1460/1670 MHz   mem clock 405/3257/3504 MHz
  temperature  53/62/75 C   power n/a
  ** THROTTLING observed: SwPowerCap, SwThermal (run-to-run timing is unreliable) **

GPU memory: peak allocated 2042 MB, peak reserved 2454 MB
  batch 0: merged tensors 179.8 MB, BVHs 8.2 MB (cuda after merge 1761 MB)
    counts: num_colored_triangles=0, num_triangles=26798, num_circuits=41, num_frames=5
    tri_bvh: 0 instances, 13387 nodes, 0 leaves, 4.1 MB
    tri_opaque_bvh: 0 instances, 13387 nodes, 0 leaves, 4.1 MB
    bez_bvh: 0 instances, 20 nodes, 0 leaves, 0.0 MB
    bez_opaque_bvh: 0 instances, 20 nodes, 0 leaves, 0.0 MB
    textures: (5, 1573712, 5) = 150.1 MB
    tri_mat: (5, 26798, 34) = 17.4 MB
    tri_pos: (5, 26798, 9) = 4.6 MB
    tri_norm: (5, 26798, 9) = 4.6 MB
    tri_tex_meta: (26798, 10) = 1.0 MB
    tri_uvs: (1, 26798, 6) = 0.6 MB
  batch 1: merged tensors 179.8 MB, BVHs 8.2 MB (cuda after merge 1761 MB)
    counts: num_colored_triangles=0, num_triangles=26806, num_circuits=41, num_frames=5
    tri_bvh: 0 instances, 13395 nodes, 0 leaves, 4.1 MB
    tri_opaque_bvh: 0 instances, 13395 nodes, 0 leaves, 4.1 MB
    bez_bvh: 0 instances, 20 nodes, 0 leaves, 0.0 MB
    bez_opaque_bvh: 0 instances, 20 nodes, 0 leaves, 0.0 MB
    textures: (5, 1573712, 5) = 150.1 MB
    tri_mat: (5, 26806, 34) = 17.4 MB
    tri_pos: (5, 26806, 9) = 4.6 MB
    tri_norm: (5, 26806, 9) = 4.6 MB
    tri_tex_meta: (26806, 10) = 1.0 MB
    tri_uvs: (1, 26806, 6) = 0.6 MB
  batch 2: merged tensors 179.8 MB, BVHs 8.2 MB (cuda after merge 1761 MB)
    counts: num_colored_triangles=0, num_triangles=26810, num_circuits=41, num_frames=5
    tri_bvh: 0 instances, 13355 nodes, 0 leaves, 4.1 MB
    tri_opaque_bvh: 0 instances, 13355 nodes, 0 leaves, 4.1 MB
    bez_bvh: 0 instances, 20 nodes, 0 leaves, 0.0 MB
    bez_opaque_bvh: 0 instances, 20 nodes, 0 leaves, 0.0 MB
    textures: (5, 1573728, 5) = 150.1 MB
    tri_mat: (5, 26810, 34) = 17.4 MB
    tri_pos: (5, 26810, 9) = 4.6 MB
    tri_norm: (5, 26810, 9) = 4.6 MB
    tri_tex_meta: (26810, 10) = 1.0 MB
    tri_uvs: (1, 26810, 6) = 0.6 MB
  batch 3: merged tensors 179.8 MB, BVHs 8.1 MB (cuda after merge 1761 MB)
    counts: num_colored_triangles=0, num_triangles=26810, num_circuits=41, num_frames=5
    tri_bvh: 0 instances, 13272 nodes, 0 leaves, 4.1 MB
    tri_opaque_bvh: 0 instances, 13272 nodes, 0 leaves, 4.1 MB
    bez_bvh: 0 instances, 20 nodes, 0 leaves, 0.0 MB
    bez_opaque_bvh: 0 instances, 20 nodes, 0 leaves, 0.0 MB
    textures: (5, 1573728, 5) = 150.1 MB
    tri_mat: (5, 26810, 34) = 17.4 MB
    tri_pos: (5, 26810, 9) = 4.6 MB
    tri_norm: (5, 26810, 9) = 4.6 MB
    tri_tex_meta: (26810, 10) = 1.0 MB
    tri_uvs: (1, 26810, 6) = 0.6 MB
  batch 4: merged tensors 179.9 MB, BVHs 8.2 MB (cuda after merge 1761 MB)
    counts: num_colored_triangles=0, num_triangles=26854, num_circuits=41, num_frames=5
    tri_bvh: 0 instances, 13411 nodes, 0 leaves, 4.1 MB
    tri_opaque_bvh: 0 instances, 13411 nodes, 0 leaves, 4.1 MB
    bez_bvh: 0 instances, 20 nodes, 0 leaves, 0.0 MB
    bez_opaque_bvh: 0 instances, 20 nodes, 0 leaves, 0.0 MB
    textures: (5, 1573742, 5) = 150.1 MB
    tri_mat: (5, 26854, 34) = 17.4 MB
    tri_pos: (5, 26854, 9) = 4.6 MB
    tri_norm: (5, 26854, 9) = 4.6 MB
    tri_tex_meta: (26854, 10) = 1.0 MB
    tri_uvs: (1, 26854, 6) = 0.6 MB
  batch 5: merged tensors 179.9 MB, BVHs 8.2 MB (cuda after merge 1761 MB)
    counts: num_colored_triangles=0, num_triangles=26850, num_circuits=41, num_frames=5
    tri_bvh: 0 instances, 13489 nodes, 0 leaves, 4.1 MB
    tri_opaque_bvh: 0 instances, 13489 nodes, 0 leaves, 4.1 MB
    bez_bvh: 0 instances, 20 nodes, 0 leaves, 0.0 MB
    bez_opaque_bvh: 0 instances, 20 nodes, 0 leaves, 0.0 MB
    textures: (5, 1573738, 5) = 150.1 MB
    tri_mat: (5, 26850, 34) = 17.4 MB
    tri_pos: (5, 26850, 9) = 4.6 MB
    tri_norm: (5, 26850, 9) = 4.6 MB
    tri_tex_meta: (26850, 10) = 1.0 MB
    tri_uvs: (1, 26850, 6) = 0.6 MB
  batch 6: merged tensors 179.9 MB, BVHs 8.2 MB (cuda after merge 1761 MB)
    counts: num_colored_triangles=0, num_triangles=26910, num_circuits=41, num_frames=5
    tri_bvh: 0 instances, 13408 nodes, 0 leaves, 4.1 MB
    tri_opaque_bvh: 0 instances, 13408 nodes, 0 leaves, 4.1 MB
    bez_bvh: 0 instances, 20 nodes, 0 leaves, 0.0 MB
    bez_opaque_bvh: 0 instances, 20 nodes, 0 leaves, 0.0 MB
    textures: (5, 1573728, 5) = 150.1 MB
    tri_mat: (5, 26910, 34) = 17.5 MB
    tri_pos: (5, 26910, 9) = 4.6 MB
    tri_norm: (5, 26910, 9) = 4.6 MB
    tri_tex_meta: (26910, 10) = 1.0 MB
    tri_uvs: (1, 26910, 6) = 0.6 MB
  batch 7: merged tensors 179.9 MB, BVHs 8.2 MB (cuda after merge 1761 MB)
    counts: num_colored_triangles=0, num_triangles=26938, num_circuits=41, num_frames=5
    tri_bvh: 0 instances, 13442 nodes, 0 leaves, 4.1 MB
    tri_opaque_bvh: 0 instances, 13442 nodes, 0 leaves, 4.1 MB
    bez_bvh: 0 instances, 20 nodes, 0 leaves, 0.0 MB
    bez_opaque_bvh: 0 instances, 20 nodes, 0 leaves, 0.0 MB
    textures: (5, 1573726, 5) = 150.1 MB
    tri_mat: (5, 26938, 34) = 17.5 MB
    tri_pos: (5, 26938, 9) = 4.6 MB
    tri_norm: (5, 26938, 9) = 4.6 MB
    tri_tex_meta: (26938, 10) = 1.0 MB
    tri_uvs: (1, 26938, 6) = 0.6 MB
  batch 8: merged tensors 180.0 MB, BVHs 8.3 MB (cuda after merge 1761 MB)
    counts: num_colored_triangles=0, num_triangles=26946, num_circuits=41, num_frames=5
    tri_bvh: 0 instances, 13524 nodes, 0 leaves, 4.1 MB
    tri_opaque_bvh: 0 instances, 13524 nodes, 0 leaves, 4.1 MB
    bez_bvh: 0 instances, 20 nodes, 0 leaves, 0.0 MB
    bez_opaque_bvh: 0 instances, 20 nodes, 0 leaves, 0.0 MB
    textures: (5, 1573714, 5) = 150.1 MB
    tri_mat: (5, 26946, 34) = 17.5 MB
    tri_pos: (5, 26946, 9) = 4.6 MB
    tri_norm: (5, 26946, 9) = 4.6 MB
    tri_tex_meta: (26946, 10) = 1.0 MB
    tri_uvs: (1, 26946, 6) = 0.6 MB
  batch 9: merged tensors 166.0 MB, BVHs 8.3 MB (cuda after merge 1761 MB)
    counts: num_colored_triangles=0, num_triangles=26934, num_circuits=41, num_frames=5
    tri_bvh: 0 instances, 13508 nodes, 0 leaves, 4.1 MB
    tri_opaque_bvh: 0 instances, 13508 nodes, 0 leaves, 4.1 MB
    bez_bvh: 0 instances, 20 nodes, 0 leaves, 0.0 MB
    bez_opaque_bvh: 0 instances, 20 nodes, 0 leaves, 0.0 MB
    textures: (5, 1573702, 5) = 150.1 MB
    tri_pos: (5, 26934, 9) = 4.6 MB
    tri_norm: (5, 26934, 9) = 4.6 MB
    tri_mat: (1, 26934, 34) = 3.5 MB
    tri_tex_meta: (26934, 10) = 1.0 MB
    tri_uvs: (1, 26934, 6) = 0.6 MB
  cProfile dump: disabled (set ALGAN_PROFILE_CPROFILE=1)

------------------------------------------------------------------------------
RUN 2 (warm (steady state)): end-to-end 29.45s
------------------------------------------------------------------------------
incl is wall time, excl is time spent in function excluding sub-processes of another tracked stage
stage                                                calls  incl (s) incl (%)  excl (s)  excl (%)launch    sync      
ray traced render total                                 11    19.573    66.5%     0.067     0.2%     0.000     0.000
wavefront_loop                                          11    19.092    64.8%     0.026     0.1%     0.000     0.000
Scene.get_batch_of_primitives                           10     9.206    31.3%     1.619     5.5%     0.000     0.000
arena preflight (batch)                                 10     8.015    27.2%     0.033     0.1%     0.000     0.000
raster: sparse resolve                                  11     6.684    22.7%     0.074     0.3%     0.000     0.000
kernel: raster_shadow_trace                             11     6.321    21.5%     6.321    21.5%     0.025     6.295
wavefront:   - bounce drain                             11     6.003    20.4%     0.025     0.1%     0.000     0.000
raster: sparse discovery                                11     5.709    19.4%     0.294     1.0%     0.000     0.000
merge collections + build BVHs                          10     5.594    19.0%     2.179     7.4%     0.000     0.000
kernel: wavefront_shade                                 88     4.154    14.1%     4.154    14.1%     0.182     3.967
AnimationTimeline.set_state_to_times                    10     3.974    13.5%     2.591     8.8%     0.000     0.000
  - refit-BVH build (in merge)                          20     3.306    11.2%     3.306    11.2%     0.000     0.000
surfaces: get_render_primitives_batched                 20     3.093    10.5%     2.461     8.4%     0.000     0.000
AttributeTimeline.get                                42589     2.645     9.0%     2.645     9.0%     0.000     0.000
  - project_to_screen (prewarm)                         10     2.388     8.1%     0.171     0.6%     0.000     0.000
raster:   - compact_sheets                              11     2.321     7.9%     1.051     3.6%     0.000     0.000
wavefront:   - bounce 0 shade                           11     2.170     7.4%     0.002     0.0%     0.000     0.000
logical PN: dice + shade + pack (project_to_screen)     30     1.948     6.6%     0.131     0.4%     0.000     0.000
logical PN:   - _dice_logical_pn                        30     1.817     6.2%     0.766     2.6%     0.000     0.000
kernel: wavefront_traverse_events                       88     1.673     5.7%     1.673     5.7%     0.139     1.530
kernel: raster_tri_count                                22     1.287     4.4%     1.287     4.4%     0.042     1.243
wavefront:   - bounce 0 traverse                        11     0.969     3.3%     0.001     0.0%     0.000     0.000
wavefront:   - bounce 1 shade                           11     0.911     3.1%     0.002     0.0%     0.000     0.000
kernel: raster_tri_write                                22     0.835     2.8%     0.835     2.8%     0.039     0.794
wavefront:   - bounce 2 shade                           11     0.771     2.6%     0.002     0.0%     0.000     0.000
raster:   - window pairs                                22     0.522     1.8%     0.522     1.8%     0.000     0.000
AttributeTimeline.modify                              6384     0.513     1.7%     0.513     1.7%     0.000     0.000
logical PN:     - interpolate attrs                    970     0.496     1.7%     0.496     1.7%     0.000     0.000
raster:     - sheets lexsort                            33     0.472     1.6%     0.472     1.6%     0.000     0.000
AttributeTimeline.rematerialize_state_at_times         260     0.454     1.5%     0.454     1.5%     0.000     0.000
post-process (downsample/FXAA/glow)                     11     0.386     1.3%     0.068     0.2%     0.000     0.000
raster:     - sheets shade class                        11     0.357     1.2%     0.357     1.2%     0.000     0.000
wavefront:   - bounce 1 traverse                        11     0.339     1.2%     0.001     0.0%     0.000     0.000
wavefront:   - raster tables (batch)                    10     0.311     1.1%     0.006     0.0%     0.000     0.000
wavefront:   - tile composite                           11     0.303     1.0%     0.043     0.1%     0.000     0.000
logical PN:     - subdivision levels                    30     0.301     1.0%     0.060     0.2%     0.000     0.000
AttributeTimeline.add                                 2770     0.297     1.0%     0.297     1.0%     0.000     0.000
kernel: sheet_resolve_shade                             22     0.289     1.0%     0.289     1.0%     0.067     0.221
post:   - bloom fft conv                                44     0.279     0.9%     0.279     0.9%     0.000     0.000
beziers: sample + pack (project_to_screen)              10     0.269     0.9%     0.003     0.0%     0.000     0.000
raster:     - sheets prim split                         11     0.247     0.8%     0.247     0.8%     0.000     0.000
raster:   - fragment sort                               11     0.225     0.8%     0.225     0.8%     0.000     0.000
beziers:   - _build_circuit_geometry                    10     0.191     0.6%     0.191     0.6%     0.000     0.000
scene upload to arena                                   10     0.188     0.6%     0.188     0.6%     0.000     0.000
wavefront:   - bounce 2 traverse                        11     0.184     0.6%     0.002     0.0%     0.000     0.000
Surface.get_render_primitives                           10     0.177     0.6%     0.170     0.6%     0.000     0.000
kernel: gloss_pyramid_level                            450     0.175     0.6%     0.175     0.6%     0.145     0.018
raster:   - precompute bez bounds                       10     0.155     0.5%     0.155     0.5%     0.000     0.000
wavefront:   - bounce 3 shade                           11     0.139     0.5%     0.002     0.0%     0.000     0.000
logical PN:       - patch level search                  30     0.130     0.4%     0.073     0.2%     0.000     0.000
wavefront:   - compact active                           99     0.112     0.4%     0.029     0.1%     0.000     0.000
  - bezier edge accel (in merge)                        10     0.109     0.4%     0.109     0.4%     0.000     0.000
logical PN:     - evaluate patch                        50     0.097     0.3%     0.097     0.3%     0.000     0.000
logical PN:     - snap boundary                        100     0.089     0.3%     0.089     0.3%     0.000     0.000
logical PN:       - edge level search                   30     0.086     0.3%     0.035     0.1%     0.000     0.000
BezierCircuitCubic.get_render_primitives                10     0.085     0.3%     0.035     0.1%     0.000     0.000
kernel: compact_ray_slots                               99     0.083     0.3%     0.083     0.3%     0.055     0.025
raster:   - precompute tri projection                   10     0.082     0.3%     0.082     0.3%     0.000     0.000
logical PN:         - patch flatness error              60     0.082     0.3%     0.022     0.1%     0.000     0.000
raster:     - sheets band composite                     11     0.079     0.3%     0.031     0.1%     0.000     0.000
raster:     - sheets band reduce                        22     0.073     0.2%     0.031     0.1%     0.000     0.000
wavefront:   - bounce 4 shade                           11     0.068     0.2%     0.002     0.0%     0.000     0.000
raster:   - precompute tri bounds                       10     0.067     0.2%     0.067     0.2%     0.000     0.000
logical PN:     - evaluate normals                      50     0.067     0.2%     0.067     0.2%     0.000     0.000
wavefront:   - bounce 3 traverse                        11     0.064     0.2%     0.001     0.0%     0.000     0.000
kernel: pn_patch_flatness_error                         60     0.060     0.2%     0.060     0.2%     0.048     0.010
kernel: one_mesh_pixel_reduce                           11     0.054     0.2%     0.054     0.2%     0.011     0.043
raster:     - sheets conflict rank                      11     0.053     0.2%     0.005     0.0%     0.000     0.000
raster:   - fragment gather                             11     0.053     0.2%     0.053     0.2%     0.000     0.000
logical PN:         - edge chord error                  40     0.050     0.2%     0.009     0.0%     0.000     0.000
kernel: sheet_conflict_rank                             11     0.049     0.2%     0.049     0.2%     0.008     0.041
wavefront:   - bounce 4 traverse                        11     0.047     0.2%     0.001     0.0%     0.000     0.000
beziers:   - _compute_samples_per_segment               10     0.044     0.1%     0.023     0.1%     0.000     0.000
kernel: sheet_band_reduce                               22     0.042     0.1%     0.042     0.1%     0.021     0.019
wavefront:   - bounce 6 shade                           11     0.042     0.1%     0.002     0.0%     0.000     0.000
kernel: pn_edge_chord_error                             40     0.041     0.1%     0.041     0.1%     0.033     0.007
kernel: raster_bez_count                                11     0.041     0.1%     0.041     0.1%     0.021     0.019
kernel: raster_bez_write                                11     0.039     0.1%     0.039     0.1%     0.020     0.019
wavefront:   - bounce 5 shade                           11     0.038     0.1%     0.001     0.0%     0.000     0.000
wavefront:   - tile state alloc                         11     0.035     0.1%     0.035     0.1%     0.000     0.000
wavefront:   - bounce 7 traverse                        11     0.035     0.1%     0.001     0.0%     0.000     0.000
beziers:   - _build_frame_bounds                        10     0.032     0.1%     0.032     0.1%     0.000     0.000
kernel: gloss_scatter                                   50     0.031     0.1%     0.031     0.1%     0.026     0.003
kernel: gloss_composite                                 50     0.030     0.1%     0.030     0.1%     0.022     0.006
background prefill                                      11     0.028     0.1%     0.028     0.1%     0.000     0.000
wavefront:   - bounce 7 shade                           11     0.028     0.1%     0.001     0.0%     0.000     0.000
kernel: one_mesh_pixel_apply                            11     0.026     0.1%     0.026     0.1%     0.008     0.016
kernel: wf_composite_accum_sparse                       50     0.024     0.1%     0.024     0.1%     0.021     0.002
wavefront:   - bounce 6 traverse                        11     0.023     0.1%     0.001     0.0%     0.000     0.000
wavefront:   - bounce 5 traverse                        11     0.023     0.1%     0.001     0.0%     0.000     0.000
kernel: bezier_chord_hull_error                         30     0.020     0.1%     0.020     0.1%     0.018     0.001
wavefront:   - sparse setup                             11     0.018     0.1%     0.018     0.1%     0.000     0.000
kernel: sheet_lane_first_owner                          11     0.017     0.1%     0.017     0.1%     0.008     0.009
post:   - device->host copy                             11     0.016     0.1%     0.016     0.1%     0.000     0.000
video encode tail (ffmpeg drain)                         1     0.015     0.1%     0.015     0.1%     0.000     0.000
post:   - tonemap/finalize                              11     0.014     0.0%     0.014     0.0%     0.000     0.000
kernel: opaque_prefix_keep                              11     0.014     0.0%     0.014     0.0%     0.006     0.007
wavefront:   - drain scratch                            88     0.012     0.0%     0.012     0.0%     0.000     0.000
raster:     - sheets sibling weights                    11     0.012     0.0%     0.012     0.0%     0.000     0.000
post:   - bloom downsample                              11     0.010     0.0%     0.010     0.0%     0.000     0.000
memory reclaim (gc + cuda cache)                        41     0.009     0.0%     0.009     0.0%     0.000     0.000
kernel: mask_popcount                                   11     0.009     0.0%     0.009     0.0%     0.007     0.001
wavefront:   - drain active count                       88     0.003     0.0%     0.003     0.0%     0.000     0.000
wavefront:   - pool overflow poll                       11     0.002     0.0%     0.002     0.0%     0.000     0.000
wavefront:   - alloc readback                           11     0.002     0.0%     0.002     0.0%     0.000     0.000
free-VRAM probe (empty_cache)                            1     0.000     0.0%     0.000     0.0%     0.000     0.000
(unaccounted: video encode, scene mgmt, ...)                  -9.134   -31.0%

Wavefront bounce iterations (sheet route; wall time incl. launch + sync):
   bounce  calls     rays in  traverse s   shade s continuations
        0     11     1517142       0.969     2.170        451318
        1     11      451318       0.339     0.911        311986
        2     11      311986       0.184     0.771         35392
        3     11       35392       0.064     0.139           874
        4     11         874       0.047     0.068            60
        5     11          60       0.023     0.038            60
        6     11          60       0.023     0.042            60
        7     11          60       0.035     0.028             -
    total            1517142       1.683     4.167              
  first iteration holds 52.1% of all wavefront_shade time; bounce-loop kernels total 5.850s

GPU telemetry over render (257 samples @ ~10 Hz, min/avg/max):
  utilization  0/68/100 %   mem-util 0/14/75 %
  SM clock     1657/1661/1670 MHz   mem clock 3504/3504/3504 MHz
  temperature  70/77/82 C   power n/a
  ** THROTTLING observed: SwPowerCap, SwThermal (run-to-run timing is unreliable) **

GPU memory: peak allocated 1952 MB, peak reserved 2438 MB
  batch 0: merged tensors 179.8 MB, BVHs 8.2 MB (cuda after merge 1674 MB)
    counts: num_colored_triangles=0, num_triangles=26798, num_circuits=41, num_frames=5
    tri_bvh: 0 instances, 13387 nodes, 0 leaves, 4.1 MB
    tri_opaque_bvh: 0 instances, 13387 nodes, 0 leaves, 4.1 MB
    bez_bvh: 0 instances, 20 nodes, 0 leaves, 0.0 MB
    bez_opaque_bvh: 0 instances, 20 nodes, 0 leaves, 0.0 MB
    textures: (5, 1573712, 5) = 150.1 MB
    tri_mat: (5, 26798, 34) = 17.4 MB
    tri_pos: (5, 26798, 9) = 4.6 MB
    tri_norm: (5, 26798, 9) = 4.6 MB
    tri_tex_meta: (26798, 10) = 1.0 MB
    tri_uvs: (1, 26798, 6) = 0.6 MB
  batch 1: merged tensors 179.8 MB, BVHs 8.2 MB (cuda after merge 1674 MB)
    counts: num_colored_triangles=0, num_triangles=26806, num_circuits=41, num_frames=5
    tri_bvh: 0 instances, 13395 nodes, 0 leaves, 4.1 MB
    tri_opaque_bvh: 0 instances, 13395 nodes, 0 leaves, 4.1 MB
    bez_bvh: 0 instances, 20 nodes, 0 leaves, 0.0 MB
    bez_opaque_bvh: 0 instances, 20 nodes, 0 leaves, 0.0 MB
    textures: (5, 1573712, 5) = 150.1 MB
    tri_mat: (5, 26806, 34) = 17.4 MB
    tri_pos: (5, 26806, 9) = 4.6 MB
    tri_norm: (5, 26806, 9) = 4.6 MB
    tri_tex_meta: (26806, 10) = 1.0 MB
    tri_uvs: (1, 26806, 6) = 0.6 MB
  batch 2: merged tensors 179.8 MB, BVHs 8.2 MB (cuda after merge 1674 MB)
    counts: num_colored_triangles=0, num_triangles=26810, num_circuits=41, num_frames=5
    tri_bvh: 0 instances, 13355 nodes, 0 leaves, 4.1 MB
    tri_opaque_bvh: 0 instances, 13355 nodes, 0 leaves, 4.1 MB
    bez_bvh: 0 instances, 20 nodes, 0 leaves, 0.0 MB
    bez_opaque_bvh: 0 instances, 20 nodes, 0 leaves, 0.0 MB
    textures: (5, 1573728, 5) = 150.1 MB
    tri_mat: (5, 26810, 34) = 17.4 MB
    tri_pos: (5, 26810, 9) = 4.6 MB
    tri_norm: (5, 26810, 9) = 4.6 MB
    tri_tex_meta: (26810, 10) = 1.0 MB
    tri_uvs: (1, 26810, 6) = 0.6 MB
  batch 3: merged tensors 179.8 MB, BVHs 8.1 MB (cuda after merge 1674 MB)
    counts: num_colored_triangles=0, num_triangles=26810, num_circuits=41, num_frames=5
    tri_bvh: 0 instances, 13272 nodes, 0 leaves, 4.1 MB
    tri_opaque_bvh: 0 instances, 13272 nodes, 0 leaves, 4.1 MB
    bez_bvh: 0 instances, 20 nodes, 0 leaves, 0.0 MB
    bez_opaque_bvh: 0 instances, 20 nodes, 0 leaves, 0.0 MB
    textures: (5, 1573728, 5) = 150.1 MB
    tri_mat: (5, 26810, 34) = 17.4 MB
    tri_pos: (5, 26810, 9) = 4.6 MB
    tri_norm: (5, 26810, 9) = 4.6 MB
    tri_tex_meta: (26810, 10) = 1.0 MB
    tri_uvs: (1, 26810, 6) = 0.6 MB
  batch 4: merged tensors 179.9 MB, BVHs 8.2 MB (cuda after merge 1674 MB)
    counts: num_colored_triangles=0, num_triangles=26854, num_circuits=41, num_frames=5
    tri_bvh: 0 instances, 13411 nodes, 0 leaves, 4.1 MB
    tri_opaque_bvh: 0 instances, 13411 nodes, 0 leaves, 4.1 MB
    bez_bvh: 0 instances, 20 nodes, 0 leaves, 0.0 MB
    bez_opaque_bvh: 0 instances, 20 nodes, 0 leaves, 0.0 MB
    textures: (5, 1573742, 5) = 150.1 MB
    tri_mat: (5, 26854, 34) = 17.4 MB
    tri_pos: (5, 26854, 9) = 4.6 MB
    tri_norm: (5, 26854, 9) = 4.6 MB
    tri_tex_meta: (26854, 10) = 1.0 MB
    tri_uvs: (1, 26854, 6) = 0.6 MB
  batch 5: merged tensors 179.9 MB, BVHs 8.2 MB (cuda after merge 1674 MB)
    counts: num_colored_triangles=0, num_triangles=26850, num_circuits=41, num_frames=5
    tri_bvh: 0 instances, 13489 nodes, 0 leaves, 4.1 MB
    tri_opaque_bvh: 0 instances, 13489 nodes, 0 leaves, 4.1 MB
    bez_bvh: 0 instances, 20 nodes, 0 leaves, 0.0 MB
    bez_opaque_bvh: 0 instances, 20 nodes, 0 leaves, 0.0 MB
    textures: (5, 1573738, 5) = 150.1 MB
    tri_mat: (5, 26850, 34) = 17.4 MB
    tri_pos: (5, 26850, 9) = 4.6 MB
    tri_norm: (5, 26850, 9) = 4.6 MB
    tri_tex_meta: (26850, 10) = 1.0 MB
    tri_uvs: (1, 26850, 6) = 0.6 MB
  batch 6: merged tensors 179.9 MB, BVHs 8.2 MB (cuda after merge 1674 MB)
    counts: num_colored_triangles=0, num_triangles=26910, num_circuits=41, num_frames=5
    tri_bvh: 0 instances, 13408 nodes, 0 leaves, 4.1 MB
    tri_opaque_bvh: 0 instances, 13408 nodes, 0 leaves, 4.1 MB
    bez_bvh: 0 instances, 20 nodes, 0 leaves, 0.0 MB
    bez_opaque_bvh: 0 instances, 20 nodes, 0 leaves, 0.0 MB
    textures: (5, 1573728, 5) = 150.1 MB
    tri_mat: (5, 26910, 34) = 17.5 MB
    tri_pos: (5, 26910, 9) = 4.6 MB
    tri_norm: (5, 26910, 9) = 4.6 MB
    tri_tex_meta: (26910, 10) = 1.0 MB
    tri_uvs: (1, 26910, 6) = 0.6 MB
  batch 7: merged tensors 179.9 MB, BVHs 8.2 MB (cuda after merge 1674 MB)
    counts: num_colored_triangles=0, num_triangles=26938, num_circuits=41, num_frames=5
    tri_bvh: 0 instances, 13442 nodes, 0 leaves, 4.1 MB
    tri_opaque_bvh: 0 instances, 13442 nodes, 0 leaves, 4.1 MB
    bez_bvh: 0 instances, 20 nodes, 0 leaves, 0.0 MB
    bez_opaque_bvh: 0 instances, 20 nodes, 0 leaves, 0.0 MB
    textures: (5, 1573726, 5) = 150.1 MB
    tri_mat: (5, 26938, 34) = 17.5 MB
    tri_pos: (5, 26938, 9) = 4.6 MB
    tri_norm: (5, 26938, 9) = 4.6 MB
    tri_tex_meta: (26938, 10) = 1.0 MB
    tri_uvs: (1, 26938, 6) = 0.6 MB
  batch 8: merged tensors 180.0 MB, BVHs 8.3 MB (cuda after merge 1674 MB)
    counts: num_colored_triangles=0, num_triangles=26946, num_circuits=41, num_frames=5
    tri_bvh: 0 instances, 13524 nodes, 0 leaves, 4.1 MB
    tri_opaque_bvh: 0 instances, 13524 nodes, 0 leaves, 4.1 MB
    bez_bvh: 0 instances, 20 nodes, 0 leaves, 0.0 MB
    bez_opaque_bvh: 0 instances, 20 nodes, 0 leaves, 0.0 MB
    textures: (5, 1573714, 5) = 150.1 MB
    tri_mat: (5, 26946, 34) = 17.5 MB
    tri_pos: (5, 26946, 9) = 4.6 MB
    tri_norm: (5, 26946, 9) = 4.6 MB
    tri_tex_meta: (26946, 10) = 1.0 MB
    tri_uvs: (1, 26946, 6) = 0.6 MB
  batch 9: merged tensors 166.0 MB, BVHs 8.3 MB (cuda after merge 1674 MB)
    counts: num_colored_triangles=0, num_triangles=26934, num_circuits=41, num_frames=5
    tri_bvh: 0 instances, 13508 nodes, 0 leaves, 4.1 MB
    tri_opaque_bvh: 0 instances, 13508 nodes, 0 leaves, 4.1 MB
    bez_bvh: 0 instances, 20 nodes, 0 leaves, 0.0 MB
    bez_opaque_bvh: 0 instances, 20 nodes, 0 leaves, 0.0 MB
    textures: (5, 1573702, 5) = 150.1 MB
    tri_pos: (5, 26934, 9) = 4.6 MB
    tri_norm: (5, 26934, 9) = 4.6 MB
    tri_mat: (1, 26934, 34) = 3.5 MB
    tri_tex_meta: (26934, 10) = 1.0 MB
    tri_uvs: (1, 26934, 6) = 0.6 MB
  cProfile dump: disabled (set ALGAN_PROFILE_CPROFILE=1)

------------------------------------------------------------------------------
Registers / occupancy not collected in-process (Taichi CUPTI toolkit unavailable here).
Run this to get them via nvprof:

  # registers per thread (no admin needed):
  ALGAN_UNDER_NVPROF=1 nvprof --print-gpu-trace --csv D:\algan\.venv\Scripts\python.exe nn_scene_PREVIEW.py
  # achieved occupancy (may need admin on Pascal):
  ALGAN_UNDER_NVPROF=1 nvprof --metrics achieved_occupancy --csv D:\algan\.venv\Scripts\python.exe nn_scene_PREVIEW.py
report written to algan_profile_report_nn_PREVIEW.txt
