Rendering device set to cuda
[Taichi] version 1.7.4, llvm 15.0.1, commit b4b956fd, win, python 3.11.6
[Taichi] Starting on arch=cuda
ARM=noshadow  QUALITY=PREVIEW  ALGAN_ANALYTIC_AA_SECONDARY=(default)
Encoding video with libx264
Began rendering profilingnn_abl_noshadow_PREVIEW_run1.mp4
Finished rendering profilingnn_abl_noshadow_PREVIEW_run1.mp4 in 61.6 s
Encoding video with libx264
Began rendering profilingnn_abl_noshadow_PREVIEW_run2.mp4
Finished rendering profilingnn_abl_noshadow_PREVIEW_run2.mp4 in 20.4 s
[profiling] hooked 38 Taichi kernels (170 ti.funcs are inlined and not separately timed)

===== profiling run 1/2 (cold) =====

===== profiling run 2/2 (warm) =====

==============================================================================
Algan ray-tracing scene profile
==============================================================================
device: NVIDIA GeForce GTX 1050
  driver 576.52  compute cap 6.1  4096 MiB  max SM 1911 MHz / mem 3504 MHz  PCIe gen3 x16
  profiling tools: nvidia-smi=yes, nvprof=yes, ncu=no, nsys=no
  Taichi kernel profiler: off (wall-time only)
  hooked kernels (38): bezier_chord_hull_error, compact_ray_slots, env_background_prefill, fill_background_from_func, finalize_samples, gather_fragment_arrays, gloss_composite, gloss_pyramid_level, gloss_scatter, mask_popcount, one_mesh_pixel_apply, one_mesh_pixel_reduce, opaque_prefix_keep, path_trace_physical_stbvh, path_trace_scene_stbvh, pn_edge_chord_error, pn_patch_flatness_error, raster_bez_count, raster_bez_write, raster_shadow_trace, raster_tri_count, raster_tri_write, sheet_band_reduce, sheet_conflict_rank, sheet_lane_first_owner, sheet_resolve_shade, wavefront_generate_rays, wavefront_shade, wavefront_shadow, wavefront_traverse, wavefront_traverse_events, wf_composite, wf_composite_aa, wf_composite_accum, wf_composite_accum_aa, wf_composite_accum_sparse, wf_finalize_aa, wf_finalize_uncovered

------------------------------------------------------------------------------
RUN 1 (cold (includes Taichi JIT compile)): end-to-end 61.72s
------------------------------------------------------------------------------
incl is wall time, excl is time spent in function excluding sub-processes of another tracked stage
stage                                                calls  incl (s) incl (%)  excl (s)  excl (%)launch    sync      
Scene.get_batch_of_primitives                           10    49.535    80.3%     1.987     3.2%     0.000     0.000
ray traced render total                                 11    49.168    79.7%     0.073     0.1%     0.000     0.000
wavefront_loop                                          11    48.225    78.1%     0.218     0.4%     0.000     0.000
AnimationTimeline.set_state_to_times                    10    35.607    57.7%    32.467    52.6%     0.000     0.000
raster: sparse resolve                                  11    21.891    35.5%     0.020     0.0%     0.000     0.000
kernel: sheet_resolve_shade                             11    21.872    35.4%    21.872    35.4%    21.781     0.090
raster: sparse discovery                                11    13.743    22.3%     0.305     0.5%     0.000     0.000
arena preflight (batch)                                 10     9.872    16.0%     0.031     0.1%     0.000     0.000
AttributeTimeline.get                                42867     8.576    13.9%     8.576    13.9%     0.000     0.000
kernel: wavefront_shade                                 88     6.699    10.9%     6.699    10.9%     6.603     0.091
merge collections + build BVHs                          10     5.423     8.8%     2.164     3.5%     0.000     0.000
surfaces: get_render_primitives_batched                 20     5.063     8.2%     4.067     6.6%     0.000     0.000
  - project_to_screen (prewarm)                         10     4.418     7.2%     0.165     0.3%     0.000     0.000
kernel: raster_tri_count                                22     4.261     6.9%     4.261     6.9%     2.939     1.315
logical PN: dice + shade + pack (project_to_screen)     30     3.563     5.8%     0.136     0.2%     0.000     0.000
kernel: wavefront_traverse_events                       88     3.503     5.7%     3.503     5.7%     1.878     1.619
logical PN:   - _dice_logical_pn                        30     3.427     5.6%     0.985     1.6%     0.000     0.000
  - refit-BVH build (in merge)                          20     3.157     5.1%     3.157     5.1%     0.000     0.000
kernel: raster_tri_write                                22     3.095     5.0%     3.095     5.0%     2.283     0.810
raster:   - compact_sheets                              11     2.599     4.2%     1.050     1.7%     0.000     0.000
BezierCircuitCubic.get_render_primitives                10     1.682     2.7%     1.445     2.3%     0.000     0.000
logical PN:     - subdivision levels                    30     1.556     2.5%     0.108     0.2%     0.000     0.000
kernel: raster_bez_count                                11     1.529     2.5%     1.529     2.5%     1.504     0.025
AttributeTimeline.modify                              6384     1.114     1.8%     1.114     1.8%     0.000     0.000
post-process (downsample/FXAA/glow)                     11     0.840     1.4%     0.093     0.1%     0.000     0.000
logical PN:       - edge level search                   30     0.810     1.3%     0.167     0.3%     0.000     0.000
kernel: raster_bez_write                                11     0.797     1.3%     0.797     1.3%     0.778     0.018
Surface.get_render_primitives                           10     0.782     1.3%     0.696     1.1%     0.000     0.000
kernel: gloss_composite                                 50     0.722     1.2%     0.722     1.2%     0.712     0.009
AttributeTimeline.rematerialize_state_at_times         260     0.706     1.1%     0.706     1.1%     0.000     0.000
beziers: sample + pack (project_to_screen)              10     0.690     1.1%     0.003     0.0%     0.000     0.000
logical PN:         - edge chord error                  40     0.642     1.0%     0.012     0.0%     0.000     0.000
kernel: pn_edge_chord_error                             40     0.631     1.0%     0.631     1.0%     0.620     0.009
logical PN:       - patch level search                  30     0.609     1.0%     0.097     0.2%     0.000     0.000
logical PN:     - interpolate attrs                    970     0.598     1.0%     0.598     1.0%     0.000     0.000
raster:   - window pairs                                22     0.584     0.9%     0.584     0.9%     0.000     0.000
logical PN:         - patch flatness error              60     0.541     0.9%     0.025     0.0%     0.000     0.000
kernel: pn_patch_flatness_error                         60     0.516     0.8%     0.516     0.8%     0.504     0.010
raster:     - sheets lexsort                            33     0.479     0.8%     0.479     0.8%     0.000     0.000
post:   - bloom fft conv                                44     0.477     0.8%     0.477     0.8%     0.000     0.000
kernel: gloss_pyramid_level                            450     0.456     0.7%     0.456     0.7%     0.406     0.035
beziers:   - _compute_samples_per_segment               10     0.402     0.7%     0.023     0.0%     0.000     0.000
kernel: bezier_chord_hull_error                         30     0.379     0.6%     0.379     0.6%     0.377     0.001
raster:     - sheets shade class                        11     0.358     0.6%     0.358     0.6%     0.000     0.000
AttributeTimeline.add                                 2770     0.345     0.6%     0.345     0.6%     0.000     0.000
wavefront:   - raster tables (batch)                    10     0.298     0.5%     0.005     0.0%     0.000     0.000
kernel: gloss_scatter                                   50     0.285     0.5%     0.285     0.5%     0.278     0.005
beziers:   - _build_circuit_geometry                    10     0.258     0.4%     0.258     0.4%     0.000     0.000
raster:     - sheets prim split                         11     0.249     0.4%     0.249     0.4%     0.000     0.000
post:   - tonemap/finalize                              11     0.228     0.4%     0.228     0.4%     0.000     0.000
raster:   - fragment sort                               11     0.226     0.4%     0.226     0.4%     0.000     0.000
kernel: wf_composite_accum_sparse                       50     0.207     0.3%     0.207     0.3%     0.202     0.003
wavefront:   - compact active                           99     0.203     0.3%     0.048     0.1%     0.000     0.000
memory reclaim (gc + cuda cache)                        41     0.188     0.3%     0.188     0.3%     0.000     0.000
scene upload to arena                                   10     0.178     0.3%     0.178     0.3%     0.000     0.000
kernel: compact_ray_slots                               99     0.154     0.2%     0.154     0.2%     0.115     0.034
raster:     - sheets conflict rank                      11     0.152     0.2%     0.004     0.0%     0.000     0.000
raster:     - sheets band reduce                        22     0.149     0.2%     0.027     0.0%     0.000     0.000
kernel: sheet_conflict_rank                             11     0.149     0.2%     0.149     0.2%     0.107     0.041
raster:     - sheets band composite                     11     0.146     0.2%     0.026     0.0%     0.000     0.000
kernel: one_mesh_pixel_reduce                           11     0.145     0.2%     0.145     0.2%     0.101     0.044
raster:   - precompute bez bounds                       10     0.144     0.2%     0.144     0.2%     0.000     0.000
kernel: sheet_band_reduce                               22     0.122     0.2%     0.122     0.2%     0.101     0.020
logical PN:     - evaluate patch                        50     0.111     0.2%     0.111     0.2%     0.000     0.000
logical PN:     - snap boundary                        100     0.108     0.2%     0.108     0.2%     0.000     0.000
  - bezier edge accel (in merge)                        10     0.101     0.2%     0.101     0.2%     0.000     0.000
kernel: one_mesh_pixel_apply                            11     0.089     0.1%     0.089     0.1%     0.074     0.015
raster:   - precompute tri projection                   10     0.089     0.1%     0.089     0.1%     0.000     0.000
kernel: opaque_prefix_keep                              11     0.075     0.1%     0.075     0.1%     0.068     0.007
kernel: sheet_lane_first_owner                          11     0.074     0.1%     0.074     0.1%     0.065     0.009
logical PN:     - evaluate normals                      50     0.068     0.1%     0.068     0.1%     0.000     0.000
raster:   - precompute tri bounds                       10     0.060     0.1%     0.060     0.1%     0.000     0.000
kernel: mask_popcount                                   11     0.047     0.1%     0.047     0.1%     0.046     0.001
raster:   - fragment gather                             11     0.037     0.1%     0.037     0.1%     0.000     0.000
background prefill                                      11     0.031     0.1%     0.031     0.1%     0.000     0.000
post:   - device->host copy                             11     0.029     0.0%     0.029     0.0%     0.000     0.000
beziers:   - _build_frame_bounds                        10     0.027     0.0%     0.027     0.0%     0.000     0.000
video encode tail (ffmpeg drain)                         1     0.015     0.0%     0.015     0.0%     0.000     0.000
raster:     - sheets sibling weights                    11     0.015     0.0%     0.015     0.0%     0.000     0.000
post:   - bloom downsample                              11     0.013     0.0%     0.013     0.0%     0.000     0.000
free-VRAM probe (empty_cache)                            1     0.000     0.0%     0.000     0.0%     0.000     0.000
(unaccounted: video encode, scene mgmt, ...)                 -49.109   -79.6%

GPU telemetry over render (527 samples @ ~10 Hz, min/avg/max):
  utilization  0/17/96 %   mem-util 0/7/75 %
  SM clock     139/991/1632 MHz   mem clock 405/2432/3504 MHz
  temperature  69/74/81 C   power n/a
  no clock throttling observed

GPU memory: peak allocated 2041 MB, peak reserved 2316 MB
  batch 0: merged tensors 179.8 MB, BVHs 8.2 MB (cuda after merge 1761 MB)
    counts: num_colored_triangles=0, num_triangles=26798, num_circuits=41, num_frames=5
    tri_bvh: 0 instances, 13387 nodes, 0 leaves, 4.1 MB
    tri_opaque_bvh: 0 instances, 13387 nodes, 0 leaves, 4.1 MB
    bez_bvh: 0 instances, 20 nodes, 0 leaves, 0.0 MB
    bez_opaque_bvh: 0 instances, 20 nodes, 0 leaves, 0.0 MB
    textures: (5, 1573712, 5) = 150.1 MB
    tri_mat: (5, 26798, 34) = 17.4 MB
    tri_pos: (5, 26798, 9) = 4.6 MB
    tri_norm: (5, 26798, 9) = 4.6 MB
    tri_tex_meta: (26798, 10) = 1.0 MB
    tri_uvs: (1, 26798, 6) = 0.6 MB
  batch 1: merged tensors 179.8 MB, BVHs 8.2 MB (cuda after merge 1760 MB)
    counts: num_colored_triangles=0, num_triangles=26806, num_circuits=41, num_frames=5
    tri_bvh: 0 instances, 13395 nodes, 0 leaves, 4.1 MB
    tri_opaque_bvh: 0 instances, 13395 nodes, 0 leaves, 4.1 MB
    bez_bvh: 0 instances, 20 nodes, 0 leaves, 0.0 MB
    bez_opaque_bvh: 0 instances, 20 nodes, 0 leaves, 0.0 MB
    textures: (5, 1573712, 5) = 150.1 MB
    tri_mat: (5, 26806, 34) = 17.4 MB
    tri_pos: (5, 26806, 9) = 4.6 MB
    tri_norm: (5, 26806, 9) = 4.6 MB
    tri_tex_meta: (26806, 10) = 1.0 MB
    tri_uvs: (1, 26806, 6) = 0.6 MB
  batch 2: merged tensors 179.8 MB, BVHs 8.2 MB (cuda after merge 1760 MB)
    counts: num_colored_triangles=0, num_triangles=26810, num_circuits=41, num_frames=5
    tri_bvh: 0 instances, 13355 nodes, 0 leaves, 4.1 MB
    tri_opaque_bvh: 0 instances, 13355 nodes, 0 leaves, 4.1 MB
    bez_bvh: 0 instances, 20 nodes, 0 leaves, 0.0 MB
    bez_opaque_bvh: 0 instances, 20 nodes, 0 leaves, 0.0 MB
    textures: (5, 1573728, 5) = 150.1 MB
    tri_mat: (5, 26810, 34) = 17.4 MB
    tri_pos: (5, 26810, 9) = 4.6 MB
    tri_norm: (5, 26810, 9) = 4.6 MB
    tri_tex_meta: (26810, 10) = 1.0 MB
    tri_uvs: (1, 26810, 6) = 0.6 MB
  batch 3: merged tensors 179.8 MB, BVHs 8.1 MB (cuda after merge 1761 MB)
    counts: num_colored_triangles=0, num_triangles=26810, num_circuits=41, num_frames=5
    tri_bvh: 0 instances, 13272 nodes, 0 leaves, 4.1 MB
    tri_opaque_bvh: 0 instances, 13272 nodes, 0 leaves, 4.1 MB
    bez_bvh: 0 instances, 20 nodes, 0 leaves, 0.0 MB
    bez_opaque_bvh: 0 instances, 20 nodes, 0 leaves, 0.0 MB
    textures: (5, 1573728, 5) = 150.1 MB
    tri_mat: (5, 26810, 34) = 17.4 MB
    tri_pos: (5, 26810, 9) = 4.6 MB
    tri_norm: (5, 26810, 9) = 4.6 MB
    tri_tex_meta: (26810, 10) = 1.0 MB
    tri_uvs: (1, 26810, 6) = 0.6 MB
  batch 4: merged tensors 179.9 MB, BVHs 8.2 MB (cuda after merge 1761 MB)
    counts: num_colored_triangles=0, num_triangles=26854, num_circuits=41, num_frames=5
    tri_bvh: 0 instances, 13411 nodes, 0 leaves, 4.1 MB
    tri_opaque_bvh: 0 instances, 13411 nodes, 0 leaves, 4.1 MB
    bez_bvh: 0 instances, 20 nodes, 0 leaves, 0.0 MB
    bez_opaque_bvh: 0 instances, 20 nodes, 0 leaves, 0.0 MB
    textures: (5, 1573742, 5) = 150.1 MB
    tri_mat: (5, 26854, 34) = 17.4 MB
    tri_pos: (5, 26854, 9) = 4.6 MB
    tri_norm: (5, 26854, 9) = 4.6 MB
    tri_tex_meta: (26854, 10) = 1.0 MB
    tri_uvs: (1, 26854, 6) = 0.6 MB
  batch 5: merged tensors 179.9 MB, BVHs 8.2 MB (cuda after merge 1761 MB)
    counts: num_colored_triangles=0, num_triangles=26850, num_circuits=41, num_frames=5
    tri_bvh: 0 instances, 13489 nodes, 0 leaves, 4.1 MB
    tri_opaque_bvh: 0 instances, 13489 nodes, 0 leaves, 4.1 MB
    bez_bvh: 0 instances, 20 nodes, 0 leaves, 0.0 MB
    bez_opaque_bvh: 0 instances, 20 nodes, 0 leaves, 0.0 MB
    textures: (5, 1573738, 5) = 150.1 MB
    tri_mat: (5, 26850, 34) = 17.4 MB
    tri_pos: (5, 26850, 9) = 4.6 MB
    tri_norm: (5, 26850, 9) = 4.6 MB
    tri_tex_meta: (26850, 10) = 1.0 MB
    tri_uvs: (1, 26850, 6) = 0.6 MB
  batch 6: merged tensors 179.9 MB, BVHs 8.2 MB (cuda after merge 1761 MB)
    counts: num_colored_triangles=0, num_triangles=26910, num_circuits=41, num_frames=5
    tri_bvh: 0 instances, 13408 nodes, 0 leaves, 4.1 MB
    tri_opaque_bvh: 0 instances, 13408 nodes, 0 leaves, 4.1 MB
    bez_bvh: 0 instances, 20 nodes, 0 leaves, 0.0 MB
    bez_opaque_bvh: 0 instances, 20 nodes, 0 leaves, 0.0 MB
    textures: (5, 1573728, 5) = 150.1 MB
    tri_mat: (5, 26910, 34) = 17.5 MB
    tri_pos: (5, 26910, 9) = 4.6 MB
    tri_norm: (5, 26910, 9) = 4.6 MB
    tri_tex_meta: (26910, 10) = 1.0 MB
    tri_uvs: (1, 26910, 6) = 0.6 MB
  batch 7: merged tensors 179.9 MB, BVHs 8.2 MB (cuda after merge 1761 MB)
    counts: num_colored_triangles=0, num_triangles=26938, num_circuits=41, num_frames=5
    tri_bvh: 0 instances, 13442 nodes, 0 leaves, 4.1 MB
    tri_opaque_bvh: 0 instances, 13442 nodes, 0 leaves, 4.1 MB
    bez_bvh: 0 instances, 20 nodes, 0 leaves, 0.0 MB
    bez_opaque_bvh: 0 instances, 20 nodes, 0 leaves, 0.0 MB
    textures: (5, 1573726, 5) = 150.1 MB
    tri_mat: (5, 26938, 34) = 17.5 MB
    tri_pos: (5, 26938, 9) = 4.6 MB
    tri_norm: (5, 26938, 9) = 4.6 MB
    tri_tex_meta: (26938, 10) = 1.0 MB
    tri_uvs: (1, 26938, 6) = 0.6 MB
  batch 8: merged tensors 180.0 MB, BVHs 8.3 MB (cuda after merge 1761 MB)
    counts: num_colored_triangles=0, num_triangles=26946, num_circuits=41, num_frames=5
    tri_bvh: 0 instances, 13524 nodes, 0 leaves, 4.1 MB
    tri_opaque_bvh: 0 instances, 13524 nodes, 0 leaves, 4.1 MB
    bez_bvh: 0 instances, 20 nodes, 0 leaves, 0.0 MB
    bez_opaque_bvh: 0 instances, 20 nodes, 0 leaves, 0.0 MB
    textures: (5, 1573714, 5) = 150.1 MB
    tri_mat: (5, 26946, 34) = 17.5 MB
    tri_pos: (5, 26946, 9) = 4.6 MB
    tri_norm: (5, 26946, 9) = 4.6 MB
    tri_tex_meta: (26946, 10) = 1.0 MB
    tri_uvs: (1, 26946, 6) = 0.6 MB
  batch 9: merged tensors 166.0 MB, BVHs 8.3 MB (cuda after merge 1761 MB)
    counts: num_colored_triangles=0, num_triangles=26934, num_circuits=41, num_frames=5
    tri_bvh: 0 instances, 13508 nodes, 0 leaves, 4.1 MB
    tri_opaque_bvh: 0 instances, 13508 nodes, 0 leaves, 4.1 MB
    bez_bvh: 0 instances, 20 nodes, 0 leaves, 0.0 MB
    bez_opaque_bvh: 0 instances, 20 nodes, 0 leaves, 0.0 MB
    textures: (5, 1573702, 5) = 150.1 MB
    tri_pos: (5, 26934, 9) = 4.6 MB
    tri_norm: (5, 26934, 9) = 4.6 MB
    tri_mat: (1, 26934, 34) = 3.5 MB
    tri_tex_meta: (26934, 10) = 1.0 MB
    tri_uvs: (1, 26934, 6) = 0.6 MB
  cProfile dump: disabled (set ALGAN_PROFILE_CPROFILE=1)

------------------------------------------------------------------------------
RUN 2 (warm (steady state)): end-to-end 20.59s
------------------------------------------------------------------------------
incl is wall time, excl is time spent in function excluding sub-processes of another tracked stage
stage                                                calls  incl (s) incl (%)  excl (s)  excl (%)launch    sync      
Scene.get_batch_of_primitives                           10    11.239    54.6%     2.103    10.2%     0.000     0.000
ray traced render total                                 11     9.784    47.5%     0.074     0.4%     0.000     0.000
wavefront_loop                                          11     9.212    44.7%     0.226     1.1%     0.000     0.000
arena preflight (batch)                                 10     8.109    39.4%     0.032     0.2%     0.000     0.000
raster: sparse discovery                                11     5.835    28.3%     0.387     1.9%     0.000     0.000
merge collections + build BVHs                          10     5.350    26.0%     2.115    10.3%     0.000     0.000
AnimationTimeline.set_state_to_times                    10     5.034    24.5%     2.855    13.9%     0.000     0.000
surfaces: get_render_primitives_batched                 20     3.587    17.4%     2.845    13.8%     0.000     0.000
AttributeTimeline.get                                42589     3.500    17.0%     3.500    17.0%     0.000     0.000
  - refit-BVH build (in merge)                          20     3.132    15.2%     3.132    15.2%     0.000     0.000
  - project_to_screen (prewarm)                         10     2.727    13.2%     0.169     0.8%     0.000     0.000
raster:   - compact_sheets                              11     2.374    11.5%     1.094     5.3%     0.000     0.000
logical PN: dice + shade + pack (project_to_screen)     30     2.299    11.2%     0.136     0.7%     0.000     0.000
logical PN:   - _dice_logical_pn                        30     2.163    10.5%     0.902     4.4%     0.000     0.000
kernel: wavefront_traverse_events                       88     1.751     8.5%     1.751     8.5%     0.206     1.539
kernel: raster_tri_count                                22     1.350     6.6%     1.350     6.6%     0.045     1.267
kernel: raster_tri_write                                22     0.851     4.1%     0.851     4.1%     0.044     0.804
AttributeTimeline.rematerialize_state_at_times         260     0.659     3.2%     0.659     3.2%     0.000     0.000
AttributeTimeline.modify                              6384     0.627     3.0%     0.627     3.0%     0.000     0.000
logical PN:     - interpolate attrs                    970     0.593     2.9%     0.593     2.9%     0.000     0.000
raster:     - sheets lexsort                            33     0.471     2.3%     0.471     2.3%     0.000     0.000
post-process (downsample/FXAA/glow)                     11     0.463     2.3%     0.097     0.5%     0.000     0.000
raster:   - window pairs                                22     0.422     2.0%     0.422     2.0%     0.000     0.000
kernel: wavefront_shade                                 88     0.366     1.8%     0.366     1.8%     0.275     0.085
AttributeTimeline.add                                 2770     0.355     1.7%     0.355     1.7%     0.000     0.000
raster:     - sheets shade class                        11     0.353     1.7%     0.353     1.7%     0.000     0.000
logical PN:     - subdivision levels                    30     0.348     1.7%     0.071     0.3%     0.000     0.000
wavefront:   - raster tables (batch)                    10     0.340     1.7%     0.005     0.0%     0.000     0.000
post:   - bloom fft conv                                44     0.300     1.5%     0.300     1.5%     0.000     0.000
beziers: sample + pack (project_to_screen)              10     0.259     1.3%     0.003     0.0%     0.000     0.000
kernel: gloss_pyramid_level                            450     0.253     1.2%     0.253     1.2%     0.202     0.036
raster:     - sheets prim split                         11     0.251     1.2%     0.251     1.2%     0.000     0.000
raster:   - fragment sort                               11     0.227     1.1%     0.227     1.1%     0.000     0.000
Surface.get_render_primitives                           10     0.194     0.9%     0.187     0.9%     0.000     0.000
beziers:   - _build_circuit_geometry                    10     0.182     0.9%     0.182     0.9%     0.000     0.000
raster:   - precompute bez bounds                       10     0.169     0.8%     0.169     0.8%     0.000     0.000
scene upload to arena                                   10     0.166     0.8%     0.166     0.8%     0.000     0.000
wavefront:   - compact active                           99     0.164     0.8%     0.057     0.3%     0.000     0.000
raster: sparse resolve                                  11     0.159     0.8%     0.028     0.1%     0.000     0.000
logical PN:       - patch level search                  30     0.144     0.7%     0.081     0.4%     0.000     0.000
kernel: sheet_resolve_shade                             11     0.131     0.6%     0.131     0.6%     0.044     0.086
logical PN:     - evaluate patch                        50     0.121     0.6%     0.121     0.6%     0.000     0.000
logical PN:     - snap boundary                        100     0.121     0.6%     0.121     0.6%     0.000     0.000
kernel: compact_ray_slots                               99     0.107     0.5%     0.107     0.5%     0.074     0.029
  - bezier edge accel (in merge)                        10     0.103     0.5%     0.103     0.5%     0.000     0.000
logical PN:       - edge level search                   30     0.102     0.5%     0.042     0.2%     0.000     0.000
raster:   - precompute tri projection                   10     0.100     0.5%     0.100     0.5%     0.000     0.000
logical PN:         - patch flatness error              60     0.093     0.5%     0.025     0.1%     0.000     0.000
raster:     - sheets band reduce                        22     0.083     0.4%     0.041     0.2%     0.000     0.000
BezierCircuitCubic.get_render_primitives                10     0.080     0.4%     0.034     0.2%     0.000     0.000
logical PN:     - evaluate normals                      50     0.078     0.4%     0.078     0.4%     0.000     0.000
raster:     - sheets band composite                     11     0.077     0.4%     0.030     0.1%     0.000     0.000
kernel: pn_patch_flatness_error                         60     0.068     0.3%     0.068     0.3%     0.056     0.010
raster:   - precompute tri bounds                       10     0.066     0.3%     0.066     0.3%     0.000     0.000
logical PN:         - edge chord error                  40     0.060     0.3%     0.012     0.1%     0.000     0.000
kernel: one_mesh_pixel_reduce                           11     0.056     0.3%     0.056     0.3%     0.012     0.043
raster:     - sheets conflict rank                      11     0.053     0.3%     0.004     0.0%     0.000     0.000
kernel: sheet_conflict_rank                             11     0.049     0.2%     0.049     0.2%     0.008     0.041
kernel: pn_edge_chord_error                             40     0.049     0.2%     0.049     0.2%     0.040     0.007
kernel: raster_bez_count                                11     0.048     0.2%     0.048     0.2%     0.024     0.018
beziers:   - _compute_samples_per_segment               10     0.045     0.2%     0.024     0.1%     0.000     0.000
kernel: gloss_composite                                 50     0.043     0.2%     0.043     0.2%     0.033     0.009
kernel: raster_bez_write                                11     0.042     0.2%     0.042     0.2%     0.023     0.019
kernel: sheet_band_reduce                               22     0.042     0.2%     0.042     0.2%     0.019     0.020
kernel: gloss_scatter                                   50     0.042     0.2%     0.042     0.2%     0.036     0.004
raster:   - fragment gather                             11     0.037     0.2%     0.037     0.2%     0.000     0.000
post:   - device->host copy                             11     0.037     0.2%     0.037     0.2%     0.000     0.000
background prefill                                      11     0.035     0.2%     0.035     0.2%     0.000     0.000
kernel: wf_composite_accum_sparse                       50     0.033     0.2%     0.033     0.2%     0.028     0.003
beziers:   - _build_frame_bounds                        10     0.028     0.1%     0.028     0.1%     0.000     0.000
kernel: one_mesh_pixel_apply                            11     0.025     0.1%     0.025     0.1%     0.009     0.016
kernel: bezier_chord_hull_error                         30     0.021     0.1%     0.021     0.1%     0.019     0.001
post:   - tonemap/finalize                              11     0.019     0.1%     0.019     0.1%     0.000     0.000
kernel: sheet_lane_first_owner                          11     0.017     0.1%     0.017     0.1%     0.008     0.009
kernel: opaque_prefix_keep                              11     0.015     0.1%     0.015     0.1%     0.007     0.007
raster:     - sheets sibling weights                    11     0.014     0.1%     0.014     0.1%     0.000     0.000
video encode tail (ffmpeg drain)                         1     0.013     0.1%     0.013     0.1%     0.000     0.000
post:   - bloom downsample                              11     0.011     0.1%     0.011     0.1%     0.000     0.000
memory reclaim (gc + cuda cache)                        41     0.010     0.0%     0.010     0.0%     0.000     0.000
kernel: mask_popcount                                   11     0.007     0.0%     0.007     0.0%     0.006     0.001
free-VRAM probe (empty_cache)                            1     0.000     0.0%     0.000     0.0%     0.000     0.000
(unaccounted: video encode, scene mgmt, ...)                 -10.661   -51.8%

GPU telemetry over render (179 samples @ ~10 Hz, min/avg/max):
  utilization  0/47/96 %   mem-util 0/19/76 %
  SM clock     696/1574/1632 MHz   mem clock 2504/3482/3504 MHz
  temperature  73/80/83 C   power n/a
  no clock throttling observed

GPU memory: peak allocated 1955 MB, peak reserved 2442 MB
  batch 0: merged tensors 179.8 MB, BVHs 8.2 MB (cuda after merge 1677 MB)
    counts: num_colored_triangles=0, num_triangles=26798, num_circuits=41, num_frames=5
    tri_bvh: 0 instances, 13387 nodes, 0 leaves, 4.1 MB
    tri_opaque_bvh: 0 instances, 13387 nodes, 0 leaves, 4.1 MB
    bez_bvh: 0 instances, 20 nodes, 0 leaves, 0.0 MB
    bez_opaque_bvh: 0 instances, 20 nodes, 0 leaves, 0.0 MB
    textures: (5, 1573712, 5) = 150.1 MB
    tri_mat: (5, 26798, 34) = 17.4 MB
    tri_pos: (5, 26798, 9) = 4.6 MB
    tri_norm: (5, 26798, 9) = 4.6 MB
    tri_tex_meta: (26798, 10) = 1.0 MB
    tri_uvs: (1, 26798, 6) = 0.6 MB
  batch 1: merged tensors 179.8 MB, BVHs 8.2 MB (cuda after merge 1677 MB)
    counts: num_colored_triangles=0, num_triangles=26806, num_circuits=41, num_frames=5
    tri_bvh: 0 instances, 13395 nodes, 0 leaves, 4.1 MB
    tri_opaque_bvh: 0 instances, 13395 nodes, 0 leaves, 4.1 MB
    bez_bvh: 0 instances, 20 nodes, 0 leaves, 0.0 MB
    bez_opaque_bvh: 0 instances, 20 nodes, 0 leaves, 0.0 MB
    textures: (5, 1573712, 5) = 150.1 MB
    tri_mat: (5, 26806, 34) = 17.4 MB
    tri_pos: (5, 26806, 9) = 4.6 MB
    tri_norm: (5, 26806, 9) = 4.6 MB
    tri_tex_meta: (26806, 10) = 1.0 MB
    tri_uvs: (1, 26806, 6) = 0.6 MB
  batch 2: merged tensors 179.8 MB, BVHs 8.2 MB (cuda after merge 1677 MB)
    counts: num_colored_triangles=0, num_triangles=26810, num_circuits=41, num_frames=5
    tri_bvh: 0 instances, 13355 nodes, 0 leaves, 4.1 MB
    tri_opaque_bvh: 0 instances, 13355 nodes, 0 leaves, 4.1 MB
    bez_bvh: 0 instances, 20 nodes, 0 leaves, 0.0 MB
    bez_opaque_bvh: 0 instances, 20 nodes, 0 leaves, 0.0 MB
    textures: (5, 1573728, 5) = 150.1 MB
    tri_mat: (5, 26810, 34) = 17.4 MB
    tri_pos: (5, 26810, 9) = 4.6 MB
    tri_norm: (5, 26810, 9) = 4.6 MB
    tri_tex_meta: (26810, 10) = 1.0 MB
    tri_uvs: (1, 26810, 6) = 0.6 MB
  batch 3: merged tensors 179.8 MB, BVHs 8.1 MB (cuda after merge 1677 MB)
    counts: num_colored_triangles=0, num_triangles=26810, num_circuits=41, num_frames=5
    tri_bvh: 0 instances, 13272 nodes, 0 leaves, 4.1 MB
    tri_opaque_bvh: 0 instances, 13272 nodes, 0 leaves, 4.1 MB
    bez_bvh: 0 instances, 20 nodes, 0 leaves, 0.0 MB
    bez_opaque_bvh: 0 instances, 20 nodes, 0 leaves, 0.0 MB
    textures: (5, 1573728, 5) = 150.1 MB
    tri_mat: (5, 26810, 34) = 17.4 MB
    tri_pos: (5, 26810, 9) = 4.6 MB
    tri_norm: (5, 26810, 9) = 4.6 MB
    tri_tex_meta: (26810, 10) = 1.0 MB
    tri_uvs: (1, 26810, 6) = 0.6 MB
  batch 4: merged tensors 179.9 MB, BVHs 8.2 MB (cuda after merge 1677 MB)
    counts: num_colored_triangles=0, num_triangles=26854, num_circuits=41, num_frames=5
    tri_bvh: 0 instances, 13411 nodes, 0 leaves, 4.1 MB
    tri_opaque_bvh: 0 instances, 13411 nodes, 0 leaves, 4.1 MB
    bez_bvh: 0 instances, 20 nodes, 0 leaves, 0.0 MB
    bez_opaque_bvh: 0 instances, 20 nodes, 0 leaves, 0.0 MB
    textures: (5, 1573742, 5) = 150.1 MB
    tri_mat: (5, 26854, 34) = 17.4 MB
    tri_pos: (5, 26854, 9) = 4.6 MB
    tri_norm: (5, 26854, 9) = 4.6 MB
    tri_tex_meta: (26854, 10) = 1.0 MB
    tri_uvs: (1, 26854, 6) = 0.6 MB
  batch 5: merged tensors 179.9 MB, BVHs 8.2 MB (cuda after merge 1677 MB)
    counts: num_colored_triangles=0, num_triangles=26850, num_circuits=41, num_frames=5
    tri_bvh: 0 instances, 13489 nodes, 0 leaves, 4.1 MB
    tri_opaque_bvh: 0 instances, 13489 nodes, 0 leaves, 4.1 MB
    bez_bvh: 0 instances, 20 nodes, 0 leaves, 0.0 MB
    bez_opaque_bvh: 0 instances, 20 nodes, 0 leaves, 0.0 MB
    textures: (5, 1573738, 5) = 150.1 MB
    tri_mat: (5, 26850, 34) = 17.4 MB
    tri_pos: (5, 26850, 9) = 4.6 MB
    tri_norm: (5, 26850, 9) = 4.6 MB
    tri_tex_meta: (26850, 10) = 1.0 MB
    tri_uvs: (1, 26850, 6) = 0.6 MB
  batch 6: merged tensors 179.9 MB, BVHs 8.2 MB (cuda after merge 1677 MB)
    counts: num_colored_triangles=0, num_triangles=26910, num_circuits=41, num_frames=5
    tri_bvh: 0 instances, 13408 nodes, 0 leaves, 4.1 MB
    tri_opaque_bvh: 0 instances, 13408 nodes, 0 leaves, 4.1 MB
    bez_bvh: 0 instances, 20 nodes, 0 leaves, 0.0 MB
    bez_opaque_bvh: 0 instances, 20 nodes, 0 leaves, 0.0 MB
    textures: (5, 1573728, 5) = 150.1 MB
    tri_mat: (5, 26910, 34) = 17.5 MB
    tri_pos: (5, 26910, 9) = 4.6 MB
    tri_norm: (5, 26910, 9) = 4.6 MB
    tri_tex_meta: (26910, 10) = 1.0 MB
    tri_uvs: (1, 26910, 6) = 0.6 MB
  batch 7: merged tensors 179.9 MB, BVHs 8.2 MB (cuda after merge 1677 MB)
    counts: num_colored_triangles=0, num_triangles=26938, num_circuits=41, num_frames=5
    tri_bvh: 0 instances, 13442 nodes, 0 leaves, 4.1 MB
    tri_opaque_bvh: 0 instances, 13442 nodes, 0 leaves, 4.1 MB
    bez_bvh: 0 instances, 20 nodes, 0 leaves, 0.0 MB
    bez_opaque_bvh: 0 instances, 20 nodes, 0 leaves, 0.0 MB
    textures: (5, 1573726, 5) = 150.1 MB
    tri_mat: (5, 26938, 34) = 17.5 MB
    tri_pos: (5, 26938, 9) = 4.6 MB
    tri_norm: (5, 26938, 9) = 4.6 MB
    tri_tex_meta: (26938, 10) = 1.0 MB
    tri_uvs: (1, 26938, 6) = 0.6 MB
  batch 8: merged tensors 180.0 MB, BVHs 8.3 MB (cuda after merge 1677 MB)
    counts: num_colored_triangles=0, num_triangles=26946, num_circuits=41, num_frames=5
    tri_bvh: 0 instances, 13524 nodes, 0 leaves, 4.1 MB
    tri_opaque_bvh: 0 instances, 13524 nodes, 0 leaves, 4.1 MB
    bez_bvh: 0 instances, 20 nodes, 0 leaves, 0.0 MB
    bez_opaque_bvh: 0 instances, 20 nodes, 0 leaves, 0.0 MB
    textures: (5, 1573714, 5) = 150.1 MB
    tri_mat: (5, 26946, 34) = 17.5 MB
    tri_pos: (5, 26946, 9) = 4.6 MB
    tri_norm: (5, 26946, 9) = 4.6 MB
    tri_tex_meta: (26946, 10) = 1.0 MB
    tri_uvs: (1, 26946, 6) = 0.6 MB
  batch 9: merged tensors 166.0 MB, BVHs 8.3 MB (cuda after merge 1677 MB)
    counts: num_colored_triangles=0, num_triangles=26934, num_circuits=41, num_frames=5
    tri_bvh: 0 instances, 13508 nodes, 0 leaves, 4.1 MB
    tri_opaque_bvh: 0 instances, 13508 nodes, 0 leaves, 4.1 MB
    bez_bvh: 0 instances, 20 nodes, 0 leaves, 0.0 MB
    bez_opaque_bvh: 0 instances, 20 nodes, 0 leaves, 0.0 MB
    textures: (5, 1573702, 5) = 150.1 MB
    tri_pos: (5, 26934, 9) = 4.6 MB
    tri_norm: (5, 26934, 9) = 4.6 MB
    tri_mat: (1, 26934, 34) = 3.5 MB
    tri_tex_meta: (26934, 10) = 1.0 MB
    tri_uvs: (1, 26934, 6) = 0.6 MB
  cProfile dump: disabled (set ALGAN_PROFILE_CPROFILE=1)

------------------------------------------------------------------------------
Registers / occupancy not collected in-process (Taichi CUPTI toolkit unavailable here).
Run this to get them via nvprof:

  # registers per thread (no admin needed):
  ALGAN_UNDER_NVPROF=1 nvprof --print-gpu-trace --csv D:\algan\.venv\Scripts\python.exe nn_ablation.py noshadow PREVIEW
  # achieved occupancy (may need admin on Pascal):
  ALGAN_UNDER_NVPROF=1 nvprof --metrics achieved_occupancy --csv D:\algan\.venv\Scripts\python.exe nn_ablation.py noshadow PREVIEW
report written to algan_profile_report_nn_abl_noshadow_PREVIEW.txt
