Rendering device set to cuda
[Taichi] version 1.7.4, llvm 15.0.1, commit b4b956fd, win, python 3.11.6
[Taichi] Starting on arch=cuda
ARM=sec1  QUALITY=PREVIEW  ALGAN_ANALYTIC_AA_SECONDARY=1
Encoding video with libx264
Began rendering profilingnn_abl_sec1_PREVIEW_run1.mp4
Preparing render kernels. If this is the first render on this machine (or after an update), compiling the GPU kernels can take several minutes. Compiled kernels are cached, so subsequent renders start immediately.
Finished rendering profilingnn_abl_sec1_PREVIEW_run1.mp4 in 95.4 s
Encoding video with libx264
Began rendering profilingnn_abl_sec1_PREVIEW_run2.mp4
Finished rendering profilingnn_abl_sec1_PREVIEW_run2.mp4 in 30.8 s
[profiling] hooked 38 Taichi kernels (170 ti.funcs are inlined and not separately timed)

===== profiling run 1/2 (cold) =====

===== profiling run 2/2 (warm) =====

==============================================================================
Algan ray-tracing scene profile
==============================================================================
device: NVIDIA GeForce GTX 1050
  driver 576.52  compute cap 6.1  4096 MiB  max SM 1911 MHz / mem 3504 MHz  PCIe gen3 x16
  profiling tools: nvidia-smi=yes, nvprof=yes, ncu=no, nsys=no
  Taichi kernel profiler: off (wall-time only)
  hooked kernels (38): bezier_chord_hull_error, compact_ray_slots, env_background_prefill, fill_background_from_func, finalize_samples, gather_fragment_arrays, gloss_composite, gloss_pyramid_level, gloss_scatter, mask_popcount, one_mesh_pixel_apply, one_mesh_pixel_reduce, opaque_prefix_keep, path_trace_physical_stbvh, path_trace_scene_stbvh, pn_edge_chord_error, pn_patch_flatness_error, raster_bez_count, raster_bez_write, raster_shadow_trace, raster_tri_count, raster_tri_write, sheet_band_reduce, sheet_conflict_rank, sheet_lane_first_owner, sheet_resolve_shade, wavefront_generate_rays, wavefront_shade, wavefront_shadow, wavefront_traverse, wavefront_traverse_events, wf_composite, wf_composite_aa, wf_composite_accum, wf_composite_accum_aa, wf_composite_accum_sparse, wf_finalize_aa, wf_finalize_uncovered

------------------------------------------------------------------------------
RUN 1 (cold (includes Taichi JIT compile)): end-to-end 95.62s
------------------------------------------------------------------------------
incl is wall time, excl is time spent in function excluding sub-processes of another tracked stage
stage                                                calls  incl (s) incl (%)  excl (s)  excl (%)launch    sync      
ray traced render total                                 11    83.032    86.8%     0.071     0.1%     0.000     0.000
wavefront_loop                                          11    82.314    86.1%     0.162     0.2%     0.000     0.000
Scene.get_batch_of_primitives                           10    76.406    79.9%    12.060    12.6%     0.000     0.000
surfaces: get_render_primitives_batched                 20    51.194    53.5%    46.095    48.2%     0.000     0.000
raster: sparse resolve                                  11    48.125    50.3%     0.079     0.1%     0.000     0.000
kernel: sheet_resolve_shade                             22    40.312    42.2%    40.312    42.2%    40.085     0.225
kernel: wavefront_shade                                 88    14.715    15.4%    14.715    15.4%    10.603     4.107
raster: sparse discovery                                11    13.762    14.4%     0.332     0.3%     0.000     0.000
AnimationTimeline.set_state_to_times                    10    12.628    13.2%     9.058     9.5%     0.000     0.000
arena preflight (batch)                                 10    10.420    10.9%     0.033     0.0%     0.000     0.000
AttributeTimeline.get                                42867     8.837     9.2%     8.837     9.2%     0.000     0.000
kernel: raster_shadow_trace                             11     7.733     8.1%     7.733     8.1%     5.804     1.928
merge collections + build BVHs                          10     6.148     6.4%     2.338     2.4%     0.000     0.000
  - project_to_screen (prewarm)                         10     4.239     4.4%     0.164     0.2%     0.000     0.000
kernel: wavefront_traverse_events                       88     3.937     4.1%     3.937     4.1%     2.343     1.589
kernel: raster_tri_count                                22     3.924     4.1%     3.924     4.1%     2.603     1.274
  - refit-BVH build (in merge)                          20     3.685     3.9%     3.685     3.9%     0.000     0.000
kernel: raster_tri_write                                22     3.494     3.7%     3.494     3.7%     2.669     0.824
logical PN: dice + shade + pack (project_to_screen)     30     3.376     3.5%     0.136     0.1%     0.000     0.000
logical PN:   - _dice_logical_pn                        30     3.240     3.4%     0.946     1.0%     0.000     0.000
raster:   - compact_sheets                              11     2.827     3.0%     1.117     1.2%     0.000     0.000
logical PN:     - subdivision levels                    30     1.440     1.5%     0.103     0.1%     0.000     0.000
kernel: raster_bez_count                                11     1.317     1.4%     1.317     1.4%     1.295     0.021
AttributeTimeline.modify                              6384     0.863     0.9%     0.863     0.9%     0.000     0.000
kernel: raster_bez_write                                11     0.816     0.9%     0.816     0.9%     0.796     0.019
logical PN:       - edge level search                   30     0.709     0.7%     0.080     0.1%     0.000     0.000
beziers: sample + pack (project_to_screen)              10     0.698     0.7%     0.004     0.0%     0.000     0.000
AttributeTimeline.rematerialize_state_at_times         260     0.674     0.7%     0.674     0.7%     0.000     0.000
logical PN:         - edge chord error                  40     0.629     0.7%     0.010     0.0%     0.000     0.000
post-process (downsample/FXAA/glow)                     11     0.621     0.6%     0.066     0.1%     0.000     0.000
kernel: pn_edge_chord_error                             40     0.619     0.6%     0.619     0.6%     0.610     0.007
logical PN:       - patch level search                  30     0.603     0.6%     0.090     0.1%     0.000     0.000
logical PN:     - interpolate attrs                    970     0.573     0.6%     0.573     0.6%     0.000     0.000
logical PN:         - patch flatness error              60     0.539     0.6%     0.023     0.0%     0.000     0.000
kernel: pn_patch_flatness_error                         60     0.516     0.5%     0.516     0.5%     0.504     0.010
kernel: gloss_composite                                 50     0.494     0.5%     0.494     0.5%     0.486     0.006
raster:     - sheets lexsort                            33     0.489     0.5%     0.489     0.5%     0.000     0.000
raster:   - window pairs                                22     0.408     0.4%     0.408     0.4%     0.000     0.000
beziers:   - _compute_samples_per_segment               10     0.398     0.4%     0.025     0.0%     0.000     0.000
kernel: bezier_chord_hull_error                         30     0.374     0.4%     0.374     0.4%     0.372     0.001
post:   - bloom fft conv                                44     0.371     0.4%     0.371     0.4%     0.000     0.000
raster:     - sheets shade class                        11     0.356     0.4%     0.356     0.4%     0.000     0.000
kernel: gloss_pyramid_level                            450     0.333     0.3%     0.333     0.3%     0.302     0.019
wavefront:   - raster tables (batch)                    10     0.318     0.3%     0.005     0.0%     0.000     0.000
AttributeTimeline.add                                 2770     0.307     0.3%     0.307     0.3%     0.000     0.000
beziers:   - _build_circuit_geometry                    10     0.262     0.3%     0.262     0.3%     0.000     0.000
raster:     - sheets prim split                         11     0.252     0.3%     0.252     0.3%     0.000     0.000
raster:   - fragment sort                               11     0.230     0.2%     0.230     0.2%     0.000     0.000
raster:     - sheets conflict rank                      11     0.204     0.2%     0.004     0.0%     0.000     0.000
kernel: sheet_conflict_rank                             11     0.200     0.2%     0.200     0.2%     0.158     0.041
scene upload to arena                                   10     0.197     0.2%     0.197     0.2%     0.000     0.000
raster:     - sheets band reduce                        22     0.188     0.2%     0.029     0.0%     0.000     0.000
raster:     - sheets band composite                     11     0.183     0.2%     0.028     0.0%     0.000     0.000
wavefront:   - compact active                           99     0.182     0.2%     0.035     0.0%     0.000     0.000
kernel: one_mesh_pixel_reduce                           11     0.166     0.2%     0.166     0.2%     0.122     0.043
kernel: gloss_scatter                                   50     0.163     0.2%     0.163     0.2%     0.158     0.003
kernel: sheet_band_reduce                               22     0.159     0.2%     0.159     0.2%     0.138     0.019
raster:   - precompute bez bounds                       10     0.158     0.2%     0.158     0.2%     0.000     0.000
post:   - tonemap/finalize                              11     0.157     0.2%     0.157     0.2%     0.000     0.000
Surface.get_render_primitives                           10     0.152     0.2%     0.148     0.2%     0.000     0.000
kernel: compact_ray_slots                               99     0.147     0.2%     0.147     0.2%     0.119     0.024
memory reclaim (gc + cuda cache)                        41     0.138     0.1%     0.138     0.1%     0.000     0.000
  - bezier edge accel (in merge)                        10     0.125     0.1%     0.125     0.1%     0.000     0.000
kernel: wf_composite_accum_sparse                       50     0.123     0.1%     0.123     0.1%     0.119     0.002
kernel: sheet_lane_first_owner                          11     0.122     0.1%     0.122     0.1%     0.107     0.009
logical PN:     - evaluate patch                        50     0.108     0.1%     0.108     0.1%     0.000     0.000
kernel: one_mesh_pixel_apply                            11     0.108     0.1%     0.108     0.1%     0.091     0.016
logical PN:     - snap boundary                        100     0.106     0.1%     0.106     0.1%     0.000     0.000
kernel: opaque_prefix_keep                              11     0.102     0.1%     0.102     0.1%     0.095     0.007
BezierCircuitCubic.get_render_primitives                10     0.101     0.1%     0.046     0.0%     0.000     0.000
raster:   - precompute tri projection                   10     0.092     0.1%     0.092     0.1%     0.000     0.000
logical PN:     - evaluate normals                      50     0.067     0.1%     0.067     0.1%     0.000     0.000
raster:   - precompute tri bounds                       10     0.064     0.1%     0.064     0.1%     0.000     0.000
kernel: mask_popcount                                   11     0.056     0.1%     0.056     0.1%     0.055     0.001
raster:   - fragment gather                             11     0.038     0.0%     0.038     0.0%     0.000     0.000
beziers:   - _build_frame_bounds                        10     0.035     0.0%     0.035     0.0%     0.000     0.000
background prefill                                      11     0.025     0.0%     0.025     0.0%     0.000     0.000
video encode tail (ffmpeg drain)                         1     0.019     0.0%     0.019     0.0%     0.000     0.000
post:   - device->host copy                             11     0.017     0.0%     0.017     0.0%     0.000     0.000
raster:     - sheets sibling weights                    11     0.015     0.0%     0.015     0.0%     0.000     0.000
post:   - bloom downsample                              11     0.010     0.0%     0.010     0.0%     0.000     0.000
free-VRAM probe (empty_cache)                            1     0.000     0.0%     0.000     0.0%     0.000     0.000
(unaccounted: video encode, scene mgmt, ...)                 -76.273   -79.8%

GPU telemetry over render (803 samples @ ~10 Hz, min/avg/max):
  utilization  0/18/100 %   mem-util 0/4/75 %
  SM clock     139/702/1620 MHz   mem clock 405/1672/3504 MHz
  temperature  68/73/82 C   power n/a
  no clock throttling observed

GPU memory: peak allocated 2041 MB, peak reserved 2432 MB
  batch 0: merged tensors 179.8 MB, BVHs 8.2 MB (cuda after merge 1761 MB)
    counts: num_colored_triangles=0, num_triangles=26798, num_circuits=41, num_frames=5
    tri_bvh: 0 instances, 13387 nodes, 0 leaves, 4.1 MB
    tri_opaque_bvh: 0 instances, 13387 nodes, 0 leaves, 4.1 MB
    bez_bvh: 0 instances, 20 nodes, 0 leaves, 0.0 MB
    bez_opaque_bvh: 0 instances, 20 nodes, 0 leaves, 0.0 MB
    textures: (5, 1573712, 5) = 150.1 MB
    tri_mat: (5, 26798, 34) = 17.4 MB
    tri_pos: (5, 26798, 9) = 4.6 MB
    tri_norm: (5, 26798, 9) = 4.6 MB
    tri_tex_meta: (26798, 10) = 1.0 MB
    tri_uvs: (1, 26798, 6) = 0.6 MB
  batch 1: merged tensors 179.8 MB, BVHs 8.2 MB (cuda after merge 1760 MB)
    counts: num_colored_triangles=0, num_triangles=26806, num_circuits=41, num_frames=5
    tri_bvh: 0 instances, 13395 nodes, 0 leaves, 4.1 MB
    tri_opaque_bvh: 0 instances, 13395 nodes, 0 leaves, 4.1 MB
    bez_bvh: 0 instances, 20 nodes, 0 leaves, 0.0 MB
    bez_opaque_bvh: 0 instances, 20 nodes, 0 leaves, 0.0 MB
    textures: (5, 1573712, 5) = 150.1 MB
    tri_mat: (5, 26806, 34) = 17.4 MB
    tri_pos: (5, 26806, 9) = 4.6 MB
    tri_norm: (5, 26806, 9) = 4.6 MB
    tri_tex_meta: (26806, 10) = 1.0 MB
    tri_uvs: (1, 26806, 6) = 0.6 MB
  batch 2: merged tensors 179.8 MB, BVHs 8.2 MB (cuda after merge 1760 MB)
    counts: num_colored_triangles=0, num_triangles=26810, num_circuits=41, num_frames=5
    tri_bvh: 0 instances, 13355 nodes, 0 leaves, 4.1 MB
    tri_opaque_bvh: 0 instances, 13355 nodes, 0 leaves, 4.1 MB
    bez_bvh: 0 instances, 20 nodes, 0 leaves, 0.0 MB
    bez_opaque_bvh: 0 instances, 20 nodes, 0 leaves, 0.0 MB
    textures: (5, 1573728, 5) = 150.1 MB
    tri_mat: (5, 26810, 34) = 17.4 MB
    tri_pos: (5, 26810, 9) = 4.6 MB
    tri_norm: (5, 26810, 9) = 4.6 MB
    tri_tex_meta: (26810, 10) = 1.0 MB
    tri_uvs: (1, 26810, 6) = 0.6 MB
  batch 3: merged tensors 179.8 MB, BVHs 8.1 MB (cuda after merge 1760 MB)
    counts: num_colored_triangles=0, num_triangles=26810, num_circuits=41, num_frames=5
    tri_bvh: 0 instances, 13272 nodes, 0 leaves, 4.1 MB
    tri_opaque_bvh: 0 instances, 13272 nodes, 0 leaves, 4.1 MB
    bez_bvh: 0 instances, 20 nodes, 0 leaves, 0.0 MB
    bez_opaque_bvh: 0 instances, 20 nodes, 0 leaves, 0.0 MB
    textures: (5, 1573728, 5) = 150.1 MB
    tri_mat: (5, 26810, 34) = 17.4 MB
    tri_pos: (5, 26810, 9) = 4.6 MB
    tri_norm: (5, 26810, 9) = 4.6 MB
    tri_tex_meta: (26810, 10) = 1.0 MB
    tri_uvs: (1, 26810, 6) = 0.6 MB
  batch 4: merged tensors 179.9 MB, BVHs 8.2 MB (cuda after merge 1761 MB)
    counts: num_colored_triangles=0, num_triangles=26854, num_circuits=41, num_frames=5
    tri_bvh: 0 instances, 13411 nodes, 0 leaves, 4.1 MB
    tri_opaque_bvh: 0 instances, 13411 nodes, 0 leaves, 4.1 MB
    bez_bvh: 0 instances, 20 nodes, 0 leaves, 0.0 MB
    bez_opaque_bvh: 0 instances, 20 nodes, 0 leaves, 0.0 MB
    textures: (5, 1573742, 5) = 150.1 MB
    tri_mat: (5, 26854, 34) = 17.4 MB
    tri_pos: (5, 26854, 9) = 4.6 MB
    tri_norm: (5, 26854, 9) = 4.6 MB
    tri_tex_meta: (26854, 10) = 1.0 MB
    tri_uvs: (1, 26854, 6) = 0.6 MB
  batch 5: merged tensors 179.9 MB, BVHs 8.2 MB (cuda after merge 1761 MB)
    counts: num_colored_triangles=0, num_triangles=26850, num_circuits=41, num_frames=5
    tri_bvh: 0 instances, 13489 nodes, 0 leaves, 4.1 MB
    tri_opaque_bvh: 0 instances, 13489 nodes, 0 leaves, 4.1 MB
    bez_bvh: 0 instances, 20 nodes, 0 leaves, 0.0 MB
    bez_opaque_bvh: 0 instances, 20 nodes, 0 leaves, 0.0 MB
    textures: (5, 1573738, 5) = 150.1 MB
    tri_mat: (5, 26850, 34) = 17.4 MB
    tri_pos: (5, 26850, 9) = 4.6 MB
    tri_norm: (5, 26850, 9) = 4.6 MB
    tri_tex_meta: (26850, 10) = 1.0 MB
    tri_uvs: (1, 26850, 6) = 0.6 MB
  batch 6: merged tensors 179.9 MB, BVHs 8.2 MB (cuda after merge 1761 MB)
    counts: num_colored_triangles=0, num_triangles=26910, num_circuits=41, num_frames=5
    tri_bvh: 0 instances, 13408 nodes, 0 leaves, 4.1 MB
    tri_opaque_bvh: 0 instances, 13408 nodes, 0 leaves, 4.1 MB
    bez_bvh: 0 instances, 20 nodes, 0 leaves, 0.0 MB
    bez_opaque_bvh: 0 instances, 20 nodes, 0 leaves, 0.0 MB
    textures: (5, 1573728, 5) = 150.1 MB
    tri_mat: (5, 26910, 34) = 17.5 MB
    tri_pos: (5, 26910, 9) = 4.6 MB
    tri_norm: (5, 26910, 9) = 4.6 MB
    tri_tex_meta: (26910, 10) = 1.0 MB
    tri_uvs: (1, 26910, 6) = 0.6 MB
  batch 7: merged tensors 179.9 MB, BVHs 8.2 MB (cuda after merge 1761 MB)
    counts: num_colored_triangles=0, num_triangles=26938, num_circuits=41, num_frames=5
    tri_bvh: 0 instances, 13442 nodes, 0 leaves, 4.1 MB
    tri_opaque_bvh: 0 instances, 13442 nodes, 0 leaves, 4.1 MB
    bez_bvh: 0 instances, 20 nodes, 0 leaves, 0.0 MB
    bez_opaque_bvh: 0 instances, 20 nodes, 0 leaves, 0.0 MB
    textures: (5, 1573726, 5) = 150.1 MB
    tri_mat: (5, 26938, 34) = 17.5 MB
    tri_pos: (5, 26938, 9) = 4.6 MB
    tri_norm: (5, 26938, 9) = 4.6 MB
    tri_tex_meta: (26938, 10) = 1.0 MB
    tri_uvs: (1, 26938, 6) = 0.6 MB
  batch 8: merged tensors 180.0 MB, BVHs 8.3 MB (cuda after merge 1761 MB)
    counts: num_colored_triangles=0, num_triangles=26946, num_circuits=41, num_frames=5
    tri_bvh: 0 instances, 13524 nodes, 0 leaves, 4.1 MB
    tri_opaque_bvh: 0 instances, 13524 nodes, 0 leaves, 4.1 MB
    bez_bvh: 0 instances, 20 nodes, 0 leaves, 0.0 MB
    bez_opaque_bvh: 0 instances, 20 nodes, 0 leaves, 0.0 MB
    textures: (5, 1573714, 5) = 150.1 MB
    tri_mat: (5, 26946, 34) = 17.5 MB
    tri_pos: (5, 26946, 9) = 4.6 MB
    tri_norm: (5, 26946, 9) = 4.6 MB
    tri_tex_meta: (26946, 10) = 1.0 MB
    tri_uvs: (1, 26946, 6) = 0.6 MB
  batch 9: merged tensors 166.0 MB, BVHs 8.3 MB (cuda after merge 1761 MB)
    counts: num_colored_triangles=0, num_triangles=26934, num_circuits=41, num_frames=5
    tri_bvh: 0 instances, 13508 nodes, 0 leaves, 4.1 MB
    tri_opaque_bvh: 0 instances, 13508 nodes, 0 leaves, 4.1 MB
    bez_bvh: 0 instances, 20 nodes, 0 leaves, 0.0 MB
    bez_opaque_bvh: 0 instances, 20 nodes, 0 leaves, 0.0 MB
    textures: (5, 1573702, 5) = 150.1 MB
    tri_pos: (5, 26934, 9) = 4.6 MB
    tri_norm: (5, 26934, 9) = 4.6 MB
    tri_mat: (1, 26934, 34) = 3.5 MB
    tri_tex_meta: (26934, 10) = 1.0 MB
    tri_uvs: (1, 26934, 6) = 0.6 MB
  cProfile dump: disabled (set ALGAN_PROFILE_CPROFILE=1)

------------------------------------------------------------------------------
RUN 2 (warm (steady state)): end-to-end 31.01s
------------------------------------------------------------------------------
incl is wall time, excl is time spent in function excluding sub-processes of another tracked stage
stage                                                calls  incl (s) incl (%)  excl (s)  excl (%)launch    sync      
ray traced render total                                 11    16.540    53.3%     0.082     0.3%     0.000     0.000
wavefront_loop                                          11    15.980    51.5%     0.246     0.8%     0.000     0.000
Scene.get_batch_of_primitives                           10    15.292    49.3%     2.639     8.5%     0.000     0.000
arena preflight (batch)                                 10    11.092    35.8%     0.048     0.2%     0.000     0.000
merge collections + build BVHs                          10     7.797    25.1%     2.982     9.6%     0.000     0.000
AnimationTimeline.set_state_to_times                    10     6.933    22.4%     3.865    12.5%     0.000     0.000
raster: sparse discovery                                11     5.885    19.0%     0.420     1.4%     0.000     0.000
surfaces: get_render_primitives_batched                 20     4.651    15.0%     3.753    12.1%     0.000     0.000
kernel: wavefront_shade                                 88     4.646    15.0%     4.646    15.0%     0.324     4.316
  - refit-BVH build (in merge)                          20     4.645    15.0%     4.645    15.0%     0.000     0.000
AttributeTimeline.get                                42589     4.597    14.8%     4.597    14.8%     0.000     0.000
  - project_to_screen (prewarm)                         10     3.247    10.5%     0.185     0.6%     0.000     0.000
logical PN: dice + shade + pack (project_to_screen)     30     2.650     8.5%     0.162     0.5%     0.000     0.000
logical PN:   - _dice_logical_pn                        30     2.488     8.0%     1.045     3.4%     0.000     0.000
raster:   - compact_sheets                              11     2.391     7.7%     1.123     3.6%     0.000     0.000
raster: sparse resolve                                  11     2.374     7.7%     0.100     0.3%     0.000     0.000
kernel: raster_shadow_trace                             11     1.952     6.3%     1.952     6.3%     0.039     1.906
kernel: wavefront_traverse_events                       88     1.899     6.1%     1.899     6.1%     0.252     1.641
kernel: raster_tri_count                                22     1.357     4.4%     1.357     4.4%     0.050     1.260
AttributeTimeline.rematerialize_state_at_times         260     1.010     3.3%     1.010     3.3%     0.000     0.000
AttributeTimeline.modify                              6384     0.921     3.0%     0.921     3.0%     0.000     0.000
kernel: raster_tri_write                                22     0.861     2.8%     0.861     2.8%     0.056     0.802
logical PN:     - interpolate attrs                    970     0.677     2.2%     0.677     2.2%     0.000     0.000
Surface.get_render_primitives                           10     0.607     2.0%     0.601     1.9%     0.000     0.000
AttributeTimeline.add                                 2770     0.477     1.5%     0.477     1.5%     0.000     0.000
raster:     - sheets lexsort                            33     0.462     1.5%     0.462     1.5%     0.000     0.000
post-process (downsample/FXAA/glow)                     11     0.441     1.4%     0.091     0.3%     0.000     0.000
beziers: sample + pack (project_to_screen)              10     0.412     1.3%     0.005     0.0%     0.000     0.000
logical PN:     - subdivision levels                    30     0.397     1.3%     0.083     0.3%     0.000     0.000
raster:   - window pairs                                22     0.392     1.3%     0.392     1.3%     0.000     0.000
raster:     - sheets shade class                        11     0.352     1.1%     0.352     1.1%     0.000     0.000
wavefront:   - raster tables (batch)                    10     0.349     1.1%     0.006     0.0%     0.000     0.000
kernel: sheet_resolve_shade                             22     0.322     1.0%     0.322     1.0%     0.099     0.217
beziers:   - _build_circuit_geometry                    10     0.295     1.0%     0.295     1.0%     0.000     0.000
post:   - bloom fft conv                                44     0.294     0.9%     0.294     0.9%     0.000     0.000
kernel: gloss_pyramid_level                            450     0.276     0.9%     0.276     0.9%     0.224     0.035
raster:     - sheets prim split                         11     0.249     0.8%     0.249     0.8%     0.000     0.000
scene upload to arena                                   10     0.244     0.8%     0.244     0.8%     0.000     0.000
raster:   - fragment sort                               11     0.227     0.7%     0.227     0.7%     0.000     0.000
wavefront:   - compact active                           99     0.182     0.6%     0.057     0.2%     0.000     0.000
logical PN:       - patch level search                  30     0.173     0.6%     0.099     0.3%     0.000     0.000
  - bezier edge accel (in merge)                        10     0.170     0.5%     0.170     0.5%     0.000     0.000
raster:   - precompute bez bounds                       10     0.163     0.5%     0.163     0.5%     0.000     0.000
logical PN:     - evaluate patch                        50     0.143     0.5%     0.143     0.5%     0.000     0.000
logical PN:     - snap boundary                        100     0.134     0.4%     0.134     0.4%     0.000     0.000
kernel: compact_ray_slots                               99     0.124     0.4%     0.124     0.4%     0.089     0.027
logical PN:         - patch flatness error              60     0.109     0.4%     0.030     0.1%     0.000     0.000
BezierCircuitCubic.get_render_primitives                10     0.107     0.3%     0.044     0.1%     0.000     0.000
logical PN:       - edge level search                   30     0.107     0.3%     0.043     0.1%     0.000     0.000
raster:   - precompute tri projection                   10     0.106     0.3%     0.106     0.3%     0.000     0.000
logical PN:     - evaluate normals                      50     0.090     0.3%     0.090     0.3%     0.000     0.000
raster:     - sheets band composite                     11     0.080     0.3%     0.034     0.1%     0.000     0.000
kernel: pn_patch_flatness_error                         60     0.079     0.3%     0.079     0.3%     0.066     0.010
raster:   - precompute tri bounds                       10     0.073     0.2%     0.073     0.2%     0.000     0.000
raster:     - sheets band reduce                        22     0.073     0.2%     0.028     0.1%     0.000     0.000
beziers:   - _compute_samples_per_segment               10     0.068     0.2%     0.036     0.1%     0.000     0.000
logical PN:         - edge chord error                  40     0.063     0.2%     0.013     0.0%     0.000     0.000
kernel: one_mesh_pixel_reduce                           11     0.061     0.2%     0.061     0.2%     0.018     0.042
raster:     - sheets conflict rank                      11     0.057     0.2%     0.005     0.0%     0.000     0.000
kernel: sheet_conflict_rank                             11     0.052     0.2%     0.052     0.2%     0.010     0.041
kernel: pn_edge_chord_error                             40     0.051     0.2%     0.051     0.2%     0.042     0.007
kernel: raster_bez_count                                11     0.047     0.2%     0.047     0.2%     0.029     0.018
kernel: sheet_band_reduce                               22     0.045     0.1%     0.045     0.1%     0.023     0.021
kernel: raster_bez_write                                11     0.045     0.1%     0.045     0.1%     0.025     0.019
kernel: gloss_scatter                                   50     0.044     0.1%     0.044     0.1%     0.038     0.004
beziers:   - _build_frame_bounds                        10     0.044     0.1%     0.044     0.1%     0.000     0.000
kernel: gloss_composite                                 50     0.042     0.1%     0.042     0.1%     0.033     0.007
raster:   - fragment gather                             11     0.038     0.1%     0.038     0.1%     0.000     0.000
background prefill                                      11     0.037     0.1%     0.037     0.1%     0.000     0.000
kernel: wf_composite_accum_sparse                       50     0.037     0.1%     0.037     0.1%     0.031     0.004
kernel: bezier_chord_hull_error                         30     0.033     0.1%     0.033     0.1%     0.030     0.002
kernel: one_mesh_pixel_apply                            11     0.029     0.1%     0.029     0.1%     0.012     0.016
post:   - device->host copy                             11     0.026     0.1%     0.026     0.1%     0.000     0.000
kernel: sheet_lane_first_owner                          11     0.017     0.1%     0.017     0.1%     0.008     0.009
post:   - tonemap/finalize                              11     0.017     0.1%     0.017     0.1%     0.000     0.000
kernel: opaque_prefix_keep                              11     0.017     0.1%     0.017     0.1%     0.009     0.007
raster:     - sheets sibling weights                    11     0.015     0.0%     0.015     0.0%     0.000     0.000
video encode tail (ffmpeg drain)                         1     0.014     0.0%     0.014     0.0%     0.000     0.000
post:   - bloom downsample                              11     0.012     0.0%     0.012     0.0%     0.000     0.000
memory reclaim (gc + cuda cache)                        41     0.010     0.0%     0.010     0.0%     0.000     0.000
kernel: mask_popcount                                   11     0.009     0.0%     0.009     0.0%     0.008     0.001
free-VRAM probe (empty_cache)                            1     0.000     0.0%     0.000     0.0%     0.000     0.000
(unaccounted: video encode, scene mgmt, ...)                 -14.792   -47.7%

GPU telemetry over render (269 samples @ ~10 Hz, min/avg/max):
  utilization  0/52/100 %   mem-util 0/13/70 %
  SM clock     1151/1593/1620 MHz   mem clock 3504/3504/3504 MHz
  temperature  77/81/85 C   power n/a
  ** THROTTLING observed: SwThermal (run-to-run timing is unreliable) **

GPU memory: peak allocated 1954 MB, peak reserved 2440 MB
  batch 0: merged tensors 179.8 MB, BVHs 8.2 MB (cuda after merge 1673 MB)
    counts: num_colored_triangles=0, num_triangles=26798, num_circuits=41, num_frames=5
    tri_bvh: 0 instances, 13387 nodes, 0 leaves, 4.1 MB
    tri_opaque_bvh: 0 instances, 13387 nodes, 0 leaves, 4.1 MB
    bez_bvh: 0 instances, 20 nodes, 0 leaves, 0.0 MB
    bez_opaque_bvh: 0 instances, 20 nodes, 0 leaves, 0.0 MB
    textures: (5, 1573712, 5) = 150.1 MB
    tri_mat: (5, 26798, 34) = 17.4 MB
    tri_pos: (5, 26798, 9) = 4.6 MB
    tri_norm: (5, 26798, 9) = 4.6 MB
    tri_tex_meta: (26798, 10) = 1.0 MB
    tri_uvs: (1, 26798, 6) = 0.6 MB
  batch 1: merged tensors 179.8 MB, BVHs 8.2 MB (cuda after merge 1673 MB)
    counts: num_colored_triangles=0, num_triangles=26806, num_circuits=41, num_frames=5
    tri_bvh: 0 instances, 13395 nodes, 0 leaves, 4.1 MB
    tri_opaque_bvh: 0 instances, 13395 nodes, 0 leaves, 4.1 MB
    bez_bvh: 0 instances, 20 nodes, 0 leaves, 0.0 MB
    bez_opaque_bvh: 0 instances, 20 nodes, 0 leaves, 0.0 MB
    textures: (5, 1573712, 5) = 150.1 MB
    tri_mat: (5, 26806, 34) = 17.4 MB
    tri_pos: (5, 26806, 9) = 4.6 MB
    tri_norm: (5, 26806, 9) = 4.6 MB
    tri_tex_meta: (26806, 10) = 1.0 MB
    tri_uvs: (1, 26806, 6) = 0.6 MB
  batch 2: merged tensors 179.8 MB, BVHs 8.2 MB (cuda after merge 1673 MB)
    counts: num_colored_triangles=0, num_triangles=26810, num_circuits=41, num_frames=5
    tri_bvh: 0 instances, 13355 nodes, 0 leaves, 4.1 MB
    tri_opaque_bvh: 0 instances, 13355 nodes, 0 leaves, 4.1 MB
    bez_bvh: 0 instances, 20 nodes, 0 leaves, 0.0 MB
    bez_opaque_bvh: 0 instances, 20 nodes, 0 leaves, 0.0 MB
    textures: (5, 1573728, 5) = 150.1 MB
    tri_mat: (5, 26810, 34) = 17.4 MB
    tri_pos: (5, 26810, 9) = 4.6 MB
    tri_norm: (5, 26810, 9) = 4.6 MB
    tri_tex_meta: (26810, 10) = 1.0 MB
    tri_uvs: (1, 26810, 6) = 0.6 MB
  batch 3: merged tensors 179.8 MB, BVHs 8.1 MB (cuda after merge 1673 MB)
    counts: num_colored_triangles=0, num_triangles=26810, num_circuits=41, num_frames=5
    tri_bvh: 0 instances, 13272 nodes, 0 leaves, 4.1 MB
    tri_opaque_bvh: 0 instances, 13272 nodes, 0 leaves, 4.1 MB
    bez_bvh: 0 instances, 20 nodes, 0 leaves, 0.0 MB
    bez_opaque_bvh: 0 instances, 20 nodes, 0 leaves, 0.0 MB
    textures: (5, 1573728, 5) = 150.1 MB
    tri_mat: (5, 26810, 34) = 17.4 MB
    tri_pos: (5, 26810, 9) = 4.6 MB
    tri_norm: (5, 26810, 9) = 4.6 MB
    tri_tex_meta: (26810, 10) = 1.0 MB
    tri_uvs: (1, 26810, 6) = 0.6 MB
  batch 4: merged tensors 179.9 MB, BVHs 8.2 MB (cuda after merge 1673 MB)
    counts: num_colored_triangles=0, num_triangles=26854, num_circuits=41, num_frames=5
    tri_bvh: 0 instances, 13411 nodes, 0 leaves, 4.1 MB
    tri_opaque_bvh: 0 instances, 13411 nodes, 0 leaves, 4.1 MB
    bez_bvh: 0 instances, 20 nodes, 0 leaves, 0.0 MB
    bez_opaque_bvh: 0 instances, 20 nodes, 0 leaves, 0.0 MB
    textures: (5, 1573742, 5) = 150.1 MB
    tri_mat: (5, 26854, 34) = 17.4 MB
    tri_pos: (5, 26854, 9) = 4.6 MB
    tri_norm: (5, 26854, 9) = 4.6 MB
    tri_tex_meta: (26854, 10) = 1.0 MB
    tri_uvs: (1, 26854, 6) = 0.6 MB
  batch 5: merged tensors 179.9 MB, BVHs 8.2 MB (cuda after merge 1673 MB)
    counts: num_colored_triangles=0, num_triangles=26850, num_circuits=41, num_frames=5
    tri_bvh: 0 instances, 13489 nodes, 0 leaves, 4.1 MB
    tri_opaque_bvh: 0 instances, 13489 nodes, 0 leaves, 4.1 MB
    bez_bvh: 0 instances, 20 nodes, 0 leaves, 0.0 MB
    bez_opaque_bvh: 0 instances, 20 nodes, 0 leaves, 0.0 MB
    textures: (5, 1573738, 5) = 150.1 MB
    tri_mat: (5, 26850, 34) = 17.4 MB
    tri_pos: (5, 26850, 9) = 4.6 MB
    tri_norm: (5, 26850, 9) = 4.6 MB
    tri_tex_meta: (26850, 10) = 1.0 MB
    tri_uvs: (1, 26850, 6) = 0.6 MB
  batch 6: merged tensors 179.9 MB, BVHs 8.2 MB (cuda after merge 1673 MB)
    counts: num_colored_triangles=0, num_triangles=26910, num_circuits=41, num_frames=5
    tri_bvh: 0 instances, 13408 nodes, 0 leaves, 4.1 MB
    tri_opaque_bvh: 0 instances, 13408 nodes, 0 leaves, 4.1 MB
    bez_bvh: 0 instances, 20 nodes, 0 leaves, 0.0 MB
    bez_opaque_bvh: 0 instances, 20 nodes, 0 leaves, 0.0 MB
    textures: (5, 1573728, 5) = 150.1 MB
    tri_mat: (5, 26910, 34) = 17.5 MB
    tri_pos: (5, 26910, 9) = 4.6 MB
    tri_norm: (5, 26910, 9) = 4.6 MB
    tri_tex_meta: (26910, 10) = 1.0 MB
    tri_uvs: (1, 26910, 6) = 0.6 MB
  batch 7: merged tensors 179.9 MB, BVHs 8.2 MB (cuda after merge 1673 MB)
    counts: num_colored_triangles=0, num_triangles=26938, num_circuits=41, num_frames=5
    tri_bvh: 0 instances, 13442 nodes, 0 leaves, 4.1 MB
    tri_opaque_bvh: 0 instances, 13442 nodes, 0 leaves, 4.1 MB
    bez_bvh: 0 instances, 20 nodes, 0 leaves, 0.0 MB
    bez_opaque_bvh: 0 instances, 20 nodes, 0 leaves, 0.0 MB
    textures: (5, 1573726, 5) = 150.1 MB
    tri_mat: (5, 26938, 34) = 17.5 MB
    tri_pos: (5, 26938, 9) = 4.6 MB
    tri_norm: (5, 26938, 9) = 4.6 MB
    tri_tex_meta: (26938, 10) = 1.0 MB
    tri_uvs: (1, 26938, 6) = 0.6 MB
  batch 8: merged tensors 180.0 MB, BVHs 8.3 MB (cuda after merge 1673 MB)
    counts: num_colored_triangles=0, num_triangles=26946, num_circuits=41, num_frames=5
    tri_bvh: 0 instances, 13524 nodes, 0 leaves, 4.1 MB
    tri_opaque_bvh: 0 instances, 13524 nodes, 0 leaves, 4.1 MB
    bez_bvh: 0 instances, 20 nodes, 0 leaves, 0.0 MB
    bez_opaque_bvh: 0 instances, 20 nodes, 0 leaves, 0.0 MB
    textures: (5, 1573714, 5) = 150.1 MB
    tri_mat: (5, 26946, 34) = 17.5 MB
    tri_pos: (5, 26946, 9) = 4.6 MB
    tri_norm: (5, 26946, 9) = 4.6 MB
    tri_tex_meta: (26946, 10) = 1.0 MB
    tri_uvs: (1, 26946, 6) = 0.6 MB
  batch 9: merged tensors 166.0 MB, BVHs 8.3 MB (cuda after merge 1673 MB)
    counts: num_colored_triangles=0, num_triangles=26934, num_circuits=41, num_frames=5
    tri_bvh: 0 instances, 13508 nodes, 0 leaves, 4.1 MB
    tri_opaque_bvh: 0 instances, 13508 nodes, 0 leaves, 4.1 MB
    bez_bvh: 0 instances, 20 nodes, 0 leaves, 0.0 MB
    bez_opaque_bvh: 0 instances, 20 nodes, 0 leaves, 0.0 MB
    textures: (5, 1573702, 5) = 150.1 MB
    tri_pos: (5, 26934, 9) = 4.6 MB
    tri_norm: (5, 26934, 9) = 4.6 MB
    tri_mat: (1, 26934, 34) = 3.5 MB
    tri_tex_meta: (26934, 10) = 1.0 MB
    tri_uvs: (1, 26934, 6) = 0.6 MB
  cProfile dump: disabled (set ALGAN_PROFILE_CPROFILE=1)

------------------------------------------------------------------------------
Registers / occupancy not collected in-process (Taichi CUPTI toolkit unavailable here).
Run this to get them via nvprof:

  # registers per thread (no admin needed):
  ALGAN_UNDER_NVPROF=1 nvprof --print-gpu-trace --csv D:\algan\.venv\Scripts\python.exe nn_ablation.py sec1 PREVIEW
  # achieved occupancy (may need admin on Pascal):
  ALGAN_UNDER_NVPROF=1 nvprof --metrics achieved_occupancy --csv D:\algan\.venv\Scripts\python.exe nn_ablation.py sec1 PREVIEW
report written to algan_profile_report_nn_abl_sec1_PREVIEW.txt
