Rendering device set to cuda
[Taichi] version 1.7.4, llvm 15.0.1, commit b4b956fd, win, python 3.11.6
[Taichi] Starting on arch=cuda
ARM=base  QUALITY=PREVIEW  ALGAN_ANALYTIC_AA_SECONDARY=(default)
Encoding video with libx264
Began rendering profilingnn_abl_base_PREVIEW_run1.mp4
Finished rendering profilingnn_abl_base_PREVIEW_run1.mp4 in 90.9 s
Encoding video with libx264
Began rendering profilingnn_abl_base_PREVIEW_run2.mp4
Finished rendering profilingnn_abl_base_PREVIEW_run2.mp4 in 29.2 s
[profiling] hooked 38 Taichi kernels (170 ti.funcs are inlined and not separately timed)

===== profiling run 1/2 (cold) =====

===== profiling run 2/2 (warm) =====

==============================================================================
Algan ray-tracing scene profile
==============================================================================
device: NVIDIA GeForce GTX 1050
  driver 576.52  compute cap 6.1  4096 MiB  max SM 1911 MHz / mem 3504 MHz  PCIe gen3 x16
  profiling tools: nvidia-smi=yes, nvprof=yes, ncu=no, nsys=no
  Taichi kernel profiler: off (wall-time only)
  hooked kernels (38): bezier_chord_hull_error, compact_ray_slots, env_background_prefill, fill_background_from_func, finalize_samples, gather_fragment_arrays, gloss_composite, gloss_pyramid_level, gloss_scatter, mask_popcount, one_mesh_pixel_apply, one_mesh_pixel_reduce, opaque_prefix_keep, path_trace_physical_stbvh, path_trace_scene_stbvh, pn_edge_chord_error, pn_patch_flatness_error, raster_bez_count, raster_bez_write, raster_shadow_trace, raster_tri_count, raster_tri_write, sheet_band_reduce, sheet_conflict_rank, sheet_lane_first_owner, sheet_resolve_shade, wavefront_generate_rays, wavefront_shade, wavefront_shadow, wavefront_traverse, wavefront_traverse_events, wf_composite, wf_composite_aa, wf_composite_accum, wf_composite_accum_aa, wf_composite_accum_sparse, wf_finalize_aa, wf_finalize_uncovered

------------------------------------------------------------------------------
RUN 1 (cold (includes Taichi JIT compile)): end-to-end 91.05s
------------------------------------------------------------------------------
incl is wall time, excl is time spent in function excluding sub-processes of another tracked stage
stage                                                calls  incl (s) incl (%)  excl (s)  excl (%)launch    sync      
ray traced render total                                 11    78.780    86.5%     0.065     0.1%     0.000     0.000
wavefront_loop                                          11    77.978    85.6%     0.142     0.2%     0.000     0.000
Scene.get_batch_of_primitives                           10    67.098    73.7%     1.463     1.6%     0.000     0.000
raster: sparse resolve                                  11    44.932    49.4%     0.067     0.1%     0.000     0.000
kernel: sheet_resolve_shade                             22    35.971    39.5%    35.971    39.5%    35.730     0.237
surfaces: get_render_primitives_batched                 20    35.157    38.6%    26.255    28.8%     0.000     0.000
AnimationTimeline.set_state_to_times                    10    28.242    31.0%    23.770    26.1%     0.000     0.000
kernel: wavefront_shade                                 88    14.221    15.6%    14.221    15.6%    10.117     4.099
raster: sparse discovery                                11    13.605    14.9%     0.330     0.4%     0.000     0.000
AttributeTimeline.get                                42867    13.017    14.3%    13.017    14.3%     0.000     0.000
arena preflight (batch)                                 10    10.097    11.1%     0.028     0.0%     0.000     0.000
kernel: raster_shadow_trace                             11     8.894     9.8%     8.894     9.8%     2.517     6.376
merge collections + build BVHs                          10     5.710     6.3%     2.350     2.6%     0.000     0.000
  - project_to_screen (prewarm)                         10     4.359     4.8%     0.162     0.2%     0.000     0.000
kernel: raster_tri_count                                22     4.242     4.7%     4.242     4.7%     2.973     1.264
logical PN: dice + shade + pack (project_to_screen)     30     3.478     3.8%     0.137     0.2%     0.000     0.000
kernel: wavefront_traverse_events                       88     3.380     3.7%     3.380     3.7%     1.791     1.584
logical PN:   - _dice_logical_pn                        30     3.341     3.7%     0.952     1.0%     0.000     0.000
  - refit-BVH build (in merge)                          20     3.246     3.6%     3.246     3.6%     0.000     0.000
kernel: raster_tri_write                                22     3.166     3.5%     3.166     3.5%     2.356     0.804
raster:   - compact_sheets                              11     2.532     2.8%     1.034     1.1%     0.000     0.000
logical PN:     - subdivision levels                    30     1.523     1.7%     0.137     0.2%     0.000     0.000
kernel: raster_bez_count                                11     1.360     1.5%     1.360     1.5%     1.341     0.018
AttributeTimeline.modify                              6384     1.351     1.5%     1.351     1.5%     0.000     0.000
Surface.get_render_primitives                           10     1.341     1.5%     1.290     1.4%     0.000     0.000
kernel: raster_bez_write                                11     0.969     1.1%     0.969     1.1%     0.945     0.018
AttributeTimeline.rematerialize_state_at_times         260     0.943     1.0%     0.943     1.0%     0.000     0.000
beziers: sample + pack (project_to_screen)              10     0.719     0.8%     0.004     0.0%     0.000     0.000
logical PN:       - edge level search                   30     0.718     0.8%     0.087     0.1%     0.000     0.000
post-process (downsample/FXAA/glow)                     11     0.713     0.8%     0.067     0.1%     0.000     0.000
logical PN:       - patch level search                  30     0.639     0.7%     0.094     0.1%     0.000     0.000
logical PN:         - edge chord error                  40     0.631     0.7%     0.010     0.0%     0.000     0.000
kernel: pn_edge_chord_error                             40     0.621     0.7%     0.621     0.7%     0.611     0.009
logical PN:     - interpolate attrs                    970     0.590     0.6%     0.590     0.6%     0.000     0.000
kernel: gloss_composite                                 50     0.590     0.6%     0.590     0.6%     0.582     0.006
logical PN:         - patch flatness error              60     0.573     0.6%     0.024     0.0%     0.000     0.000
kernel: pn_patch_flatness_error                         60     0.550     0.6%     0.550     0.6%     0.537     0.010
raster:     - sheets lexsort                            33     0.460     0.5%     0.460     0.5%     0.000     0.000
raster:   - window pairs                                22     0.431     0.5%     0.431     0.5%     0.000     0.000
beziers:   - _compute_samples_per_segment               10     0.424     0.5%     0.026     0.0%     0.000     0.000
post:   - bloom fft conv                                44     0.400     0.4%     0.400     0.4%     0.000     0.000
kernel: bezier_chord_hull_error                         30     0.398     0.4%     0.398     0.4%     0.396     0.001
BezierCircuitCubic.get_render_primitives                10     0.361     0.4%     0.271     0.3%     0.000     0.000
raster:     - sheets shade class                        11     0.349     0.4%     0.349     0.4%     0.000     0.000
kernel: gloss_pyramid_level                            450     0.345     0.4%     0.345     0.4%     0.315     0.018
wavefront:   - raster tables (batch)                    10     0.277     0.3%     0.005     0.0%     0.000     0.000
AttributeTimeline.add                                 2770     0.272     0.3%     0.272     0.3%     0.000     0.000
beziers:   - _build_circuit_geometry                    10     0.263     0.3%     0.263     0.3%     0.000     0.000
raster:     - sheets prim split                         11     0.246     0.3%     0.246     0.3%     0.000     0.000
raster:   - fragment sort                               11     0.225     0.2%     0.225     0.2%     0.000     0.000
post:   - tonemap/finalize                              11     0.220     0.2%     0.220     0.2%     0.000     0.000
scene upload to arena                                   10     0.178     0.2%     0.178     0.2%     0.000     0.000
kernel: gloss_scatter                                   50     0.177     0.2%     0.177     0.2%     0.173     0.003
wavefront:   - compact active                           99     0.169     0.2%     0.029     0.0%     0.000     0.000
raster:     - sheets band reduce                        22     0.144     0.2%     0.022     0.0%     0.000     0.000
raster:     - sheets band composite                     11     0.143     0.2%     0.024     0.0%     0.000     0.000
kernel: one_mesh_pixel_reduce                           11     0.143     0.2%     0.143     0.2%     0.100     0.042
raster:     - sheets conflict rank                      11     0.142     0.2%     0.004     0.0%     0.000     0.000
kernel: compact_ray_slots                               99     0.140     0.2%     0.140     0.2%     0.112     0.025
kernel: wf_composite_accum_sparse                       50     0.140     0.2%     0.140     0.2%     0.136     0.002
kernel: sheet_conflict_rank                             11     0.137     0.2%     0.137     0.2%     0.097     0.040
raster:   - precompute bez bounds                       10     0.136     0.1%     0.136     0.1%     0.000     0.000
memory reclaim (gc + cuda cache)                        41     0.133     0.1%     0.133     0.1%     0.000     0.000
kernel: sheet_band_reduce                               22     0.122     0.1%     0.122     0.1%     0.102     0.019
  - bezier edge accel (in merge)                        10     0.115     0.1%     0.115     0.1%     0.000     0.000
logical PN:     - evaluate patch                        50     0.106     0.1%     0.106     0.1%     0.000     0.000
logical PN:     - snap boundary                        100     0.104     0.1%     0.104     0.1%     0.000     0.000
kernel: one_mesh_pixel_apply                            11     0.084     0.1%     0.084     0.1%     0.068     0.015
raster:   - precompute tri projection                   10     0.079     0.1%     0.079     0.1%     0.000     0.000
kernel: sheet_lane_first_owner                          11     0.075     0.1%     0.075     0.1%     0.066     0.008
kernel: opaque_prefix_keep                              11     0.072     0.1%     0.072     0.1%     0.063     0.006
logical PN:     - evaluate normals                      50     0.066     0.1%     0.066     0.1%     0.000     0.000
raster:   - precompute tri bounds                       10     0.057     0.1%     0.057     0.1%     0.000     0.000
raster:   - fragment gather                             11     0.051     0.1%     0.051     0.1%     0.000     0.000
kernel: mask_popcount                                   11     0.046     0.1%     0.046     0.1%     0.045     0.001
beziers:   - _build_frame_bounds                        10     0.028     0.0%     0.028     0.0%     0.000     0.000
background prefill                                      11     0.024     0.0%     0.024     0.0%     0.000     0.000
post:   - device->host copy                             11     0.016     0.0%     0.016     0.0%     0.000     0.000
video encode tail (ffmpeg drain)                         1     0.012     0.0%     0.012     0.0%     0.000     0.000
raster:     - sheets sibling weights                    11     0.012     0.0%     0.012     0.0%     0.000     0.000
post:   - bloom downsample                              11     0.010     0.0%     0.010     0.0%     0.000     0.000
free-VRAM probe (empty_cache)                            1     0.000     0.0%     0.000     0.0%     0.000     0.000
(unaccounted: video encode, scene mgmt, ...)                 -66.786   -73.4%

GPU telemetry over render (786 samples @ ~10 Hz, min/avg/max):
  utilization  0/23/100 %   mem-util 0/5/76 %
  SM clock     139/1164/1645 MHz   mem clock 405/2771/3504 MHz
  temperature  59/65/78 C   power n/a
  no clock throttling observed

GPU memory: peak allocated 2041 MB, peak reserved 2432 MB
  batch 0: merged tensors 179.8 MB, BVHs 8.2 MB (cuda after merge 1761 MB)
    counts: num_colored_triangles=0, num_triangles=26798, num_circuits=41, num_frames=5
    tri_bvh: 0 instances, 13387 nodes, 0 leaves, 4.1 MB
    tri_opaque_bvh: 0 instances, 13387 nodes, 0 leaves, 4.1 MB
    bez_bvh: 0 instances, 20 nodes, 0 leaves, 0.0 MB
    bez_opaque_bvh: 0 instances, 20 nodes, 0 leaves, 0.0 MB
    textures: (5, 1573712, 5) = 150.1 MB
    tri_mat: (5, 26798, 34) = 17.4 MB
    tri_pos: (5, 26798, 9) = 4.6 MB
    tri_norm: (5, 26798, 9) = 4.6 MB
    tri_tex_meta: (26798, 10) = 1.0 MB
    tri_uvs: (1, 26798, 6) = 0.6 MB
  batch 1: merged tensors 179.8 MB, BVHs 8.2 MB (cuda after merge 1760 MB)
    counts: num_colored_triangles=0, num_triangles=26806, num_circuits=41, num_frames=5
    tri_bvh: 0 instances, 13395 nodes, 0 leaves, 4.1 MB
    tri_opaque_bvh: 0 instances, 13395 nodes, 0 leaves, 4.1 MB
    bez_bvh: 0 instances, 20 nodes, 0 leaves, 0.0 MB
    bez_opaque_bvh: 0 instances, 20 nodes, 0 leaves, 0.0 MB
    textures: (5, 1573712, 5) = 150.1 MB
    tri_mat: (5, 26806, 34) = 17.4 MB
    tri_pos: (5, 26806, 9) = 4.6 MB
    tri_norm: (5, 26806, 9) = 4.6 MB
    tri_tex_meta: (26806, 10) = 1.0 MB
    tri_uvs: (1, 26806, 6) = 0.6 MB
  batch 2: merged tensors 179.8 MB, BVHs 8.2 MB (cuda after merge 1760 MB)
    counts: num_colored_triangles=0, num_triangles=26810, num_circuits=41, num_frames=5
    tri_bvh: 0 instances, 13355 nodes, 0 leaves, 4.1 MB
    tri_opaque_bvh: 0 instances, 13355 nodes, 0 leaves, 4.1 MB
    bez_bvh: 0 instances, 20 nodes, 0 leaves, 0.0 MB
    bez_opaque_bvh: 0 instances, 20 nodes, 0 leaves, 0.0 MB
    textures: (5, 1573728, 5) = 150.1 MB
    tri_mat: (5, 26810, 34) = 17.4 MB
    tri_pos: (5, 26810, 9) = 4.6 MB
    tri_norm: (5, 26810, 9) = 4.6 MB
    tri_tex_meta: (26810, 10) = 1.0 MB
    tri_uvs: (1, 26810, 6) = 0.6 MB
  batch 3: merged tensors 179.8 MB, BVHs 8.1 MB (cuda after merge 1760 MB)
    counts: num_colored_triangles=0, num_triangles=26810, num_circuits=41, num_frames=5
    tri_bvh: 0 instances, 13272 nodes, 0 leaves, 4.1 MB
    tri_opaque_bvh: 0 instances, 13272 nodes, 0 leaves, 4.1 MB
    bez_bvh: 0 instances, 20 nodes, 0 leaves, 0.0 MB
    bez_opaque_bvh: 0 instances, 20 nodes, 0 leaves, 0.0 MB
    textures: (5, 1573728, 5) = 150.1 MB
    tri_mat: (5, 26810, 34) = 17.4 MB
    tri_pos: (5, 26810, 9) = 4.6 MB
    tri_norm: (5, 26810, 9) = 4.6 MB
    tri_tex_meta: (26810, 10) = 1.0 MB
    tri_uvs: (1, 26810, 6) = 0.6 MB
  batch 4: merged tensors 179.9 MB, BVHs 8.2 MB (cuda after merge 1761 MB)
    counts: num_colored_triangles=0, num_triangles=26854, num_circuits=41, num_frames=5
    tri_bvh: 0 instances, 13411 nodes, 0 leaves, 4.1 MB
    tri_opaque_bvh: 0 instances, 13411 nodes, 0 leaves, 4.1 MB
    bez_bvh: 0 instances, 20 nodes, 0 leaves, 0.0 MB
    bez_opaque_bvh: 0 instances, 20 nodes, 0 leaves, 0.0 MB
    textures: (5, 1573742, 5) = 150.1 MB
    tri_mat: (5, 26854, 34) = 17.4 MB
    tri_pos: (5, 26854, 9) = 4.6 MB
    tri_norm: (5, 26854, 9) = 4.6 MB
    tri_tex_meta: (26854, 10) = 1.0 MB
    tri_uvs: (1, 26854, 6) = 0.6 MB
  batch 5: merged tensors 179.9 MB, BVHs 8.2 MB (cuda after merge 1761 MB)
    counts: num_colored_triangles=0, num_triangles=26850, num_circuits=41, num_frames=5
    tri_bvh: 0 instances, 13489 nodes, 0 leaves, 4.1 MB
    tri_opaque_bvh: 0 instances, 13489 nodes, 0 leaves, 4.1 MB
    bez_bvh: 0 instances, 20 nodes, 0 leaves, 0.0 MB
    bez_opaque_bvh: 0 instances, 20 nodes, 0 leaves, 0.0 MB
    textures: (5, 1573738, 5) = 150.1 MB
    tri_mat: (5, 26850, 34) = 17.4 MB
    tri_pos: (5, 26850, 9) = 4.6 MB
    tri_norm: (5, 26850, 9) = 4.6 MB
    tri_tex_meta: (26850, 10) = 1.0 MB
    tri_uvs: (1, 26850, 6) = 0.6 MB
  batch 6: merged tensors 179.9 MB, BVHs 8.2 MB (cuda after merge 1761 MB)
    counts: num_colored_triangles=0, num_triangles=26910, num_circuits=41, num_frames=5
    tri_bvh: 0 instances, 13408 nodes, 0 leaves, 4.1 MB
    tri_opaque_bvh: 0 instances, 13408 nodes, 0 leaves, 4.1 MB
    bez_bvh: 0 instances, 20 nodes, 0 leaves, 0.0 MB
    bez_opaque_bvh: 0 instances, 20 nodes, 0 leaves, 0.0 MB
    textures: (5, 1573728, 5) = 150.1 MB
    tri_mat: (5, 26910, 34) = 17.5 MB
    tri_pos: (5, 26910, 9) = 4.6 MB
    tri_norm: (5, 26910, 9) = 4.6 MB
    tri_tex_meta: (26910, 10) = 1.0 MB
    tri_uvs: (1, 26910, 6) = 0.6 MB
  batch 7: merged tensors 179.9 MB, BVHs 8.2 MB (cuda after merge 1761 MB)
    counts: num_colored_triangles=0, num_triangles=26938, num_circuits=41, num_frames=5
    tri_bvh: 0 instances, 13442 nodes, 0 leaves, 4.1 MB
    tri_opaque_bvh: 0 instances, 13442 nodes, 0 leaves, 4.1 MB
    bez_bvh: 0 instances, 20 nodes, 0 leaves, 0.0 MB
    bez_opaque_bvh: 0 instances, 20 nodes, 0 leaves, 0.0 MB
    textures: (5, 1573726, 5) = 150.1 MB
    tri_mat: (5, 26938, 34) = 17.5 MB
    tri_pos: (5, 26938, 9) = 4.6 MB
    tri_norm: (5, 26938, 9) = 4.6 MB
    tri_tex_meta: (26938, 10) = 1.0 MB
    tri_uvs: (1, 26938, 6) = 0.6 MB
  batch 8: merged tensors 180.0 MB, BVHs 8.3 MB (cuda after merge 1761 MB)
    counts: num_colored_triangles=0, num_triangles=26946, num_circuits=41, num_frames=5
    tri_bvh: 0 instances, 13524 nodes, 0 leaves, 4.1 MB
    tri_opaque_bvh: 0 instances, 13524 nodes, 0 leaves, 4.1 MB
    bez_bvh: 0 instances, 20 nodes, 0 leaves, 0.0 MB
    bez_opaque_bvh: 0 instances, 20 nodes, 0 leaves, 0.0 MB
    textures: (5, 1573714, 5) = 150.1 MB
    tri_mat: (5, 26946, 34) = 17.5 MB
    tri_pos: (5, 26946, 9) = 4.6 MB
    tri_norm: (5, 26946, 9) = 4.6 MB
    tri_tex_meta: (26946, 10) = 1.0 MB
    tri_uvs: (1, 26946, 6) = 0.6 MB
  batch 9: merged tensors 166.0 MB, BVHs 8.3 MB (cuda after merge 1761 MB)
    counts: num_colored_triangles=0, num_triangles=26934, num_circuits=41, num_frames=5
    tri_bvh: 0 instances, 13508 nodes, 0 leaves, 4.1 MB
    tri_opaque_bvh: 0 instances, 13508 nodes, 0 leaves, 4.1 MB
    bez_bvh: 0 instances, 20 nodes, 0 leaves, 0.0 MB
    bez_opaque_bvh: 0 instances, 20 nodes, 0 leaves, 0.0 MB
    textures: (5, 1573702, 5) = 150.1 MB
    tri_pos: (5, 26934, 9) = 4.6 MB
    tri_norm: (5, 26934, 9) = 4.6 MB
    tri_mat: (1, 26934, 34) = 3.5 MB
    tri_tex_meta: (26934, 10) = 1.0 MB
    tri_uvs: (1, 26934, 6) = 0.6 MB
  cProfile dump: disabled (set ALGAN_PROFILE_CPROFILE=1)

------------------------------------------------------------------------------
RUN 2 (warm (steady state)): end-to-end 29.35s
------------------------------------------------------------------------------
incl is wall time, excl is time spent in function excluding sub-processes of another tracked stage
stage                                                calls  incl (s) incl (%)  excl (s)  excl (%)launch    sync      
ray traced render total                                 11    19.552    66.6%     0.062     0.2%     0.000     0.000
wavefront_loop                                          11    19.082    65.0%     0.140     0.5%     0.000     0.000
Scene.get_batch_of_primitives                           10     8.980    30.6%     1.583     5.4%     0.000     0.000
arena preflight (batch)                                 10     8.093    27.6%     0.033     0.1%     0.000     0.000
raster: sparse resolve                                  11     6.702    22.8%     0.073     0.2%     0.000     0.000
kernel: raster_shadow_trace                             11     6.328    21.6%     6.328    21.6%     0.028     6.299
raster: sparse discovery                                11     5.735    19.5%     0.264     0.9%     0.000     0.000
merge collections + build BVHs                          10     5.548    18.9%     2.201     7.5%     0.000     0.000
kernel: wavefront_shade                                 88     4.157    14.2%     4.157    14.2%     0.171     3.982
AnimationTimeline.set_state_to_times                    10     3.781    12.9%     2.470     8.4%     0.000     0.000
  - refit-BVH build (in merge)                          20     3.238    11.0%     3.238    11.0%     0.000     0.000
surfaces: get_render_primitives_batched                 20     3.100    10.6%     2.501     8.5%     0.000     0.000
AttributeTimeline.get                                42589     2.543     8.7%     2.543     8.7%     0.000     0.000
  - project_to_screen (prewarm)                         10     2.512     8.6%     0.175     0.6%     0.000     0.000
raster:   - compact_sheets                              11     2.296     7.8%     1.049     3.6%     0.000     0.000
logical PN: dice + shade + pack (project_to_screen)     30     2.049     7.0%     0.142     0.5%     0.000     0.000
logical PN:   - _dice_logical_pn                        30     1.907     6.5%     0.812     2.8%     0.000     0.000
kernel: wavefront_traverse_events                       88     1.668     5.7%     1.668     5.7%     0.135     1.529
kernel: raster_tri_count                                22     1.285     4.4%     1.285     4.4%     0.039     1.244
kernel: raster_tri_write                                22     0.833     2.8%     0.833     2.8%     0.036     0.795
raster:   - window pairs                                22     0.590     2.0%     0.590     2.0%     0.000     0.000
logical PN:     - interpolate attrs                    970     0.521     1.8%     0.521     1.8%     0.000     0.000
AttributeTimeline.modify                              6384     0.477     1.6%     0.477     1.6%     0.000     0.000
raster:     - sheets lexsort                            33     0.464     1.6%     0.464     1.6%     0.000     0.000
AttributeTimeline.rematerialize_state_at_times         260     0.432     1.5%     0.432     1.5%     0.000     0.000
post-process (downsample/FXAA/glow)                     11     0.381     1.3%     0.065     0.2%     0.000     0.000
raster:     - sheets shade class                        11     0.348     1.2%     0.348     1.2%     0.000     0.000
logical PN:     - subdivision levels                    30     0.309     1.1%     0.063     0.2%     0.000     0.000
wavefront:   - raster tables (batch)                    10     0.307     1.0%     0.005     0.0%     0.000     0.000
kernel: sheet_resolve_shade                             22     0.301     1.0%     0.301     1.0%     0.065     0.232
beziers: sample + pack (project_to_screen)              10     0.288     1.0%     0.004     0.0%     0.000     0.000
AttributeTimeline.add                                 2770     0.285     1.0%     0.285     1.0%     0.000     0.000
post:   - bloom fft conv                                44     0.277     0.9%     0.277     0.9%     0.000     0.000
raster:     - sheets prim split                         11     0.248     0.8%     0.248     0.8%     0.000     0.000
raster:   - fragment sort                               11     0.226     0.8%     0.226     0.8%     0.000     0.000
beziers:   - _build_circuit_geometry                    10     0.204     0.7%     0.204     0.7%     0.000     0.000
scene upload to arena                                   10     0.184     0.6%     0.184     0.6%     0.000     0.000
kernel: gloss_pyramid_level                            450     0.177     0.6%     0.177     0.6%     0.147     0.018
Surface.get_render_primitives                           10     0.172     0.6%     0.167     0.6%     0.000     0.000
raster:   - precompute bez bounds                       10     0.158     0.5%     0.158     0.5%     0.000     0.000
logical PN:       - patch level search                  30     0.135     0.5%     0.076     0.3%     0.000     0.000
  - bezier edge accel (in merge)                        10     0.109     0.4%     0.109     0.4%     0.000     0.000
logical PN:     - evaluate patch                        50     0.108     0.4%     0.108     0.4%     0.000     0.000
wavefront:   - compact active                           99     0.108     0.4%     0.028     0.1%     0.000     0.000
BezierCircuitCubic.get_render_primitives                10     0.093     0.3%     0.038     0.1%     0.000     0.000
logical PN:       - edge level search                   30     0.089     0.3%     0.036     0.1%     0.000     0.000
logical PN:     - snap boundary                        100     0.088     0.3%     0.088     0.3%     0.000     0.000
logical PN:         - patch flatness error              60     0.082     0.3%     0.022     0.1%     0.000     0.000
kernel: compact_ray_slots                               99     0.080     0.3%     0.080     0.3%     0.052     0.024
raster:   - precompute tri projection                   10     0.077     0.3%     0.077     0.3%     0.000     0.000
raster:   - fragment gather                             11     0.069     0.2%     0.069     0.2%     0.000     0.000
raster:     - sheets band composite                     11     0.069     0.2%     0.027     0.1%     0.000     0.000
logical PN:     - evaluate normals                      50     0.069     0.2%     0.069     0.2%     0.000     0.000
raster:   - precompute tri bounds                       10     0.068     0.2%     0.068     0.2%     0.000     0.000
raster:     - sheets band reduce                        22     0.067     0.2%     0.026     0.1%     0.000     0.000
kernel: pn_patch_flatness_error                         60     0.060     0.2%     0.060     0.2%     0.048     0.010
kernel: one_mesh_pixel_reduce                           11     0.054     0.2%     0.054     0.2%     0.010     0.043
raster:     - sheets conflict rank                      11     0.054     0.2%     0.005     0.0%     0.000     0.000
logical PN:         - edge chord error                  40     0.053     0.2%     0.010     0.0%     0.000     0.000
kernel: sheet_conflict_rank                             11     0.049     0.2%     0.049     0.2%     0.008     0.040
beziers:   - _compute_samples_per_segment               10     0.048     0.2%     0.026     0.1%     0.000     0.000
kernel: pn_edge_chord_error                             40     0.043     0.1%     0.043     0.1%     0.034     0.007
kernel: raster_bez_count                                11     0.042     0.1%     0.042     0.1%     0.022     0.019
kernel: sheet_band_reduce                               22     0.042     0.1%     0.042     0.1%     0.021     0.020
kernel: raster_bez_write                                11     0.039     0.1%     0.039     0.1%     0.020     0.018
beziers:   - _build_frame_bounds                        10     0.033     0.1%     0.033     0.1%     0.000     0.000
kernel: gloss_scatter                                   50     0.032     0.1%     0.032     0.1%     0.028     0.003
kernel: gloss_composite                                 50     0.029     0.1%     0.029     0.1%     0.022     0.006
background prefill                                      11     0.027     0.1%     0.027     0.1%     0.000     0.000
kernel: wf_composite_accum_sparse                       50     0.027     0.1%     0.027     0.1%     0.023     0.002
kernel: one_mesh_pixel_apply                            11     0.024     0.1%     0.024     0.1%     0.008     0.016
kernel: bezier_chord_hull_error                         30     0.022     0.1%     0.022     0.1%     0.020     0.001
kernel: sheet_lane_first_owner                          11     0.018     0.1%     0.018     0.1%     0.009     0.009
post:   - device->host copy                             11     0.016     0.1%     0.016     0.1%     0.000     0.000
post:   - tonemap/finalize                              11     0.013     0.0%     0.013     0.0%     0.000     0.000
kernel: opaque_prefix_keep                              11     0.013     0.0%     0.013     0.0%     0.006     0.007
raster:     - sheets sibling weights                    11     0.012     0.0%     0.012     0.0%     0.000     0.000
video encode tail (ffmpeg drain)                         1     0.012     0.0%     0.012     0.0%     0.000     0.000
post:   - bloom downsample                              11     0.010     0.0%     0.010     0.0%     0.000     0.000
kernel: mask_popcount                                   11     0.008     0.0%     0.008     0.0%     0.007     0.001
memory reclaim (gc + cuda cache)                        41     0.007     0.0%     0.007     0.0%     0.000     0.000
free-VRAM probe (empty_cache)                            1     0.000     0.0%     0.000     0.0%     0.000     0.000
(unaccounted: video encode, scene mgmt, ...)                  -8.998   -30.7%

GPU telemetry over render (255 samples @ ~10 Hz, min/avg/max):
  utilization  0/68/100 %   mem-util 0/13/75 %
  SM clock     1645/1645/1645 MHz   mem clock 3504/3504/3504 MHz
  temperature  73/79/84 C   power n/a
  no clock throttling observed

GPU memory: peak allocated 1952 MB, peak reserved 2438 MB
  batch 0: merged tensors 179.8 MB, BVHs 8.2 MB (cuda after merge 1674 MB)
    counts: num_colored_triangles=0, num_triangles=26798, num_circuits=41, num_frames=5
    tri_bvh: 0 instances, 13387 nodes, 0 leaves, 4.1 MB
    tri_opaque_bvh: 0 instances, 13387 nodes, 0 leaves, 4.1 MB
    bez_bvh: 0 instances, 20 nodes, 0 leaves, 0.0 MB
    bez_opaque_bvh: 0 instances, 20 nodes, 0 leaves, 0.0 MB
    textures: (5, 1573712, 5) = 150.1 MB
    tri_mat: (5, 26798, 34) = 17.4 MB
    tri_pos: (5, 26798, 9) = 4.6 MB
    tri_norm: (5, 26798, 9) = 4.6 MB
    tri_tex_meta: (26798, 10) = 1.0 MB
    tri_uvs: (1, 26798, 6) = 0.6 MB
  batch 1: merged tensors 179.8 MB, BVHs 8.2 MB (cuda after merge 1674 MB)
    counts: num_colored_triangles=0, num_triangles=26806, num_circuits=41, num_frames=5
    tri_bvh: 0 instances, 13395 nodes, 0 leaves, 4.1 MB
    tri_opaque_bvh: 0 instances, 13395 nodes, 0 leaves, 4.1 MB
    bez_bvh: 0 instances, 20 nodes, 0 leaves, 0.0 MB
    bez_opaque_bvh: 0 instances, 20 nodes, 0 leaves, 0.0 MB
    textures: (5, 1573712, 5) = 150.1 MB
    tri_mat: (5, 26806, 34) = 17.4 MB
    tri_pos: (5, 26806, 9) = 4.6 MB
    tri_norm: (5, 26806, 9) = 4.6 MB
    tri_tex_meta: (26806, 10) = 1.0 MB
    tri_uvs: (1, 26806, 6) = 0.6 MB
  batch 2: merged tensors 179.8 MB, BVHs 8.2 MB (cuda after merge 1674 MB)
    counts: num_colored_triangles=0, num_triangles=26810, num_circuits=41, num_frames=5
    tri_bvh: 0 instances, 13355 nodes, 0 leaves, 4.1 MB
    tri_opaque_bvh: 0 instances, 13355 nodes, 0 leaves, 4.1 MB
    bez_bvh: 0 instances, 20 nodes, 0 leaves, 0.0 MB
    bez_opaque_bvh: 0 instances, 20 nodes, 0 leaves, 0.0 MB
    textures: (5, 1573728, 5) = 150.1 MB
    tri_mat: (5, 26810, 34) = 17.4 MB
    tri_pos: (5, 26810, 9) = 4.6 MB
    tri_norm: (5, 26810, 9) = 4.6 MB
    tri_tex_meta: (26810, 10) = 1.0 MB
    tri_uvs: (1, 26810, 6) = 0.6 MB
  batch 3: merged tensors 179.8 MB, BVHs 8.1 MB (cuda after merge 1674 MB)
    counts: num_colored_triangles=0, num_triangles=26810, num_circuits=41, num_frames=5
    tri_bvh: 0 instances, 13272 nodes, 0 leaves, 4.1 MB
    tri_opaque_bvh: 0 instances, 13272 nodes, 0 leaves, 4.1 MB
    bez_bvh: 0 instances, 20 nodes, 0 leaves, 0.0 MB
    bez_opaque_bvh: 0 instances, 20 nodes, 0 leaves, 0.0 MB
    textures: (5, 1573728, 5) = 150.1 MB
    tri_mat: (5, 26810, 34) = 17.4 MB
    tri_pos: (5, 26810, 9) = 4.6 MB
    tri_norm: (5, 26810, 9) = 4.6 MB
    tri_tex_meta: (26810, 10) = 1.0 MB
    tri_uvs: (1, 26810, 6) = 0.6 MB
  batch 4: merged tensors 179.9 MB, BVHs 8.2 MB (cuda after merge 1674 MB)
    counts: num_colored_triangles=0, num_triangles=26854, num_circuits=41, num_frames=5
    tri_bvh: 0 instances, 13411 nodes, 0 leaves, 4.1 MB
    tri_opaque_bvh: 0 instances, 13411 nodes, 0 leaves, 4.1 MB
    bez_bvh: 0 instances, 20 nodes, 0 leaves, 0.0 MB
    bez_opaque_bvh: 0 instances, 20 nodes, 0 leaves, 0.0 MB
    textures: (5, 1573742, 5) = 150.1 MB
    tri_mat: (5, 26854, 34) = 17.4 MB
    tri_pos: (5, 26854, 9) = 4.6 MB
    tri_norm: (5, 26854, 9) = 4.6 MB
    tri_tex_meta: (26854, 10) = 1.0 MB
    tri_uvs: (1, 26854, 6) = 0.6 MB
  batch 5: merged tensors 179.9 MB, BVHs 8.2 MB (cuda after merge 1674 MB)
    counts: num_colored_triangles=0, num_triangles=26850, num_circuits=41, num_frames=5
    tri_bvh: 0 instances, 13489 nodes, 0 leaves, 4.1 MB
    tri_opaque_bvh: 0 instances, 13489 nodes, 0 leaves, 4.1 MB
    bez_bvh: 0 instances, 20 nodes, 0 leaves, 0.0 MB
    bez_opaque_bvh: 0 instances, 20 nodes, 0 leaves, 0.0 MB
    textures: (5, 1573738, 5) = 150.1 MB
    tri_mat: (5, 26850, 34) = 17.4 MB
    tri_pos: (5, 26850, 9) = 4.6 MB
    tri_norm: (5, 26850, 9) = 4.6 MB
    tri_tex_meta: (26850, 10) = 1.0 MB
    tri_uvs: (1, 26850, 6) = 0.6 MB
  batch 6: merged tensors 179.9 MB, BVHs 8.2 MB (cuda after merge 1674 MB)
    counts: num_colored_triangles=0, num_triangles=26910, num_circuits=41, num_frames=5
    tri_bvh: 0 instances, 13408 nodes, 0 leaves, 4.1 MB
    tri_opaque_bvh: 0 instances, 13408 nodes, 0 leaves, 4.1 MB
    bez_bvh: 0 instances, 20 nodes, 0 leaves, 0.0 MB
    bez_opaque_bvh: 0 instances, 20 nodes, 0 leaves, 0.0 MB
    textures: (5, 1573728, 5) = 150.1 MB
    tri_mat: (5, 26910, 34) = 17.5 MB
    tri_pos: (5, 26910, 9) = 4.6 MB
    tri_norm: (5, 26910, 9) = 4.6 MB
    tri_tex_meta: (26910, 10) = 1.0 MB
    tri_uvs: (1, 26910, 6) = 0.6 MB
  batch 7: merged tensors 179.9 MB, BVHs 8.2 MB (cuda after merge 1674 MB)
    counts: num_colored_triangles=0, num_triangles=26938, num_circuits=41, num_frames=5
    tri_bvh: 0 instances, 13442 nodes, 0 leaves, 4.1 MB
    tri_opaque_bvh: 0 instances, 13442 nodes, 0 leaves, 4.1 MB
    bez_bvh: 0 instances, 20 nodes, 0 leaves, 0.0 MB
    bez_opaque_bvh: 0 instances, 20 nodes, 0 leaves, 0.0 MB
    textures: (5, 1573726, 5) = 150.1 MB
    tri_mat: (5, 26938, 34) = 17.5 MB
    tri_pos: (5, 26938, 9) = 4.6 MB
    tri_norm: (5, 26938, 9) = 4.6 MB
    tri_tex_meta: (26938, 10) = 1.0 MB
    tri_uvs: (1, 26938, 6) = 0.6 MB
  batch 8: merged tensors 180.0 MB, BVHs 8.3 MB (cuda after merge 1674 MB)
    counts: num_colored_triangles=0, num_triangles=26946, num_circuits=41, num_frames=5
    tri_bvh: 0 instances, 13524 nodes, 0 leaves, 4.1 MB
    tri_opaque_bvh: 0 instances, 13524 nodes, 0 leaves, 4.1 MB
    bez_bvh: 0 instances, 20 nodes, 0 leaves, 0.0 MB
    bez_opaque_bvh: 0 instances, 20 nodes, 0 leaves, 0.0 MB
    textures: (5, 1573714, 5) = 150.1 MB
    tri_mat: (5, 26946, 34) = 17.5 MB
    tri_pos: (5, 26946, 9) = 4.6 MB
    tri_norm: (5, 26946, 9) = 4.6 MB
    tri_tex_meta: (26946, 10) = 1.0 MB
    tri_uvs: (1, 26946, 6) = 0.6 MB
  batch 9: merged tensors 166.0 MB, BVHs 8.3 MB (cuda after merge 1674 MB)
    counts: num_colored_triangles=0, num_triangles=26934, num_circuits=41, num_frames=5
    tri_bvh: 0 instances, 13508 nodes, 0 leaves, 4.1 MB
    tri_opaque_bvh: 0 instances, 13508 nodes, 0 leaves, 4.1 MB
    bez_bvh: 0 instances, 20 nodes, 0 leaves, 0.0 MB
    bez_opaque_bvh: 0 instances, 20 nodes, 0 leaves, 0.0 MB
    textures: (5, 1573702, 5) = 150.1 MB
    tri_pos: (5, 26934, 9) = 4.6 MB
    tri_norm: (5, 26934, 9) = 4.6 MB
    tri_mat: (1, 26934, 34) = 3.5 MB
    tri_tex_meta: (26934, 10) = 1.0 MB
    tri_uvs: (1, 26934, 6) = 0.6 MB
  cProfile dump: disabled (set ALGAN_PROFILE_CPROFILE=1)

------------------------------------------------------------------------------
Registers / occupancy not collected in-process (Taichi CUPTI toolkit unavailable here).
Run this to get them via nvprof:

  # registers per thread (no admin needed):
  ALGAN_UNDER_NVPROF=1 nvprof --print-gpu-trace --csv D:\algan\.venv\Scripts\python.exe nn_ablation.py base PREVIEW
  # achieved occupancy (may need admin on Pascal):
  ALGAN_UNDER_NVPROF=1 nvprof --metrics achieved_occupancy --csv D:\algan\.venv\Scripts\python.exe nn_ablation.py base PREVIEW
report written to algan_profile_report_nn_abl_base_PREVIEW.txt
