[    0.0s] $ nvidia-smi
Tue Aug 25 14:04:23 2026       
+-----------------------------------------------------------------------------------------+
| NVIDIA-SMI 580.159.04             Driver Version: 580.159.04     CUDA Version: 13.0     |
+-----------------------------------------+------------------------+----------------------+
| GPU  Name                 Persistence-M | Bus-Id          Disp.A | Volatile Uncorr. ECC |
| Fan  Temp   Perf          Pwr:Usage/Cap |           Memory-Usage | GPU-Util  Compute M. |
|                                         |                        |               MIG M. |
|=========================================+========================+======================|
|   0  Tesla T4                       Off |   00000000:00:04.0 Off |                    0 |
| N/A   58C    P8             12W /   70W |       0MiB /  15360MiB |      0%      Default |
|                                         |                        |                  N/A |
+-----------------------------------------+------------------------+----------------------+
|   1  Tesla T4                       Off |   00000000:00:05.0 Off |                    0 |
| N/A   60C    P8             12W /   70W |       0MiB /  15360MiB |      0%      Default |
|                                         |                        |                  N/A |
+-----------------------------------------+------------------------+----------------------+

+-----------------------------------------------------------------------------------------+
| Processes:                                                                              |
|  GPU   GI   CI              PID   Type   Process name                        GPU Memory |
|        ID   ID                                                               Usage      |
|=========================================================================================|
|  No running processes found                                                             |
+-----------------------------------------------------------------------------------------+

[    0.4s]   -> exit 0 in 0.4s
[    0.4s] $ apt-get install -y -qq libpango1.0-dev libcairo2-dev pkg-config
(Reading database ... 
(Reading database ... 5%
(Reading database ... 10%
(Reading database ... 15%
(Reading database ... 20%
(Reading database ... 25%
(Reading database ... 30%
(Reading database ... 35%
(Reading database ... 40%
(Reading database ... 45%
(Reading database ... 50%
(Reading database ... 55%
(Reading database ... 60%
(Reading database ... 65%
(Reading database ... 70%
(Reading database ... 75%
(Reading database ... 80%
(Reading database ... 85%
(Reading database ... 90%
(Reading database ... 95%
(Reading database ... 100%
(Reading database ... 125186 files and directories currently installed.)
Removing r-base-dev (4.6.0-3.2204.0) ...
dpkg: pkgconf: dependency problems, but removing anyway as you requested:
 libsndfile1-dev:amd64 depends on pkg-config; however:
  Package pkg-config is not installed.
  Package pkgconf which provides pkg-config is to be removed.
 libmkl-dev:amd64 depends on pkg-config; however:
  Package pkg-config is not installed.
  Package pkgconf which provides pkg-config is to be removed.
 libmagickwand-6.q16-dev:amd64 depends on pkg-config; however:
  Package pkg-config is not installed.
  Package pkgconf which provides pkg-config is to be removed.
 libmagickcore-6.q16-dev:amd64 depends on pkg-config; however:
  Package pkg-config is not installed.
  Package pkgconf which provides pkg-config is to be removed.
 libglib2.0-dev:amd64 depends on pkg-config; however:
  Package pkg-config is not installed.
  Package pkgconf which provides pkg-config is to be removed.
 libfontconfig-dev:amd64 depends on pkg-config; however:
  Package pkg-config is not installed.
  Package pkgconf which provides pkg-config is to be removed.

Removing pkgconf (1.8.0-1) ...
Removing 'diversion of /usr/bin/pkg-config to /usr/bin/pkg-config.real by pkgconf'
Removing 'diversion of /usr/share/aclocal/pkg.m4 to /usr/share/aclocal/pkg.real.m4 by pkgconf'
Removing 'diversion of /usr/share/man/man1/pkg-config.1.gz to /usr/share/man/man1/pkg-config.real.1.gz by pkgco
... [2904 chars elided] ...
e2-3:amd64 (1.3.14-1ubuntu0.1) ...
Setting up libharfbuzz-icu0:amd64 (2.7.4-1ubuntu3.2) ...
Setting up libfribidi-dev:amd64 (1.0.8-2ubuntu3.1) ...
Setting up pango1.0-tools (1.50.6+ds-2ubuntu1) ...
Setting up libharfbuzz-gobject0:amd64 (2.7.4-1ubuntu3.2) ...
Setting up libgraphite2-dev:amd64 (1.3.14-1ubuntu0.1) ...
Setting up r-base-core (4.6.1-1.2204.1) ...
Installing new version of config file /etc/R/Makeconf ...
Setting up pkg-config (0.29.2-1ubuntu3) ...
Setting up libdatrie-dev:amd64 (0.2.13-2) ...
Setting up libharfbuzz-dev:amd64 (2.7.4-1ubuntu3.2) ...
Setting up libthai-dev:amd64 (0.1.29-1build1) ...
Setting up libpango1.0-dev:amd64 (1.50.6+ds-2ubuntu1) ...
Processing triggers for hicolor-icon-theme (0.17-2) ...
Processing triggers for libc-bin (2.35-0ubuntu3.8) ...
/sbin/ldconfig.real: /usr/local/lib/libtbbbind_2_5.so.3 is not a symbolic link

/sbin/ldconfig.real: /usr/local/lib/libur_adapter_level_zero.so.0 is not a symbolic link

/sbin/ldconfig.real: /usr/local/lib/libtbbbind.so.3 is not a symbolic link

/sbin/ldconfig.real: /usr/local/lib/libur_adapter_level_zero_v2.so.0 is not a symbolic link

/sbin/ldconfig.real: /usr/local/lib/libtbbbind_2_0.so.3 is not a symbolic link

/sbin/ldconfig.real: /usr/local/lib/libur_loader.so.0 is not a symbolic link

/sbin/ldconfig.real: /usr/local/lib/libtbb.so.12 is not a symbolic link

/sbin/ldconfig.real: /usr/local/lib/libumf.so.1 is not a symbolic link

/sbin/ldconfig.real: /usr/local/lib/libtcm_debug.so.1 is not a symbolic link

/sbin/ldconfig.real: /usr/local/lib/libur_adapter_opencl.so.0 is not a symbolic link

/sbin/ldconfig.real: /usr/local/lib/libtbbmalloc_proxy.so.2 is not a symbolic link

/sbin/ldconfig.real: /usr/local/lib/libtcm.so.1 is not a symbolic link

/sbin/ldconfig.real: /usr/local/lib/libtbbmalloc.so.2 is not a symbolic link

/sbin/ldconfig.real: /usr/local/lib/libhwloc.so.15 is not a symbolic link

Processing triggers for man-db (2.10.2-1) ...
Processing triggers for mailcap (3.70+nmu1ubuntu1) ...

[   19.5s]   -> exit 0 in 19.1s
[   19.5s] $ git clone --depth 1 https://github.com/algorithmicsimplicity/algan.git /kaggle/working/algan_repo
Cloning into '/kaggle/working/algan_repo'...

[   23.5s]   -> exit 0 in 4.0s
[   23.5s] clone HEAD = df07859d4db1b32a3bbe6bf25f67c81ec53e518a  (expected base df07859d4db1b32a3bbe6bf25f67c81ec53e518a)
[   23.5s] $ git checkout -- . && git clean -qfd algan benchmarks scratch_perf tests

[   23.9s]   -> exit 0 in 0.4s
[   23.9s] patch: 12988 chars, 6 files
[   23.9s] $ git apply --verbose --whitespace=nowarn /kaggle/working/overlay.patch
Checking patch algan/mobs/surfaces/surface.py...
Checking patch benchmarks/performance/nn_scene_PREVIEW.py...
Checking patch benchmarks/performance/nn_scene_UHD.py...
Checking patch docs/source/advanced_user_tutorials/images_and_textures.rst...
Checking patch tests/unit_tests/test_surface_shape_and_image_mob.py...
Checking patch tests/unit_tests/test_wide_attr_device.py...
Applied patch algan/mobs/surfaces/surface.py cleanly.
Applied patch benchmarks/performance/nn_scene_PREVIEW.py cleanly.
Applied patch benchmarks/performance/nn_scene_UHD.py cleanly.
Applied patch docs/source/advanced_user_tutorials/images_and_textures.rst cleanly.
Applied patch tests/unit_tests/test_surface_shape_and_image_mob.py cleanly.
Applied patch tests/unit_tests/test_wide_attr_device.py cleanly.

[   23.9s]   -> exit 0 in 0.0s
[   23.9s] extra files: ['benchmarks/performance/probe_torch_profiler_uhd.py']
[   23.9s] $ git status --porcelain
 M algan/mobs/surfaces/surface.py
 M benchmarks/performance/nn_scene_PREVIEW.py
 M benchmarks/performance/nn_scene_UHD.py
 M docs/source/advanced_user_tutorials/images_and_textures.rst
 M tests/unit_tests/test_surface_shape_and_image_mob.py
 M tests/unit_tests/test_wide_attr_device.py
?? benchmarks/performance/probe_torch_profiler_uhd.py

[   24.1s]   -> exit 0 in 0.2s
[   24.1s] $ pip install -q -e /kaggle/working/algan_repo
     ━━━━━━━━━━━━━━━━━━━━━━━━━━━━━━━━━━━━━━━━ 44.9/44.9 kB 2.2 MB/s eta 0:00:00
     ━━━━━━━━━━━━━━━━━━━━━━━━━━━━━━━━━━━━━━━━ 4.1/4.1 MB 80.0 MB/s eta 0:00:00
   ━━━━━━━━━━━━━━━━━━━━━━━━━━━━━━━━━━━━━━━━ 55.0/55.0 kB 4.3 MB/s eta 0:00:00
   ━━━━━━━━━━━━━━━━━━━━━━━━━━━━━━━━━━━━━━━━ 679.4/679.4 kB 40.6 MB/s eta 0:00:00
   ━━━━━━━━━━━━━━━━━━━━━━━━━━━━━━━━━━━━━━━━ 59.2/59.2 kB 2.9 MB/s eta 0:00:00
   ━━━━━━━━━━━━━━━━━━━━━━━━━━━━━━━━━━━━━━━━ 129.9/129.9 kB 10.7 MB/s eta 0:00:00
   ━━━━━━━━━━━━━━━━━━━━━━━━━━━━━━━━━━━━━━━━ 16.7/16.7 MB 100.5 MB/s eta 0:00:00
   ━━━━━━━━━━━━━━━━━━━━━━━━━━━━━━━━━━━━━━━━ 3.3/3.3 MB 102.4 MB/s eta 0:00:00
   ━━━━━━━━━━━━━━━━━━━━━━━━━━━━━━━━━━━━━━━━ 137.9/137.9 kB 12.3 MB/s eta 0:00:00
   ━━━━━━━━━━━━━━━━━━━━━━━━━━━━━━━━━━━━━━━━ 56.3/56.3 MB 36.3 MB/s eta 0:00:00
   ━━━━━━━━━━━━━━━━━━━━━━━━━━━━━━━━━━━━━━━━ 745.5/745.5 kB 36.3 MB/s eta 0:00:00
   ━━━━━━━━━━━━━━━━━━━━━━━━━━━━━━━━━━━━━━━━ 35.8/35.8 MB 56.7 MB/s eta 0:00:00
   ━━━━━━━━━━━━━━━━━━━━━━━━━━━━━━━━━━━━━━━━ 296.4/296.4 kB 21.6 MB/s eta 0:00:00
   ━━━━━━━━━━━━━━━━━━━━━━━━━━━━━━━━━━━━━━━━ 382.4/382.4 kB 27.3 MB/s eta 0:00:00
   ━━━━━━━━━━━━━━━━━━━━━━━━━━━━━━━━━━━━━━━━ 51.4/51.4 kB 4.3 MB/s eta 0:00:00
   ━━━━━━━━━━━━━━━━━━━━━━━━━━━━━━━━━━━━━━━━ 1.0/1.0 MB 54.2 MB/s eta 0:00:00
   ━━━━━━━━━━━━━━━━━━━━━━━━━━━━━━━━━━━━━━━━ 11.7/11.7 MB 103.1 MB/s eta 0:00:00
ERROR: pip's dependency resolver does not currently take into account all the packages that are installed. This behaviour is the source of the following dependency conflicts.
bigframes 2.39.0 requires google-cloud-bigquery-storage<3.0.0,>=2.30.0, which is not installed.
ydata-profiling 4.18.4 requires numpy<2.4,>=1.22, but you have numpy 2.5.2 which is incompatible.
google-colab 1.0.0 requires jupyter-server==2.14.0, but you have jupyter-server 2.12.5 which is incompatible.
google-colab 1.0.0 requires pandas==2.2.2, but you have pandas 2.3.3 which is incompatible.
dopamine-rl 4.1.2 requires gym<=0.25.2, but you have gym 0.26.2 which is incompatible.
numba 0.60.0 requires numpy<2.1,>=1.22, but you have numpy 2.5.2 which is incompatible.

[   69.9s]   -> exit 0 in 45.8s
[   69.9s] === ARM torchprof: probe_torch_profiler_uhd.py 6  env={}
[   70.0s] $ python probe_torch_profiler_uhd.py 6
/usr/local/lib/python3.12/dist-packages/pydub/utils.py:300: SyntaxWarning: invalid escape sequence '\('
  m = re.match('([su]([0-9]{1,2})p?) \(([0-9]{1,2}) bit\)$', token)
/usr/local/lib/python3.12/dist-packages/pydub/utils.py:301: SyntaxWarning: invalid escape sequence '\('
  m2 = re.match('([su]([0-9]{1,2})p?)( \(default\))?$', token)
/usr/local/lib/python3.12/dist-packages/pydub/utils.py:310: SyntaxWarning: invalid escape sequence '\('
  elif re.match('(flt)p?( \(default\))?$', token):
/usr/local/lib/python3.12/dist-packages/pydub/utils.py:314: SyntaxWarning: invalid escape sequence '\('
  elif re.match('(dbl)p?( \(default\))?$', token):
Rendering device set to cuda
Encoding video with libx264
Began rendering tp_warm.mp4
Preparing render kernels. If this is the first render on this machine (or after an update), compiling the GPU kernels can take several minutes. Compiled kernels are cached, so subsequent renders start immediately.
[W 08/25/26 14:06:01.600 396] TaichiWarning
While compiling `opaque_prefix_keep_c142_0`, File "/kaggle/working/algan_repo/algan/rendering/raytracing/sheet_compact_taichi.py", line 268, in opaque_prefix_keep:
            keep[jj] = 1 if jj <= ke else 0
            ^^^^^^^^^^^^^^^^^^^^^^^^^^^^^^^
Assign may lose precision: u8 <- i32
Finished rendering tp_warm.mp4 in 60.7 s
/usr/local/lib/python3.12/dist-packages/torch/profiler/profiler.py:217: UserWarning: Warning: Profiler clears events at the end of each cycle.Only events from the current cycle will be reported.To keep events across cycles, set acc_events=True.
  _warn_once(
Encoding video with libx264
Began rendering tp_prof.mp4
Finished rendering tp_prof.mp4 in 6.8 s
[Taichi] version 1.7.4, llvm 15.0.4, commit b4b956fd, linux, python 3.12.13
[Taichi] Starting on arch=cuda
rendered 6.8s for 6 frames
================ BY CUDA TIME ================
----------------------------------------------------------------------  ------------  ------------  ------------  ------------  ------------  ------------  ------------  ------------  ------------  ------------  
                                                                  Name    Self CPU %      Self CPU   CPU total %     CPU total  CPU time avg     Self CUDA   Self CUDA %    CUDA total  CUDA time avg    # of Calls  
----------------------------------------------------------------------  ------------  ------------  ------------  ------------  ------------  ------------  ------------  ------------  ------------  ------------  
                             wavefront_shade_c122_0_kernel_1_range_for         0.00%       0.000us         0.00%       0.000us       0.000us        1.710s        32.40%        1.710s      35.625ms            48  
                         raster_shadow_trace_c132_0_kernel_1_range_for         0.00%       0.000us         0.00%       0.000us       0.000us     889.998ms        16.86%     889.998ms     148.333ms             6  
                   wavefront_traverse_events_c118_0_kernel_1_range_for         0.00%       0.000us         0.00%       0.000us       0.000us     736.164ms        13.95%     736.164ms      15.337ms            48  
                                                           aten::copy_         0.57%      33.170ms         7.26%     425.733ms      51.535us     212.621ms         4.03%     212.621ms      25.738us          8261  
                                                         aten::argsort         0.01%     395.957us         0.38%      22.491ms     151.969us       0.000us         0.00%     211.311ms       1.428ms           148  
                                                            aten::sort         0.14%       8.231ms         0.42%      24.825ms     120.508us     200.466ms         3.80%     211.311ms       1.026ms           206  
                                                    aten::index_select         0.15%       8.564ms         0.49%      28.468ms      40.495us       3.500ms         0.07%     175.127ms     249.113us           703  
                                                          aten::gather         0.13%       7.796ms         0.24%      14.234ms      19.992us     172.343ms         3.27%     172.343ms     242.055us           712  
void at_cuda_detail::cub::DeviceRadixSortOnesweepKernel<at_cuda_det...         0.00%       0.000us         0.00%       0.000us       0.000us     172.320ms         3.27%     172.320ms     279.740us           616  
                                                             aten::cat         0.60%      35.433ms         0.71%      41.907ms      51.107us     167.444ms         3.17%     167.444ms     204.200us           820  
                                                           aten::stack         0.03%       2.044ms         0.22%      12.901ms      39.819us       0.000us         0.00%     154.190ms     475.894us           324  
                                                              aten::to         0.09%       5.555ms         4.20%     246.567ms      44.547us       0.000us         0.00%     152.393ms      27.533us          5535  
                                                        aten::_to_copy         0.14%       8.257ms         4.11%     241.012ms     101.521us       0.000us         0.00%     152.393ms      64.193us          2374  
void at::native::(anonymous namespace)::CatArrayBatchedCopy_aligned...         0.00%       0.000us         0.00%       0.000us       0.000us     150.371ms         2.85%     150.371ms       7.519ms            20  
                            raster_tri_count_c124_0_kernel_1_range_for         0.00%       0.000us         0.00%       0.000us       0.000us     127.572ms         2.42%     127.572ms      10.631ms            12  
                                                           aten::fill_         0.19%      11.393ms         0.41%      24.114ms       8.188us     116.361ms         2.20%     116.361ms      39.511us          2945  
                            raster_tri_write_c126_0_kernel_1_range_for         0.00%       0.000us         0.00%       0.000us       0.000us     102.530ms         1.94%     102.530ms       8.544ms            12  
void at::native::_scatter_gather_elementwise_kernel<128, 8, at::nat...         0.00%       0.000us         0.00%       0.000us       0.000us      99.383ms         1.88%      99.383ms     269.331us           369  
                                                           aten::index         1.25%      73.476ms         3.27%     192.123ms      90.838us      78.127ms         1.48%      83.940ms      39.688us          2115  
                                                           aten::zero_         0.04%       2.519ms         0.23%      13.429ms      11.219us       0.000us         0.00%      66.197ms      55.302us          1197  
                                      Memcpy HtoD (Pageable -> Device)         0.00%       0.000us         0.00%       0.000us       0.000us      64.403ms         1.22%      64.403ms     107.877us           597  
                                                        aten::_unique2         0.04%       2.054ms         1.77%     103.976ms       1.444ms      57.570ms         1.09%      58.887ms     817.876us            72  
void at::native::index_elementwise_kernel<128, 4, at::native::gpu_i...         0.00%       0.000us         0.00%       0.000us       0.000us      51.323ms         0.97%      51.323ms      70.791us           725  
                                                             aten::sub         0.30%      17.405ms         0.45%      26.629ms      14.786us      48.772ms         0.92%      48.772ms      27.080us          1801  
void at::native::elementwise_kernel<128, 2, at::native::gpu_kernel_...         0.00%       0.000us         0.00%       0.000us       0.000us      47.800ms         0.91%      47.800ms       1.838ms            26  
void at::native::_scatter_gather_elementwise_kernel<128, 8, at::nat...         0.00%       0.000us         0.00%       0.000us       0.000us      41.110ms         0.78%      41.110ms     157.508us           261  
                                                             aten::add         0.26%      15.408ms         0.42%      24.424ms      12.814us      40.980ms         0.78%      40.980ms      21.500us          1906  
void at::native::unrolled_elementwise_kernel<at::native::FillFuncto...         0.00%       0.000us         0.00%       0.000us       0.000us      37.687ms         0.71%      37.687ms       1.108ms            34  
                                                           aten::where         0.20%      11.529ms         0.40%      23.694ms      19.201us      37.638ms         0.71%      37.679ms      30.534us          1234  
                         sheet_resolve_shade_c150_1_kernel_1_range_for         0.00%       0.000us         0.00%       0.000us       0.000us      33.747ms         0.64%      33.747ms       5.625ms             6  
                                        Memcpy DtoD (Device -> Device)         0.00%       0.000us         0.00%       0.000us       0.000us      31.723ms         0.60%      31.723ms      50.594us           627  
void at::native::unrolled_elementwise_kernel<at::native::direct_cop...         0.00%       0.000us         0.00%       0.000us       0.000us      30.793ms         0.58%      30.793ms      95.629us           322  
                                      Memcpy DtoH (Device -> Pageable)         0.00%       0.000us         0.00%       0.000us       0.000us      29.865ms         0.57%      29.865ms     829.571us            36  
void at_cuda_detail::cub::DeviceRadixSortOnesweepKernel<at_cuda_det...         0.00%       0.000us         0.00%       0.000us       0.000us      29.027ms         0.55%      29.027ms     403.152us            72  
                            compact_ray_slots_c98_0_kernel_1_range_for         0.00%       0.000us         0.00%       0.000us       0.000us      27.577ms         0.52%      27.577ms     510.678us            54  
void at::native::index_elementwise_kernel<128, 4, at::native::gpu_i...         0.00%       0.000us         0.00%       0.000us       0.000us      26.225ms         0.50%      26.225ms      31.904us           822  
void at::native::vectorized_elementwise_kernel<2, at::native::CUDAF...         0.00%       0.000us         0.00%       0.000us       0.000us      25.627ms         0.49%      25.627ms     108.129us           237  
void at_cuda_detail::cub::DeviceRadixSortOnesweepKernel<at_cuda_det...         0.00%       0.000us         0.00%       0.000us       0.000us      23.972ms         0.45%      23.972ms     499.425us            48  
                                                             aten::mul         0.36%      21.086ms         0.66%      38.625ms      12.537us      23.887ms         0.45%      23.887ms       7.753us          3081  
void at::native::vectorized_elementwise_kernel<4, at::native::CUDAF...         0.00%       0.000us         0.00%       0.000us       0.000us      23.523ms         0.45%      23.523ms      42.848us           549  
void at::native::elementwise_kernel<128, 2, at::native::gpu_kernel_...         0.00%       0.000us         0.00%       0.000us       0.000us      23.449ms         0.44%      23.449ms      55.567us           422  
            bloom_downsample_bilinear_aa_f32_c156_0_kernel_1_range_for         0.00%       0.000us         0.00%       0.000us       0.000us      23.085ms         0.44%      23.085ms       3.847ms             6  
                                                             aten::sum         0.06%       3.728ms         0.11%       6.534ms      32.836us      14.346ms         0.27%      22.643ms     113.782us           199  
void at::native::vectorized_gather_kernel<16, long>(char*, char*, l...         0.00%       0.000us         0.00%       0.000us       0.000us      22.004ms         0.42%      22.004ms     305.617us            72  
void at::native::unrolled_elementwise_kernel<at::native::direct_cop...         0.00%       0.000us         0.00%       0.000us       0.000us      21.740ms         0.41%      21.740ms     121.451us           179  
                                                 aten::scatter_reduce_         0.01%     597.000us         0.02%       1.007ms      20.971us      20.474ms         0.39%      20.474ms     426.546us            48  
void at::native::elementwise_kernel<128, 2, at::native::gpu_kernel_...         0.00%       0.000us         0.00%       0.000us       0.000us      18.949ms         0.36%      18.949ms      53.834us           352  
                                                          aten::cumsum         0.11%       6.623ms         0.18%      10.824ms      35.372us      17.363ms         0.33%      17.611ms      57.552us           306  
                                                         aten::__and__         0.02%     926.202us         0.19%      11.199ms      21.453us       0.000us         0.00%      17.501ms      33.527us           522  
                                                     aten::bitwise_and         0.10%       5.781ms         0.18%      10.272ms      19.679us      17.463ms         0.33%      17.501ms      33.527us           522  
----------------------------------------------------------------------  ------------  ------------  ------------  ------------  ------------  ------------  ------------  ------------  ------------  ------------  
Self CPU time total: 5.868s
Self CUDA time total: 5.278s

================ BY CPU TIME =================
----------------------------------------------------------------------  ------------  ------------  ------------  ------------  ------------  ------------  ------------  ------------  ------------  ------------  
                                                                  Name    Self CPU %      Self CPU   CPU total %     CPU total  CPU time avg     Self CUDA   Self CUDA %    CUDA total  CUDA time avg    # of Calls  
----------------------------------------------------------------------  ------------  ------------  ------------  ------------  ------------  ------------  ------------  ------------  ------------  ------------  
                                                 cudaStreamSynchronize        82.42%        4.836s        82.42%        4.836s       2.373ms       0.000us         0.00%       0.000us       0.000us          2038  
                                                      cudaLaunchKernel         2.88%     169.255ms         2.89%     169.311ms       8.017us       0.000us         0.00%     121.565us       0.006us         21118  
                                                       cudaMemcpyAsync         2.62%     153.647ms         2.62%     153.647ms      57.871us       0.000us         0.00%       0.000us       0.000us          2655  
                                                           aten::index         1.25%      73.476ms         3.27%     192.123ms      90.838us      78.127ms         1.48%      83.940ms      39.688us          2115  
                                                              cudaFree         0.62%      36.668ms         0.62%      36.668ms       1.264ms       0.000us         0.00%       0.000us       0.000us            29  
                                                             aten::cat         0.60%      35.433ms         0.71%      41.907ms      51.107us     167.444ms         3.17%     167.444ms     204.200us           820  
                                                           aten::copy_         0.57%      33.170ms         7.26%     425.733ms      51.535us     212.621ms         4.03%     212.621ms      25.738us          8261  
                                                      aten::as_strided         0.46%      26.810ms         0.46%      26.810ms       0.633us       0.000us         0.00%       0.000us       0.000us         42377  
                                                           aten::empty         0.40%      23.254ms         0.44%      25.926ms       4.087us       0.000us         0.00%       0.000us       0.000us          6343  
                                                           aten::slice         0.39%      22.957ms         0.57%      33.604ms       1.890us       0.000us         0.00%       0.000us       0.000us         17779  
                                                         aten::nonzero         0.36%      21.322ms         5.50%     322.803ms     644.318us       9.733ms         0.18%       9.744ms      19.450us           501  
                                                             aten::mul         0.36%      21.086ms         0.66%      38.625ms      12.537us      23.887ms         0.45%      23.887ms       7.753us          3081  
                                                   aten::empty_strided         0.32%      18.606ms         0.32%      18.984ms       2.378us       0.000us         0.00%       0.000us       0.000us          7983  
                                                             aten::sub         0.30%      17.405ms         0.45%      26.629ms      14.786us      48.772ms         0.92%      48.772ms      27.080us          1801  
                                                             aten::add         0.26%      15.408ms         0.42%      24.424ms      12.814us      40.980ms         0.78%      40.980ms      21.500us          1906  
                                                          aten::select         0.20%      11.644ms         0.27%      16.038ms       2.768us       0.000us         0.00%       0.000us       0.000us          5794  
                                                           aten::where         0.20%      11.529ms         0.40%      23.694ms      19.201us      37.638ms         0.71%      37.679ms      30.534us          1234  
                                                           aten::fill_         0.19%      11.393ms         0.41%      24.114ms       8.188us     116.361ms         2.20%     116.361ms      39.511us          2945  
                                                              aten::eq         0.18%      10.693ms         0.29%      17.155ms      19.605us      16.454ms         0.31%      16.454ms      18.804us           875  
                                                              aten::gt         0.18%      10.327ms         0.28%      16.369ms      17.414us       4.481ms         0.08%       4.481ms       4.767us           940  
                                                         aten::resize_         0.17%      10.006ms         0.17%      10.261ms       3.471us       0.000us         0.00%       0.000us       0.000us          2956  
                                                            cudaMalloc         0.17%       9.765ms         0.17%       9.765ms     443.866us       0.000us         0.00%       0.000us       0.000us            22  
                                             aten::_local_scalar_dense         0.16%       9.645ms        73.79%        4.330s       2.362ms       1.512ms         0.03%       1.512ms       0.825us          1833  
                                                          aten::expand         0.16%       9.463ms         0.24%      14.291ms       1.611us       0.000us         0.00%       0.000us       0.000us          8873  
                                                            aten::view         0.16%       9.393ms         0.16%       9.393ms       0.949us       0.000us         0.00%       0.000us       0.000us          9899  
                                                    aten::index_select         0.15%       8.564ms         0.49%      28.468ms      40.495us       3.500ms         0.07%     175.127ms     249.113us           703  
                                                        aten::_to_copy         0.14%       8.257ms         4.11%     241.012ms     101.521us       0.000us         0.00%     152.393ms      64.193us          2374  
                                                            aten::sort         0.14%       8.231ms         0.42%      24.825ms     120.508us     200.466ms         3.80%     211.311ms       1.026ms           206  
                                                    aten::linalg_cross         0.14%       8.206ms         0.15%       8.737ms      74.046us       3.025ms         0.06%       3.025ms      25.640us           118  
                                                      aten::empty_like         0.14%       8.004ms         0.34%      19.759ms       4.123us       0.000us         0.00%       0.000us       0.000us          4793  
                                                           aten::clone         0.13%       7.854ms         0.64%      37.780ms       9.780us       0.000us         0.00%      10.924ms       2.828us          3863  
                                                          aten::gather         0.13%       7.796ms         0.24%      14.234ms      19.992us     172.343ms         3.27%     172.343ms     242.055us           712  
                                                             aten::all         0.13%       7.786ms         0.20%      11.712ms      24.503us       2.044ms         0.04%       2.050ms       4.288us           478  
                                                         aten::reshape         0.12%       6.965ms         0.28%      16.294ms       3.224us       0.000us         0.00%       4.948ms       0.979us          5054  
                                                          aten::cumsum         0.11%       6.623ms         0.18%      10.824ms      35.372us      17.363ms         0.33%      17.611ms      57.552us           306  
                                                        cuLaunchKernel         0.11%       6.463ms         0.11%       6.463ms       8.202us       0.000us         0.00%       0.000us       0.000us           788  
                                                       cudaMemsetAsync         0.11%       6.316ms         0.11%       6.316ms       5.670us       0.000us         0.00%       0.000us       0.000us          1114  
                                                             aten::div         0.10%       6.144ms         0.17%       9.886ms      13.451us       7.777ms         0.15%       7.777ms      10.581us           735  
                                                             aten::any         0.10%       6.118ms         0.22%      12.787ms      25.575us       1.730ms         0.03%       1.929ms       3.858us           500  
                                                          aten::arange         0.10%       6.089ms         0.35%      20.618ms      19.414us       3.695ms         0.07%       7.390ms       6.958us          1062  
----------------------------------------------------------------------  ------------  ------------  ------------  ------------  ------------  ------------  ------------  ------------  ------------  ------------  
Self CPU time total: 5.868s
Self CUDA time total: 5.278s


[  184.0s]   -> exit 0 in 114.1s
[  184.0s] RESULTS {"torchprof": {"seconds": 114.05, "exit": 0, "videos": {"tp_prof.mp4": {"sha": "dc4c62b70fc564e7", "bytes": 833264}, "tp_warm.mp4": {"sha": "dc4c62b70fc564e7", "bytes": 833264}}}}
[  184.0s] cache size: 75.4 MB
