Rendering device set to cuda
[Taichi] version 1.7.4, llvm 15.0.4, commit b4b956fd, linux, python 3.13.15
[Taichi] Starting on arch=cuda
T=21 get_batch_of_primitives   91.9 ms/frame
T=21 get_batch_of_primitives   50.9 ms/frame
         238423 function calls (237954 primitive calls) in 0.971 seconds

   Ordered by: internal time
   List reduced from 400 to 30 due to restriction <30>

   ncalls  tottime  percall  cumtime  percall filename:lineno(function)
  160/159    0.156    0.001    0.156    0.001 {built-in method torch.cat}
      128    0.110    0.001    0.111    0.001 /content/algan/algan/mobs/surfaces/surface.py:440(grid_to_triangle_vertices)
       98    0.086    0.001    0.086    0.001 {built-in method torch.cross}
     2841    0.045    0.000    0.083    0.000 /content/algan/algan/animation_timeline/timeline.py:1019(get)
2814/2813    0.033    0.000    0.033    0.000 {method 'clone' of 'torch._C.TensorBase' objects}
     1499    0.032    0.000    0.064    0.000 /content/algan/algan/utils/tensor_utils.py:217(broadcast_all)
      258    0.026    0.000    0.028    0.000 /content/algan/algan/animation_timeline/timeline.py:1058(modify)
  736/653    0.021    0.000    0.022    0.000 {method 'to' of 'torch._C.TensorBase' objects}
7385/7384    0.017    0.000    0.017    0.000 {method 'expand' of 'torch._C.TensorBase' objects}
      591    0.016    0.000    0.016    0.000 {built-in method torch._C._linalg.linalg_vector_norm}
      124    0.015    0.000    0.284    0.002 /content/algan/algan/rendering/raytracing/primitives.py:455(__init__)
       80    0.014    0.000    0.035    0.000 /content/algan/algan/mobs/shapes_3d.py:939(coord_function)
      178    0.013    0.000    0.088    0.000 /content/algan/algan/animatable_base/mob.py:1134(_apply_change)
      121    0.013    0.000    0.017    0.000 /content/algan/algan/mobs/surfaces/surface.py:2823(_get_memory_used_per_timestep)
      124    0.012    0.000    0.194    0.002 /content/algan/algan/rendering/primitives/triangle_primitive.py:43(__init__)
     3093    0.011    0.000    0.011    0.000 /content/algan/algan/animation_timeline/timeline.py:961(_compact_span)
       80    0.009    0.000    0.029    0.000 /content/algan/algan/geometry/geometry.py:501(get_orthonormal_vector)
  509/508    0.009    0.000    0.009    0.000 {built-in method torch.where}
        3    0.009    0.003    0.129    0.043 /content/algan/algan/mobs/surfaces/surface.py:525(compute_grid_vertex_normals)
    38680    0.008    0.000    0.008    0.000 {built-in method builtins.isinstance}
       80    0.008    0.000    0.179    0.002 /content/algan/algan/mobs/shapes_3d.py:1019(_move_between_points)
     2841    0.008    0.000    0.131    0.000 /content/algan/algan/animatable_base/animatable.py:1051(get_animated_attribute)
     3093    0.007    0.000    0.043    0.000 /content/algan/algan/animatable_base/animatable.py:903(_get_attr_ranges)
      293    0.007    0.000    0.024    0.000 /content/algan/.venv/lib/python3.13/site-packages/torch/nn/functional.py:5456(normalize)
     1054    0.006    0.000    0.006    0.000 {built-in method torch.full_like}
      121    0.006    0.000    0.179    0.001 /content/algan/algan/mobs/surfaces/surface.py:3034(_build_render_primitive)
    15424    0.006    0.000    0.006    0.000 {method 'get' of 'dict' objects}
      829    0.006    0.000    0.011    0.000 /content/algan/algan/utils/tensor_utils.py:288(unsquish)
        6    0.006    0.001    0.019    0.003 /content/algan/algan/mobs/surfaces/surface.py:667(_merged_pole_normal)
     1042    0.006    0.000    0.006    0.000 {method 'reshape' of 'torch._C.TensorBase' objects}


         238423 function calls (237954 primitive calls) in 0.971 seconds

   Ordered by: cumulative time
   List reduced from 400 to 40 due to restriction <40>

   ncalls  tottime  percall  cumtime  percall filename:lineno(function)
        1    0.001    0.001    0.971    0.971 /content/algan/algan/render_loop.py:1977(get_batch_of_primitives)
        1    0.000    0.000    0.393    0.393 /content/algan/algan/render_loop.py:1833(_build_deferred_surfaces)
        2    0.002    0.001    0.389    0.194 /content/algan/algan/mobs/surfaces/surface.py:703(get_render_primitives_batched)
        1    0.000    0.000    0.321    0.321 /content/algan/algan/animation_timeline/timeline.py:2781(set_state_to_times)
        1    0.001    0.001    0.319    0.319 /content/algan/algan/animation_timeline/timeline.py:2820(_replay_state_to_times)
      124    0.002    0.000    0.292    0.002 /content/algan/algan/rendering/raytracing/primitives.py:1359(__init__)
      124    0.015    0.000    0.284    0.002 /content/algan/algan/rendering/raytracing/primitives.py:455(__init__)
        1    0.001    0.001    0.233    0.233 /content/algan/algan/mobs/neural_nets/neural_net.py:148(_update_neural_net_idle)
   255/95    0.002    0.000    0.224    0.002 /content/algan/algan/animation_timeline/animation_contexts.py:181(wrapped)
   255/95    0.005    0.000    0.222    0.002 /content/algan/algan/animatable_base/animatable.py:111(wrapper_func)
        4    0.000    0.000    0.222    0.055 /content/algan/algan/render_loop.py:2245(_emit_primitive_collections)
      124    0.012    0.000    0.194    0.002 /content/algan/algan/rendering/primitives/triangle_primitive.py:43(__init__)
       80    0.008    0.000    0.179    0.002 /content/algan/algan/mobs/shapes_3d.py:1019(_move_between_points)
      121    0.006    0.000    0.179    0.001 /content/algan/algan/mobs/surfaces/surface.py:3034(_build_render_primitive)
  160/159    0.156    0.001    0.156    0.001 {built-in method torch.cat}
       29    0.000    0.000    0.142    0.005 /content/algan/algan/rendering/primitives/triangle_primitive.py:96(<genexpr>)
       50    0.005    0.000    0.135    0.003 /content/algan/algan/mobs/shapes_3d.py:1003(move_between_points)
     2841    0.008    0.000    0.131    0.000 /content/algan/algan/animatable_base/animatable.py:1051(get_animated_attribute)
        3    0.009    0.003    0.129    0.043 /content/algan/algan/mobs/surfaces/surface.py:525(compute_grid_vertex_normals)
      128    0.110    0.001    0.111    0.001 /content/algan/algan/mobs/surfaces/surface.py:440(grid_to_triangle_vertices)
      178    0.013    0.000    0.088    0.000 /content/algan/algan/animatable_base/mob.py:1134(_apply_change)
     2841    0.004    0.000    0.087    0.000 /content/algan/algan/animation_timeline/timeline.py:2353(get_attr)
       18    0.000    0.000    0.086    0.005 /content/algan/algan/utils/tensor_utils.py:325(broadcast_cross_product)
       98    0.086    0.001    0.086    0.001 {built-in method torch.cross}
     2841    0.045    0.000    0.083    0.000 /content/algan/algan/animation_timeline/timeline.py:1019(get)
       80    0.001    0.000    0.079    0.001 /content/algan/algan/mobs/surfaces/surface.py:3503(set_location_by_function)
      175    0.002    0.000    0.066    0.000 /content/algan/algan/animatable_base/mob.py:1353(location)
     1499    0.032    0.000    0.064    0.000 /content/algan/algan/utils/tensor_utils.py:217(broadcast_all)
       25    0.002    0.000    0.062    0.002 /content/algan/algan/mobs/shapes_3d.py:981(set_start_point)
     3093    0.007    0.000    0.043    0.000 /content/algan/algan/animatable_base/animatable.py:903(_get_attr_ranges)
       80    0.002    0.000    0.041    0.001 /content/algan/algan/mobs/surfaces/surface.py:3532(target_function)
      801    0.002    0.000    0.040    0.000 /content/algan/algan/mobs/surfaces/surface.py:3052(expand_grid_to_verts)
       95    0.000    0.000    0.040    0.000 /content/algan/algan/animatable_base/mob_movement.py:245(move_to)
      258    0.002    0.000    0.040    0.000 /content/algan/algan/animatable_base/animatable.py:843(_setattr_and_record_modification)
       95    0.000    0.000    0.040    0.000 /content/algan/algan/animatable_base/animatable.py:696(setattr_general)
      900    0.001    0.000    0.038    0.000 /content/algan/algan/animatable_base/mob.py:1342(location)
       80    0.014    0.000    0.035    0.000 /content/algan/algan/mobs/shapes_3d.py:939(coord_function)
2814/2813    0.033    0.000    0.033    0.000 {method 'clone' of 'torch._C.TensorBase' objects}
      930    0.002    0.000    0.030    0.000 /content/algan/algan/animatable_base/animatable.py:346(prop)
       80    0.009    0.000    0.029    0.000 /content/algan/algan/geometry/geometry.py:501(get_orthonormal_vector)


CALLERS OF method 'to' of
{method 'to' of 'torch._C.TensorBase' objects}  <-      83    0.003    0.003  /content/algan/.venv/lib/python3.13/site-packages/torch/_tensor.py:1646(__torch_function__)
                                                         2    0.015    0.015  /content/algan/algan/animatable_base/mob.py:1134(_apply_change)
                                                        52    0.001    0.001  /content/algan/algan/animation_timeline/timeline.py:527(_query_row_states)
                                                        26    0.000    0.000  /content/algan/algan/animation_timeline/timeline.py:909(_set_active_row_map)
                                                        29    0.000    0.000  /content/algan/algan/animation_timeline/timeline.py:1507(rematerialize_state_at_times)
                                                        81    0.001    0.002  /content/algan/algan/constants/color.py:113(__new__)
                                                         1    0.000    0.003  /content/algan/algan/constants/color.py:236(new_empty)
                                                         1    0.000    0.000  /content/algan/algan/mobs/surfaces/surface.py:3034(_build_render_primitive)
                                                         5    0.000    0.000  /content/algan/algan/render_loop.py:2417(_materialize_render_state)
                                                         8    0.000    0.000  /content/algan/algan/rendering/primitives/bezier_circuit_primitive.py:74(__init__)
                                                         5    0.000    0.000  /content/algan/algan/rendering/primitives/bezier_circuit_primitive.py:158(<genexpr>)
                                                       250    0.001    0.001  /content/algan/algan/rendering/primitives/triangle_primitive.py:43(__init__)
                                                        24    0.000    0.000  /content/algan/algan/rendering/raytracing/primitives.py:455(__init__)
                                                       160    0.000    0.000  /content/algan/algan/rendering/raytracing/primitives.py:671(surface_value)
                                                         9    0.000    0.000  /content/algan/algan/rendering/raytracing/primitives.py:2745(__init__)
CALLERS OF grid_to_triangle_vertices
/content/algan/algan/mobs/surfaces/surface.py:440(grid_to_triangle_vertices)  <-       4    0.076    0.076  /content/algan/algan/mobs/surfaces/surface.py:703(get_render_primitives_batched)
                                                                                       1    0.000    0.000  /content/algan/algan/mobs/surfaces/surface.py:3012(get_render_primitives)
                                                                                       2    0.000    0.000  /content/algan/algan/mobs/surfaces/surface.py:3034(_build_render_primitive)
                                                                                     121    0.034    0.034  /content/algan/algan/mobs/surfaces/surface.py:3052(expand_grid_to_verts)
CALLERS OF torch.cat
{built-in method torch.cat}  <-       1    0.000    0.000  /content/algan/.venv/lib/python3.13/site-packages/torch/_tensor.py:1646(__torch_function__)
                                      5    0.000    0.000  /content/algan/algan/animation_timeline/timeline.py:247(tensor)
                                      2    0.000    0.000  /content/algan/algan/animation_timeline/timeline.py:1507(rematerialize_state_at_times)
                                      2    0.000    0.000  /content/algan/algan/animation_timeline/timeline.py:2820(_replay_state_to_times)
                                     80    0.001    0.001  /content/algan/algan/mobs/shapes_3d.py:1019(_move_between_points)
                                      1    0.000    0.000  /content/algan/algan/render_loop.py:2417(_materialize_render_state)
                                      8    0.001    0.001  /content/algan/algan/rendering/primitives/bezier_circuit_primitive.py:74(__init__)
                                      5    0.000    0.000  /content/algan/algan/rendering/primitives/bezier_circuit_primitive.py:158(<genexpr>)
                                      1    0.000    0.000  /content/algan/algan/rendering/primitives/triangle_primitive.py:43(__init__)
                                     26    0.141    0.141  /content/algan/algan/rendering/primitives/triangle_primitive.py:96(<genexpr>)
                                     24    0.013    0.013  /content/algan/algan/rendering/raytracing/primitives.py:455(__init__)
                                      5    0.000    0.000  /content/algan/algan/rendering/raytracing/primitives.py:2745(__init__)
CALLERS OF expand_grid_to_verts
/content/algan/algan/mobs/surfaces/surface.py:3052(expand_grid_to_verts)  <-     801    0.002    0.040  /content/algan/algan/mobs/surfaces/surface.py:3034(_build_render_primitive)
