Rendering device set to cuda
Began rendering profilingnn_UHD_run1.mp4
Preparing render kernels. If this is the first render on this machine (or after an update), compiling the GPU kernels can take several minutes. Compiled kernels are cached, so subsequent renders start immediately.
Finished rendering profilingnn_UHD_run1.mp4 in 93.1 s
Began rendering profilingnn_UHD_run2.mp4
Finished rendering profilingnn_UHD_run2.mp4 in 49.8 s
[Taichi] version 1.7.4, llvm 15.0.4, commit b4b956fd, linux, python 3.13.15
[Taichi] Starting on arch=cuda
[profiling] hooked 34 Taichi kernels (170 ti.funcs are inlined and not separately timed)

===== profiling run 1/2 (cold) =====

===== profiling run 2/2 (warm) =====

==============================================================================
Algan ray-tracing scene profile
==============================================================================
device: Tesla T4
  driver 580.82.07  compute cap 7.5  15360 MiB  max SM 1590 MHz / mem 5001 MHz  PCIe gen3 x16
  profiling tools: nvidia-smi=yes, nvprof=yes, ncu=yes, nsys=no
  Taichi kernel profiler: off (wall-time only)
  hooked kernels (34): bezier_chord_hull_error, compact_ray_slots, env_background_prefill, fill_background_from_func, finalize_samples, gather_fragment_arrays, gloss_composite, gloss_pyramid_level, gloss_scatter, mask_popcount, path_trace_physical_stbvh, path_trace_scene_stbvh, pn_edge_chord_error, pn_patch_flatness_error, raster_bez_count, raster_bez_write, raster_shadow_trace, raster_tri_count, raster_tri_write, sheet_band_reduce, sheet_conflict_rank, sheet_resolve_shade, wavefront_generate_rays, wavefront_shade, wavefront_shadow, wavefront_traverse, wavefront_traverse_events, wf_composite, wf_composite_aa, wf_composite_accum, wf_composite_accum_aa, wf_composite_accum_sparse, wf_finalize_aa, wf_finalize_uncovered

------------------------------------------------------------------------------
RUN 1 (cold (includes Taichi JIT compile)): end-to-end 93.39s
------------------------------------------------------------------------------
incl is wall time, excl is time spent in function excluding sub-processes of another tracked stage
stage                                                calls  incl (s) incl (%)  excl (s)  excl (%)launch    sync      
ray traced render total                                 12    60.234    64.5%     0.048     0.1%     0.000     0.000
wavefront_loop                                          12    57.817    61.9%    19.205    20.6%     0.000     0.000
Scene.get_batch_of_primitives                           10    27.757    29.7%     1.196     1.3%     0.000     0.000
raster: sparse resolve                                  30    25.106    26.9%    25.106    26.9%     0.000     0.000
video encode tail (ffmpeg drain)                         1    21.101    22.6%    21.101    22.6%     0.000     0.000
kernel: sheet_resolve_shade                             60    20.303    21.7%    20.303    21.7%    20.026     0.275
AnimationTimeline.set_state_to_times                    10    17.655    18.9%     8.405     9.0%     0.000     0.000
raster: sparse discovery                                12    13.350    14.3%    13.350    14.3%     0.000     0.000
kernel: wavefront_shade                                240    12.651    13.5%    12.651    13.5%     5.245     7.399
arena preflight (batch)                                 10     7.253     7.8%     0.060     0.1%     0.000     0.000
surfaces: get_render_primitives_batched                 20     5.971     6.4%     4.761     5.1%     0.000     0.000
AttributeTimeline.get                                49667     5.196     5.6%     5.196     5.6%     0.000     0.000
kernel: raster_shadow_trace                             30     4.682     5.0%     4.682     5.0%     1.353     3.327
kernel: wavefront_traverse_events                      240     4.448     4.8%     4.448     4.8%     1.544     2.892
AttributeTimeline.rematerialize_state_at_times         260     4.423     4.7%     4.423     4.7%     0.000     0.000
  - project_to_screen (prewarm)                         10     4.079     4.4%     0.791     0.8%     0.000     0.000
merge collections + build BVHs                          10     3.062     3.3%     1.187     1.3%     0.000     0.000
logical PN: dice + shade + pack (project_to_screen)     30     2.882     3.1%     0.108     0.1%     0.000     0.000
logical PN:   - _dice_logical_pn                        30     2.774     3.0%     0.994     1.1%     0.000     0.000
Surface.get_render_primitives                           10     2.737     2.9%     2.732     2.9%     0.000     0.000
kernel: raster_tri_write                                24     2.717     2.9%     2.717     2.9%     2.159     0.558
post-process (downsample/FXAA/glow)                     12     2.320     2.5%     0.487     0.5%     0.000     0.000
kernel: raster_tri_count                                24     2.166     2.3%     2.166     2.3%     1.434     0.731
  - refit-BVH build (in merge)                          20     1.813     1.9%     1.813     1.9%     0.000     0.000
AttributeTimeline.modify                              6384     1.638     1.8%     1.638     1.8%     0.000     0.000
logical PN:     - subdivision levels                    30     1.001     1.1%     0.130     0.1%     0.000     0.000
post:   - device->host copy                             12     0.855     0.9%     0.855     0.9%     0.000     0.000
kernel: raster_bez_count                                12     0.699     0.7%     0.699     0.7%     0.686     0.010
kernel: compact_ray_slots                              270     0.601     0.6%     0.601     0.6%     0.101     0.492
kernel: raster_bez_write                                12     0.570     0.6%     0.570     0.6%     0.555     0.014
logical PN:       - edge level search                   30     0.528     0.6%     0.139     0.1%     0.000     0.000
free-VRAM probe (empty_cache)                           31     0.517     0.6%     0.517     0.6%     0.000     0.000
logical PN:     - interpolate attrs                   1490     0.514     0.6%     0.514     0.6%     0.000     0.000
post:   - bloom fft conv                                48     0.441     0.5%     0.441     0.5%     0.000     0.000
post:   - bloom downsample                              12     0.416     0.4%     0.416     0.4%     0.000     0.000
beziers: sample + pack (project_to_screen)              10     0.407     0.4%     0.005     0.0%     0.000     0.000
logical PN:         - edge chord error                  40     0.389     0.4%     0.389     0.4%     0.000     0.000
kernel: pn_edge_chord_error                             40     0.382     0.4%     0.382     0.4%     0.378     0.004
logical PN:       - patch level search                  30     0.316     0.3%     0.087     0.1%     0.000     0.000
kernel: gloss_composite                                 30     0.271     0.3%     0.271     0.3%     0.230     0.041
logical PN:         - patch flatness error              70     0.256     0.3%     0.256     0.3%     0.000     0.000
kernel: pn_patch_flatness_error                         70     0.229     0.2%     0.229     0.2%     0.223     0.005
beziers:   - _compute_samples_per_segment               10     0.195     0.2%     0.195     0.2%     0.000     0.000
AttributeTimeline.add                                 2771     0.195     0.2%     0.195     0.2%     0.000     0.000
beziers:   - _build_circuit_geometry                    10     0.191     0.2%     0.191     0.2%     0.000     0.000
kernel: gloss_pyramid_level                            270     0.173     0.2%     0.173     0.2%     0.102     0.067
kernel: bezier_chord_hull_error                         50     0.172     0.2%     0.172     0.2%     0.170     0.002
kernel: sheet_band_reduce                               24     0.163     0.2%     0.163     0.2%     0.135     0.027
kernel: sheet_conflict_rank                             12     0.150     0.2%     0.150     0.2%     0.137     0.013
scene upload to arena                                   10     0.144     0.2%     0.144     0.2%     0.000     0.000
post:   - tonemap/finalize                              12     0.122     0.1%     0.122     0.1%     0.000     0.000
kernel: gloss_scatter                                   30     0.118     0.1%     0.118     0.1%     0.085     0.032
logical PN:     - snap boundary                        140     0.113     0.1%     0.113     0.1%     0.000     0.000
logical PN:     - evaluate patch                        70     0.100     0.1%     0.100     0.1%     0.000     0.000
raster:   - precompute bez bounds                       10     0.074     0.1%     0.074     0.1%     0.000     0.000
kernel: wf_composite_accum_sparse                       30     0.072     0.1%     0.072     0.1%     0.062     0.009
  - bezier edge accel (in merge)                        10     0.062     0.1%     0.062     0.1%     0.000     0.000
kernel: mask_popcount                                   12     0.053     0.1%     0.053     0.1%     0.049     0.004
logical PN:     - evaluate normals                      70     0.051     0.1%     0.051     0.1%     0.000     0.000
background prefill                                      12     0.049     0.1%     0.049     0.1%     0.000     0.000
raster:   - precompute tri bounds                       10     0.042     0.0%     0.042     0.0%     0.000     0.000
raster:   - precompute tri projection                   10     0.040     0.0%     0.040     0.0%     0.000     0.000
BezierCircuitCubic.get_render_primitives                10     0.032     0.0%     0.027     0.0%     0.000     0.000
memory reclaim (gc + cuda cache)                        42     0.026     0.0%     0.026     0.0%     0.000     0.000
beziers:   - _build_frame_bounds                        10     0.016     0.0%     0.016     0.0%     0.000     0.000
(unaccounted: video encode, scene mgmt, ...)                 -75.024   -80.3%

GPU telemetry over render (637 samples @ ~10 Hz, min/avg/max):
  utilization  0/30/99 %   mem-util 0/10/100 %
  SM clock     585/983/1590 MHz   mem clock 5000/5000/5000 MHz
  temperature  69/73/80 C   power 33/45/82 W
  ** THROTTLING observed: SwPowerCap (run-to-run timing is unreliable) **

GPU memory: peak allocated 8620 MB, peak reserved 9156 MB
  batch 0: merged tensors 124.2 MB, BVHs 9.0 MB (cuda after merge 6036 MB)
    counts: num_colored_triangles=0, num_triangles=49295, num_circuits=41, num_frames=3
    tri_bvh: 0 instances, 24675 nodes, 0 leaves, 4.5 MB
    tri_opaque_bvh: 0 instances, 24675 nodes, 0 leaves, 4.5 MB
    bez_bvh: 0 instances, 20 nodes, 0 leaves, 0.0 MB
    bez_opaque_bvh: 0 instances, 20 nodes, 0 leaves, 0.0 MB
    textures: (3, 1573718, 5) = 90.0 MB
    tri_mat: (3, 49295, 34) = 19.2 MB
    tri_pos: (3, 49295, 9) = 5.1 MB
    tri_norm: (3, 49295, 9) = 5.1 MB
    tri_tex_meta: (49295, 10) = 1.9 MB
    tri_uvs: (1, 49295, 6) = 1.1 MB
  batch 1: merged tensors 124.2 MB, BVHs 9.0 MB (cuda after merge 6237 MB)
    counts: num_colored_triangles=0, num_triangles=49306, num_circuits=41, num_frames=3
    tri_bvh: 0 instances, 24646 nodes, 0 leaves, 4.5 MB
    tri_opaque_bvh: 0 instances, 24646 nodes, 0 leaves, 4.5 MB
    bez_bvh: 0 instances, 20 nodes, 0 leaves, 0.0 MB
    bez_opaque_bvh: 0 instances, 20 nodes, 0 leaves, 0.0 MB
    textures: (3, 1573716, 5) = 90.0 MB
    tri_mat: (3, 49306, 34) = 19.2 MB
    tri_pos: (3, 49306, 9) = 5.1 MB
    tri_norm: (3, 49306, 9) = 5.1 MB
    tri_tex_meta: (49306, 10) = 1.9 MB
    tri_uvs: (1, 49306, 6) = 1.1 MB
  batch 2: merged tensors 124.2 MB, BVHs 9.0 MB (cuda after merge 6237 MB)
    counts: num_colored_triangles=0, num_triangles=49299, num_circuits=41, num_frames=3
    tri_bvh: 0 instances, 24662 nodes, 0 leaves, 4.5 MB
    tri_opaque_bvh: 0 instances, 24662 nodes, 0 leaves, 4.5 MB
    bez_bvh: 0 instances, 20 nodes, 0 leaves, 0.0 MB
    bez_opaque_bvh: 0 instances, 20 nodes, 0 leaves, 0.0 MB
    textures: (3, 1573718, 5) = 90.0 MB
    tri_mat: (3, 49299, 34) = 19.2 MB
    tri_pos: (3, 49299, 9) = 5.1 MB
    tri_norm: (3, 49299, 9) = 5.1 MB
    tri_tex_meta: (49299, 10) = 1.9 MB
    tri_uvs: (1, 49299, 6) = 1.1 MB
  batch 3: merged tensors 124.2 MB, BVHs 9.0 MB (cuda after merge 6238 MB)
    counts: num_colored_triangles=0, num_triangles=49325, num_circuits=41, num_frames=3
    tri_bvh: 0 instances, 24591 nodes, 0 leaves, 4.5 MB
    tri_opaque_bvh: 0 instances, 24591 nodes, 0 leaves, 4.5 MB
    bez_bvh: 0 instances, 20 nodes, 0 leaves, 0.0 MB
    bez_opaque_bvh: 0 instances, 20 nodes, 0 leaves, 0.0 MB
    textures: (3, 1573718, 5) = 90.0 MB
    tri_mat: (3, 49325, 34) = 19.2 MB
    tri_pos: (3, 49325, 9) = 5.1 MB
    tri_norm: (3, 49325, 9) = 5.1 MB
    tri_tex_meta: (49325, 10) = 1.9 MB
    tri_uvs: (1, 49325, 6) = 1.1 MB
  batch 4: merged tensors 124.3 MB, BVHs 9.1 MB (cuda after merge 6238 MB)
    counts: num_colored_triangles=0, num_triangles=49427, num_circuits=41, num_frames=3
    tri_bvh: 0 instances, 24731 nodes, 0 leaves, 4.5 MB
    tri_opaque_bvh: 0 instances, 24731 nodes, 0 leaves, 4.5 MB
    bez_bvh: 0 instances, 20 nodes, 0 leaves, 0.0 MB
    bez_opaque_bvh: 0 instances, 20 nodes, 0 leaves, 0.0 MB
    textures: (3, 1573716, 5) = 90.0 MB
    tri_mat: (3, 49427, 34) = 19.2 MB
    tri_pos: (3, 49427, 9) = 5.1 MB
    tri_norm: (3, 49427, 9) = 5.1 MB
    tri_tex_meta: (49427, 10) = 1.9 MB
    tri_uvs: (1, 49427, 6) = 1.1 MB
  batch 5: merged tensors 124.3 MB, BVHs 9.1 MB (cuda after merge 6238 MB)
    counts: num_colored_triangles=0, num_triangles=49506, num_circuits=41, num_frames=3
    tri_bvh: 0 instances, 24721 nodes, 0 leaves, 4.5 MB
    tri_opaque_bvh: 0 instances, 24721 nodes, 0 leaves, 4.5 MB
    bez_bvh: 0 instances, 20 nodes, 0 leaves, 0.0 MB
    bez_opaque_bvh: 0 instances, 20 nodes, 0 leaves, 0.0 MB
    textures: (3, 1573718, 5) = 90.0 MB
    tri_mat: (3, 49506, 34) = 19.3 MB
    tri_pos: (3, 49506, 9) = 5.1 MB
    tri_norm: (3, 49506, 9) = 5.1 MB
    tri_tex_meta: (49506, 10) = 1.9 MB
    tri_uvs: (1, 49506, 6) = 1.1 MB
  batch 6: merged tensors 124.4 MB, BVHs 9.1 MB (cuda after merge 6238 MB)
    counts: num_colored_triangles=0, num_triangles=49597, num_circuits=41, num_frames=3
    tri_bvh: 0 instances, 24776 nodes, 0 leaves, 4.5 MB
    tri_opaque_bvh: 0 instances, 24776 nodes, 0 leaves, 4.5 MB
    bez_bvh: 0 instances, 20 nodes, 0 leaves, 0.0 MB
    bez_opaque_bvh: 0 instances, 20 nodes, 0 leaves, 0.0 MB
    textures: (3, 1573718, 5) = 90.0 MB
    tri_mat: (3, 49597, 34) = 19.3 MB
    tri_pos: (3, 49597, 9) = 5.1 MB
    tri_norm: (3, 49597, 9) = 5.1 MB
    tri_tex_meta: (49597, 10) = 1.9 MB
    tri_uvs: (1, 49597, 6) = 1.1 MB
  batch 7: merged tensors 124.4 MB, BVHs 9.1 MB (cuda after merge 6238 MB)
    counts: num_colored_triangles=0, num_triangles=49709, num_circuits=41, num_frames=3
    tri_bvh: 0 instances, 24909 nodes, 0 leaves, 4.6 MB
    tri_opaque_bvh: 0 instances, 24909 nodes, 0 leaves, 4.6 MB
    bez_bvh: 0 instances, 20 nodes, 0 leaves, 0.0 MB
    bez_opaque_bvh: 0 instances, 20 nodes, 0 leaves, 0.0 MB
    textures: (3, 1573718, 5) = 90.0 MB
    tri_mat: (3, 49709, 34) = 19.3 MB
    tri_pos: (3, 49709, 9) = 5.1 MB
    tri_norm: (3, 49709, 9) = 5.1 MB
    tri_tex_meta: (49709, 10) = 1.9 MB
    tri_uvs: (1, 49709, 6) = 1.1 MB
  batch 8: merged tensors 124.5 MB, BVHs 9.1 MB (cuda after merge 6238 MB)
    counts: num_colored_triangles=0, num_triangles=49736, num_circuits=41, num_frames=3
    tri_bvh: 0 instances, 24907 nodes, 0 leaves, 4.6 MB
    tri_opaque_bvh: 0 instances, 24907 nodes, 0 leaves, 4.6 MB
    bez_bvh: 0 instances, 20 nodes, 0 leaves, 0.0 MB
    bez_opaque_bvh: 0 instances, 20 nodes, 0 leaves, 0.0 MB
    textures: (3, 1573718, 5) = 90.0 MB
    tri_mat: (3, 49736, 34) = 19.4 MB
    tri_pos: (3, 49736, 9) = 5.1 MB
    tri_norm: (3, 49736, 9) = 5.1 MB
    tri_tex_meta: (49736, 10) = 1.9 MB
    tri_uvs: (1, 49736, 6) = 1.1 MB
  batch 9: merged tensors 124.5 MB, BVHs 9.1 MB (cuda after merge 6238 MB)
    counts: num_colored_triangles=0, num_triangles=49726, num_circuits=41, num_frames=3
    tri_bvh: 0 instances, 24807 nodes, 0 leaves, 4.5 MB
    tri_opaque_bvh: 0 instances, 24807 nodes, 0 leaves, 4.5 MB
    bez_bvh: 0 instances, 20 nodes, 0 leaves, 0.0 MB
    bez_opaque_bvh: 0 instances, 20 nodes, 0 leaves, 0.0 MB
    textures: (3, 1573714, 5) = 90.0 MB
    tri_mat: (3, 49726, 34) = 19.3 MB
    tri_pos: (3, 49726, 9) = 5.1 MB
    tri_norm: (3, 49726, 9) = 5.1 MB
    tri_tex_meta: (49726, 10) = 1.9 MB
    tri_uvs: (1, 49726, 6) = 1.1 MB
  cProfile dump: disabled (set ALGAN_PROFILE_CPROFILE=1)

------------------------------------------------------------------------------
RUN 2 (warm (steady state)): end-to-end 50.00s
------------------------------------------------------------------------------
incl is wall time, excl is time spent in function excluding sub-processes of another tracked stage
stage                                                calls  incl (s) incl (%)  excl (s)  excl (%)launch    sync      
ray traced render total                                 12    26.213    52.4%     0.046     0.1%     0.000     0.000
wavefront_loop                                          12    24.767    49.5%    12.453    24.9%     0.000     0.000
Scene.get_batch_of_primitives                           10    23.693    47.4%     0.823     1.6%     0.000     0.000
AnimationTimeline.set_state_to_times                    10    16.668    33.3%     7.136    14.3%     0.000     0.000
video encode tail (ffmpeg drain)                         1    14.310    28.6%    14.310    28.6%     0.000     0.000
raster: sparse discovery                                12     8.227    16.5%     8.227    16.5%     0.000     0.000
kernel: wavefront_shade                                240     7.708    15.4%     7.708    15.4%     0.241     7.460
arena preflight (batch)                                 10     5.350    10.7%     0.052     0.1%     0.000     0.000
AttributeTimeline.get                                49389     4.925     9.8%     4.925     9.8%     0.000     0.000
AttributeTimeline.rematerialize_state_at_times         260     4.880     9.8%     4.880     9.8%     0.000     0.000
surfaces: get_render_primitives_batched                 20     4.768     9.5%     3.899     7.8%     0.000     0.000
raster: sparse resolve                                  30     3.904     7.8%     3.904     7.8%     0.000     0.000
kernel: raster_shadow_trace                             30     3.369     6.7%     3.369     6.7%     0.054     3.313
kernel: wavefront_traverse_events                      240     3.083     6.2%     3.083     6.2%     0.180     2.897
merge collections + build BVHs                          10     2.731     5.5%     1.030     2.1%     0.000     0.000
  - project_to_screen (prewarm)                         10     2.548     5.1%     0.795     1.6%     0.000     0.000
  - refit-BVH build (in merge)                          20     1.634     3.3%     1.634     3.3%     0.000     0.000
logical PN: dice + shade + pack (project_to_screen)     30     1.600     3.2%     0.091     0.2%     0.000     0.000
AttributeTimeline.modify                              6384     1.578     3.2%     1.578     3.2%     0.000     0.000
logical PN:   - _dice_logical_pn                        30     1.509     3.0%     0.615     1.2%     0.000     0.000
post-process (downsample/FXAA/glow)                     12     1.348     2.7%     0.311     0.6%     0.000     0.000
Surface.get_render_primitives                           10     1.247     2.5%     1.244     2.5%     0.000     0.000
post:   - device->host copy                             12     0.777     1.6%     0.777     1.6%     0.000     0.000
kernel: raster_tri_count                                24     0.737     1.5%     0.737     1.5%     0.020     0.716
kernel: compact_ray_slots                              270     0.595     1.2%     0.595     1.2%     0.068     0.513
kernel: raster_tri_write                                24     0.562     1.1%     0.562     1.1%     0.017     0.545
free-VRAM probe (empty_cache)                           31     0.533     1.1%     0.533     1.1%     0.000     0.000
logical PN:     - interpolate attrs                   1490     0.412     0.8%     0.412     0.8%     0.000     0.000
kernel: sheet_resolve_shade                             60     0.399     0.8%     0.399     0.8%     0.128     0.269
logical PN:     - subdivision levels                    30     0.299     0.6%     0.056     0.1%     0.000     0.000
AttributeTimeline.add                                 2771     0.249     0.5%     0.249     0.5%     0.000     0.000
post:   - bloom downsample                              12     0.162     0.3%     0.162     0.3%     0.000     0.000
beziers: sample + pack (project_to_screen)              10     0.153     0.3%     0.003     0.0%     0.000     0.000
scene upload to arena                                   10     0.135     0.3%     0.135     0.3%     0.000     0.000
kernel: gloss_pyramid_level                            270     0.121     0.2%     0.121     0.2%     0.034     0.083
logical PN:       - patch level search                  30     0.119     0.2%     0.076     0.2%     0.000     0.000
raster:   - precompute bez bounds                       10     0.108     0.2%     0.108     0.2%     0.000     0.000
beziers:   - _build_circuit_geometry                    10     0.103     0.2%     0.103     0.2%     0.000     0.000
logical PN:         - patch flatness error              70     0.096     0.2%     0.096     0.2%     0.000     0.000
logical PN:     - snap boundary                        140     0.075     0.1%     0.075     0.1%     0.000     0.000
logical PN:       - edge level search                   30     0.071     0.1%     0.032     0.1%     0.000     0.000
  - bezier edge accel (in merge)                        10     0.068     0.1%     0.068     0.1%     0.000     0.000
post:   - bloom fft conv                                48     0.065     0.1%     0.065     0.1%     0.000     0.000
logical PN:     - evaluate patch                        70     0.063     0.1%     0.063     0.1%     0.000     0.000
kernel: gloss_composite                                 30     0.054     0.1%     0.054     0.1%     0.006     0.047
kernel: pn_patch_flatness_error                         70     0.052     0.1%     0.052     0.1%     0.049     0.003
background prefill                                      12     0.051     0.1%     0.051     0.1%     0.000     0.000
kernel: sheet_band_reduce                               24     0.046     0.1%     0.046     0.1%     0.011     0.034
logical PN:     - evaluate normals                      70     0.045     0.1%     0.045     0.1%     0.000     0.000
raster:   - precompute tri projection                   10     0.040     0.1%     0.040     0.1%     0.000     0.000
logical PN:         - edge chord error                  40     0.039     0.1%     0.039     0.1%     0.000     0.000
kernel: raster_bez_write                                12     0.036     0.1%     0.036     0.1%     0.012     0.023
kernel: gloss_scatter                                   30     0.035     0.1%     0.035     0.1%     0.008     0.027
raster:   - precompute tri bounds                       10     0.035     0.1%     0.035     0.1%     0.000     0.000
post:   - tonemap/finalize                              12     0.034     0.1%     0.034     0.1%     0.000     0.000
beziers:   - _compute_samples_per_segment               10     0.033     0.1%     0.033     0.1%     0.000     0.000
kernel: pn_edge_chord_error                             40     0.033     0.1%     0.033     0.1%     0.023     0.003
memory reclaim (gc + cuda cache)                        42     0.030     0.1%     0.030     0.1%     0.000     0.000
BezierCircuitCubic.get_render_primitives                10     0.024     0.0%     0.021     0.0%     0.000     0.000
kernel: raster_bez_count                                12     0.021     0.0%     0.021     0.0%     0.010     0.010
kernel: wf_composite_accum_sparse                       30     0.018     0.0%     0.018     0.0%     0.005     0.012
kernel: sheet_conflict_rank                             12     0.018     0.0%     0.018     0.0%     0.003     0.014
beziers:   - _build_frame_bounds                        10     0.014     0.0%     0.014     0.0%     0.000     0.000
kernel: bezier_chord_hull_error                         50     0.011     0.0%     0.011     0.0%     0.009     0.001
kernel: mask_popcount                                   12     0.006     0.0%     0.006     0.0%     0.005     0.002
(unaccounted: video encode, scene mgmt, ...)                 -38.206   -76.4%

GPU telemetry over render (351 samples @ ~10 Hz, min/avg/max):
  utilization  0/54/99 %   mem-util 0/19/99 %
  SM clock     585/1252/1590 MHz   mem clock 5000/5000/5000 MHz
  temperature  71/78/82 C   power 34/55/80 W
  ** THROTTLING observed: SwPowerCap (run-to-run timing is unreliable) **

GPU memory: peak allocated 8361 MB, peak reserved 8908 MB
  batch 0: merged tensors 124.2 MB, BVHs 9.0 MB (cuda after merge 5977 MB)
    counts: num_colored_triangles=0, num_triangles=49295, num_circuits=41, num_frames=3
    tri_bvh: 0 instances, 24675 nodes, 0 leaves, 4.5 MB
    tri_opaque_bvh: 0 instances, 24675 nodes, 0 leaves, 4.5 MB
    bez_bvh: 0 instances, 20 nodes, 0 leaves, 0.0 MB
    bez_opaque_bvh: 0 instances, 20 nodes, 0 leaves, 0.0 MB
    textures: (3, 1573718, 5) = 90.0 MB
    tri_mat: (3, 49295, 34) = 19.2 MB
    tri_pos: (3, 49295, 9) = 5.1 MB
    tri_norm: (3, 49295, 9) = 5.1 MB
    tri_tex_meta: (49295, 10) = 1.9 MB
    tri_uvs: (1, 49295, 6) = 1.1 MB
  batch 1: merged tensors 124.2 MB, BVHs 9.0 MB (cuda after merge 5977 MB)
    counts: num_colored_triangles=0, num_triangles=49306, num_circuits=41, num_frames=3
    tri_bvh: 0 instances, 24646 nodes, 0 leaves, 4.5 MB
    tri_opaque_bvh: 0 instances, 24646 nodes, 0 leaves, 4.5 MB
    bez_bvh: 0 instances, 20 nodes, 0 leaves, 0.0 MB
    bez_opaque_bvh: 0 instances, 20 nodes, 0 leaves, 0.0 MB
    textures: (3, 1573716, 5) = 90.0 MB
    tri_mat: (3, 49306, 34) = 19.2 MB
    tri_pos: (3, 49306, 9) = 5.1 MB
    tri_norm: (3, 49306, 9) = 5.1 MB
    tri_tex_meta: (49306, 10) = 1.9 MB
    tri_uvs: (1, 49306, 6) = 1.1 MB
  batch 2: merged tensors 124.2 MB, BVHs 9.0 MB (cuda after merge 5977 MB)
    counts: num_colored_triangles=0, num_triangles=49299, num_circuits=41, num_frames=3
    tri_bvh: 0 instances, 24662 nodes, 0 leaves, 4.5 MB
    tri_opaque_bvh: 0 instances, 24662 nodes, 0 leaves, 4.5 MB
    bez_bvh: 0 instances, 20 nodes, 0 leaves, 0.0 MB
    bez_opaque_bvh: 0 instances, 20 nodes, 0 leaves, 0.0 MB
    textures: (3, 1573718, 5) = 90.0 MB
    tri_mat: (3, 49299, 34) = 19.2 MB
    tri_pos: (3, 49299, 9) = 5.1 MB
    tri_norm: (3, 49299, 9) = 5.1 MB
    tri_tex_meta: (49299, 10) = 1.9 MB
    tri_uvs: (1, 49299, 6) = 1.1 MB
  batch 3: merged tensors 124.2 MB, BVHs 9.0 MB (cuda after merge 5977 MB)
    counts: num_colored_triangles=0, num_triangles=49325, num_circuits=41, num_frames=3
    tri_bvh: 0 instances, 24591 nodes, 0 leaves, 4.5 MB
    tri_opaque_bvh: 0 instances, 24591 nodes, 0 leaves, 4.5 MB
    bez_bvh: 0 instances, 20 nodes, 0 leaves, 0.0 MB
    bez_opaque_bvh: 0 instances, 20 nodes, 0 leaves, 0.0 MB
    textures: (3, 1573718, 5) = 90.0 MB
    tri_mat: (3, 49325, 34) = 19.2 MB
    tri_pos: (3, 49325, 9) = 5.1 MB
    tri_norm: (3, 49325, 9) = 5.1 MB
    tri_tex_meta: (49325, 10) = 1.9 MB
    tri_uvs: (1, 49325, 6) = 1.1 MB
  batch 4: merged tensors 124.3 MB, BVHs 9.1 MB (cuda after merge 5977 MB)
    counts: num_colored_triangles=0, num_triangles=49427, num_circuits=41, num_frames=3
    tri_bvh: 0 instances, 24731 nodes, 0 leaves, 4.5 MB
    tri_opaque_bvh: 0 instances, 24731 nodes, 0 leaves, 4.5 MB
    bez_bvh: 0 instances, 20 nodes, 0 leaves, 0.0 MB
    bez_opaque_bvh: 0 instances, 20 nodes, 0 leaves, 0.0 MB
    textures: (3, 1573716, 5) = 90.0 MB
    tri_mat: (3, 49427, 34) = 19.2 MB
    tri_pos: (3, 49427, 9) = 5.1 MB
    tri_norm: (3, 49427, 9) = 5.1 MB
    tri_tex_meta: (49427, 10) = 1.9 MB
    tri_uvs: (1, 49427, 6) = 1.1 MB
  batch 5: merged tensors 124.3 MB, BVHs 9.1 MB (cuda after merge 5977 MB)
    counts: num_colored_triangles=0, num_triangles=49506, num_circuits=41, num_frames=3
    tri_bvh: 0 instances, 24721 nodes, 0 leaves, 4.5 MB
    tri_opaque_bvh: 0 instances, 24721 nodes, 0 leaves, 4.5 MB
    bez_bvh: 0 instances, 20 nodes, 0 leaves, 0.0 MB
    bez_opaque_bvh: 0 instances, 20 nodes, 0 leaves, 0.0 MB
    textures: (3, 1573718, 5) = 90.0 MB
    tri_mat: (3, 49506, 34) = 19.3 MB
    tri_pos: (3, 49506, 9) = 5.1 MB
    tri_norm: (3, 49506, 9) = 5.1 MB
    tri_tex_meta: (49506, 10) = 1.9 MB
    tri_uvs: (1, 49506, 6) = 1.1 MB
  batch 6: merged tensors 124.4 MB, BVHs 9.1 MB (cuda after merge 5977 MB)
    counts: num_colored_triangles=0, num_triangles=49597, num_circuits=41, num_frames=3
    tri_bvh: 0 instances, 24776 nodes, 0 leaves, 4.5 MB
    tri_opaque_bvh: 0 instances, 24776 nodes, 0 leaves, 4.5 MB
    bez_bvh: 0 instances, 20 nodes, 0 leaves, 0.0 MB
    bez_opaque_bvh: 0 instances, 20 nodes, 0 leaves, 0.0 MB
    textures: (3, 1573718, 5) = 90.0 MB
    tri_mat: (3, 49597, 34) = 19.3 MB
    tri_pos: (3, 49597, 9) = 5.1 MB
    tri_norm: (3, 49597, 9) = 5.1 MB
    tri_tex_meta: (49597, 10) = 1.9 MB
    tri_uvs: (1, 49597, 6) = 1.1 MB
  batch 7: merged tensors 124.4 MB, BVHs 9.1 MB (cuda after merge 5978 MB)
    counts: num_colored_triangles=0, num_triangles=49709, num_circuits=41, num_frames=3
    tri_bvh: 0 instances, 24909 nodes, 0 leaves, 4.6 MB
    tri_opaque_bvh: 0 instances, 24909 nodes, 0 leaves, 4.6 MB
    bez_bvh: 0 instances, 20 nodes, 0 leaves, 0.0 MB
    bez_opaque_bvh: 0 instances, 20 nodes, 0 leaves, 0.0 MB
    textures: (3, 1573718, 5) = 90.0 MB
    tri_mat: (3, 49709, 34) = 19.3 MB
    tri_pos: (3, 49709, 9) = 5.1 MB
    tri_norm: (3, 49709, 9) = 5.1 MB
    tri_tex_meta: (49709, 10) = 1.9 MB
    tri_uvs: (1, 49709, 6) = 1.1 MB
  batch 8: merged tensors 124.5 MB, BVHs 9.1 MB (cuda after merge 5978 MB)
    counts: num_colored_triangles=0, num_triangles=49736, num_circuits=41, num_frames=3
    tri_bvh: 0 instances, 24907 nodes, 0 leaves, 4.6 MB
    tri_opaque_bvh: 0 instances, 24907 nodes, 0 leaves, 4.6 MB
    bez_bvh: 0 instances, 20 nodes, 0 leaves, 0.0 MB
    bez_opaque_bvh: 0 instances, 20 nodes, 0 leaves, 0.0 MB
    textures: (3, 1573718, 5) = 90.0 MB
    tri_mat: (3, 49736, 34) = 19.4 MB
    tri_pos: (3, 49736, 9) = 5.1 MB
    tri_norm: (3, 49736, 9) = 5.1 MB
    tri_tex_meta: (49736, 10) = 1.9 MB
    tri_uvs: (1, 49736, 6) = 1.1 MB
  batch 9: merged tensors 124.5 MB, BVHs 9.1 MB (cuda after merge 5978 MB)
    counts: num_colored_triangles=0, num_triangles=49726, num_circuits=41, num_frames=3
    tri_bvh: 0 instances, 24807 nodes, 0 leaves, 4.5 MB
    tri_opaque_bvh: 0 instances, 24807 nodes, 0 leaves, 4.5 MB
    bez_bvh: 0 instances, 20 nodes, 0 leaves, 0.0 MB
    bez_opaque_bvh: 0 instances, 20 nodes, 0 leaves, 0.0 MB
    textures: (3, 1573714, 5) = 90.0 MB
    tri_mat: (3, 49726, 34) = 19.3 MB
    tri_pos: (3, 49726, 9) = 5.1 MB
    tri_norm: (3, 49726, 9) = 5.1 MB
    tri_tex_meta: (49726, 10) = 1.9 MB
    tri_uvs: (1, 49726, 6) = 1.1 MB
  cProfile dump: disabled (set ALGAN_PROFILE_CPROFILE=1)

------------------------------------------------------------------------------
Registers / occupancy not collected in-process (Taichi CUPTI toolkit unavailable here).
Run this to get them via nvprof:

  # registers per thread (no admin needed):
  ALGAN_UNDER_NVPROF=1 nvprof --print-gpu-trace --csv /content/algan/.venv/bin/python3 benchmarks/performance/nn_scene_UHD.py
  # achieved occupancy (may need admin on Pascal):
  ALGAN_UNDER_NVPROF=1 nvprof --metrics achieved_occupancy --csv /content/algan/.venv/bin/python3 benchmarks/performance/nn_scene_UHD.py
report written to algan_profile_report_nn_UHD.txt
