Rendering device set to cuda
Began rendering profilingnn_UHD_run1.mp4
Finished rendering profilingnn_UHD_run1.mp4 in 98.7 s
Began rendering profilingnn_UHD_run2.mp4
Finished rendering profilingnn_UHD_run2.mp4 in 52.8 s
[Taichi] version 1.7.4, llvm 15.0.4, commit b4b956fd, linux, python 3.13.15
[Taichi] Starting on arch=cuda
[profiling] hooked 34 Taichi kernels (170 ti.funcs are inlined and not separately timed)

===== profiling run 1/2 (cold) =====

===== profiling run 2/2 (warm) =====

==============================================================================
Algan ray-tracing scene profile
==============================================================================
device: Tesla T4
  driver 580.82.07  compute cap 7.5  15360 MiB  max SM 1590 MHz / mem 5001 MHz  PCIe gen3 x16
  profiling tools: nvidia-smi=yes, nvprof=yes, ncu=yes, nsys=no
  Taichi kernel profiler: off (wall-time only)
  hooked kernels (34): bezier_chord_hull_error, compact_ray_slots, env_background_prefill, fill_background_from_func, finalize_samples, gather_fragment_arrays, gloss_composite, gloss_pyramid_level, gloss_scatter, mask_popcount, path_trace_physical_stbvh, path_trace_scene_stbvh, pn_edge_chord_error, pn_patch_flatness_error, raster_bez_count, raster_bez_write, raster_shadow_trace, raster_tri_count, raster_tri_write, sheet_band_reduce, sheet_conflict_rank, sheet_resolve_shade, wavefront_generate_rays, wavefront_shade, wavefront_shadow, wavefront_traverse, wavefront_traverse_events, wf_composite, wf_composite_aa, wf_composite_accum, wf_composite_accum_aa, wf_composite_accum_sparse, wf_finalize_aa, wf_finalize_uncovered

------------------------------------------------------------------------------
RUN 1 (cold (includes Taichi JIT compile)): end-to-end 99.07s
------------------------------------------------------------------------------
incl is wall time, excl is time spent in function excluding sub-processes of another tracked stage
stage                                                calls  incl (s) incl (%)  excl (s)  excl (%)launch    sync      
ray traced render total                                 29    75.337    76.0%     0.147     0.1%     0.000     0.000
wavefront_loop                                          29    73.907    74.6%    21.013    21.2%     0.000     0.000
raster: sparse resolve                                  30    38.375    38.7%    38.375    38.7%     0.000     0.000
kernel: sheet_resolve_shade                             60    32.512    32.8%    32.512    32.8%    32.247     0.263
video encode tail (ffmpeg drain)                         1    16.278    16.4%    16.278    16.4%     0.000     0.000
kernel: wavefront_shade                                240    14.969    15.1%    14.969    15.1%     6.620     8.339
raster: sparse discovery                                29    14.061    14.2%     7.061     7.1%     0.000     0.000
Scene.get_batch_of_primitives                            3     8.491     8.6%     1.116     1.1%     0.000     0.000
kernel: raster_shadow_trace                             30     5.720     5.8%     5.720     5.8%     1.538     4.181
raster:   - compact_sheets                              29     5.074     5.1%     2.866     2.9%     0.000     0.000
AnimationTimeline.set_state_to_times                     3     4.874     4.9%     3.567     3.6%     0.000     0.000
kernel: wavefront_traverse_events                      240     4.741     4.8%     4.741     4.8%     1.257     3.476
arena preflight (batch)                                  3     4.060     4.1%     0.012     0.0%     0.000     0.000
kernel: raster_tri_count                                58     2.492     2.5%     2.492     2.5%     1.704     0.787
  - project_to_screen (prewarm)                          3     2.373     2.4%     0.203     0.2%     0.000     0.000
AttributeTimeline.get                                22980     2.217     2.2%     2.217     2.2%     0.000     0.000
surfaces: get_render_primitives_batched                  6     2.153     2.2%     1.917     1.9%     0.000     0.000
kernel: raster_tri_write                                58     2.114     2.1%     2.114     2.1%     1.530     0.583
logical PN: dice + shade + pack (project_to_screen)      9     1.798     1.8%     0.059     0.1%     0.000     0.000
logical PN:   - _dice_logical_pn                         9     1.739     1.8%     0.410     0.4%     0.000     0.000
merge collections + build BVHs                           3     1.645     1.7%     0.909     0.9%     0.000     0.000
raster:   - window pairs                                58     1.398     1.4%     1.398     1.4%     0.000     0.000
post-process (downsample/FXAA/glow)                     29     1.185     1.2%     0.380     0.4%     0.000     0.000
logical PN:     - subdivision levels                     9     0.974     1.0%     0.091     0.1%     0.000     0.000
kernel: raster_bez_count                                29     0.928     0.9%     0.928     0.9%     0.877     0.051
raster:     - sheets lexsort                            87     0.925     0.9%     0.925     0.9%     0.000     0.000
  - refit-BVH build (in merge)                           6     0.699     0.7%     0.699     0.7%     0.000     0.000
logical PN:       - edge level search                    9     0.561     0.6%     0.109     0.1%     0.000     0.000
kernel: raster_bez_write                                29     0.544     0.5%     0.544     0.5%     0.524     0.020
raster:     - sheets shade class                        29     0.543     0.5%     0.543     0.5%     0.000     0.000
AttributeTimeline.modify                              4578     0.500     0.5%     0.500     0.5%     0.000     0.000
logical PN:         - edge chord error                  12     0.452     0.5%     0.452     0.5%     0.000     0.000
AttributeTimeline.rematerialize_state_at_times          78     0.450     0.5%     0.450     0.5%     0.000     0.000
kernel: pn_edge_chord_error                             12     0.450     0.5%     0.450     0.5%     0.449     0.001
raster:   - fragment sort                               29     0.443     0.4%     0.443     0.4%     0.000     0.000
wavefront:   - compact active                          270     0.402     0.4%     0.402     0.4%     0.000     0.000
raster:     - sheets prim split                         29     0.373     0.4%     0.373     0.4%     0.000     0.000
beziers: sample + pack (project_to_screen)               3     0.372     0.4%     0.001     0.0%     0.000     0.000
AttributeTimeline.add                                 2770     0.349     0.4%     0.349     0.4%     0.000     0.000
kernel: compact_ray_slots                              270     0.338     0.3%     0.338     0.3%     0.165     0.168
post:   - device->host copy                             29     0.315     0.3%     0.315     0.3%     0.000     0.000
logical PN:       - patch level search                   9     0.309     0.3%     0.048     0.0%     0.000     0.000
kernel: gloss_composite                                 30     0.283     0.3%     0.283     0.3%     0.244     0.039
logical PN:         - patch flatness error              21     0.273     0.3%     0.273     0.3%     0.000     0.000
kernel: pn_patch_flatness_error                         21     0.265     0.3%     0.265     0.3%     0.260     0.005
post:   - bloom downsample                              29     0.249     0.3%     0.249     0.3%     0.000     0.000
logical PN:     - interpolate attrs                    473     0.223     0.2%     0.223     0.2%     0.000     0.000
beziers:   - _compute_samples_per_segment                3     0.195     0.2%     0.195     0.2%     0.000     0.000
kernel: bezier_chord_hull_error                         15     0.186     0.2%     0.186     0.2%     0.185     0.001
raster:     - sheets band composite                     29     0.181     0.2%     0.090     0.1%     0.000     0.000
kernel: gloss_pyramid_level                            270     0.176     0.2%     0.176     0.2%     0.115     0.058
Surface.get_render_primitives                            3     0.165     0.2%     0.149     0.2%     0.000     0.000
beziers:   - _build_circuit_geometry                     3     0.156     0.2%     0.156     0.2%     0.000     0.000
raster:     - sheets band reduce                        58     0.151     0.2%     0.151     0.2%     0.000     0.000
kernel: sheet_band_reduce                               58     0.128     0.1%     0.128     0.1%     0.103     0.024
post:   - tonemap/finalize                              29     0.123     0.1%     0.123     0.1%     0.000     0.000
free-VRAM probe (empty_cache)                           10     0.118     0.1%     0.118     0.1%     0.000     0.000
kernel: gloss_scatter                                   30     0.117     0.1%     0.117     0.1%     0.088     0.028
post:   - bloom fft conv                               116     0.117     0.1%     0.117     0.1%     0.000     0.000
background prefill                                      29     0.098     0.1%     0.098     0.1%     0.000     0.000
raster:     - sheets conflict rank                      29     0.097     0.1%     0.097     0.1%     0.000     0.000
kernel: sheet_conflict_rank                             29     0.093     0.1%     0.093     0.1%     0.080     0.013
raster:   - fragment gather                             29     0.086     0.1%     0.086     0.1%     0.000     0.000
kernel: wf_composite_accum_sparse                       30     0.070     0.1%     0.070     0.1%     0.061     0.009
logical PN:     - snap boundary                         44     0.065     0.1%     0.065     0.1%     0.000     0.000
wavefront:   - raster tables (batch)                     3     0.055     0.1%     0.001     0.0%     0.000     0.000
kernel: mask_popcount                                   29     0.045     0.0%     0.045     0.0%     0.039     0.005
BezierCircuitCubic.get_render_primitives                 3     0.044     0.0%     0.042     0.0%     0.000     0.000
scene upload to arena                                    3     0.041     0.0%     0.041     0.0%     0.000     0.000
  - bezier edge accel (in merge)                         3     0.036     0.0%     0.036     0.0%     0.000     0.000
logical PN:     - evaluate normals                      22     0.035     0.0%     0.035     0.0%     0.000     0.000
logical PN:     - evaluate patch                        22     0.032     0.0%     0.032     0.0%     0.000     0.000
memory reclaim (gc + cuda cache)                        38     0.031     0.0%     0.031     0.0%     0.000     0.000
raster:     - sheets sibling weights                    29     0.028     0.0%     0.028     0.0%     0.000     0.000
raster:   - precompute tri projection                    3     0.022     0.0%     0.022     0.0%     0.000     0.000
raster:   - precompute bez bounds                        3     0.021     0.0%     0.021     0.0%     0.000     0.000
beziers:   - _build_frame_bounds                         3     0.020     0.0%     0.020     0.0%     0.000     0.000
raster:   - precompute tri bounds                        3     0.011     0.0%     0.011     0.0%     0.000     0.000
(unaccounted: video encode, scene mgmt, ...)                 -73.249   -73.9%

GPU telemetry over render (671 samples @ ~10 Hz, min/avg/max):
  utilization  0/30/100 %   mem-util 0/10/94 %
  SM clock     585/925/1590 MHz   mem clock 5000/5000/5000 MHz
  temperature  71/76/82 C   power 34/45/82 W
  ** THROTTLING observed: SwPowerCap (run-to-run timing is unreliable) **

GPU memory: peak allocated 9301 MB, peak reserved 8968 MB
  batch 0: merged tensors 768.8 MB, BVHs 57.5 MB (cuda after merge 8096 MB)
    counts: num_colored_triangles=0, num_triangles=49515, num_circuits=41, num_frames=19
    tri_bvh: 0 instances, 24772 nodes, 0 leaves, 28.7 MB
    tri_opaque_bvh: 0 instances, 24772 nodes, 0 leaves, 28.7 MB
    bez_bvh: 0 instances, 19 nodes, 0 leaves, 0.0 MB
    bez_opaque_bvh: 0 instances, 19 nodes, 0 leaves, 0.0 MB
    textures: (19, 1574228, 5) = 570.5 MB
    tri_mat: (19, 49515, 34) = 122.0 MB
    tri_pos: (19, 49515, 9) = 32.3 MB
    tri_norm: (19, 49515, 9) = 32.3 MB
    tri_obj: (19, 49515) = 3.6 MB
    tri_tex_meta: (49515, 10) = 1.9 MB
  batch 1: merged tensors 326.1 MB, BVHs 24.3 MB (cuda after merge 7015 MB)
    counts: num_colored_triangles=0, num_triangles=49736, num_circuits=41, num_frames=8
    tri_bvh: 0 instances, 24860 nodes, 0 leaves, 12.1 MB
    tri_opaque_bvh: 0 instances, 24860 nodes, 0 leaves, 12.1 MB
    bez_bvh: 0 instances, 20 nodes, 0 leaves, 0.0 MB
    bez_opaque_bvh: 0 instances, 20 nodes, 0 leaves, 0.0 MB
    textures: (8, 1573784, 5) = 240.1 MB
    tri_mat: (8, 49736, 34) = 51.6 MB
    tri_pos: (8, 49736, 9) = 13.7 MB
    tri_norm: (8, 49736, 9) = 13.7 MB
    tri_tex_meta: (49736, 10) = 1.9 MB
    tri_obj: (8, 49736) = 1.5 MB
  batch 2: merged tensors 124.5 MB, BVHs 9.1 MB (cuda after merge 6476 MB)
    counts: num_colored_triangles=0, num_triangles=49726, num_circuits=41, num_frames=3
    tri_bvh: 0 instances, 24807 nodes, 0 leaves, 4.5 MB
    tri_opaque_bvh: 0 instances, 24807 nodes, 0 leaves, 4.5 MB
    bez_bvh: 0 instances, 20 nodes, 0 leaves, 0.0 MB
    bez_opaque_bvh: 0 instances, 20 nodes, 0 leaves, 0.0 MB
    textures: (3, 1573714, 5) = 90.0 MB
    tri_mat: (3, 49726, 34) = 19.3 MB
    tri_pos: (3, 49726, 9) = 5.1 MB
    tri_norm: (3, 49726, 9) = 5.1 MB
    tri_tex_meta: (49726, 10) = 1.9 MB
    tri_uvs: (1, 49726, 6) = 1.1 MB
  cProfile dump: disabled (set ALGAN_PROFILE_CPROFILE=1)

------------------------------------------------------------------------------
RUN 2 (warm (steady state)): end-to-end 53.23s
------------------------------------------------------------------------------
incl is wall time, excl is time spent in function excluding sub-processes of another tracked stage
stage                                                calls  incl (s) incl (%)  excl (s)  excl (%)launch    sync      
ray traced render total                                 29    29.296    55.0%     0.143     0.3%     0.000     0.000
wavefront_loop                                          29    27.944    52.5%    13.153    24.7%     0.000     0.000
video encode tail (ffmpeg drain)                         1    17.993    33.8%    17.993    33.8%     0.000     0.000
raster: sparse discovery                                29     9.769    18.4%     2.720     5.1%     0.000     0.000
kernel: wavefront_shade                                240     8.437    15.9%     8.437    15.9%     0.317     8.108
raster:   - compact_sheets                              29     5.020     9.4%     2.964     5.6%     0.000     0.000
raster: sparse resolve                                  30     4.559     8.6%     4.559     8.6%     0.000     0.000
Scene.get_batch_of_primitives                            3     4.433     8.3%     0.632     1.2%     0.000     0.000
kernel: raster_shadow_trace                             30     3.996     7.5%     3.996     7.5%     0.068     3.927
kernel: wavefront_traverse_events                      240     3.689     6.9%     3.689     6.9%     0.308     3.371
arena preflight (batch)                                  3     2.625     4.9%     0.010     0.0%     0.000     0.000
AttributeTimeline.get                                22702     2.183     4.1%     2.183     4.1%     0.000     0.000
AnimationTimeline.set_state_to_times                     3     1.999     3.8%     1.112     2.1%     0.000     0.000
merge collections + build BVHs                           3     1.592     3.0%     0.874     1.6%     0.000     0.000
surfaces: get_render_primitives_batched                  6     1.471     2.8%     1.223     2.3%     0.000     0.000
raster:   - window pairs                                58     1.462     2.7%     1.462     2.7%     0.000     0.000
post-process (downsample/FXAA/glow)                     29     1.098     2.1%     0.415     0.8%     0.000     0.000
  - project_to_screen (prewarm)                          3     0.953     1.8%     0.224     0.4%     0.000     0.000
raster:     - sheets lexsort                            87     0.939     1.8%     0.939     1.8%     0.000     0.000
kernel: raster_tri_count                                58     0.868     1.6%     0.868     1.6%     0.077     0.790
  - refit-BVH build (in merge)                           6     0.673     1.3%     0.673     1.3%     0.000     0.000
kernel: raster_tri_write                                58     0.665     1.2%     0.665     1.2%     0.073     0.584
logical PN: dice + shade + pack (project_to_screen)      9     0.661     1.2%     0.066     0.1%     0.000     0.000
logical PN:   - _dice_logical_pn                         9     0.594     1.1%     0.288     0.5%     0.000     0.000
raster:     - sheets shade class                        29     0.536     1.0%     0.536     1.0%     0.000     0.000
AttributeTimeline.modify                              4578     0.456     0.9%     0.456     0.9%     0.000     0.000
raster:   - fragment sort                               29     0.454     0.9%     0.454     0.9%     0.000     0.000
AttributeTimeline.add                                 2770     0.426     0.8%     0.426     0.8%     0.000     0.000
wavefront:   - compact active                          270     0.400     0.8%     0.400     0.8%     0.000     0.000
kernel: sheet_resolve_shade                             60     0.386     0.7%     0.386     0.7%     0.122     0.260
raster:     - sheets prim split                         29     0.376     0.7%     0.376     0.7%     0.000     0.000
AttributeTimeline.rematerialize_state_at_times          78     0.350     0.7%     0.350     0.7%     0.000     0.000
post:   - device->host copy                             29     0.348     0.7%     0.348     0.7%     0.000     0.000
kernel: compact_ray_slots                              270     0.316     0.6%     0.316     0.6%     0.102     0.199
free-VRAM probe (empty_cache)                           10     0.175     0.3%     0.175     0.3%     0.000     0.000
post:   - bloom downsample                              29     0.168     0.3%     0.168     0.3%     0.000     0.000
Surface.get_render_primitives                            3     0.151     0.3%     0.143     0.3%     0.000     0.000
logical PN:     - interpolate attrs                    473     0.143     0.3%     0.143     0.3%     0.000     0.000
kernel: gloss_pyramid_level                            270     0.134     0.3%     0.134     0.3%     0.057     0.066
post:   - bloom fft conv                               116     0.115     0.2%     0.115     0.2%     0.000     0.000
raster:     - sheets band composite                     29     0.115     0.2%     0.067     0.1%     0.000     0.000
raster:   - fragment gather                             29     0.113     0.2%     0.113     0.2%     0.000     0.000
background prefill                                      29     0.111     0.2%     0.111     0.2%     0.000     0.000
raster:     - sheets band reduce                        58     0.087     0.2%     0.087     0.2%     0.000     0.000
kernel: raster_bez_count                                29     0.079     0.1%     0.079     0.1%     0.057     0.022
logical PN:     - subdivision levels                     9     0.077     0.1%     0.017     0.0%     0.000     0.000
beziers: sample + pack (project_to_screen)               3     0.069     0.1%     0.001     0.0%     0.000     0.000
scene upload to arena                                    3     0.064     0.1%     0.064     0.1%     0.000     0.000
wavefront:   - raster tables (batch)                     3     0.063     0.1%     0.001     0.0%     0.000     0.000
kernel: gloss_composite                                 30     0.061     0.1%     0.061     0.1%     0.005     0.055
kernel: sheet_band_reduce                               58     0.057     0.1%     0.057     0.1%     0.024     0.032
kernel: raster_bez_write                                29     0.053     0.1%     0.053     0.1%     0.034     0.018
kernel: gloss_scatter                                   30     0.053     0.1%     0.053     0.1%     0.015     0.037
post:   - tonemap/finalize                              29     0.051     0.1%     0.051     0.1%     0.000     0.000
beziers:   - _build_circuit_geometry                     3     0.051     0.1%     0.051     0.1%     0.000     0.000
logical PN:     - snap boundary                         44     0.046     0.1%     0.046     0.1%     0.000     0.000
  - bezier edge accel (in merge)                         3     0.045     0.1%     0.045     0.1%     0.000     0.000
memory reclaim (gc + cuda cache)                        38     0.037     0.1%     0.037     0.1%     0.000     0.000
kernel: wf_composite_accum_sparse                       30     0.031     0.1%     0.031     0.1%     0.013     0.018
raster:     - sheets conflict rank                      29     0.030     0.1%     0.030     0.1%     0.000     0.000
raster:   - precompute tri projection                    3     0.028     0.1%     0.028     0.1%     0.000     0.000
logical PN:       - patch level search                   9     0.027     0.1%     0.017     0.0%     0.000     0.000
logical PN:       - edge level search                    9     0.026     0.0%     0.013     0.0%     0.000     0.000
kernel: sheet_conflict_rank                             29     0.026     0.0%     0.026     0.0%     0.009     0.017
logical PN:     - evaluate patch                        22     0.023     0.0%     0.023     0.0%     0.000     0.000
raster:     - sheets sibling weights                    29     0.021     0.0%     0.021     0.0%     0.000     0.000
raster:   - precompute bez bounds                        3     0.021     0.0%     0.021     0.0%     0.000     0.000
logical PN:     - evaluate normals                      22     0.017     0.0%     0.017     0.0%     0.000     0.000
logical PN:         - patch flatness error              21     0.017     0.0%     0.017     0.0%     0.000     0.000
kernel: mask_popcount                                   29     0.015     0.0%     0.015     0.0%     0.013     0.001
logical PN:         - edge chord error                  12     0.014     0.0%     0.014     0.0%     0.000     0.000
raster:   - precompute tri bounds                        3     0.014     0.0%     0.014     0.0%     0.000     0.000
BezierCircuitCubic.get_render_primitives                 3     0.013     0.0%     0.011     0.0%     0.000     0.000
kernel: pn_edge_chord_error                             12     0.012     0.0%     0.012     0.0%     0.010     0.001
beziers:   - _compute_samples_per_segment                3     0.011     0.0%     0.011     0.0%     0.000     0.000
kernel: pn_patch_flatness_error                         21     0.011     0.0%     0.011     0.0%     0.006     0.002
beziers:   - _build_frame_bounds                         3     0.005     0.0%     0.005     0.0%     0.000     0.000
kernel: bezier_chord_hull_error                         15     0.004     0.0%     0.004     0.0%     0.003     0.001
(unaccounted: video encode, scene mgmt, ...)                 -22.323   -41.9%

GPU telemetry over render (365 samples @ ~10 Hz, min/avg/max):
  utilization  0/52/100 %   mem-util 0/18/97 %
  SM clock     585/1196/1590 MHz   mem clock 5000/5000/5000 MHz
  temperature  70/77/82 C   power 33/54/80 W
  ** THROTTLING observed: SwPowerCap (run-to-run timing is unreliable) **

GPU memory: peak allocated 9137 MB, peak reserved 9148 MB
  batch 0: merged tensors 768.8 MB, BVHs 57.5 MB (cuda after merge 7931 MB)
    counts: num_colored_triangles=0, num_triangles=49515, num_circuits=41, num_frames=19
    tri_bvh: 0 instances, 24772 nodes, 0 leaves, 28.7 MB
    tri_opaque_bvh: 0 instances, 24772 nodes, 0 leaves, 28.7 MB
    bez_bvh: 0 instances, 19 nodes, 0 leaves, 0.0 MB
    bez_opaque_bvh: 0 instances, 19 nodes, 0 leaves, 0.0 MB
    textures: (19, 1574228, 5) = 570.5 MB
    tri_mat: (19, 49515, 34) = 122.0 MB
    tri_pos: (19, 49515, 9) = 32.3 MB
    tri_norm: (19, 49515, 9) = 32.3 MB
    tri_obj: (19, 49515) = 3.6 MB
    tri_tex_meta: (49515, 10) = 1.9 MB
  batch 1: merged tensors 326.1 MB, BVHs 24.3 MB (cuda after merge 6750 MB)
    counts: num_colored_triangles=0, num_triangles=49736, num_circuits=41, num_frames=8
    tri_bvh: 0 instances, 24860 nodes, 0 leaves, 12.1 MB
    tri_opaque_bvh: 0 instances, 24860 nodes, 0 leaves, 12.1 MB
    bez_bvh: 0 instances, 20 nodes, 0 leaves, 0.0 MB
    bez_opaque_bvh: 0 instances, 20 nodes, 0 leaves, 0.0 MB
    textures: (8, 1573784, 5) = 240.1 MB
    tri_mat: (8, 49736, 34) = 51.6 MB
    tri_pos: (8, 49736, 9) = 13.7 MB
    tri_norm: (8, 49736, 9) = 13.7 MB
    tri_tex_meta: (49736, 10) = 1.9 MB
    tri_obj: (8, 49736) = 1.5 MB
  batch 2: merged tensors 124.5 MB, BVHs 9.1 MB (cuda after merge 6211 MB)
    counts: num_colored_triangles=0, num_triangles=49726, num_circuits=41, num_frames=3
    tri_bvh: 0 instances, 24807 nodes, 0 leaves, 4.5 MB
    tri_opaque_bvh: 0 instances, 24807 nodes, 0 leaves, 4.5 MB
    bez_bvh: 0 instances, 20 nodes, 0 leaves, 0.0 MB
    bez_opaque_bvh: 0 instances, 20 nodes, 0 leaves, 0.0 MB
    textures: (3, 1573714, 5) = 90.0 MB
    tri_mat: (3, 49726, 34) = 19.3 MB
    tri_pos: (3, 49726, 9) = 5.1 MB
    tri_norm: (3, 49726, 9) = 5.1 MB
    tri_tex_meta: (49726, 10) = 1.9 MB
    tri_uvs: (1, 49726, 6) = 1.1 MB
  cProfile dump: disabled (set ALGAN_PROFILE_CPROFILE=1)

------------------------------------------------------------------------------
Registers / occupancy not collected in-process (Taichi CUPTI toolkit unavailable here).
Run this to get them via nvprof:

  # registers per thread (no admin needed):
  ALGAN_UNDER_NVPROF=1 nvprof --print-gpu-trace --csv /content/algan/.venv/bin/python3 benchmarks/performance/nn_scene_UHD.py
  # achieved occupancy (may need admin on Pascal):
  ALGAN_UNDER_NVPROF=1 nvprof --metrics achieved_occupancy --csv /content/algan/.venv/bin/python3 benchmarks/performance/nn_scene_UHD.py
report written to algan_profile_report_nn_UHD.txt
