Rendering device set to cuda
Began rendering profilingnn_PREVIEW_run1.mp4
Preparing render kernels. If this is the first render on this machine (or after an update), compiling the GPU kernels can take several minutes. Compiled kernels are cached, so subsequent renders start immediately.
Finished rendering profilingnn_PREVIEW_run1.mp4 in 122.1 s
Began rendering profilingnn_PREVIEW_run2.mp4
Finished rendering profilingnn_PREVIEW_run2.mp4 in 36.2 s
[Taichi] version 1.7.4, llvm 15.0.4, commit b4b956fd, linux, python 3.13.15
[Taichi] Starting on arch=cuda
[profiling] hooked 34 Taichi kernels (170 ti.funcs are inlined and not separately timed)

===== profiling run 1/2 (cold) =====

===== profiling run 2/2 (warm) =====

==============================================================================
Algan ray-tracing scene profile
==============================================================================
device: Tesla T4
  driver 580.82.07  compute cap 7.5  15360 MiB  max SM 1590 MHz / mem 5001 MHz  PCIe gen3 x16
  profiling tools: nvidia-smi=yes, nvprof=yes, ncu=yes, nsys=no
  Taichi kernel profiler: off (wall-time only)
  hooked kernels (34): bezier_chord_hull_error, compact_ray_slots, env_background_prefill, fill_background_from_func, finalize_samples, gather_fragment_arrays, gloss_composite, gloss_pyramid_level, gloss_scatter, mask_popcount, path_trace_physical_stbvh, path_trace_scene_stbvh, pn_edge_chord_error, pn_patch_flatness_error, raster_bez_count, raster_bez_write, raster_shadow_trace, raster_tri_count, raster_tri_write, sheet_band_reduce, sheet_conflict_rank, sheet_resolve_shade, wavefront_generate_rays, wavefront_shade, wavefront_shadow, wavefront_traverse, wavefront_traverse_events, wf_composite, wf_composite_aa, wf_composite_accum, wf_composite_accum_aa, wf_composite_accum_sparse, wf_finalize_aa, wf_finalize_uncovered

------------------------------------------------------------------------------
RUN 1 (cold (includes Taichi JIT compile)): end-to-end 122.33s
------------------------------------------------------------------------------
incl is wall time, excl is time spent in function excluding sub-processes of another tracked stage
stage                                                calls  incl (s) incl (%)  excl (s)  excl (%)launch    sync      
ray traced render total                                 18    89.061    72.8%     0.117     0.1%     0.000     0.000
wavefront_loop                                          18    88.166    72.1%    24.091    19.7%     0.000     0.000
raster: sparse resolve                                  50    50.696    41.4%    50.696    41.4%     0.000     0.000
kernel: sheet_resolve_shade                            100    45.775    37.4%    45.775    37.4%    45.724     0.047
Scene.get_batch_of_primitives                           17    40.311    33.0%     1.441     1.2%     0.000     0.000
AnimationTimeline.set_state_to_times                    17    26.482    21.6%    11.659     9.5%     0.000     0.000
kernel: wavefront_shade                                319    20.335    16.6%    20.335    16.6%    18.265     2.061
raster: sparse discovery                                18    13.067    10.7%    13.067    10.7%     0.000     0.000
arena preflight (batch)                                 17    11.055     9.0%     0.076     0.1%     0.000     0.000
surfaces: get_render_primitives_batched                 34    10.264     8.4%     7.232     5.9%     0.000     0.000
AttributeTimeline.rematerialize_state_at_times         442     8.282     6.8%     8.282     6.8%     0.000     0.000
AttributeTimeline.get                                74314     7.972     6.5%     7.972     6.5%     0.000     0.000
merge collections + build BVHs                          17     5.875     4.8%     2.347     1.9%     0.000     0.000
kernel: raster_tri_write                                36     5.690     4.7%     5.690     4.7%     5.547     0.142
  - project_to_screen (prewarm)                         17     5.020     4.1%     0.819     0.7%     0.000     0.000
kernel: raster_shadow_trace                             50     4.761     3.9%     4.761     3.9%     3.957     0.803
kernel: raster_tri_count                                36     3.779     3.1%     3.779     3.1%     3.610     0.168
logical PN: dice + shade + pack (project_to_screen)     51     3.642     3.0%     0.177     0.1%     0.000     0.000
logical PN:   - _dice_logical_pn                        51     3.465     2.8%     1.156     0.9%     0.000     0.000
  - refit-BVH build (in merge)                          34     3.384     2.8%     3.384     2.8%     0.000     0.000
AttributeTimeline.modify                              8190     2.922     2.4%     2.922     2.4%     0.000     0.000
kernel: wavefront_traverse_events                      319     2.625     2.1%     2.625     2.1%     1.872     0.746
Surface.get_render_primitives                           17     1.768     1.4%     1.763     1.4%     0.000     0.000
logical PN:     - subdivision levels                    51     1.375     1.1%     0.116     0.1%     0.000     0.000
video encode tail (ffmpeg drain)                         1     1.015     0.8%     1.015     0.8%     0.000     0.000
kernel: raster_bez_write                                18     0.962     0.8%     0.962     0.8%     0.953     0.009
kernel: raster_bez_count                                18     0.809     0.7%     0.809     0.7%     0.779     0.030
post-process (downsample/FXAA/glow)                     18     0.757     0.6%     0.073     0.1%     0.000     0.000
logical PN:       - edge level search                   51     0.675     0.6%     0.109     0.1%     0.000     0.000
logical PN:     - interpolate attrs                   1649     0.622     0.5%     0.622     0.5%     0.000     0.000
logical PN:         - edge chord error                  68     0.566     0.5%     0.566     0.5%     0.000     0.000
post:   - bloom fft conv                                72     0.561     0.5%     0.561     0.5%     0.000     0.000
beziers: sample + pack (project_to_screen)              17     0.559     0.5%     0.006     0.0%     0.000     0.000
kernel: pn_edge_chord_error                             68     0.555     0.5%     0.555     0.5%     0.552     0.003
logical PN:       - patch level search                  51     0.554     0.5%     0.088     0.1%     0.000     0.000
logical PN:         - patch flatness error             102     0.497     0.4%     0.497     0.4%     0.000     0.000
kernel: pn_patch_flatness_error                        102     0.458     0.4%     0.458     0.4%     0.452     0.004
free-VRAM probe (empty_cache)                           52     0.383     0.3%     0.383     0.3%     0.000     0.000
beziers:   - _build_circuit_geometry                    17     0.298     0.2%     0.298     0.2%     0.000     0.000
scene upload to arena                                   17     0.287     0.2%     0.287     0.2%     0.000     0.000
AttributeTimeline.add                                 2771     0.274     0.2%     0.274     0.2%     0.000     0.000
kernel: gloss_composite                                 50     0.242     0.2%     0.242     0.2%     0.237     0.002
beziers:   - _compute_samples_per_segment               17     0.221     0.2%     0.221     0.2%     0.000     0.000
kernel: bezier_chord_hull_error                         68     0.184     0.2%     0.184     0.2%     0.181     0.002
kernel: compact_ray_slots                              369     0.184     0.2%     0.184     0.2%     0.147     0.031
kernel: gloss_pyramid_level                            450     0.176     0.1%     0.176     0.1%     0.158     0.013
raster:   - precompute bez bounds                       17     0.162     0.1%     0.162     0.1%     0.000     0.000
  - bezier edge accel (in merge)                        17     0.144     0.1%     0.144     0.1%     0.000     0.000
logical PN:     - snap boundary                        170     0.139     0.1%     0.139     0.1%     0.000     0.000
kernel: sheet_conflict_rank                             18     0.114     0.1%     0.114     0.1%     0.102     0.012
kernel: sheet_band_reduce                               36     0.107     0.1%     0.107     0.1%     0.101     0.006
kernel: gloss_scatter                                   50     0.103     0.1%     0.103     0.1%     0.100     0.002
post:   - tonemap/finalize                              18     0.102     0.1%     0.102     0.1%     0.000     0.000
raster:   - precompute tri projection                   17     0.093     0.1%     0.093     0.1%     0.000     0.000
logical PN:     - evaluate patch                        85     0.088     0.1%     0.088     0.1%     0.000     0.000
logical PN:     - evaluate normals                      85     0.085     0.1%     0.085     0.1%     0.000     0.000
kernel: wf_composite_accum_sparse                       50     0.068     0.1%     0.068     0.1%     0.065     0.002
raster:   - precompute tri bounds                       17     0.057     0.0%     0.057     0.0%     0.000     0.000
kernel: mask_popcount                                   18     0.038     0.0%     0.038     0.0%     0.037     0.001
beziers:   - _build_frame_bounds                        17     0.034     0.0%     0.034     0.0%     0.000     0.000
BezierCircuitCubic.get_render_primitives                17     0.030     0.0%     0.025     0.0%     0.000     0.000
background prefill                                      18     0.021     0.0%     0.021     0.0%     0.000     0.000
memory reclaim (gc + cuda cache)                        69     0.020     0.0%     0.020     0.0%     0.000     0.000
post:   - device->host copy                             18     0.015     0.0%     0.015     0.0%     0.000     0.000
post:   - bloom downsample                              18     0.007     0.0%     0.007     0.0%     0.000     0.000
(unaccounted: video encode, scene mgmt, ...)                -107.943   -88.2%

GPU telemetry over render (840 samples @ ~10 Hz, min/avg/max):
  utilization  0/6/80 %   mem-util 0/1/30 %
  SM clock     585/832/1590 MHz   mem clock 5000/5000/5000 MHz
  temperature  56/60/66 C   power 30/34/73 W
  ** THROTTLING observed: SwPowerCap (run-to-run timing is unreliable) **

GPU memory: peak allocated 6271 MB, peak reserved 6376 MB
  batch 0: merged tensors 108.6 MB, BVHs 4.9 MB (cuda after merge 6013 MB)
    counts: num_colored_triangles=0, num_triangles=26798, num_circuits=41, num_frames=3
    tri_bvh: 0 instances, 13402 nodes, 0 leaves, 2.5 MB
    tri_opaque_bvh: 0 instances, 13402 nodes, 0 leaves, 2.5 MB
    bez_bvh: 0 instances, 21 nodes, 0 leaves, 0.0 MB
    bez_opaque_bvh: 0 instances, 21 nodes, 0 leaves, 0.0 MB
    textures: (3, 1573708, 5) = 90.0 MB
    tri_mat: (3, 26798, 34) = 10.4 MB
    tri_pos: (3, 26798, 9) = 2.8 MB
    tri_norm: (3, 26798, 9) = 2.8 MB
    tri_tex_meta: (26798, 10) = 1.0 MB
    tri_uvs: (1, 26798, 6) = 0.6 MB
  batch 1: merged tensors 101.7 MB, BVHs 4.9 MB (cuda after merge 6006 MB)
    counts: num_colored_triangles=0, num_triangles=26798, num_circuits=41, num_frames=3
    tri_bvh: 0 instances, 13456 nodes, 0 leaves, 2.5 MB
    tri_opaque_bvh: 0 instances, 13456 nodes, 0 leaves, 2.5 MB
    bez_bvh: 0 instances, 21 nodes, 0 leaves, 0.0 MB
    bez_opaque_bvh: 0 instances, 21 nodes, 0 leaves, 0.0 MB
    textures: (3, 1573702, 5) = 90.0 MB
    tri_mat: (1, 26798, 34) = 3.5 MB
    tri_pos: (3, 26798, 9) = 2.8 MB
    tri_norm: (3, 26798, 9) = 2.8 MB
    tri_tex_meta: (26798, 10) = 1.0 MB
    tri_uvs: (1, 26798, 6) = 0.6 MB
  batch 2: merged tensors 108.6 MB, BVHs 4.9 MB (cuda after merge 6006 MB)
    counts: num_colored_triangles=0, num_triangles=26798, num_circuits=41, num_frames=3
    tri_bvh: 0 instances, 13399 nodes, 0 leaves, 2.5 MB
    tri_opaque_bvh: 0 instances, 13399 nodes, 0 leaves, 2.5 MB
    bez_bvh: 0 instances, 21 nodes, 0 leaves, 0.0 MB
    bez_opaque_bvh: 0 instances, 21 nodes, 0 leaves, 0.0 MB
    textures: (3, 1573706, 5) = 90.0 MB
    tri_mat: (3, 26798, 34) = 10.4 MB
    tri_pos: (3, 26798, 9) = 2.8 MB
    tri_norm: (3, 26798, 9) = 2.8 MB
    tri_tex_meta: (26798, 10) = 1.0 MB
    tri_uvs: (1, 26798, 6) = 0.6 MB
  batch 3: merged tensors 108.6 MB, BVHs 4.9 MB (cuda after merge 6006 MB)
    counts: num_colored_triangles=0, num_triangles=26810, num_circuits=41, num_frames=3
    tri_bvh: 0 instances, 13346 nodes, 0 leaves, 2.4 MB
    tri_opaque_bvh: 0 instances, 13346 nodes, 0 leaves, 2.4 MB
    bez_bvh: 0 instances, 21 nodes, 0 leaves, 0.0 MB
    bez_opaque_bvh: 0 instances, 21 nodes, 0 leaves, 0.0 MB
    textures: (3, 1573712, 5) = 90.0 MB
    tri_mat: (3, 26810, 34) = 10.4 MB
    tri_pos: (3, 26810, 9) = 2.8 MB
    tri_norm: (3, 26810, 9) = 2.8 MB
    tri_tex_meta: (26810, 10) = 1.0 MB
    tri_uvs: (1, 26810, 6) = 0.6 MB
  batch 4: merged tensors 108.6 MB, BVHs 4.9 MB (cuda after merge 6006 MB)
    counts: num_colored_triangles=0, num_triangles=26810, num_circuits=41, num_frames=3
    tri_bvh: 0 instances, 13401 nodes, 0 leaves, 2.5 MB
    tri_opaque_bvh: 0 instances, 13401 nodes, 0 leaves, 2.5 MB
    bez_bvh: 0 instances, 21 nodes, 0 leaves, 0.0 MB
    bez_opaque_bvh: 0 instances, 21 nodes, 0 leaves, 0.0 MB
    textures: (3, 1573712, 5) = 90.0 MB
    tri_mat: (3, 26810, 34) = 10.4 MB
    tri_pos: (3, 26810, 9) = 2.8 MB
    tri_norm: (3, 26810, 9) = 2.8 MB
    tri_tex_meta: (26810, 10) = 1.0 MB
    tri_uvs: (1, 26810, 6) = 0.6 MB
  batch 5: merged tensors 108.6 MB, BVHs 4.9 MB (cuda after merge 6006 MB)
    counts: num_colored_triangles=0, num_triangles=26806, num_circuits=41, num_frames=3
    tri_bvh: 0 instances, 13419 nodes, 0 leaves, 2.5 MB
    tri_opaque_bvh: 0 instances, 13419 nodes, 0 leaves, 2.5 MB
    bez_bvh: 0 instances, 21 nodes, 0 leaves, 0.0 MB
    bez_opaque_bvh: 0 instances, 21 nodes, 0 leaves, 0.0 MB
    textures: (3, 1573712, 5) = 90.0 MB
    tri_mat: (3, 26806, 34) = 10.4 MB
    tri_pos: (3, 26806, 9) = 2.8 MB
    tri_norm: (3, 26806, 9) = 2.8 MB
    tri_tex_meta: (26806, 10) = 1.0 MB
    tri_uvs: (1, 26806, 6) = 0.6 MB
  batch 6: merged tensors 108.6 MB, BVHs 4.9 MB (cuda after merge 6006 MB)
    counts: num_colored_triangles=0, num_triangles=26826, num_circuits=41, num_frames=3
    tri_bvh: 0 instances, 13448 nodes, 0 leaves, 2.5 MB
    tri_opaque_bvh: 0 instances, 13448 nodes, 0 leaves, 2.5 MB
    bez_bvh: 0 instances, 21 nodes, 0 leaves, 0.0 MB
    bez_opaque_bvh: 0 instances, 21 nodes, 0 leaves, 0.0 MB
    textures: (3, 1573714, 5) = 90.0 MB
    tri_mat: (3, 26826, 34) = 10.4 MB
    tri_pos: (3, 26826, 9) = 2.8 MB
    tri_norm: (3, 26826, 9) = 2.8 MB
    tri_tex_meta: (26826, 10) = 1.0 MB
    tri_uvs: (1, 26826, 6) = 0.6 MB
  batch 7: merged tensors 108.7 MB, BVHs 4.9 MB (cuda after merge 5995 MB)
    counts: num_colored_triangles=0, num_triangles=26850, num_circuits=41, num_frames=3
    tri_bvh: 0 instances, 13464 nodes, 0 leaves, 2.5 MB
    tri_opaque_bvh: 0 instances, 13464 nodes, 0 leaves, 2.5 MB
    bez_bvh: 0 instances, 20 nodes, 0 leaves, 0.0 MB
    bez_opaque_bvh: 0 instances, 20 nodes, 0 leaves, 0.0 MB
    textures: (3, 1573718, 5) = 90.0 MB
    tri_mat: (3, 26850, 34) = 10.4 MB
    tri_pos: (3, 26850, 9) = 2.8 MB
    tri_norm: (3, 26850, 9) = 2.8 MB
    tri_tex_meta: (26850, 10) = 1.0 MB
    tri_uvs: (1, 26850, 6) = 0.6 MB
  batch 8: merged tensors 108.7 MB, BVHs 5.0 MB (cuda after merge 5995 MB)
    counts: num_colored_triangles=0, num_triangles=26854, num_circuits=41, num_frames=3
    tri_bvh: 0 instances, 13502 nodes, 0 leaves, 2.5 MB
    tri_opaque_bvh: 0 instances, 13502 nodes, 0 leaves, 2.5 MB
    bez_bvh: 0 instances, 20 nodes, 0 leaves, 0.0 MB
    bez_opaque_bvh: 0 instances, 20 nodes, 0 leaves, 0.0 MB
    textures: (3, 1573718, 5) = 90.0 MB
    tri_mat: (3, 26854, 34) = 10.4 MB
    tri_pos: (3, 26854, 9) = 2.8 MB
    tri_norm: (3, 26854, 9) = 2.8 MB
    tri_tex_meta: (26854, 10) = 1.0 MB
    tri_uvs: (1, 26854, 6) = 0.6 MB
  batch 9: merged tensors 108.7 MB, BVHs 4.9 MB (cuda after merge 5995 MB)
    counts: num_colored_triangles=0, num_triangles=26850, num_circuits=41, num_frames=3
    tri_bvh: 0 instances, 13382 nodes, 0 leaves, 2.5 MB
    tri_opaque_bvh: 0 instances, 13382 nodes, 0 leaves, 2.5 MB
    bez_bvh: 0 instances, 20 nodes, 0 leaves, 0.0 MB
    bez_opaque_bvh: 0 instances, 20 nodes, 0 leaves, 0.0 MB
    textures: (3, 1573712, 5) = 90.0 MB
    tri_mat: (3, 26850, 34) = 10.4 MB
    tri_pos: (3, 26850, 9) = 2.8 MB
    tri_norm: (3, 26850, 9) = 2.8 MB
    tri_tex_meta: (26850, 10) = 1.0 MB
    tri_uvs: (1, 26850, 6) = 0.6 MB
  batch 10: merged tensors 108.7 MB, BVHs 5.0 MB (cuda after merge 5995 MB)
    counts: num_colored_triangles=0, num_triangles=26890, num_circuits=41, num_frames=3
    tri_bvh: 0 instances, 13510 nodes, 0 leaves, 2.5 MB
    tri_opaque_bvh: 0 instances, 13510 nodes, 0 leaves, 2.5 MB
    bez_bvh: 0 instances, 20 nodes, 0 leaves, 0.0 MB
    bez_opaque_bvh: 0 instances, 20 nodes, 0 leaves, 0.0 MB
    textures: (3, 1573718, 5) = 90.0 MB
    tri_mat: (3, 26890, 34) = 10.5 MB
    tri_pos: (3, 26890, 9) = 2.8 MB
    tri_norm: (3, 26890, 9) = 2.8 MB
    tri_tex_meta: (26890, 10) = 1.0 MB
    tri_uvs: (1, 26890, 6) = 0.6 MB
  batch 11: merged tensors 108.7 MB, BVHs 4.9 MB (cuda after merge 5995 MB)
    counts: num_colored_triangles=0, num_triangles=26922, num_circuits=41, num_frames=3
    tri_bvh: 0 instances, 13430 nodes, 0 leaves, 2.5 MB
    tri_opaque_bvh: 0 instances, 13430 nodes, 0 leaves, 2.5 MB
    bez_bvh: 0 instances, 20 nodes, 0 leaves, 0.0 MB
    bez_opaque_bvh: 0 instances, 20 nodes, 0 leaves, 0.0 MB
    textures: (3, 1573714, 5) = 90.0 MB
    tri_mat: (3, 26922, 34) = 10.5 MB
    tri_pos: (3, 26922, 9) = 2.8 MB
    tri_norm: (3, 26922, 9) = 2.8 MB
    tri_tex_meta: (26922, 10) = 1.0 MB
    tri_uvs: (1, 26922, 6) = 0.6 MB
  batch 12: merged tensors 108.7 MB, BVHs 4.9 MB (cuda after merge 5995 MB)
    counts: num_colored_triangles=0, num_triangles=26922, num_circuits=41, num_frames=3
    tri_bvh: 0 instances, 13494 nodes, 0 leaves, 2.5 MB
    tri_opaque_bvh: 0 instances, 13494 nodes, 0 leaves, 2.5 MB
    bez_bvh: 0 instances, 20 nodes, 0 leaves, 0.0 MB
    bez_opaque_bvh: 0 instances, 20 nodes, 0 leaves, 0.0 MB
    textures: (3, 1573712, 5) = 90.0 MB
    tri_mat: (3, 26922, 34) = 10.5 MB
    tri_pos: (3, 26922, 9) = 2.8 MB
    tri_norm: (3, 26922, 9) = 2.8 MB
    tri_tex_meta: (26922, 10) = 1.0 MB
    tri_uvs: (1, 26922, 6) = 0.6 MB
  batch 13: merged tensors 108.7 MB, BVHs 5.0 MB (cuda after merge 5995 MB)
    counts: num_colored_triangles=0, num_triangles=26946, num_circuits=41, num_frames=3
    tri_bvh: 0 instances, 13504 nodes, 0 leaves, 2.5 MB
    tri_opaque_bvh: 0 instances, 13504 nodes, 0 leaves, 2.5 MB
    bez_bvh: 0 instances, 20 nodes, 0 leaves, 0.0 MB
    bez_opaque_bvh: 0 instances, 20 nodes, 0 leaves, 0.0 MB
    textures: (3, 1573708, 5) = 90.0 MB
    tri_mat: (3, 26946, 34) = 10.5 MB
    tri_pos: (3, 26946, 9) = 2.8 MB
    tri_norm: (3, 26946, 9) = 2.8 MB
    tri_tex_meta: (26946, 10) = 1.0 MB
    tri_uvs: (1, 26946, 6) = 0.6 MB
  batch 14: merged tensors 108.7 MB, BVHs 5.0 MB (cuda after merge 5995 MB)
    counts: num_colored_triangles=0, num_triangles=26942, num_circuits=41, num_frames=3
    tri_bvh: 0 instances, 13517 nodes, 0 leaves, 2.5 MB
    tri_opaque_bvh: 0 instances, 13517 nodes, 0 leaves, 2.5 MB
    bez_bvh: 0 instances, 20 nodes, 0 leaves, 0.0 MB
    bez_opaque_bvh: 0 instances, 20 nodes, 0 leaves, 0.0 MB
    textures: (3, 1573708, 5) = 90.0 MB
    tri_mat: (3, 26942, 34) = 10.5 MB
    tri_pos: (3, 26942, 9) = 2.8 MB
    tri_norm: (3, 26942, 9) = 2.8 MB
    tri_tex_meta: (26942, 10) = 1.0 MB
    tri_uvs: (1, 26942, 6) = 0.6 MB
  batch 15: merged tensors 101.7 MB, BVHs 5.0 MB (cuda after merge 5995 MB)
    counts: num_colored_triangles=0, num_triangles=26934, num_circuits=41, num_frames=3
    tri_bvh: 0 instances, 13499 nodes, 0 leaves, 2.5 MB
    tri_opaque_bvh: 0 instances, 13499 nodes, 0 leaves, 2.5 MB
    bez_bvh: 0 instances, 20 nodes, 0 leaves, 0.0 MB
    bez_opaque_bvh: 0 instances, 20 nodes, 0 leaves, 0.0 MB
    textures: (3, 1573702, 5) = 90.0 MB
    tri_mat: (1, 26934, 34) = 3.5 MB
    tri_pos: (3, 26934, 9) = 2.8 MB
    tri_norm: (3, 26934, 9) = 2.8 MB
    tri_tex_meta: (26934, 10) = 1.0 MB
    tri_uvs: (1, 26934, 6) = 0.6 MB
  batch 16: merged tensors 69.6 MB, BVHs 3.3 MB (cuda after merge 5955 MB)
    counts: num_colored_triangles=0, num_triangles=26934, num_circuits=41, num_frames=2
    tri_bvh: 0 instances, 13518 nodes, 0 leaves, 1.7 MB
    tri_opaque_bvh: 0 instances, 13518 nodes, 0 leaves, 1.7 MB
    bez_bvh: 0 instances, 20 nodes, 0 leaves, 0.0 MB
    bez_opaque_bvh: 0 instances, 20 nodes, 0 leaves, 0.0 MB
    textures: (2, 1573702, 5) = 60.0 MB
    tri_mat: (1, 26934, 34) = 3.5 MB
    tri_pos: (2, 26934, 9) = 1.8 MB
    tri_norm: (2, 26934, 9) = 1.8 MB
    tri_tex_meta: (26934, 10) = 1.0 MB
    tri_uvs: (1, 26934, 6) = 0.6 MB
  cProfile dump: disabled (set ALGAN_PROFILE_CPROFILE=1)

------------------------------------------------------------------------------
RUN 2 (warm (steady state)): end-to-end 36.47s
------------------------------------------------------------------------------
incl is wall time, excl is time spent in function excluding sub-processes of another tracked stage
stage                                                calls  incl (s) incl (%)  excl (s)  excl (%)launch    sync      
Scene.get_batch_of_primitives                           17    26.809    73.5%     1.123     3.1%     0.000     0.000
AnimationTimeline.set_state_to_times                    17    19.607    53.8%     7.521    20.6%     0.000     0.000
ray traced render total                                 18     7.679    21.1%     0.080     0.2%     0.000     0.000
AttributeTimeline.rematerialize_state_at_times         442     7.557    20.7%     7.557    20.7%     0.000     0.000
arena preflight (batch)                                 17     7.453    20.4%     0.050     0.1%     0.000     0.000
wavefront_loop                                          18     7.350    20.2%     3.959    10.9%     0.000     0.000
AttributeTimeline.get                                74036     4.625    12.7%     4.625    12.7%     0.000     0.000
merge collections + build BVHs                          17     4.586    12.6%     1.759     4.8%     0.000     0.000
surfaces: get_render_primitives_batched                 34     4.333    11.9%     3.551     9.7%     0.000     0.000
  - project_to_screen (prewarm)                         17     2.775     7.6%     0.650     1.8%     0.000     0.000
  - refit-BVH build (in merge)                          34     2.724     7.5%     2.724     7.5%     0.000     0.000
kernel: wavefront_shade                                319     2.353     6.4%     2.353     6.4%     0.426     1.917
raster: sparse discovery                                18     1.955     5.4%     1.955     5.4%     0.000     0.000
logical PN: dice + shade + pack (project_to_screen)     51     1.799     4.9%     0.174     0.5%     0.000     0.000
logical PN:   - _dice_logical_pn                        51     1.625     4.5%     0.734     2.0%     0.000     0.000
AttributeTimeline.modify                              8190     1.570     4.3%     1.570     4.3%     0.000     0.000
Surface.get_render_primitives                           17     1.455     4.0%     1.450     4.0%     0.000     0.000
raster: sparse resolve                                  50     1.172     3.2%     1.172     3.2%     0.000     0.000
video encode tail (ffmpeg drain)                         1     1.066     2.9%     1.066     2.9%     0.000     0.000
kernel: wavefront_traverse_events                      319     0.977     2.7%     0.977     2.7%     0.317     0.652
kernel: raster_shadow_trace                             50     0.797     2.2%     0.797     2.2%     0.067     0.729
logical PN:     - interpolate attrs                   1649     0.414     1.1%     0.414     1.1%     0.000     0.000
free-VRAM probe (empty_cache)                           52     0.332     0.9%     0.332     0.9%     0.000     0.000
beziers: sample + pack (project_to_screen)              17     0.325     0.9%     0.005     0.0%     0.000     0.000
scene upload to arena                                   17     0.251     0.7%     0.251     0.7%     0.000     0.000
logical PN:     - subdivision levels                    51     0.243     0.7%     0.056     0.2%     0.000     0.000
post-process (downsample/FXAA/glow)                     18     0.225     0.6%     0.077     0.2%     0.000     0.000
kernel: sheet_resolve_shade                            100     0.221     0.6%     0.221     0.6%     0.183     0.036
beziers:   - _build_circuit_geometry                    17     0.220     0.6%     0.220     0.6%     0.000     0.000
AttributeTimeline.add                                 2771     0.199     0.5%     0.199     0.5%     0.000     0.000
kernel: raster_tri_write                                36     0.178     0.5%     0.178     0.5%     0.032     0.144
kernel: raster_tri_count                                36     0.162     0.4%     0.162     0.4%     0.027     0.134
kernel: compact_ray_slots                              369     0.140     0.4%     0.140     0.4%     0.101     0.033
raster:   - precompute bez bounds                       17     0.120     0.3%     0.120     0.3%     0.000     0.000
post:   - bloom fft conv                                72     0.115     0.3%     0.115     0.3%     0.000     0.000
logical PN:       - patch level search                  51     0.104     0.3%     0.069     0.2%     0.000     0.000
  - bezier edge accel (in merge)                        17     0.103     0.3%     0.103     0.3%     0.000     0.000
logical PN:     - snap boundary                        170     0.103     0.3%     0.103     0.3%     0.000     0.000
kernel: gloss_pyramid_level                            450     0.097     0.3%     0.097     0.3%     0.072     0.015
logical PN:     - evaluate patch                        85     0.075     0.2%     0.075     0.2%     0.000     0.000
raster:   - precompute tri projection                   17     0.075     0.2%     0.075     0.2%     0.000     0.000
raster:   - precompute tri bounds                       17     0.069     0.2%     0.069     0.2%     0.000     0.000
logical PN:       - edge level search                   51     0.065     0.2%     0.034     0.1%     0.000     0.000
logical PN:     - evaluate normals                      85     0.057     0.2%     0.057     0.2%     0.000     0.000
beziers:   - _compute_samples_per_segment               17     0.056     0.2%     0.056     0.2%     0.000     0.000
logical PN:         - patch flatness error             102     0.053     0.1%     0.053     0.1%     0.000     0.000
beziers:   - _build_frame_bounds                        17     0.043     0.1%     0.043     0.1%     0.000     0.000
logical PN:         - edge chord error                  68     0.031     0.1%     0.031     0.1%     0.000     0.000
kernel: gloss_scatter                                   50     0.031     0.1%     0.031     0.1%     0.028     0.002
kernel: raster_bez_write                                18     0.031     0.1%     0.031     0.1%     0.020     0.009
kernel: gloss_composite                                 50     0.030     0.1%     0.030     0.1%     0.025     0.004
BezierCircuitCubic.get_render_primitives                17     0.030     0.1%     0.025     0.1%     0.000     0.000
kernel: pn_patch_flatness_error                        102     0.030     0.1%     0.030     0.1%     0.025     0.004
kernel: raster_bez_count                                18     0.028     0.1%     0.028     0.1%     0.012     0.015
kernel: bezier_chord_hull_error                         68     0.024     0.1%     0.024     0.1%     0.021     0.002
background prefill                                      18     0.023     0.1%     0.023     0.1%     0.000     0.000
kernel: pn_edge_chord_error                             68     0.022     0.1%     0.022     0.1%     0.019     0.002
kernel: sheet_band_reduce                               36     0.019     0.1%     0.019     0.1%     0.011     0.007
kernel: wf_composite_accum_sparse                       50     0.016     0.0%     0.016     0.0%     0.012     0.004
post:   - device->host copy                             18     0.015     0.0%     0.015     0.0%     0.000     0.000
memory reclaim (gc + cuda cache)                        69     0.014     0.0%     0.014     0.0%     0.000     0.000
kernel: sheet_conflict_rank                             18     0.012     0.0%     0.012     0.0%     0.004     0.008
post:   - tonemap/finalize                              18     0.011     0.0%     0.011     0.0%     0.000     0.000
post:   - bloom downsample                              18     0.008     0.0%     0.008     0.0%     0.000     0.000
kernel: mask_popcount                                   18     0.004     0.0%     0.004     0.0%     0.004     0.001
(unaccounted: video encode, scene mgmt, ...)                 -13.070   -35.8%

GPU telemetry over render (268 samples @ ~10 Hz, min/avg/max):
  utilization  0/17/100 %   mem-util 0/5/29 %
  SM clock     585/1502/1590 MHz   mem clock 5000/5000/5000 MHz
  temperature  65/68/71 C   power 32/43/82 W
  ** THROTTLING observed: SwPowerCap (run-to-run timing is unreliable) **

GPU memory: peak allocated 6213 MB, peak reserved 6272 MB
  batch 0: merged tensors 108.6 MB, BVHs 4.9 MB (cuda after merge 5951 MB)
    counts: num_colored_triangles=0, num_triangles=26798, num_circuits=41, num_frames=3
    tri_bvh: 0 instances, 13402 nodes, 0 leaves, 2.5 MB
    tri_opaque_bvh: 0 instances, 13402 nodes, 0 leaves, 2.5 MB
    bez_bvh: 0 instances, 21 nodes, 0 leaves, 0.0 MB
    bez_opaque_bvh: 0 instances, 21 nodes, 0 leaves, 0.0 MB
    textures: (3, 1573708, 5) = 90.0 MB
    tri_mat: (3, 26798, 34) = 10.4 MB
    tri_pos: (3, 26798, 9) = 2.8 MB
    tri_norm: (3, 26798, 9) = 2.8 MB
    tri_tex_meta: (26798, 10) = 1.0 MB
    tri_uvs: (1, 26798, 6) = 0.6 MB
  batch 1: merged tensors 101.7 MB, BVHs 4.9 MB (cuda after merge 5951 MB)
    counts: num_colored_triangles=0, num_triangles=26798, num_circuits=41, num_frames=3
    tri_bvh: 0 instances, 13456 nodes, 0 leaves, 2.5 MB
    tri_opaque_bvh: 0 instances, 13456 nodes, 0 leaves, 2.5 MB
    bez_bvh: 0 instances, 21 nodes, 0 leaves, 0.0 MB
    bez_opaque_bvh: 0 instances, 21 nodes, 0 leaves, 0.0 MB
    textures: (3, 1573702, 5) = 90.0 MB
    tri_mat: (1, 26798, 34) = 3.5 MB
    tri_pos: (3, 26798, 9) = 2.8 MB
    tri_norm: (3, 26798, 9) = 2.8 MB
    tri_tex_meta: (26798, 10) = 1.0 MB
    tri_uvs: (1, 26798, 6) = 0.6 MB
  batch 2: merged tensors 108.6 MB, BVHs 4.9 MB (cuda after merge 5951 MB)
    counts: num_colored_triangles=0, num_triangles=26798, num_circuits=41, num_frames=3
    tri_bvh: 0 instances, 13399 nodes, 0 leaves, 2.5 MB
    tri_opaque_bvh: 0 instances, 13399 nodes, 0 leaves, 2.5 MB
    bez_bvh: 0 instances, 21 nodes, 0 leaves, 0.0 MB
    bez_opaque_bvh: 0 instances, 21 nodes, 0 leaves, 0.0 MB
    textures: (3, 1573706, 5) = 90.0 MB
    tri_mat: (3, 26798, 34) = 10.4 MB
    tri_pos: (3, 26798, 9) = 2.8 MB
    tri_norm: (3, 26798, 9) = 2.8 MB
    tri_tex_meta: (26798, 10) = 1.0 MB
    tri_uvs: (1, 26798, 6) = 0.6 MB
  batch 3: merged tensors 108.6 MB, BVHs 4.9 MB (cuda after merge 5952 MB)
    counts: num_colored_triangles=0, num_triangles=26810, num_circuits=41, num_frames=3
    tri_bvh: 0 instances, 13346 nodes, 0 leaves, 2.4 MB
    tri_opaque_bvh: 0 instances, 13346 nodes, 0 leaves, 2.4 MB
    bez_bvh: 0 instances, 21 nodes, 0 leaves, 0.0 MB
    bez_opaque_bvh: 0 instances, 21 nodes, 0 leaves, 0.0 MB
    textures: (3, 1573712, 5) = 90.0 MB
    tri_mat: (3, 26810, 34) = 10.4 MB
    tri_pos: (3, 26810, 9) = 2.8 MB
    tri_norm: (3, 26810, 9) = 2.8 MB
    tri_tex_meta: (26810, 10) = 1.0 MB
    tri_uvs: (1, 26810, 6) = 0.6 MB
  batch 4: merged tensors 108.6 MB, BVHs 4.9 MB (cuda after merge 5952 MB)
    counts: num_colored_triangles=0, num_triangles=26810, num_circuits=41, num_frames=3
    tri_bvh: 0 instances, 13401 nodes, 0 leaves, 2.5 MB
    tri_opaque_bvh: 0 instances, 13401 nodes, 0 leaves, 2.5 MB
    bez_bvh: 0 instances, 21 nodes, 0 leaves, 0.0 MB
    bez_opaque_bvh: 0 instances, 21 nodes, 0 leaves, 0.0 MB
    textures: (3, 1573712, 5) = 90.0 MB
    tri_mat: (3, 26810, 34) = 10.4 MB
    tri_pos: (3, 26810, 9) = 2.8 MB
    tri_norm: (3, 26810, 9) = 2.8 MB
    tri_tex_meta: (26810, 10) = 1.0 MB
    tri_uvs: (1, 26810, 6) = 0.6 MB
  batch 5: merged tensors 108.6 MB, BVHs 4.9 MB (cuda after merge 5952 MB)
    counts: num_colored_triangles=0, num_triangles=26806, num_circuits=41, num_frames=3
    tri_bvh: 0 instances, 13419 nodes, 0 leaves, 2.5 MB
    tri_opaque_bvh: 0 instances, 13419 nodes, 0 leaves, 2.5 MB
    bez_bvh: 0 instances, 21 nodes, 0 leaves, 0.0 MB
    bez_opaque_bvh: 0 instances, 21 nodes, 0 leaves, 0.0 MB
    textures: (3, 1573712, 5) = 90.0 MB
    tri_mat: (3, 26806, 34) = 10.4 MB
    tri_pos: (3, 26806, 9) = 2.8 MB
    tri_norm: (3, 26806, 9) = 2.8 MB
    tri_tex_meta: (26806, 10) = 1.0 MB
    tri_uvs: (1, 26806, 6) = 0.6 MB
  batch 6: merged tensors 108.6 MB, BVHs 4.9 MB (cuda after merge 5952 MB)
    counts: num_colored_triangles=0, num_triangles=26826, num_circuits=41, num_frames=3
    tri_bvh: 0 instances, 13448 nodes, 0 leaves, 2.5 MB
    tri_opaque_bvh: 0 instances, 13448 nodes, 0 leaves, 2.5 MB
    bez_bvh: 0 instances, 21 nodes, 0 leaves, 0.0 MB
    bez_opaque_bvh: 0 instances, 21 nodes, 0 leaves, 0.0 MB
    textures: (3, 1573714, 5) = 90.0 MB
    tri_mat: (3, 26826, 34) = 10.4 MB
    tri_pos: (3, 26826, 9) = 2.8 MB
    tri_norm: (3, 26826, 9) = 2.8 MB
    tri_tex_meta: (26826, 10) = 1.0 MB
    tri_uvs: (1, 26826, 6) = 0.6 MB
  batch 7: merged tensors 108.7 MB, BVHs 4.9 MB (cuda after merge 5952 MB)
    counts: num_colored_triangles=0, num_triangles=26850, num_circuits=41, num_frames=3
    tri_bvh: 0 instances, 13464 nodes, 0 leaves, 2.5 MB
    tri_opaque_bvh: 0 instances, 13464 nodes, 0 leaves, 2.5 MB
    bez_bvh: 0 instances, 20 nodes, 0 leaves, 0.0 MB
    bez_opaque_bvh: 0 instances, 20 nodes, 0 leaves, 0.0 MB
    textures: (3, 1573718, 5) = 90.0 MB
    tri_mat: (3, 26850, 34) = 10.4 MB
    tri_pos: (3, 26850, 9) = 2.8 MB
    tri_norm: (3, 26850, 9) = 2.8 MB
    tri_tex_meta: (26850, 10) = 1.0 MB
    tri_uvs: (1, 26850, 6) = 0.6 MB
  batch 8: merged tensors 108.7 MB, BVHs 5.0 MB (cuda after merge 5952 MB)
    counts: num_colored_triangles=0, num_triangles=26854, num_circuits=41, num_frames=3
    tri_bvh: 0 instances, 13502 nodes, 0 leaves, 2.5 MB
    tri_opaque_bvh: 0 instances, 13502 nodes, 0 leaves, 2.5 MB
    bez_bvh: 0 instances, 20 nodes, 0 leaves, 0.0 MB
    bez_opaque_bvh: 0 instances, 20 nodes, 0 leaves, 0.0 MB
    textures: (3, 1573718, 5) = 90.0 MB
    tri_mat: (3, 26854, 34) = 10.4 MB
    tri_pos: (3, 26854, 9) = 2.8 MB
    tri_norm: (3, 26854, 9) = 2.8 MB
    tri_tex_meta: (26854, 10) = 1.0 MB
    tri_uvs: (1, 26854, 6) = 0.6 MB
  batch 9: merged tensors 108.7 MB, BVHs 4.9 MB (cuda after merge 5952 MB)
    counts: num_colored_triangles=0, num_triangles=26850, num_circuits=41, num_frames=3
    tri_bvh: 0 instances, 13382 nodes, 0 leaves, 2.5 MB
    tri_opaque_bvh: 0 instances, 13382 nodes, 0 leaves, 2.5 MB
    bez_bvh: 0 instances, 20 nodes, 0 leaves, 0.0 MB
    bez_opaque_bvh: 0 instances, 20 nodes, 0 leaves, 0.0 MB
    textures: (3, 1573712, 5) = 90.0 MB
    tri_mat: (3, 26850, 34) = 10.4 MB
    tri_pos: (3, 26850, 9) = 2.8 MB
    tri_norm: (3, 26850, 9) = 2.8 MB
    tri_tex_meta: (26850, 10) = 1.0 MB
    tri_uvs: (1, 26850, 6) = 0.6 MB
  batch 10: merged tensors 108.7 MB, BVHs 5.0 MB (cuda after merge 5952 MB)
    counts: num_colored_triangles=0, num_triangles=26890, num_circuits=41, num_frames=3
    tri_bvh: 0 instances, 13510 nodes, 0 leaves, 2.5 MB
    tri_opaque_bvh: 0 instances, 13510 nodes, 0 leaves, 2.5 MB
    bez_bvh: 0 instances, 20 nodes, 0 leaves, 0.0 MB
    bez_opaque_bvh: 0 instances, 20 nodes, 0 leaves, 0.0 MB
    textures: (3, 1573718, 5) = 90.0 MB
    tri_mat: (3, 26890, 34) = 10.5 MB
    tri_pos: (3, 26890, 9) = 2.8 MB
    tri_norm: (3, 26890, 9) = 2.8 MB
    tri_tex_meta: (26890, 10) = 1.0 MB
    tri_uvs: (1, 26890, 6) = 0.6 MB
  batch 11: merged tensors 108.7 MB, BVHs 4.9 MB (cuda after merge 5952 MB)
    counts: num_colored_triangles=0, num_triangles=26922, num_circuits=41, num_frames=3
    tri_bvh: 0 instances, 13430 nodes, 0 leaves, 2.5 MB
    tri_opaque_bvh: 0 instances, 13430 nodes, 0 leaves, 2.5 MB
    bez_bvh: 0 instances, 20 nodes, 0 leaves, 0.0 MB
    bez_opaque_bvh: 0 instances, 20 nodes, 0 leaves, 0.0 MB
    textures: (3, 1573714, 5) = 90.0 MB
    tri_mat: (3, 26922, 34) = 10.5 MB
    tri_pos: (3, 26922, 9) = 2.8 MB
    tri_norm: (3, 26922, 9) = 2.8 MB
    tri_tex_meta: (26922, 10) = 1.0 MB
    tri_uvs: (1, 26922, 6) = 0.6 MB
  batch 12: merged tensors 108.7 MB, BVHs 4.9 MB (cuda after merge 5952 MB)
    counts: num_colored_triangles=0, num_triangles=26922, num_circuits=41, num_frames=3
    tri_bvh: 0 instances, 13494 nodes, 0 leaves, 2.5 MB
    tri_opaque_bvh: 0 instances, 13494 nodes, 0 leaves, 2.5 MB
    bez_bvh: 0 instances, 20 nodes, 0 leaves, 0.0 MB
    bez_opaque_bvh: 0 instances, 20 nodes, 0 leaves, 0.0 MB
    textures: (3, 1573712, 5) = 90.0 MB
    tri_mat: (3, 26922, 34) = 10.5 MB
    tri_pos: (3, 26922, 9) = 2.8 MB
    tri_norm: (3, 26922, 9) = 2.8 MB
    tri_tex_meta: (26922, 10) = 1.0 MB
    tri_uvs: (1, 26922, 6) = 0.6 MB
  batch 13: merged tensors 108.7 MB, BVHs 5.0 MB (cuda after merge 5952 MB)
    counts: num_colored_triangles=0, num_triangles=26946, num_circuits=41, num_frames=3
    tri_bvh: 0 instances, 13504 nodes, 0 leaves, 2.5 MB
    tri_opaque_bvh: 0 instances, 13504 nodes, 0 leaves, 2.5 MB
    bez_bvh: 0 instances, 20 nodes, 0 leaves, 0.0 MB
    bez_opaque_bvh: 0 instances, 20 nodes, 0 leaves, 0.0 MB
    textures: (3, 1573708, 5) = 90.0 MB
    tri_mat: (3, 26946, 34) = 10.5 MB
    tri_pos: (3, 26946, 9) = 2.8 MB
    tri_norm: (3, 26946, 9) = 2.8 MB
    tri_tex_meta: (26946, 10) = 1.0 MB
    tri_uvs: (1, 26946, 6) = 0.6 MB
  batch 14: merged tensors 108.7 MB, BVHs 5.0 MB (cuda after merge 5952 MB)
    counts: num_colored_triangles=0, num_triangles=26942, num_circuits=41, num_frames=3
    tri_bvh: 0 instances, 13517 nodes, 0 leaves, 2.5 MB
    tri_opaque_bvh: 0 instances, 13517 nodes, 0 leaves, 2.5 MB
    bez_bvh: 0 instances, 20 nodes, 0 leaves, 0.0 MB
    bez_opaque_bvh: 0 instances, 20 nodes, 0 leaves, 0.0 MB
    textures: (3, 1573708, 5) = 90.0 MB
    tri_mat: (3, 26942, 34) = 10.5 MB
    tri_pos: (3, 26942, 9) = 2.8 MB
    tri_norm: (3, 26942, 9) = 2.8 MB
    tri_tex_meta: (26942, 10) = 1.0 MB
    tri_uvs: (1, 26942, 6) = 0.6 MB
  batch 15: merged tensors 101.7 MB, BVHs 5.0 MB (cuda after merge 5952 MB)
    counts: num_colored_triangles=0, num_triangles=26934, num_circuits=41, num_frames=3
    tri_bvh: 0 instances, 13499 nodes, 0 leaves, 2.5 MB
    tri_opaque_bvh: 0 instances, 13499 nodes, 0 leaves, 2.5 MB
    bez_bvh: 0 instances, 20 nodes, 0 leaves, 0.0 MB
    bez_opaque_bvh: 0 instances, 20 nodes, 0 leaves, 0.0 MB
    textures: (3, 1573702, 5) = 90.0 MB
    tri_mat: (1, 26934, 34) = 3.5 MB
    tri_pos: (3, 26934, 9) = 2.8 MB
    tri_norm: (3, 26934, 9) = 2.8 MB
    tri_tex_meta: (26934, 10) = 1.0 MB
    tri_uvs: (1, 26934, 6) = 0.6 MB
  batch 16: merged tensors 69.6 MB, BVHs 3.3 MB (cuda after merge 5912 MB)
    counts: num_colored_triangles=0, num_triangles=26934, num_circuits=41, num_frames=2
    tri_bvh: 0 instances, 13518 nodes, 0 leaves, 1.7 MB
    tri_opaque_bvh: 0 instances, 13518 nodes, 0 leaves, 1.7 MB
    bez_bvh: 0 instances, 20 nodes, 0 leaves, 0.0 MB
    bez_opaque_bvh: 0 instances, 20 nodes, 0 leaves, 0.0 MB
    textures: (2, 1573702, 5) = 60.0 MB
    tri_mat: (1, 26934, 34) = 3.5 MB
    tri_pos: (2, 26934, 9) = 1.8 MB
    tri_norm: (2, 26934, 9) = 1.8 MB
    tri_tex_meta: (26934, 10) = 1.0 MB
    tri_uvs: (1, 26934, 6) = 0.6 MB
  cProfile dump: disabled (set ALGAN_PROFILE_CPROFILE=1)

------------------------------------------------------------------------------
Registers / occupancy not collected in-process (Taichi CUPTI toolkit unavailable here).
Run this to get them via nvprof:

  # registers per thread (no admin needed):
  ALGAN_UNDER_NVPROF=1 nvprof --print-gpu-trace --csv /content/algan/.venv/bin/python3 benchmarks/performance/nn_scene_PREVIEW.py
  # achieved occupancy (may need admin on Pascal):
  ALGAN_UNDER_NVPROF=1 nvprof --metrics achieved_occupancy --csv /content/algan/.venv/bin/python3 benchmarks/performance/nn_scene_PREVIEW.py
report written to algan_profile_report_nn_PREVIEW.txt
