Rendering device set to cuda
Encoding video with libx264
Began rendering profilingnn_PREVIEW_run1.mp4
Finished rendering profilingnn_PREVIEW_run1.mp4 in 63.3 s
Encoding video with libx264
Began rendering profilingnn_PREVIEW_run2.mp4
Finished rendering profilingnn_PREVIEW_run2.mp4 in 9.6 s
[Taichi] version 1.7.4, llvm 15.0.4, commit b4b956fd, linux, python 3.13.15
[Taichi] Starting on arch=cuda
[profiling] hooked 34 Taichi kernels (170 ti.funcs are inlined and not separately timed)

===== profiling run 1/2 (cold) =====

===== profiling run 2/2 (warm) =====

==============================================================================
Algan ray-tracing scene profile
==============================================================================
device: Tesla T4
  driver 580.82.07  compute cap 7.5  15360 MiB  max SM 1590 MHz / mem 5001 MHz  PCIe gen3 x16
  profiling tools: nvidia-smi=yes, nvprof=yes, ncu=yes, nsys=no
  Taichi kernel profiler: off (wall-time only)
  hooked kernels (34): bezier_chord_hull_error, compact_ray_slots, env_background_prefill, fill_background_from_func, finalize_samples, gather_fragment_arrays, gloss_composite, gloss_pyramid_level, gloss_scatter, mask_popcount, path_trace_physical_stbvh, path_trace_scene_stbvh, pn_edge_chord_error, pn_patch_flatness_error, raster_bez_count, raster_bez_write, raster_shadow_trace, raster_tri_count, raster_tri_write, sheet_band_reduce, sheet_conflict_rank, sheet_resolve_shade, wavefront_generate_rays, wavefront_shade, wavefront_shadow, wavefront_traverse, wavefront_traverse_events, wf_composite, wf_composite_aa, wf_composite_accum, wf_composite_accum_aa, wf_composite_accum_sparse, wf_finalize_aa, wf_finalize_uncovered

------------------------------------------------------------------------------
RUN 1 (cold (includes Taichi JIT compile)): end-to-end 63.47s
------------------------------------------------------------------------------
incl is wall time, excl is time spent in function excluding sub-processes of another tracked stage
stage                                                calls  incl (s) incl (%)  excl (s)  excl (%)launch    sync      
ray traced render total                                  5    56.528    89.1%     0.024     0.0%     0.000     0.000
wavefront_loop                                           5    56.065    88.3%    12.441    19.6%     0.000     0.000
raster: sparse resolve                                   5    28.039    44.2%    28.039    44.2%     0.000     0.000
kernel: sheet_resolve_shade                             10    24.690    38.9%    24.690    38.9%    24.623     0.067
Scene.get_batch_of_primitives                            3    17.029    26.8%     2.987     4.7%     0.000     0.000
raster: sparse discovery                                 5    15.441    24.3%    14.001    22.1%     0.000     0.000
kernel: wavefront_shade                                 40     9.403    14.8%     9.403    14.8%     8.717     0.685
surfaces: get_render_primitives_batched                  6     8.720    13.7%     4.956     7.8%     0.000     0.000
AttributeTimeline.get                                22980     7.273    11.5%     7.273    11.5%     0.000     0.000
kernel: raster_tri_count                                10     5.932     9.3%     5.932     9.3%     5.790     0.142
AnimationTimeline.set_state_to_times                     3     4.934     7.8%     2.173     3.4%     0.000     0.000
arena preflight (batch)                                  3     4.427     7.0%     0.013     0.0%     0.000     0.000
kernel: raster_shadow_trace                              5     3.326     5.2%     3.326     5.2%     2.748     0.576
kernel: raster_tri_write                                10     3.275     5.2%     3.275     5.2%     3.145     0.130
kernel: raster_bez_count                                 5     2.613     4.1%     2.613     4.1%     2.611     0.002
  - project_to_screen (prewarm)                          3     2.336     3.7%     0.291     0.5%     0.000     0.000
merge collections + build BVHs                           3     2.006     3.2%     1.004     1.6%     0.000     0.000
kernel: raster_bez_write                                 5     1.980     3.1%     1.980     3.1%     1.974     0.005
logical PN: dice + shade + pack (project_to_screen)      9     1.599     2.5%     0.083     0.1%     0.000     0.000
logical PN:   - _dice_logical_pn                         9     1.515     2.4%     0.397     0.6%     0.000     0.000
raster:   - compact_sheets                               5     1.202     1.9%     0.485     0.8%     0.000     0.000
kernel: wavefront_traverse_events                       40     1.159     1.8%     1.159     1.8%     0.892     0.267
  - refit-BVH build (in merge)                           6     0.957     1.5%     0.957     1.5%     0.000     0.000
logical PN:     - subdivision levels                     9     0.815     1.3%     0.054     0.1%     0.000     0.000
kernel: gloss_composite                                 50     0.744     1.2%     0.744     1.2%     0.736     0.007
AttributeTimeline.modify                              4578     0.669     1.1%     0.669     1.1%     0.000     0.000
logical PN:       - edge level search                    9     0.478     0.8%     0.092     0.1%     0.000     0.000
beziers: sample + pack (project_to_screen)               3     0.446     0.7%     0.001     0.0%     0.000     0.000
post-process (downsample/FXAA/glow)                      5     0.428     0.7%     0.046     0.1%     0.000     0.000
AttributeTimeline.add                                 2770     0.409     0.6%     0.409     0.6%     0.000     0.000
AttributeTimeline.rematerialize_state_at_times          78     0.406     0.6%     0.406     0.6%     0.000     0.000
logical PN:         - edge chord error                  12     0.386     0.6%     0.386     0.6%     0.000     0.000
kernel: gloss_pyramid_level                            450     0.385     0.6%     0.385     0.6%     0.333     0.045
kernel: pn_edge_chord_error                             12     0.384     0.6%     0.384     0.6%     0.383     0.001
kernel: gloss_scatter                                   50     0.319     0.5%     0.319     0.5%     0.302     0.016
kernel: wf_composite_accum_sparse                       50     0.298     0.5%     0.298     0.5%     0.278     0.015
logical PN:       - patch level search                   9     0.280     0.4%     0.031     0.0%     0.000     0.000
beziers:   - _compute_samples_per_segment                3     0.261     0.4%     0.261     0.4%     0.000     0.000
kernel: bezier_chord_hull_error                         12     0.255     0.4%     0.255     0.4%     0.254     0.000
logical PN:         - patch flatness error              18     0.252     0.4%     0.252     0.4%     0.000     0.000
kernel: pn_patch_flatness_error                         18     0.248     0.4%     0.248     0.4%     0.244     0.003
Surface.get_render_primitives                            3     0.238     0.4%     0.223     0.4%     0.000     0.000
free-VRAM probe (empty_cache)                           10     0.237     0.4%     0.237     0.4%     0.000     0.000
logical PN:     - interpolate attrs                    343     0.193     0.3%     0.193     0.3%     0.000     0.000
raster:     - sheets lexsort                            15     0.183     0.3%     0.183     0.3%     0.000     0.000
beziers:   - _build_circuit_geometry                     3     0.177     0.3%     0.177     0.3%     0.000     0.000
post:   - tonemap/finalize                               5     0.169     0.3%     0.169     0.3%     0.000     0.000
post:   - bloom fft conv                                20     0.166     0.3%     0.166     0.3%     0.000     0.000
raster:     - sheets conflict rank                       5     0.157     0.2%     0.157     0.2%     0.000     0.000
kernel: sheet_conflict_rank                              5     0.157     0.2%     0.157     0.2%     0.143     0.013
raster:   - window pairs                                10     0.138     0.2%     0.138     0.2%     0.000     0.000
raster:     - sheets band reduce                        10     0.127     0.2%     0.127     0.2%     0.000     0.000
kernel: sheet_band_reduce                               10     0.120     0.2%     0.120     0.2%     0.115     0.005
raster:     - sheets shade class                         5     0.112     0.2%     0.112     0.2%     0.000     0.000
raster:     - sheets band composite                      5     0.105     0.2%     0.051     0.1%     0.000     0.000
raster:     - sheets prim split                          5     0.085     0.1%     0.085     0.1%     0.000     0.000
raster:   - fragment sort                                5     0.084     0.1%     0.084     0.1%     0.000     0.000
wavefront:   - raster tables (batch)                     3     0.081     0.1%     0.001     0.0%     0.000     0.000
scene upload to arena                                    3     0.076     0.1%     0.076     0.1%     0.000     0.000
wavefront:   - compact active                           45     0.063     0.1%     0.063     0.1%     0.000     0.000
logical PN:     - snap boundary                         34     0.061     0.1%     0.061     0.1%     0.000     0.000
kernel: compact_ray_slots                               45     0.050     0.1%     0.050     0.1%     0.035     0.013
kernel: mask_popcount                                    5     0.046     0.1%     0.046     0.1%     0.046     0.000
  - bezier edge accel (in merge)                         3     0.045     0.1%     0.045     0.1%     0.000     0.000
post:   - device->host copy                              5     0.043     0.1%     0.043     0.1%     0.000     0.000
raster:   - precompute tri projection                    3     0.042     0.1%     0.042     0.1%     0.000     0.000
BezierCircuitCubic.get_render_primitives                 3     0.035     0.1%     0.023     0.0%     0.000     0.000
video encode tail (ffmpeg drain)                         1     0.032     0.1%     0.032     0.1%     0.000     0.000
logical PN:     - evaluate patch                        17     0.030     0.0%     0.030     0.0%     0.000     0.000
raster:   - precompute bez bounds                        3     0.022     0.0%     0.022     0.0%     0.000     0.000
logical PN:     - evaluate normals                      17     0.019     0.0%     0.019     0.0%     0.000     0.000
raster:   - precompute tri bounds                        3     0.017     0.0%     0.017     0.0%     0.000     0.000
raster:   - fragment gather                              5     0.017     0.0%     0.017     0.0%     0.000     0.000
background prefill                                       5     0.011     0.0%     0.011     0.0%     0.000     0.000
memory reclaim (gc + cuda cache)                        14     0.008     0.0%     0.008     0.0%     0.000     0.000
beziers:   - _build_frame_bounds                         3     0.006     0.0%     0.006     0.0%     0.000     0.000
post:   - bloom downsample                               5     0.004     0.0%     0.004     0.0%     0.000     0.000
raster:     - sheets sibling weights                     5     0.002     0.0%     0.002     0.0%     0.000     0.000
(unaccounted: video encode, scene mgmt, ...)                 -72.263  -113.8%

GPU telemetry over render (405 samples @ ~10 Hz, min/avg/max):
  utilization  0/7/96 %   mem-util 0/3/81 %
  SM clock     585/680/1590 MHz   mem clock 5000/5000/5000 MHz
  temperature  73/74/78 C   power 34/37/84 W
  ** THROTTLING observed: SwPowerCap (run-to-run timing is unreliable) **

GPU memory: peak allocated 9018 MB, peak reserved 8670 MB
  batch 0: merged tensors 677.9 MB, BVHs 31.0 MB (cuda after merge 7958 MB)
    counts: num_colored_triangles=0, num_triangles=26810, num_circuits=41, num_frames=19
    tri_bvh: 0 instances, 13337 nodes, 0 leaves, 15.5 MB
    tri_opaque_bvh: 0 instances, 13337 nodes, 0 leaves, 15.5 MB
    bez_bvh: 0 instances, 20 nodes, 0 leaves, 0.0 MB
    bez_opaque_bvh: 0 instances, 20 nodes, 0 leaves, 0.0 MB
    textures: (19, 1573790, 5) = 570.3 MB
    tri_mat: (19, 26810, 34) = 66.1 MB
    tri_pos: (19, 26810, 9) = 17.5 MB
    tri_norm: (19, 26810, 9) = 17.5 MB
    tri_obj: (19, 26810) = 1.9 MB
    tri_tex_meta: (26810, 10) = 1.0 MB
  batch 1: merged tensors 678.4 MB, BVHs 31.4 MB (cuda after merge 7847 MB)
    counts: num_colored_triangles=0, num_triangles=26922, num_circuits=41, num_frames=19
    tri_bvh: 0 instances, 13536 nodes, 0 leaves, 15.7 MB
    tri_opaque_bvh: 0 instances, 13536 nodes, 0 leaves, 15.7 MB
    bez_bvh: 0 instances, 20 nodes, 0 leaves, 0.0 MB
    bez_opaque_bvh: 0 instances, 20 nodes, 0 leaves, 0.0 MB
    textures: (19, 1573918, 5) = 570.4 MB
    tri_mat: (19, 26922, 34) = 66.3 MB
    tri_pos: (19, 26922, 9) = 17.6 MB
    tri_norm: (19, 26922, 9) = 17.6 MB
    tri_obj: (19, 26922) = 2.0 MB
    tri_tex_meta: (26922, 10) = 1.0 MB
  batch 2: merged tensors 429.2 MB, BVHs 19.8 MB (cuda after merge 7146 MB)
    counts: num_colored_triangles=0, num_triangles=26946, num_circuits=41, num_frames=12
    tri_bvh: 0 instances, 13528 nodes, 0 leaves, 9.9 MB
    tri_opaque_bvh: 0 instances, 13528 nodes, 0 leaves, 9.9 MB
    bez_bvh: 0 instances, 20 nodes, 0 leaves, 0.0 MB
    bez_opaque_bvh: 0 instances, 20 nodes, 0 leaves, 0.0 MB
    textures: (12, 1573726, 5) = 360.2 MB
    tri_mat: (12, 26946, 34) = 41.9 MB
    tri_pos: (12, 26946, 9) = 11.1 MB
    tri_norm: (12, 26946, 9) = 11.1 MB
    tri_obj: (12, 26946) = 1.2 MB
    tri_tex_meta: (26946, 10) = 1.0 MB
  cProfile dump: disabled (set ALGAN_PROFILE_CPROFILE=1)

------------------------------------------------------------------------------
RUN 2 (warm (steady state)): end-to-end 9.90s
------------------------------------------------------------------------------
incl is wall time, excl is time spent in function excluding sub-processes of another tracked stage
stage                                                calls  incl (s) incl (%)  excl (s)  excl (%)launch    sync      
Scene.get_batch_of_primitives                            3     4.977    50.3%     0.563     5.7%     0.000     0.000
ray traced render total                                  5     3.997    40.4%     0.035     0.4%     0.000     0.000
wavefront_loop                                           5     3.767    38.1%     1.341    13.6%     0.000     0.000
arena preflight (batch)                                  3     2.856    28.9%     0.012     0.1%     0.000     0.000
AnimationTimeline.set_state_to_times                     3     2.361    23.9%     1.380    13.9%     0.000     0.000
surfaces: get_render_primitives_batched                  6     1.828    18.5%     1.639    16.6%     0.000     0.000
merge collections + build BVHs                           3     1.720    17.4%     0.915     9.2%     0.000     0.000
raster: sparse discovery                                 5     1.607    16.2%     0.433     4.4%     0.000     0.000
AttributeTimeline.get                                22702     1.497    15.1%     1.497    15.1%     0.000     0.000
  - project_to_screen (prewarm)                          3     1.087    11.0%     0.272     2.7%     0.000     0.000
raster:   - compact_sheets                               5     0.934     9.4%     0.530     5.4%     0.000     0.000
  - refit-BVH build (in merge)                           6     0.756     7.6%     0.756     7.6%     0.000     0.000
logical PN: dice + shade + pack (project_to_screen)      9     0.753     7.6%     0.063     0.6%     0.000     0.000
logical PN:   - _dice_logical_pn                         9     0.691     7.0%     0.331     3.3%     0.000     0.000
kernel: wavefront_shade                                 40     0.690     7.0%     0.690     7.0%     0.046     0.643
raster: sparse resolve                                   5     0.672     6.8%     0.672     6.8%     0.000     0.000
kernel: raster_shadow_trace                              5     0.570     5.8%     0.570     5.8%     0.005     0.565
AttributeTimeline.rematerialize_state_at_times          78     0.376     3.8%     0.376     3.8%     0.000     0.000
AttributeTimeline.modify                              4578     0.323     3.3%     0.323     3.3%     0.000     0.000
kernel: wavefront_traverse_events                       40     0.309     3.1%     0.309     3.1%     0.045     0.262
AttributeTimeline.add                                 2770     0.257     2.6%     0.257     2.6%     0.000     0.000
free-VRAM probe (empty_cache)                           10     0.214     2.2%     0.214     2.2%     0.000     0.000
logical PN:     - interpolate attrs                    343     0.192     1.9%     0.192     1.9%     0.000     0.000
post-process (downsample/FXAA/glow)                      5     0.184     1.9%     0.043     0.4%     0.000     0.000
raster:     - sheets lexsort                            15     0.164     1.7%     0.164     1.7%     0.000     0.000
raster:   - window pairs                                10     0.138     1.4%     0.138     1.4%     0.000     0.000
kernel: gloss_pyramid_level                            450     0.137     1.4%     0.137     1.4%     0.077     0.053
kernel: raster_tri_count                                10     0.118     1.2%     0.118     1.2%     0.009     0.107
raster:     - sheets shade class                         5     0.108     1.1%     0.108     1.1%     0.000     0.000
kernel: raster_tri_write                                10     0.106     1.1%     0.106     1.1%     0.006     0.099
post:   - bloom fft conv                                20     0.100     1.0%     0.100     1.0%     0.000     0.000
logical PN:     - subdivision levels                     9     0.085     0.9%     0.023     0.2%     0.000     0.000
raster:     - sheets prim split                          5     0.082     0.8%     0.082     0.8%     0.000     0.000
wavefront:   - compact active                           45     0.080     0.8%     0.080     0.8%     0.000     0.000
raster:   - fragment sort                                5     0.079     0.8%     0.079     0.8%     0.000     0.000
scene upload to arena                                    3     0.078     0.8%     0.078     0.8%     0.000     0.000
Surface.get_render_primitives                            3     0.074     0.8%     0.069     0.7%     0.000     0.000
kernel: sheet_resolve_shade                             10     0.071     0.7%     0.071     0.7%     0.019     0.052
wavefront:   - raster tables (batch)                     3     0.066     0.7%     0.003     0.0%     0.000     0.000
beziers: sample + pack (project_to_screen)               3     0.062     0.6%     0.001     0.0%     0.000     0.000
video encode tail (ffmpeg drain)                         1     0.056     0.6%     0.056     0.6%     0.000     0.000
kernel: compact_ray_slots                               45     0.048     0.5%     0.048     0.5%     0.023     0.020
  - bezier edge accel (in merge)                         3     0.048     0.5%     0.048     0.5%     0.000     0.000
beziers:   - _build_circuit_geometry                     3     0.043     0.4%     0.043     0.4%     0.000     0.000
logical PN:       - patch level search                   9     0.039     0.4%     0.019     0.2%     0.000     0.000
logical PN:     - evaluate patch                        17     0.034     0.3%     0.034     0.3%     0.000     0.000
raster:     - sheets band reduce                        10     0.029     0.3%     0.029     0.3%     0.000     0.000
raster:   - precompute bez bounds                        3     0.029     0.3%     0.029     0.3%     0.000     0.000
logical PN:     - snap boundary                         34     0.028     0.3%     0.028     0.3%     0.000     0.000
post:   - device->host copy                              5     0.028     0.3%     0.028     0.3%     0.000     0.000
logical PN:         - patch flatness error              18     0.026     0.3%     0.026     0.3%     0.000     0.000
raster:   - precompute tri projection                    3     0.024     0.2%     0.024     0.2%     0.000     0.000
kernel: sheet_band_reduce                               10     0.024     0.2%     0.024     0.2%     0.003     0.021
kernel: gloss_scatter                                   50     0.024     0.2%     0.024     0.2%     0.014     0.009
raster:   - fragment gather                              5     0.023     0.2%     0.023     0.2%     0.000     0.000
logical PN:     - evaluate normals                      17     0.020     0.2%     0.020     0.2%     0.000     0.000
kernel: gloss_composite                                 50     0.020     0.2%     0.020     0.2%     0.011     0.005
kernel: wf_composite_accum_sparse                       50     0.019     0.2%     0.019     0.2%     0.012     0.006
logical PN:       - edge level search                    9     0.018     0.2%     0.009     0.1%     0.000     0.000
BezierCircuitCubic.get_render_primitives                 3     0.016     0.2%     0.014     0.1%     0.000     0.000
raster:     - sheets band composite                      5     0.015     0.1%     0.006     0.1%     0.000     0.000
kernel: pn_patch_flatness_error                         18     0.013     0.1%     0.013     0.1%     0.012     0.001
raster:     - sheets conflict rank                       5     0.013     0.1%     0.013     0.1%     0.000     0.000
kernel: sheet_conflict_rank                              5     0.012     0.1%     0.012     0.1%     0.004     0.007
background prefill                                       5     0.011     0.1%     0.011     0.1%     0.000     0.000
beziers:   - _compute_samples_per_segment                3     0.010     0.1%     0.010     0.1%     0.000     0.000
kernel: raster_bez_write                                 5     0.010     0.1%     0.010     0.1%     0.006     0.004
raster:   - precompute tri bounds                        3     0.010     0.1%     0.010     0.1%     0.000     0.000
logical PN:         - edge chord error                  12     0.010     0.1%     0.010     0.1%     0.000     0.000
post:   - tonemap/finalize                               5     0.008     0.1%     0.008     0.1%     0.000     0.000
kernel: pn_edge_chord_error                             12     0.008     0.1%     0.008     0.1%     0.004     0.003
beziers:   - _build_frame_bounds                         3     0.007     0.1%     0.007     0.1%     0.000     0.000
kernel: raster_bez_count                                 5     0.007     0.1%     0.007     0.1%     0.003     0.004
memory reclaim (gc + cuda cache)                        14     0.007     0.1%     0.007     0.1%     0.000     0.000
kernel: bezier_chord_hull_error                         12     0.005     0.1%     0.005     0.1%     0.005     0.000
post:   - bloom downsample                               5     0.004     0.0%     0.004     0.0%     0.000     0.000
raster:     - sheets sibling weights                     5     0.002     0.0%     0.002     0.0%     0.000     0.000
kernel: mask_popcount                                    5     0.001     0.0%     0.001     0.0%     0.001     0.000
(unaccounted: video encode, scene mgmt, ...)                  -5.583   -56.4%

GPU telemetry over render (69 samples @ ~10 Hz, min/avg/max):
  utilization  0/40/97 %   mem-util 0/17/84 %
  SM clock     585/1445/1590 MHz   mem clock 5000/5000/5000 MHz
  temperature  76/78/80 C   power 35/55/81 W
  ** THROTTLING observed: SwPowerCap (run-to-run timing is unreliable) **

GPU memory: peak allocated 8854 MB, peak reserved 8628 MB
  batch 0: merged tensors 677.9 MB, BVHs 31.0 MB (cuda after merge 7794 MB)
    counts: num_colored_triangles=0, num_triangles=26810, num_circuits=41, num_frames=19
    tri_bvh: 0 instances, 13337 nodes, 0 leaves, 15.5 MB
    tri_opaque_bvh: 0 instances, 13337 nodes, 0 leaves, 15.5 MB
    bez_bvh: 0 instances, 20 nodes, 0 leaves, 0.0 MB
    bez_opaque_bvh: 0 instances, 20 nodes, 0 leaves, 0.0 MB
    textures: (19, 1573790, 5) = 570.3 MB
    tri_mat: (19, 26810, 34) = 66.1 MB
    tri_pos: (19, 26810, 9) = 17.5 MB
    tri_norm: (19, 26810, 9) = 17.5 MB
    tri_obj: (19, 26810) = 1.9 MB
    tri_tex_meta: (26810, 10) = 1.0 MB
  batch 1: merged tensors 678.4 MB, BVHs 31.4 MB (cuda after merge 7795 MB)
    counts: num_colored_triangles=0, num_triangles=26922, num_circuits=41, num_frames=19
    tri_bvh: 0 instances, 13536 nodes, 0 leaves, 15.7 MB
    tri_opaque_bvh: 0 instances, 13536 nodes, 0 leaves, 15.7 MB
    bez_bvh: 0 instances, 20 nodes, 0 leaves, 0.0 MB
    bez_opaque_bvh: 0 instances, 20 nodes, 0 leaves, 0.0 MB
    textures: (19, 1573918, 5) = 570.4 MB
    tri_mat: (19, 26922, 34) = 66.3 MB
    tri_pos: (19, 26922, 9) = 17.6 MB
    tri_norm: (19, 26922, 9) = 17.6 MB
    tri_obj: (19, 26922) = 2.0 MB
    tri_tex_meta: (26922, 10) = 1.0 MB
  batch 2: merged tensors 429.2 MB, BVHs 19.8 MB (cuda after merge 7093 MB)
    counts: num_colored_triangles=0, num_triangles=26946, num_circuits=41, num_frames=12
    tri_bvh: 0 instances, 13528 nodes, 0 leaves, 9.9 MB
    tri_opaque_bvh: 0 instances, 13528 nodes, 0 leaves, 9.9 MB
    bez_bvh: 0 instances, 20 nodes, 0 leaves, 0.0 MB
    bez_opaque_bvh: 0 instances, 20 nodes, 0 leaves, 0.0 MB
    textures: (12, 1573726, 5) = 360.2 MB
    tri_mat: (12, 26946, 34) = 41.9 MB
    tri_pos: (12, 26946, 9) = 11.1 MB
    tri_norm: (12, 26946, 9) = 11.1 MB
    tri_obj: (12, 26946) = 1.2 MB
    tri_tex_meta: (26946, 10) = 1.0 MB
  cProfile dump: disabled (set ALGAN_PROFILE_CPROFILE=1)

------------------------------------------------------------------------------
Registers / occupancy not collected in-process (Taichi CUPTI toolkit unavailable here).
Run this to get them via nvprof:

  # registers per thread (no admin needed):
  ALGAN_UNDER_NVPROF=1 nvprof --print-gpu-trace --csv /content/algan/.venv/bin/python3 benchmarks/performance/nn_scene_PREVIEW.py
  # achieved occupancy (may need admin on Pascal):
  ALGAN_UNDER_NVPROF=1 nvprof --metrics achieved_occupancy --csv /content/algan/.venv/bin/python3 benchmarks/performance/nn_scene_PREVIEW.py
report written to algan_profile_report_nn_PREVIEW.txt
