Rendering device set to cuda
Began rendering profilingnn_PREVIEW_run1.mp4
Finished rendering profilingnn_PREVIEW_run1.mp4 in 69.3 s
Began rendering profilingnn_PREVIEW_run2.mp4
Finished rendering profilingnn_PREVIEW_run2.mp4 in 16.7 s
[Taichi] version 1.7.4, llvm 15.0.4, commit b4b956fd, linux, python 3.13.15
[Taichi] Starting on arch=cuda
[profiling] hooked 34 Taichi kernels (170 ti.funcs are inlined and not separately timed)

===== profiling run 1/2 (cold) =====

===== profiling run 2/2 (warm) =====

==============================================================================
Algan ray-tracing scene profile
==============================================================================
device: Tesla T4
  driver 580.82.07  compute cap 7.5  15360 MiB  max SM 1590 MHz / mem 5001 MHz  PCIe gen3 x16
  profiling tools: nvidia-smi=yes, nvprof=yes, ncu=yes, nsys=no
  Taichi kernel profiler: off (wall-time only)
  hooked kernels (34): bezier_chord_hull_error, compact_ray_slots, env_background_prefill, fill_background_from_func, finalize_samples, gather_fragment_arrays, gloss_composite, gloss_pyramid_level, gloss_scatter, mask_popcount, path_trace_physical_stbvh, path_trace_scene_stbvh, pn_edge_chord_error, pn_patch_flatness_error, raster_bez_count, raster_bez_write, raster_shadow_trace, raster_tri_count, raster_tri_write, sheet_band_reduce, sheet_conflict_rank, sheet_resolve_shade, wavefront_generate_rays, wavefront_shade, wavefront_shadow, wavefront_traverse, wavefront_traverse_events, wf_composite, wf_composite_aa, wf_composite_accum, wf_composite_accum_aa, wf_composite_accum_sparse, wf_finalize_aa, wf_finalize_uncovered

------------------------------------------------------------------------------
RUN 1 (cold (includes Taichi JIT compile)): end-to-end 69.88s
------------------------------------------------------------------------------
incl is wall time, excl is time spent in function excluding sub-processes of another tracked stage
stage                                                calls  incl (s) incl (%)  excl (s)  excl (%)launch    sync      
ray traced render total                                  6    56.451    80.8%     0.025     0.0%     0.000     0.000
wavefront_loop                                           6    56.073    80.2%    15.592    22.3%     0.000     0.000
raster: sparse resolve                                  50    34.304    49.1%    34.304    49.1%     0.000     0.000
kernel: sheet_resolve_shade                            100    30.294    43.4%    30.294    43.4%    30.211     0.081
Scene.get_batch_of_primitives                            4    14.809    21.2%     1.999     2.9%     0.000     0.000
kernel: wavefront_shade                                319     9.843    14.1%     9.843    14.1%     7.748     2.086
AnimationTimeline.set_state_to_times                     4     6.988    10.0%     5.043     7.2%     0.000     0.000
raster: sparse discovery                                 6     6.093     8.7%     6.093     8.7%     0.000     0.000
surfaces: get_render_primitives_batched                  8     5.404     7.7%     4.322     6.2%     0.000     0.000
arena preflight (batch)                                  4     5.311     7.6%     0.025     0.0%     0.000     0.000
kernel: wavefront_traverse_events                      319     3.968     5.7%     3.968     5.7%     3.003     0.949
kernel: raster_shadow_trace                             50     3.868     5.5%     3.868     5.5%     3.119     0.747
AttributeTimeline.get                                25821     3.336     4.8%     3.336     4.8%     0.000     0.000
video encode tail (ffmpeg drain)                         1     3.150     4.5%     3.150     4.5%     0.000     0.000
  - project_to_screen (prewarm)                          4     2.873     4.1%     0.378     0.5%     0.000     0.000
merge collections + build BVHs                           4     2.338     3.3%     1.166     1.7%     0.000     0.000
logical PN: dice + shade + pack (project_to_screen)     12     2.128     3.0%     0.076     0.1%     0.000     0.000
logical PN:   - _dice_logical_pn                        12     2.053     2.9%     0.626     0.9%     0.000     0.000
kernel: raster_tri_count                                12     1.688     2.4%     1.688     2.4%     1.552     0.135
kernel: raster_tri_write                                12     1.538     2.2%     1.538     2.2%     1.420     0.114
  - refit-BVH build (in merge)                           8     1.113     1.6%     1.113     1.6%     0.000     0.000
logical PN:     - subdivision levels                    12     1.030     1.5%     0.115     0.2%     0.000     0.000
kernel: raster_bez_count                                 6     0.739     1.1%     0.739     1.1%     0.730     0.009
logical PN:       - edge level search                   12     0.539     0.8%     0.110     0.2%     0.000     0.000
kernel: raster_bez_write                                 6     0.528     0.8%     0.528     0.8%     0.523     0.006
AttributeTimeline.rematerialize_state_at_times         104     0.520     0.7%     0.520     0.7%     0.000     0.000
logical PN:         - edge chord error                  16     0.429     0.6%     0.429     0.6%     0.000     0.000
AttributeTimeline.modify                              4836     0.428     0.6%     0.428     0.6%     0.000     0.000
kernel: pn_edge_chord_error                             16     0.426     0.6%     0.426     0.6%     0.425     0.001
logical PN:       - patch level search                  12     0.371     0.5%     0.049     0.1%     0.000     0.000
beziers: sample + pack (project_to_screen)               4     0.367     0.5%     0.002     0.0%     0.000     0.000
kernel: compact_ray_slots                              369     0.345     0.5%     0.345     0.5%     0.158     0.179
post-process (downsample/FXAA/glow)                      6     0.341     0.5%     0.033     0.0%     0.000     0.000
logical PN:         - patch flatness error              24     0.326     0.5%     0.326     0.5%     0.000     0.000
kernel: pn_patch_flatness_error                         24     0.319     0.5%     0.319     0.5%     0.317     0.002
kernel: gloss_composite                                 50     0.314     0.4%     0.314     0.4%     0.311     0.002
kernel: gloss_pyramid_level                            450     0.291     0.4%     0.291     0.4%     0.193     0.087
logical PN:     - interpolate attrs                    440     0.270     0.4%     0.270     0.4%     0.000     0.000
AttributeTimeline.add                                 2770     0.270     0.4%     0.270     0.4%     0.000     0.000
free-VRAM probe (empty_cache)                           13     0.225     0.3%     0.225     0.3%     0.000     0.000
beziers:   - _compute_samples_per_segment                4     0.201     0.3%     0.201     0.3%     0.000     0.000
kernel: bezier_chord_hull_error                         16     0.193     0.3%     0.193     0.3%     0.192     0.001
beziers:   - _build_circuit_geometry                     4     0.154     0.2%     0.154     0.2%     0.000     0.000
post:   - bloom fft conv                                24     0.140     0.2%     0.140     0.2%     0.000     0.000
kernel: sheet_conflict_rank                              6     0.138     0.2%     0.138     0.2%     0.120     0.017
Surface.get_render_primitives                            4     0.134     0.2%     0.113     0.2%     0.000     0.000
post:   - tonemap/finalize                               6     0.130     0.2%     0.130     0.2%     0.000     0.000
kernel: gloss_scatter                                   50     0.118     0.2%     0.118     0.2%     0.113     0.004
kernel: sheet_band_reduce                               12     0.106     0.2%     0.106     0.2%     0.099     0.006
kernel: wf_composite_accum_sparse                       50     0.095     0.1%     0.095     0.1%     0.090     0.005
logical PN:     - snap boundary                         44     0.082     0.1%     0.082     0.1%     0.000     0.000
scene upload to arena                                    4     0.067     0.1%     0.067     0.1%     0.000     0.000
  - bezier edge accel (in merge)                         4     0.059     0.1%     0.059     0.1%     0.000     0.000
kernel: mask_popcount                                    6     0.056     0.1%     0.056     0.1%     0.055     0.000
BezierCircuitCubic.get_render_primitives                 4     0.051     0.1%     0.039     0.1%     0.000     0.000
memory reclaim (gc + cuda cache)                        18     0.037     0.1%     0.037     0.1%     0.000     0.000
raster:   - precompute tri projection                    4     0.036     0.1%     0.036     0.1%     0.000     0.000
raster:   - precompute bez bounds                        4     0.031     0.0%     0.031     0.0%     0.000     0.000
post:   - device->host copy                              6     0.027     0.0%     0.027     0.0%     0.000     0.000
logical PN:     - evaluate patch                        22     0.027     0.0%     0.027     0.0%     0.000     0.000
logical PN:     - evaluate normals                      22     0.018     0.0%     0.018     0.0%     0.000     0.000
raster:   - precompute tri bounds                        4     0.016     0.0%     0.016     0.0%     0.000     0.000
background prefill                                       6     0.012     0.0%     0.012     0.0%     0.000     0.000
post:   - bloom downsample                               6     0.011     0.0%     0.011     0.0%     0.000     0.000
beziers:   - _build_frame_bounds                         4     0.010     0.0%     0.010     0.0%     0.000     0.000
(unaccounted: video encode, scene mgmt, ...)                 -66.224   -94.8%

GPU telemetry over render (447 samples @ ~10 Hz, min/avg/max):
  utilization  0/9/96 %   mem-util 0/3/85 %
  SM clock     585/769/1590 MHz   mem clock 5000/5000/5000 MHz
  temperature  76/77/81 C   power 35/39/83 W
  ** THROTTLING observed: SwPowerCap (run-to-run timing is unreliable) **

GPU memory: peak allocated 9018 MB, peak reserved 7764 MB
  batch 0: merged tensors 677.9 MB, BVHs 31.0 MB (cuda after merge 7958 MB)
    counts: num_colored_triangles=0, num_triangles=26810, num_circuits=41, num_frames=19
    tri_bvh: 0 instances, 13337 nodes, 0 leaves, 15.5 MB
    tri_opaque_bvh: 0 instances, 13337 nodes, 0 leaves, 15.5 MB
    bez_bvh: 0 instances, 20 nodes, 0 leaves, 0.0 MB
    bez_opaque_bvh: 0 instances, 20 nodes, 0 leaves, 0.0 MB
    textures: (19, 1573790, 5) = 570.3 MB
    tri_mat: (19, 26810, 34) = 66.1 MB
    tri_pos: (19, 26810, 9) = 17.5 MB
    tri_norm: (19, 26810, 9) = 17.5 MB
    tri_obj: (19, 26810) = 1.9 MB
    tri_tex_meta: (26810, 10) = 1.0 MB
  batch 1: merged tensors 322.2 MB, BVHs 14.8 MB (cuda after merge 6844 MB)
    counts: num_colored_triangles=0, num_triangles=26854, num_circuits=41, num_frames=9
    tri_bvh: 0 instances, 13427 nodes, 0 leaves, 7.4 MB
    tri_opaque_bvh: 0 instances, 13427 nodes, 0 leaves, 7.4 MB
    bez_bvh: 0 instances, 20 nodes, 0 leaves, 0.0 MB
    bez_opaque_bvh: 0 instances, 20 nodes, 0 leaves, 0.0 MB
    textures: (9, 1573810, 5) = 270.2 MB
    tri_mat: (9, 26854, 34) = 31.3 MB
    tri_pos: (9, 26854, 9) = 8.3 MB
    tri_norm: (9, 26854, 9) = 8.3 MB
    tri_tex_meta: (26854, 10) = 1.0 MB
    tri_obj: (9, 26854) = 0.9 MB
  batch 2: merged tensors 500.4 MB, BVHs 23.1 MB (cuda after merge 7347 MB)
    counts: num_colored_triangles=0, num_triangles=26946, num_circuits=41, num_frames=14
    tri_bvh: 0 instances, 13521 nodes, 0 leaves, 11.6 MB
    tri_opaque_bvh: 0 instances, 13521 nodes, 0 leaves, 11.6 MB
    bez_bvh: 0 instances, 20 nodes, 0 leaves, 0.0 MB
    bez_opaque_bvh: 0 instances, 20 nodes, 0 leaves, 0.0 MB
    textures: (14, 1573808, 5) = 420.3 MB
    tri_mat: (14, 26946, 34) = 48.9 MB
    tri_pos: (14, 26946, 9) = 13.0 MB
    tri_norm: (14, 26946, 9) = 13.0 MB
    tri_obj: (14, 26946) = 1.4 MB
    tri_tex_meta: (26946, 10) = 1.0 MB
  batch 3: merged tensors 286.8 MB, BVHs 13.2 MB (cuda after merge 6745 MB)
    counts: num_colored_triangles=0, num_triangles=26942, num_circuits=41, num_frames=8
    tri_bvh: 0 instances, 13477 nodes, 0 leaves, 6.6 MB
    tri_opaque_bvh: 0 instances, 13477 nodes, 0 leaves, 6.6 MB
    bez_bvh: 0 instances, 20 nodes, 0 leaves, 0.0 MB
    bez_opaque_bvh: 0 instances, 20 nodes, 0 leaves, 0.0 MB
    textures: (8, 1573708, 5) = 240.1 MB
    tri_mat: (8, 26942, 34) = 28.0 MB
    tri_pos: (8, 26942, 9) = 7.4 MB
    tri_norm: (8, 26942, 9) = 7.4 MB
    tri_tex_meta: (26942, 10) = 1.0 MB
    tri_obj: (8, 26942) = 0.8 MB
  cProfile dump: disabled (set ALGAN_PROFILE_CPROFILE=1)

------------------------------------------------------------------------------
RUN 2 (warm (steady state)): end-to-end 17.05s
------------------------------------------------------------------------------
incl is wall time, excl is time spent in function excluding sub-processes of another tracked stage
stage                                                calls  incl (s) incl (%)  excl (s)  excl (%)launch    sync      
ray traced render total                                  6     8.074    47.3%     0.037     0.2%     0.000     0.000
wavefront_loop                                           6     7.840    46.0%     4.874    28.6%     0.000     0.000
Scene.get_batch_of_primitives                            4     6.476    38.0%     1.148     6.7%     0.000     0.000
video encode tail (ffmpeg drain)                         1     3.257    19.1%     3.257    19.1%     0.000     0.000
arena preflight (batch)                                  4     3.194    18.7%     0.015     0.1%     0.000     0.000
surfaces: get_render_primitives_batched                  8     2.822    16.6%     2.456    14.4%     0.000     0.000
kernel: wavefront_shade                                319     2.556    15.0%     2.556    15.0%     0.452     2.090
AnimationTimeline.set_state_to_times                     4     2.289    13.4%     1.392     8.2%     0.000     0.000
merge collections + build BVHs                           4     2.040    12.0%     0.874     5.1%     0.000     0.000
AttributeTimeline.get                                25543     1.610     9.4%     1.610     9.4%     0.000     0.000
raster: sparse discovery                                 6     1.581     9.3%     1.581     9.3%     0.000     0.000
raster: sparse resolve                                  50     1.274     7.5%     1.274     7.5%     0.000     0.000
kernel: wavefront_traverse_events                      319     1.241     7.3%     1.241     7.3%     0.316     0.916
  - refit-BVH build (in merge)                           8     1.112     6.5%     1.112     6.5%     0.000     0.000
  - project_to_screen (prewarm)                          4     1.078     6.3%     0.273     1.6%     0.000     0.000
kernel: raster_shadow_trace                             50     0.800     4.7%     0.800     4.7%     0.085     0.713
logical PN: dice + shade + pack (project_to_screen)     12     0.718     4.2%     0.063     0.4%     0.000     0.000
logical PN:   - _dice_logical_pn                        12     0.655     3.8%     0.311     1.8%     0.000     0.000
AttributeTimeline.rematerialize_state_at_times         104     0.340     2.0%     0.340     2.0%     0.000     0.000
AttributeTimeline.modify                              4836     0.338     2.0%     0.338     2.0%     0.000     0.000
kernel: sheet_resolve_shade                            100     0.300     1.8%     0.300     1.8%     0.206     0.088
AttributeTimeline.add                                 2770     0.267     1.6%     0.267     1.6%     0.000     0.000
kernel: compact_ray_slots                              369     0.250     1.5%     0.250     1.5%     0.097     0.142
free-VRAM probe (empty_cache)                           13     0.203     1.2%     0.203     1.2%     0.000     0.000
logical PN:     - interpolate attrs                    440     0.180     1.1%     0.180     1.1%     0.000     0.000
post-process (downsample/FXAA/glow)                      6     0.180     1.1%     0.039     0.2%     0.000     0.000
kernel: gloss_pyramid_level                            450     0.143     0.8%     0.143     0.8%     0.079     0.054
kernel: raster_tri_count                                12     0.114     0.7%     0.114     0.7%     0.007     0.105
post:   - bloom fft conv                                24     0.111     0.7%     0.111     0.7%     0.000     0.000
kernel: raster_tri_write                                12     0.102     0.6%     0.102     0.6%     0.009     0.092
beziers: sample + pack (project_to_screen)               4     0.087     0.5%     0.008     0.0%     0.000     0.000
scene upload to arena                                    4     0.082     0.5%     0.082     0.5%     0.000     0.000
logical PN:     - subdivision levels                    12     0.076     0.4%     0.017     0.1%     0.000     0.000
Surface.get_render_primitives                            4     0.061     0.4%     0.058     0.3%     0.000     0.000
beziers:   - _build_circuit_geometry                     4     0.055     0.3%     0.055     0.3%     0.000     0.000
raster:   - precompute bez bounds                        4     0.054     0.3%     0.054     0.3%     0.000     0.000
  - bezier edge accel (in merge)                         4     0.054     0.3%     0.054     0.3%     0.000     0.000
raster:   - precompute tri projection                    4     0.040     0.2%     0.040     0.2%     0.000     0.000
kernel: gloss_scatter                                   50     0.034     0.2%     0.034     0.2%     0.028     0.006
logical PN:     - snap boundary                         44     0.034     0.2%     0.034     0.2%     0.000     0.000
logical PN:       - patch level search                  12     0.030     0.2%     0.020     0.1%     0.000     0.000
logical PN:     - evaluate patch                        22     0.030     0.2%     0.030     0.2%     0.000     0.000
kernel: gloss_composite                                 50     0.027     0.2%     0.027     0.2%     0.016     0.010
BezierCircuitCubic.get_render_primitives                 4     0.027     0.2%     0.015     0.1%     0.000     0.000
logical PN:     - evaluate normals                      22     0.024     0.1%     0.024     0.1%     0.000     0.000
logical PN:       - edge level search                   12     0.023     0.1%     0.011     0.1%     0.000     0.000
kernel: raster_bez_count                                 6     0.019     0.1%     0.019     0.1%     0.009     0.006
post:   - device->host copy                              6     0.018     0.1%     0.018     0.1%     0.000     0.000
raster:   - precompute tri bounds                        4     0.017     0.1%     0.017     0.1%     0.000     0.000
background prefill                                       6     0.017     0.1%     0.017     0.1%     0.000     0.000
logical PN:         - patch flatness error              24     0.016     0.1%     0.016     0.1%     0.000     0.000
kernel: wf_composite_accum_sparse                       50     0.016     0.1%     0.016     0.1%     0.014     0.002
beziers:   - _compute_samples_per_segment                4     0.014     0.1%     0.014     0.1%     0.000     0.000
logical PN:         - edge chord error                  16     0.012     0.1%     0.012     0.1%     0.000     0.000
kernel: sheet_band_reduce                               12     0.011     0.1%     0.011     0.1%     0.007     0.004
kernel: pn_patch_flatness_error                         24     0.011     0.1%     0.011     0.1%     0.009     0.001
beziers:   - _build_frame_bounds                         4     0.009     0.1%     0.009     0.1%     0.000     0.000
kernel: pn_edge_chord_error                             16     0.009     0.1%     0.009     0.1%     0.007     0.001
memory reclaim (gc + cuda cache)                        18     0.009     0.1%     0.009     0.1%     0.000     0.000
post:   - bloom downsample                               6     0.008     0.0%     0.008     0.0%     0.000     0.000
kernel: sheet_conflict_rank                              6     0.007     0.0%     0.007     0.0%     0.002     0.005
kernel: raster_bez_write                                 6     0.007     0.0%     0.007     0.0%     0.004     0.003
kernel: bezier_chord_hull_error                         16     0.006     0.0%     0.006     0.0%     0.005     0.001
post:   - tonemap/finalize                               6     0.003     0.0%     0.003     0.0%     0.000     0.000
kernel: mask_popcount                                    6     0.003     0.0%     0.003     0.0%     0.001     0.002
(unaccounted: video encode, scene mgmt, ...)                 -10.986   -64.4%

GPU telemetry over render (114 samples @ ~10 Hz, min/avg/max):
  utilization  0/35/100 %   mem-util 0/12/88 %
  SM clock     585/1426/1590 MHz   mem clock 5000/5000/5000 MHz
  temperature  76/78/80 C   power 35/52/81 W
  ** THROTTLING observed: SwPowerCap (run-to-run timing is unreliable) **

GPU memory: peak allocated 8853 MB, peak reserved 7730 MB
  batch 0: merged tensors 677.9 MB, BVHs 31.0 MB (cuda after merge 7794 MB)
    counts: num_colored_triangles=0, num_triangles=26810, num_circuits=41, num_frames=19
    tri_bvh: 0 instances, 13337 nodes, 0 leaves, 15.5 MB
    tri_opaque_bvh: 0 instances, 13337 nodes, 0 leaves, 15.5 MB
    bez_bvh: 0 instances, 20 nodes, 0 leaves, 0.0 MB
    bez_opaque_bvh: 0 instances, 20 nodes, 0 leaves, 0.0 MB
    textures: (19, 1573790, 5) = 570.3 MB
    tri_mat: (19, 26810, 34) = 66.1 MB
    tri_pos: (19, 26810, 9) = 17.5 MB
    tri_norm: (19, 26810, 9) = 17.5 MB
    tri_obj: (19, 26810) = 1.9 MB
    tri_tex_meta: (26810, 10) = 1.0 MB
  batch 1: merged tensors 322.2 MB, BVHs 14.8 MB (cuda after merge 6793 MB)
    counts: num_colored_triangles=0, num_triangles=26854, num_circuits=41, num_frames=9
    tri_bvh: 0 instances, 13427 nodes, 0 leaves, 7.4 MB
    tri_opaque_bvh: 0 instances, 13427 nodes, 0 leaves, 7.4 MB
    bez_bvh: 0 instances, 20 nodes, 0 leaves, 0.0 MB
    bez_opaque_bvh: 0 instances, 20 nodes, 0 leaves, 0.0 MB
    textures: (9, 1573810, 5) = 270.2 MB
    tri_mat: (9, 26854, 34) = 31.3 MB
    tri_pos: (9, 26854, 9) = 8.3 MB
    tri_norm: (9, 26854, 9) = 8.3 MB
    tri_tex_meta: (26854, 10) = 1.0 MB
    tri_obj: (9, 26854) = 0.9 MB
  batch 2: merged tensors 500.4 MB, BVHs 23.1 MB (cuda after merge 7294 MB)
    counts: num_colored_triangles=0, num_triangles=26946, num_circuits=41, num_frames=14
    tri_bvh: 0 instances, 13521 nodes, 0 leaves, 11.6 MB
    tri_opaque_bvh: 0 instances, 13521 nodes, 0 leaves, 11.6 MB
    bez_bvh: 0 instances, 20 nodes, 0 leaves, 0.0 MB
    bez_opaque_bvh: 0 instances, 20 nodes, 0 leaves, 0.0 MB
    textures: (14, 1573808, 5) = 420.3 MB
    tri_mat: (14, 26946, 34) = 48.9 MB
    tri_pos: (14, 26946, 9) = 13.0 MB
    tri_norm: (14, 26946, 9) = 13.0 MB
    tri_obj: (14, 26946) = 1.4 MB
    tri_tex_meta: (26946, 10) = 1.0 MB
  batch 3: merged tensors 286.8 MB, BVHs 13.2 MB (cuda after merge 6694 MB)
    counts: num_colored_triangles=0, num_triangles=26942, num_circuits=41, num_frames=8
    tri_bvh: 0 instances, 13477 nodes, 0 leaves, 6.6 MB
    tri_opaque_bvh: 0 instances, 13477 nodes, 0 leaves, 6.6 MB
    bez_bvh: 0 instances, 20 nodes, 0 leaves, 0.0 MB
    bez_opaque_bvh: 0 instances, 20 nodes, 0 leaves, 0.0 MB
    textures: (8, 1573708, 5) = 240.1 MB
    tri_mat: (8, 26942, 34) = 28.0 MB
    tri_pos: (8, 26942, 9) = 7.4 MB
    tri_norm: (8, 26942, 9) = 7.4 MB
    tri_tex_meta: (26942, 10) = 1.0 MB
    tri_obj: (8, 26942) = 0.8 MB
  cProfile dump: disabled (set ALGAN_PROFILE_CPROFILE=1)

------------------------------------------------------------------------------
Registers / occupancy not collected in-process (Taichi CUPTI toolkit unavailable here).
Run this to get them via nvprof:

  # registers per thread (no admin needed):
  ALGAN_UNDER_NVPROF=1 nvprof --print-gpu-trace --csv /content/algan/.venv/bin/python3 benchmarks/performance/nn_scene_PREVIEW.py
  # achieved occupancy (may need admin on Pascal):
  ALGAN_UNDER_NVPROF=1 nvprof --metrics achieved_occupancy --csv /content/algan/.venv/bin/python3 benchmarks/performance/nn_scene_PREVIEW.py
report written to algan_profile_report_nn_PREVIEW.txt
