Rendering device set to cuda
[Taichi] version 1.7.4, llvm 15.0.4, commit b4b956fd, linux, python 3.13.15
[Taichi] Starting on arch=cuda
[profiling] hooked 34 Taichi kernels (170 ti.funcs are inlined and not separately timed)

===== profiling run 1/2 (cold) =====
Traceback (most recent call last):
  File "/content/algan/benchmarks/performance/nn_scene_PREVIEW.py", line 22, in <module>
    profile_scene(scene, PREVIEW, "nn_PREVIEW", runs=2, kernel_profiler=False)
    ~~~~~~~~~~~~~^^^^^^^^^^^^^^^^^^^^^^^^^^^^^^^^^^^^^^^^^^^^^^^^^^^^^^^^^^^^^
  File "/content/algan/algan/utils/profiling_utils.py", line 1377, in profile_scene
    run_once(scene_func, video_settings, tag, i, telemetry=telemetry)
    ~~~~~~~~^^^^^^^^^^^^^^^^^^^^^^^^^^^^^^^^^^^^^^^^^^^^^^^^^^^^^^^^^
  File "/content/algan/algan/utils/profiling_utils.py", line 1046, in run_once
    scene_func()
    ~~~~~~~~~~^^
  File "/content/algan/benchmarks/performance/nn_scene_PREVIEW.py", line 15, in scene
    label = Text('Neural Net MLP v3 processing an image of the globe').move_next_to(nn, DOWN).spawn()
            ~~~~^^^^^^^^^^^^^^^^^^^^^^^^^^^^^^^^^^^^^^^^^^^^^^^^^^^^^^
  File "/content/algan/algan/mobs/text.py", line 811, in __init__
    super().__init__(
    ~~~~~~~~~~~~~~~~^
        self.text,
        ^^^^^^^^^^
    ...<5 lines>...
        **kwargs,
        ^^^^^^^^^
    )
    ^
  File "/content/algan/algan/mobs/text.py", line 325, in __init__
    BezierCircuitCubic.from_batches(paths, **bezier_kwargs)
    ~~~~~~~~~~~~~~~~~~~~~~~~~~~~~~~^^^^^^^^^^^^^^^^^^^^^^^^
  File "/content/algan/algan/mobs/bezier_circuit.py", line 558, in from_batches
    mob = cls(torch.cat(batches, -2), *args, **kwargs)
  File "/content/algan/algan/mobs/bezier_circuit.py", line 435, in __init__
    self._nonplanar_plan = classify_circuit(control_points, filled)
                           ~~~~~~~~~~~~~~~~^^^^^^^^^^^^^^^^^^^^^^^^
  File "/content/algan/algan/mobs/nonplanar_circuit.py", line 460, in classify_circuit
    covariances = _window_covariances(flat, subpath_starts, subpath_ends)
  File "/content/algan/algan/mobs/nonplanar_circuit.py", line 214, in _window_covariances
    total = prefix1[ends] - prefix1[starts]
            ~~~~~~~^^^^^^
  File "/content/algan/.venv/lib/python3.13/site-packages/torch/utils/_device.py", line 104, in __torch_function__
    return func(*args, **kwargs)
RuntimeError: indices should be either on cpu or on the same device as the indexed tensor (cpu)
