=== tiles auto (2 renders)
render 0: 75.3s arena 6149 MB chunks [1, 1, 1, 1, 1, 1, 1, 1, 1, 1, 1, 1, 1, 1, 1, 1, 1, 1, 1, 1, 1, 1, 1, 1, 1, 1, 1, 2, 1] tiles [4165590, 4165705, 4165728, 4165732, 4165753, 4165785, 4165844, 4165878, 4165888, 4165926
render 1: 37.4s arena 6099 MB chunks [1, 1, 1, 1, 1, 1, 1, 1, 1, 1, 1, 1, 1, 1, 1, 1, 1, 1, 1, 1, 1, 1, 1, 1, 1, 1, 1, 1, 2] tiles [4119074, 4119190, 4119212, 4119216, 4119237, 4119269, 4119328, 4119362, 4119372, 4119410
DIFF frames compared: 30
worst channel diff: 0 (frame -1)
pixels over tol 2: worst frame 0 of 8294400 (0.000%, frame -1); mean 0.0/frame; 0 of 30 frames affected
=== tiles pinned 1048576
render 0: 73.6s arena 6087 MB chunks [1, 1, 1, 1, 1, 1, 1, 1, 1, 1, 1, 1, 1, 1, 1, 1, 1, 1, 1, 1, 1, 1, 1, 1, 1, 1, 1, 2, 1] tiles [1048576]
render 1: 31.1s arena 6099 MB chunks [1, 1, 1, 1, 1, 1, 1, 1, 1, 1, 1, 1, 1, 1, 1, 1, 1, 1, 1, 1, 1, 1, 1, 1, 1, 1, 1, 1, 2] tiles [1048576]
DIFF frames compared: 30
worst channel diff: 0 (frame -1)
pixels over tol 2: worst frame 0 of 8294400 (0.000%, frame -1); mean 0.0/frame; 0 of 30 frames affected
=== tiles pinned 262144
render 0: 114.0s arena 6087 MB chunks [1, 3, 6, 7, 7, 4, 2] tiles [262144]
render 1: 40.3s arena 6050 MB chunks [1, 2, 16, 5, 3, 3] tiles [262144]
DIFF frames compared: 30
worst channel diff: 0 (frame -1)
pixels over tol 2: worst frame 0 of 8294400 (0.000%, frame -1); mean 0.0/frame; 0 of 30 frames affected
=== cross: pinned A vs pinned B
frames compared: 30
worst channel diff: 0 (frame -1)
pixels over tol 2: worst frame 0 of 8294400 (0.000%, frame -1); mean 0.0/frame; 0 of 30 frames affected
=== cross: auto vs pinned A
frames compared: 30
worst channel diff: 0 (frame -1)
pixels over tol 2: worst frame 0 of 8294400 (0.000%, frame -1); mean 0.0/frame; 0 of 30 frames affected
